 encdec

 Timestamp is 5abb98ce (Wed Mar 28 21:29:50 2018)

 Preferred load address is 00400000

 Start         Length     Name                   Class
 0001:00000000 000399e6H .text$mn                CODE
 0002:00000000 0000025cH .idata$5                DATA
 0002:0000025c 00000004H .00cfg                  DATA
 0002:00000260 00000004H .CRT$XCA                DATA
 0002:00000264 00000004H .CRT$XCAA               DATA
 0002:00000268 00000004H .CRT$XCZ                DATA
 0002:0000026c 00000004H .CRT$XIA                DATA
 0002:00000270 00000004H .CRT$XIAA               DATA
 0002:00000274 00000004H .CRT$XIAC               DATA
 0002:00000278 00000004H .CRT$XIZ                DATA
 0002:0000027c 00000004H .CRT$XPA                DATA
 0002:00000280 00000004H .CRT$XPZ                DATA
 0002:00000284 00000004H .CRT$XTA                DATA
 0002:00000288 00000008H .CRT$XTZ                DATA
 0002:0000028c 00000000H .gfids$y                DATA
 0002:00000290 00013e90H .rdata                  DATA
 0002:00014120 00000004H .rdata$sxdata           DATA
 0002:00014124 0000023cH .rdata$zzzdbg           DATA
 0002:00014360 00000004H .rtc$IAA                DATA
 0002:00014364 00000004H .rtc$IZZ                DATA
 0002:00014368 00000004H .rtc$TAA                DATA
 0002:0001436c 00000004H .rtc$TZZ                DATA
 0002:00014370 0000003cH .xdata$x                DATA
 0002:000143ac 00000000H .edata                  DATA
 0002:000143ac 000000f0H .idata$2                DATA
 0002:0001449c 00000014H .idata$3                DATA
 0002:000144b0 0000025cH .idata$4                DATA
 0002:0001470c 000009f8H .idata$6                DATA
 0003:00000000 00002ce0H .data                   DATA
 0003:00002ce0 000015d0H .bss                    DATA
 0004:00000000 000005e0H _RDATA                  DATA

  Address         Publics by Value              Rva+Base       Lib:Object

 0000:00000000       ___guard_longjmp_count     00000000     <absolute>
 0000:00000000       ___guard_longjmp_table     00000000     <absolute>
 0000:00000000       ___hybrid_code_map         00000000     <absolute>
 0000:00000000       ___guard_iat_table         00000000     <absolute>
 0000:00000000       ___guard_iat_count         00000000     <absolute>
 0000:00000000       ___hybrid_auxiliary_iat    00000000     <absolute>
 0000:00000000       ___enclave_config          00000000     <absolute>
 0000:00000000       ___guard_fids_count        00000000     <absolute>
 0000:00000000       ___guard_fids_table        00000000     <absolute>
 0000:00000000       ___dynamic_value_reloc_table 00000000     <absolute>
 0000:00000000       ___hybrid_code_map_count   00000000     <absolute>
 0000:00000001       ___safe_se_handler_count   00000001     <absolute>
 0000:00000100       ___guard_flags             00000100     <absolute>
 0000:00000000       ___ImageBase               00400000     <linker-defined>
 0001:00000840       _main                      00401840 f   encdec.obj
 0001:00000a30       ___local_stdio_printf_options 00401a30 f i encdec.obj
 0001:00000a40       _printf                    00401a40 f i encdec.obj
 0001:00000a70       _pjmedia_codec_register_audio_codecs 00401a70 f   pjmedia-codec-i386-win32-vc14-release:audio_codecs.obj
 0001:00000b50       _pjmedia_codec_l16_deinit  00401b50 f   pjmedia-codec-i386-win32-vc14-release:l16.obj
 0001:00000e70       __get_startup_new_mode     00401e70 f   MSVCRT:new_mode.obj
 0001:00000e70       __get_startup_thread_locale_mode 00401e70 f   MSVCRT:thread_locale.obj
 0001:00000e70       __matherr                  00401e70 f   MSVCRT:matherr.obj
 0001:00000e70       ___scrt_initialize_winrt   00401e70 f   MSVCRT:utility_desktop.obj
 0001:00000e70       _srtp_ekt_stream_init_from_policy 00401e70 f   libsrtp-i386-win32-vc14-release:ekt.obj
 0001:00000e70       __get_startup_commit_mode  00401e70 f   MSVCRT:commit_mode.obj
 0001:00001180       _pjmedia_codec_l16_init    00402180 f   pjmedia-codec-i386-win32-vc14-release:l16.obj
 0001:00001260       _pjmedia_codec_gsm_deinit  00402260 f   pjmedia-codec-i386-win32-vc14-release:gsm.obj
 0001:00001920       _pjmedia_codec_gsm_init    00402920 f   pjmedia-codec-i386-win32-vc14-release:gsm.obj
 0001:000019f0       _pjmedia_codec_speex_deinit 004029f0 f   pjmedia-codec-i386-win32-vc14-release:speex_codec.obj
 0001:000024b0       _pjmedia_codec_speex_init  004034b0 f   pjmedia-codec-i386-win32-vc14-release:speex_codec.obj
 0001:000026c0       _pjmedia_codec_ilbc_deinit 004036c0 f   pjmedia-codec-i386-win32-vc14-release:ilbc.obj
 0001:00002f00       __snprintf                 00403f00 f i pjmedia-codec-i386-win32-vc14-release:ilbc.obj
 0001:00002f40       _pjmedia_codec_ilbc_init   00403f40 f   pjmedia-codec-i386-win32-vc14-release:ilbc.obj
 0001:00003000       _pjmedia_codec_g722_deinit 00404000 f   pjmedia-codec-i386-win32-vc14-release:g722.obj
 0001:000037e0       _pjmedia_codec_g722_init   004047e0 f   pjmedia-codec-i386-win32-vc14-release:g722.obj
 0001:000040b0       _g722_enc_encode           004050b0 f   pjmedia-codec-i386-win32-vc14-release:g722_enc.obj
 0001:00004460       _g722_enc_init             00405460 f   pjmedia-codec-i386-win32-vc14-release:g722_enc.obj
 0001:00004460       _g722_dec_init             00405460 f   pjmedia-codec-i386-win32-vc14-release:g722_dec.obj
 0001:000049b0       _g722_dec_decode           004059b0 f   pjmedia-codec-i386-win32-vc14-release:g722_dec.obj
 0001:00004db0       _pjmedia_aud_subsys_init   00405db0 f   pjmedia-audiodev-i386-win32-vc14-release:audiodev.obj
 0001:00004e50       _pjmedia_aud_subsys_shutdown 00405e50 f   pjmedia-audiodev-i386-win32-vc14-release:audiodev.obj
 0001:00004e90       _pjmedia_audiodev_strerror 00405e90 f   pjmedia-audiodev-i386-win32-vc14-release:errno.obj
 0001:00006240       _pjmedia_wmme_factory      00407240 f   pjmedia-audiodev-i386-win32-vc14-release:wmme_dev.obj
 0001:00006790       _pjmedia_port_destroy      00407790 f   pjmedia-i386-win32-vc14-release:port.obj
 0001:000067c0       _pjmedia_port_get_frame    004077c0 f   pjmedia-i386-win32-vc14-release:port.obj
 0001:00006800       _pjmedia_port_info_init    00407800 f   pjmedia-i386-win32-vc14-release:port.obj
 0001:00006890       _pjmedia_port_put_frame    00407890 f   pjmedia-i386-win32-vc14-release:port.obj
 0001:000068c0       _pjmedia_codec_mgr_alloc_codec 004078c0 f   pjmedia-i386-win32-vc14-release:codec.obj
 0001:00006960       _pjmedia_codec_mgr_dealloc_codec 00407960 f   pjmedia-i386-win32-vc14-release:codec.obj
 0001:00006990       _pjmedia_codec_mgr_destroy 00407990 f   pjmedia-i386-win32-vc14-release:codec.obj
 0001:00006a20       _pjmedia_codec_mgr_find_codecs_by_id 00407a20 f   pjmedia-i386-win32-vc14-release:codec.obj
 0001:00006b00       _pjmedia_codec_mgr_get_default_param 00407b00 f   pjmedia-i386-win32-vc14-release:codec.obj
 0001:00006c70       _pjmedia_codec_mgr_init    00407c70 f   pjmedia-i386-win32-vc14-release:codec.obj
 0001:00006ce0       _pjmedia_codec_mgr_register_factory 00407ce0 f   pjmedia-i386-win32-vc14-release:codec.obj
 0001:00006ea0       _pjmedia_codec_mgr_unregister_factory 00407ea0 f   pjmedia-i386-win32-vc14-release:codec.obj
 0001:00007030       _pjmedia_endpt_create2     00408030 f   pjmedia-i386-win32-vc14-release:endpoint.obj
 0001:00007200       _pjmedia_endpt_create_pool 00408200 f   pjmedia-i386-win32-vc14-release:endpoint.obj
 0001:00007220       _pjmedia_endpt_destroy2    00408220 f   pjmedia-i386-win32-vc14-release:endpoint.obj
 0001:000072e0       _pj_pool_getobjname        004082e0 f   pjlib-i386-win32-vc14-release:pool.obj
 0001:000072e0       _pjmedia_endpt_get_codec_mgr 004082e0 f   pjmedia-i386-win32-vc14-release:endpoint.obj
 0001:000072f0       _sprintf                   004082f0 f i pjmedia-i386-win32-vc14-release:endpoint.obj
 0001:00007720       _pjmedia_wav_player_port_create 00408720 f   pjmedia-i386-win32-vc14-release:wav_player.obj
 0001:00007ef0       _pjmedia_wav_writer_port_create 00408ef0 f   pjmedia-i386-win32-vc14-release:wav_writer.obj
 0001:000081f0       _pjmedia_codec_g711_deinit 004091f0 f   pjmedia-i386-win32-vc14-release:g711.obj
 0001:000088d0       _pjmedia_codec_g711_init   004098d0 f   pjmedia-i386-win32-vc14-release:g711.obj
 0001:00008a50       _pjmedia_plc_create        00409a50 f   pjmedia-i386-win32-vc14-release:plc_common.obj
 0001:00008ab0       _pjmedia_plc_generate      00409ab0 f   pjmedia-i386-win32-vc14-release:plc_common.obj
 0001:00008ae0       _pjmedia_plc_save          00409ae0 f   pjmedia-i386-win32-vc14-release:plc_common.obj
 0001:00008b10       _pjmedia_silence_det_apply 00409b10 f   pjmedia-i386-win32-vc14-release:silencedet.obj
 0001:00008cf0       _pjmedia_silence_det_create 00409cf0 f   pjmedia-i386-win32-vc14-release:silencedet.obj
 0001:00008d70       _pjmedia_silence_det_detect 00409d70 f   pjmedia-i386-win32-vc14-release:silencedet.obj
 0001:00008dd0       _pjmedia_aud_driver_deinit 00409dd0 f   pjmedia-i386-win32-vc14-release:audiodev.obj
 0001:00008e30       _pjmedia_aud_driver_init   00409e30 f   pjmedia-i386-win32-vc14-release:audiodev.obj
 0001:000090b0       _pjmedia_get_aud_subsys    0040a0b0 f   pjmedia-i386-win32-vc14-release:audiodev.obj
 0001:000090c0       _pjmedia_format_get_audio_format_detail 0040a0c0 f   pjmedia-i386-win32-vc14-release:format.obj
 0001:000090e0       _pjmedia_sdp_attr_create   0040a0e0 f   pjmedia-i386-win32-vc14-release:sdp.obj
 0001:00009140       _pjmedia_sdp_attr_find     0040a140 f   pjmedia-i386-win32-vc14-release:sdp.obj
 0001:000091d0       _pjmedia_sdp_media_deactivate 0040a1d0 f   pjmedia-i386-win32-vc14-release:sdp.obj
 0001:00009200       _pjmedia_sdp_media_find_attr 0040a200 f   pjmedia-i386-win32-vc14-release:sdp.obj
 0001:00009230       _pjmedia_strerror          0040a230 f   pjmedia-i386-win32-vc14-release:errno.obj
 0001:00009350       _pjmedia_wave_hdr_file_to_host 0040a350 f   pjmedia-i386-win32-vc14-release:wave.obj
 0001:00009350       _pjmedia_wave_hdr_host_to_file 0040a350 f   pjmedia-i386-win32-vc14-release:wave.obj
 0001:00009350       __initialize_denormal_control 0040a350 f   MSVCRT:denormal_control.obj
 0001:00009350       __initialize_invalid_parameter_handler 0040a350 f   MSVCRT:invalid_parameter_handler.obj
 0001:00009350       _vbr_destroy               0040a350 f   libspeex-i386-win32-vc14-release:vbr.obj
 0001:00009350       @_guard_check_icall_nop@4  0040a350 f   MSVCRT:guard_support.obj
 0001:00009cb0       _pjmedia_wsola_create      0040acb0 f   pjmedia-i386-win32-vc14-release:wsola.obj
 0001:00009e90       _pjmedia_wsola_generate    0040ae90 f   pjmedia-i386-win32-vc14-release:wsola.obj
 0001:00009f60       _pjmedia_wsola_save        0040af60 f   pjmedia-i386-win32-vc14-release:wsola.obj
 0001:0000c170       _get_libsrtp_errstr        0040d170 f   pjmedia-i386-win32-vc14-release:transport_srtp.obj
 0001:0000c430       _pjmedia_transport_srtp_start 0040d430 f   pjmedia-i386-win32-vc14-release:transport_srtp.obj
 0001:0000cad0       _pjmedia_transport_srtp_stop 0040dad0 f   pjmedia-i386-win32-vc14-release:transport_srtp.obj
 0001:0000cf60       _pj_base64_decode          0040df60 f   pjlib-util-i386-win32-vc14-release:base64.obj
 0001:0000d150       _pj_base64_encode          0040e150 f   pjlib-util-i386-win32-vc14-release:base64.obj
 0001:0000d360       _pj_atexit                 0040e360 f   pjlib-i386-win32-vc14-release:os_core_win32.obj
 0001:0000d390       _pj_atomic_dec_and_get     0040e390 f   pjlib-i386-win32-vc14-release:os_core_win32.obj
 0001:0000d3e0       _pj_atomic_destroy         0040e3e0 f   pjlib-i386-win32-vc14-release:os_core_win32.obj
 0001:0000d400       _pj_atomic_inc             0040e400 f   pjlib-i386-win32-vc14-release:os_core_win32.obj
 0001:0000d450       _pj_enter_critical_section 0040e450 f   pjlib-i386-win32-vc14-release:os_core_win32.obj
 0001:0000d4b0       _pj_init                   0040e4b0 f   pjlib-i386-win32-vc14-release:os_core_win32.obj
 0001:0000d6d0       _pj_leave_critical_section 0040e6d0 f   pjlib-i386-win32-vc14-release:os_core_win32.obj
 0001:0000d730       _pj_mutex_create           0040e730 f   pjlib-i386-win32-vc14-release:os_core_win32.obj
 0001:0000d780       _pj_mutex_create_simple    0040e780 f   pjlib-i386-win32-vc14-release:os_core_win32.obj
 0001:0000d780       _pj_mutex_create_recursive 0040e780 f   pjlib-i386-win32-vc14-release:os_core_win32.obj
 0001:0000d7d0       _pj_mutex_destroy          0040e7d0 f   pjlib-i386-win32-vc14-release:os_core_win32.obj
 0001:0000d840       _pj_mutex_lock             0040e840 f   pjlib-i386-win32-vc14-release:os_core_win32.obj
 0001:0000d8b0       _pj_mutex_trylock          0040e8b0 f   pjlib-i386-win32-vc14-release:os_core_win32.obj
 0001:0000d930       _pj_mutex_unlock           0040e930 f   pjlib-i386-win32-vc14-release:os_core_win32.obj
 0001:0000d9a0       _pj_sem_destroy            0040e9a0 f   pjlib-i386-win32-vc14-release:os_core_win32.obj
 0001:0000da30       _pj_sem_post               0040ea30 f   pjlib-i386-win32-vc14-release:os_core_win32.obj
 0001:0000dad0       _pj_sem_trywait            0040ead0 f   pjlib-i386-win32-vc14-release:os_core_win32.obj
 0001:0000db30       _pj_sem_wait               0040eb30 f   pjlib-i386-win32-vc14-release:os_core_win32.obj
 0001:0000dc40       _pj_shutdown               0040ec40 f   pjlib-i386-win32-vc14-release:os_core_win32.obj
 0001:0000dd80       _pj_term_set_color         0040ed80 f   pjlib-i386-win32-vc14-release:os_core_win32.obj
 0001:0000de50       _pj_thread_check_stack     0040ee50 f   pjlib-i386-win32-vc14-release:os_core_win32.obj
 0001:0000dea0       _pj_thread_create          0040eea0 f   pjlib-i386-win32-vc14-release:os_core_win32.obj
 0001:0000e000       _pj_thread_destroy         0040f000 f   pjlib-i386-win32-vc14-release:os_core_win32.obj
 0001:0000e090       _pj_thread_get_name        0040f090 f   pjlib-i386-win32-vc14-release:os_core_win32.obj
 0001:0000e0e0       _pj_thread_join            0040f0e0 f   pjlib-i386-win32-vc14-release:os_core_win32.obj
 0001:0000e1a0       _pj_thread_local_alloc     0040f1a0 f   pjlib-i386-win32-vc14-release:os_core_win32.obj
 0001:0000e1f0       _pj_thread_local_free      0040f1f0 f   pjlib-i386-win32-vc14-release:os_core_win32.obj
 0001:0000e240       _pj_thread_local_get       0040f240 f   pjlib-i386-win32-vc14-release:os_core_win32.obj
 0001:0000e250       _pj_thread_local_set       0040f250 f   pjlib-i386-win32-vc14-release:os_core_win32.obj
 0001:0000e290       _pj_thread_sleep           0040f290 f   pjlib-i386-win32-vc14-release:os_core_win32.obj
 0001:0000e2e0       _pj_thread_this            0040f2e0 f   pjlib-i386-win32-vc14-release:os_core_win32.obj
 0001:0000e370       _pj_time_val_normalize     0040f370 f   pjlib-i386-win32-vc14-release:types.obj
 0001:0000e400       _pj_errno_clear_handlers   0040f400 f   pjlib-i386-win32-vc14-release:errno.obj
 0001:0000e420       _pj_register_strerror      0040f420 f   pjlib-i386-win32-vc14-release:errno.obj
 0001:0000e500       _pj_strerror               0040f500 f   pjlib-i386-win32-vc14-release:errno.obj
 0001:0000e680       _pj_log                    0040f680 f   pjlib-i386-win32-vc14-release:log.obj
 0001:0000eb80       _pj_log_1                  0040fb80 f   pjlib-i386-win32-vc14-release:log.obj
 0001:0000eba0       _pj_log_3                  0040fba0 f   pjlib-i386-win32-vc14-release:log.obj
 0001:0000ebc0       _pj_log_4                  0040fbc0 f   pjlib-i386-win32-vc14-release:log.obj
 0001:0000ebe0       _pj_log_5                  0040fbe0 f   pjlib-i386-win32-vc14-release:log.obj
 0001:0000ec00       _pj_log_get_color          0040fc00 f   pjlib-i386-win32-vc14-release:log.obj
 0001:0000ec70       _pj_log_get_decor          0040fc70 f   pjlib-i386-win32-vc14-release:log.obj
 0001:0000ec80       _pj_log_get_level          0040fc80 f   pjlib-i386-win32-vc14-release:log.obj
 0001:0000ec90       _pj_log_init               0040fc90 f   pjlib-i386-win32-vc14-release:log.obj
 0001:0000ed00       _pj_gettimeofday           0040fd00 f   pjlib-i386-win32-vc14-release:os_time_win32.obj
 0001:0000edb0       _pj_time_decode            0040fdb0 f   pjlib-i386-win32-vc14-release:os_time_win32.obj
 0001:0000ee60       _pj_pool_alloc             0040fe60 f   pjlib-i386-win32-vc14-release:pool.obj
 0001:0000efd0       _pj_pool_calloc            0040ffd0 f   pjlib-i386-win32-vc14-release:pool.obj
 0001:0000f000       _pj_pool_create            00410000 f   pjlib-i386-win32-vc14-release:pool.obj
 0001:0000f010       _pj_pool_create_int        00410010 f   pjlib-i386-win32-vc14-release:pool.obj
 0001:0000f120       _pj_pool_destroy_int       00410120 f   pjlib-i386-win32-vc14-release:pool.obj
 0001:0000f160       _pj_pool_get_capacity      00410160 f   pjlib-i386-win32-vc14-release:pool.obj
 0001:0000f170       _pj_pool_get_used_size     00410170 f   pjlib-i386-win32-vc14-release:pool.obj
 0001:0000f1a0       _pj_pool_init_int          004101a0 f   pjlib-i386-win32-vc14-release:pool.obj
 0001:0000f210       _pj_pool_release           00410210 f   pjlib-i386-win32-vc14-release:pool.obj
 0001:0000f230       _pj_pool_reset             00410230 f   pjlib-i386-win32-vc14-release:pool.obj
 0001:0000f640       _pj_caching_pool_destroy   00410640 f   pjlib-i386-win32-vc14-release:pool_caching.obj
 0001:0000f720       _pj_caching_pool_init      00410720 f   pjlib-i386-win32-vc14-release:pool_caching.obj
 0001:0000f7e0       _pj_rand                   004107e0 f   pjlib-i386-win32-vc14-release:rand.obj
 0001:0000f810       _pj_htons                  00410810 f   pjlib-i386-win32-vc14-release:sock_bsd.obj
 0001:0000f820       _pj_ntohl                  00410820 f   pjlib-i386-win32-vc14-release:sock_bsd.obj
 0001:0000f830       _pj_ntohs                  00410830 f   pjlib-i386-win32-vc14-release:sock_bsd.obj
 0001:0000f840       _pj_sock_accept            00410840 f   pjlib-i386-win32-vc14-release:sock_bsd.obj
 0001:0000f8b0       _pj_sock_getsockname       004108b0 f   pjlib-i386-win32-vc14-release:sock_bsd.obj
 0001:0000f910       _pj_sock_getsockopt        00410910 f   pjlib-i386-win32-vc14-release:sock_bsd.obj
 0001:0000f980       _pj_sock_recv              00410980 f   pjlib-i386-win32-vc14-release:sock_bsd.obj
 0001:0000f9f0       _pj_sock_recvfrom          004109f0 f   pjlib-i386-win32-vc14-release:sock_bsd.obj
 0001:0000fa60       _pj_sock_send              00410a60 f   pjlib-i386-win32-vc14-release:sock_bsd.obj
 0001:0000fad0       _pj_sock_sendto            00410ad0 f   pjlib-i386-win32-vc14-release:sock_bsd.obj
 0001:0000fb40       _pj_str                    00410b40 f   pjlib-i386-win32-vc14-release:string.obj
 0001:0000fb60       _pj_strcmp                 00410b60 f   pjlib-i386-win32-vc14-release:string.obj
 0001:0000fc10       _pj_strdup                 00410c10 f   pjlib-i386-win32-vc14-release:string.obj
 0001:0000fc50       _pj_strdup2                00410c50 f   pjlib-i386-win32-vc14-release:string.obj
 0001:0000fcb0       _pj_strdup_with_null       00410cb0 f   pjlib-i386-win32-vc14-release:string.obj
 0001:0000fd00       _pj_stricmp                00410d00 f   pjlib-i386-win32-vc14-release:string.obj
 0001:0000fd60       _pj_stricmp2               00410d60 f   pjlib-i386-win32-vc14-release:string.obj
 0001:0000fdd0       _pj_strncpy_with_null      00410dd0 f   pjlib-i386-win32-vc14-release:string.obj
 0001:0000fe10       _pj_strnicmp2              00410e10 f   pjlib-i386-win32-vc14-release:string.obj
 0001:0000fe80       _pj_strtok                 00410e80 f   pjlib-i386-win32-vc14-release:string.obj
 0001:0000ff70       _pj_strtoul                00410f70 f   pjlib-i386-win32-vc14-release:string.obj
 0001:0000ffd0       _pj_strtoul2               00410fd0 f   pjlib-i386-win32-vc14-release:string.obj
 0001:00010080       _pj_utoa                   00411080 f   pjlib-i386-win32-vc14-release:string.obj
 0001:00010100       _pj_utoa_pad               00411100 f   pjlib-i386-win32-vc14-release:string.obj
 0001:000101a0       _pj_list_erase             004111a0 f   pjlib-i386-win32-vc14-release:list.obj
 0001:000101c0       _pj_list_find_node         004111c0 f   pjlib-i386-win32-vc14-release:list.obj
 0001:000101f0       _pj_list_insert_after      004111f0 f   pjlib-i386-win32-vc14-release:list.obj
 0001:00010210       _pj_list_insert_before     00411210 f   pjlib-i386-win32-vc14-release:list.obj
 0001:00010230       _pj_get_netos_error        00411230 f   pjlib-i386-win32-vc14-release:os_error_win32.obj
 0001:00010250       _pj_get_os_error           00411250 f   pjlib-i386-win32-vc14-release:os_error_win32.obj
 0001:00010270       _platform_strerror         00411270 f   pjlib-i386-win32-vc14-release:os_error_win32.obj
 0001:00010350       _pj_array_erase            00411350 f   pjlib-i386-win32-vc14-release:array.obj
 0001:00010450       _ioqueue_dispatch_exception_event 00411450 f   pjlib-i386-win32-vc14-release:ioqueue_select.obj
 0001:000105a0       _ioqueue_dispatch_read_event 004115a0 f   pjlib-i386-win32-vc14-release:ioqueue_select.obj
 0001:00010840       _ioqueue_dispatch_write_event 00411840 f   pjlib-i386-win32-vc14-release:ioqueue_select.obj
 0001:00010b50       _pj_ioqueue_create         00411b50 f   pjlib-i386-win32-vc14-release:ioqueue_select.obj
 0001:00010d20       _pj_ioqueue_destroy        00411d20 f   pjlib-i386-win32-vc14-release:ioqueue_select.obj
 0001:00010de0       _pj_ioqueue_poll           00411de0 f   pjlib-i386-win32-vc14-release:ioqueue_select.obj
 0001:000111f0       _pj_file_exists            004121f0 f   pjlib-i386-win32-vc14-release:file_access_win32.obj
 0001:00011230       _pj_file_size              00412230 f   pjlib-i386-win32-vc14-release:file_access_win32.obj
 0001:00011290       _pj_file_close             00412290 f   pjlib-i386-win32-vc14-release:file_io_win32.obj
 0001:000112d0       _pj_file_getpos            004122d0 f   pjlib-i386-win32-vc14-release:file_io_win32.obj
 0001:00011350       _pj_file_open              00412350 f   pjlib-i386-win32-vc14-release:file_io_win32.obj
 0001:00011490       _pj_file_read              00412490 f   pjlib-i386-win32-vc14-release:file_io_win32.obj
 0001:000114f0       _pj_file_setpos            004124f0 f   pjlib-i386-win32-vc14-release:file_io_win32.obj
 0001:00011580       _pj_file_write             00412580 f   pjlib-i386-win32-vc14-release:file_io_win32.obj
 0001:000115e0       _pj_exception_id_alloc     004125e0 f   pjlib-i386-win32-vc14-release:except.obj
 0001:00011630       _pj_exception_id_free      00412630 f   pjlib-i386-win32-vc14-release:except.obj
 0001:00011670       _pj_pop_exception_handler_ 00412670 f   pjlib-i386-win32-vc14-release:except.obj
 0001:000116a0       _pj_throw_exception_       004126a0 f   pjlib-i386-win32-vc14-release:except.obj
 0001:00011720       _pj_get_timestamp          00412720 f   pjlib-i386-win32-vc14-release:os_timestamp_win32.obj
 0001:00011780       _pj_get_timestamp_freq     00412780 f   pjlib-i386-win32-vc14-release:os_timestamp_win32.obj
 0001:00011a20       _pj_grp_lock_add_ref       00412a20 f   pjlib-i386-win32-vc14-release:lock.obj
 0001:00011a40       _pj_grp_lock_dec_ref       00412a40 f   pjlib-i386-win32-vc14-release:lock.obj
 0001:00011a70       _pj_grp_lock_release       00412a70 f   pjlib-i386-win32-vc14-release:lock.obj
 0001:00011a80       _pj_grp_lock_tryacquire    00412a80 f   pjlib-i386-win32-vc14-release:lock.obj
 0001:00011a90       _pj_lock_acquire           00412a90 f   pjlib-i386-win32-vc14-release:lock.obj
 0001:00011ab0       _pj_lock_create_null_mutex 00412ab0 f   pjlib-i386-win32-vc14-release:lock.obj
 0001:00011ad0       _pj_lock_create_recursive_mutex 00412ad0 f   pjlib-i386-win32-vc14-release:lock.obj
 0001:00011af0       _pj_lock_create_simple_mutex 00412af0 f   pjlib-i386-win32-vc14-release:lock.obj
 0001:00011b10       _pj_lock_destroy           00412b10 f   pjlib-i386-win32-vc14-release:lock.obj
 0001:00011b30       _pj_lock_release           00412b30 f   pjlib-i386-win32-vc14-release:lock.obj
 0001:00011b50       _pj_lock_tryacquire        00412b50 f   pjlib-i386-win32-vc14-release:lock.obj
 0001:00011b70       _pj_generate_unique_string 00412b70 f   pjlib-i386-win32-vc14-release:guid_win32.obj
 0001:00011c20       _pj_log_write              00412c20 f   pjlib-i386-win32-vc14-release:log_writer_stdout.obj
 0001:00011c80       _pj_pool_create_on_buf     00412c80 f   pjlib-i386-win32-vc14-release:pool_buf.obj
 0001:00011e50       _pj_gettickcount           00412e50 f   pjlib-i386-win32-vc14-release:os_timestamp_common.obj
 0001:00011f20       _PJ_FD_CLR                 00412f20 f   pjlib-i386-win32-vc14-release:sock_select.obj
 0001:00011fa0       _srtp_rdb_get_value        00412fa0 f   libsrtp-i386-win32-vc14-release:rdb.obj
 0001:00011fa0       _PJ_FD_COUNT               00412fa0 f   pjlib-i386-win32-vc14-release:sock_select.obj
 0001:00011fb0       _PJ_FD_ISSET               00412fb0 f   pjlib-i386-win32-vc14-release:sock_select.obj
 0001:00011fe0       _PJ_FD_ZERO                00412fe0 f   pjlib-i386-win32-vc14-release:sock_select.obj
 0001:00012010       _pj_sock_select            00413010 f   pjlib-i386-win32-vc14-release:sock_select.obj
 0001:00012080       _gsm_create                00413080 f   libgsmcodec-i386-win32-vc14-release:gsm_create.obj
 0001:000120c0       _gsm_destroy               004130c0 f   libgsmcodec-i386-win32-vc14-release:gsm_destroy.obj
 0001:000120e0       _gsm_encode                004130e0 f   libgsmcodec-i386-win32-vc14-release:gsm_encode.obj
 0001:00012530       _gsm_decode                00413530 f   libgsmcodec-i386-win32-vc14-release:gsm_decode.obj
 0001:00012b10       _Gsm_Coder                 00413b10 f   libgsmcodec-i386-win32-vc14-release:code.obj
 0001:00012d10       _Gsm_Decoder               00413d10 f   libgsmcodec-i386-win32-vc14-release:decode.obj
 0001:00013460       _Gsm_Long_Term_Predictor   00414460 f   libgsmcodec-i386-win32-vc14-release:long_term.obj
 0001:000134a0       _Gsm_Long_Term_Synthesis_Filtering 004144a0 f   libgsmcodec-i386-win32-vc14-release:long_term.obj
 0001:00014010       _Gsm_LPC_Analysis          00415010 f   libgsmcodec-i386-win32-vc14-release:lpc.obj
 0001:00014920       _Gsm_Preprocess            00415920 f   libgsmcodec-i386-win32-vc14-release:preprocess.obj
 0001:00015110       _Gsm_Short_Term_Analysis_Filter 00416110 f   libgsmcodec-i386-win32-vc14-release:short_term.obj
 0001:00015210       _Gsm_Short_Term_Synthesis_Filter 00416210 f   libgsmcodec-i386-win32-vc14-release:short_term.obj
 0001:00015a50       _Gsm_RPE_Decoding          00416a50 f   libgsmcodec-i386-win32-vc14-release:rpe.obj
 0001:00015ab0       _Gsm_RPE_Encoding          00416ab0 f   libgsmcodec-i386-win32-vc14-release:rpe.obj
 0001:00015ed0       _gsm_add                   00416ed0 f   libgsmcodec-i386-win32-vc14-release:add.obj
 0001:00015f00       _gsm_asl                   00416f00 f   libgsmcodec-i386-win32-vc14-release:add.obj
 0001:00015f70       _gsm_asr                   00416f70 f   libgsmcodec-i386-win32-vc14-release:add.obj
 0001:00015fb0       _gsm_div                   00416fb0 f   libgsmcodec-i386-win32-vc14-release:add.obj
 0001:00016000       _gsm_mult                  00417000 f   libgsmcodec-i386-win32-vc14-release:add.obj
 0001:00016030       _gsm_norm                  00417030 f   libgsmcodec-i386-win32-vc14-release:add.obj
 0001:000160c0       _gsm_sub                   004170c0 f   libgsmcodec-i386-win32-vc14-release:add.obj
 0001:000160f0       _iLBC_encode               004170f0 f   libilbccodec-i386-win32-vc14-release:iLBC_encode.obj
 0001:00017040       _initEncode                00418040 f   libilbccodec-i386-win32-vc14-release:iLBC_encode.obj
 0001:00017160       _Decode                    00418160 f   libilbccodec-i386-win32-vc14-release:iLBC_decode.obj
 0001:000177f0       _iLBC_decode               004187f0 f   libilbccodec-i386-win32-vc14-release:iLBC_decode.obj
 0001:00018100       _initDecode                00419100 f   libilbccodec-i386-win32-vc14-release:iLBC_decode.obj
 0001:00018300       _LPCencode                 00419300 f   libilbccodec-i386-win32-vc14-release:LPCencode.obj
 0001:000184f0       _SimpleInterpolateLSF      004194f0 f   libilbccodec-i386-win32-vc14-release:LPCencode.obj
 0001:000187a0       _FrameClassify             004197a0 f   libilbccodec-i386-win32-vc14-release:FrameClassify.obj
 0001:00018b60       _StateSearchW              00419b60 f   libilbccodec-i386-win32-vc14-release:StateSearchW.obj
 0001:000190a0       _StateConstructW           0041a0a0 f   libilbccodec-i386-win32-vc14-release:StateConstructW.obj
 0001:00019370       _dopack                    0041a370 f   libilbccodec-i386-win32-vc14-release:packing.obj
 0001:00019400       _packcombine               0041a400 f   libilbccodec-i386-win32-vc14-release:packing.obj
 0001:00019420       _packsplit                 0041a420 f   libilbccodec-i386-win32-vc14-release:packing.obj
 0001:00019450       _unpack                    0041a450 f   libilbccodec-i386-win32-vc14-release:packing.obj
 0001:00019500       _iCBSearch                 0041a500 f   libilbccodec-i386-win32-vc14-release:iCBSearch.obj
 0001:0001a350       _iCBConstruct              0041b350 f   libilbccodec-i386-win32-vc14-release:iCBConstruct.obj
 0001:0001a850       _index_conv_dec            0041b850 f   libilbccodec-i386-win32-vc14-release:iCBConstruct.obj
 0001:0001a8a0       _index_conv_enc            0041b8a0 f   libilbccodec-i386-win32-vc14-release:iCBConstruct.obj
 0001:0001a8f0       _hpInput                   0041b8f0 f   libilbccodec-i386-win32-vc14-release:hpInput.obj
 0001:0001a9c0       _anaFilter                 0041b9c0 f   libilbccodec-i386-win32-vc14-release:anaFilter.obj
 0001:0001ac90       _DecoderInterpolateLSF     0041bc90 f   libilbccodec-i386-win32-vc14-release:LPCdecode.obj
 0001:0001ae70       _SimplelsfDEQ              0041be70 f   libilbccodec-i386-win32-vc14-release:LPCdecode.obj
 0001:0001af80       _compCorr                  0041bf80 f   libilbccodec-i386-win32-vc14-release:doCPLC.obj
 0001:0001b0a0       _doThePLC                  0041c0a0 f   libilbccodec-i386-win32-vc14-release:doCPLC.obj
 0001:0001b580       _LSF_check                 0041c580 f   libilbccodec-i386-win32-vc14-release:helpfun.obj
 0001:0001b670       _SplitVQ                   0041c670 f   libilbccodec-i386-win32-vc14-release:helpfun.obj
 0001:0001b890       _autocorr                  0041c890 f   libilbccodec-i386-win32-vc14-release:helpfun.obj
 0001:0001b970       _bwexpand                  0041c970 f   libilbccodec-i386-win32-vc14-release:helpfun.obj
 0001:0001ba60       _interpolate               0041ca60 f   libilbccodec-i386-win32-vc14-release:helpfun.obj
 0001:0001bc90       _levdurb                   0041cc90 f   libilbccodec-i386-win32-vc14-release:helpfun.obj
 0001:0001bee0       _sort_sq                   0041cee0 f   libilbccodec-i386-win32-vc14-release:helpfun.obj
 0001:0001bf70       _window                    0041cf70 f   libilbccodec-i386-win32-vc14-release:helpfun.obj
 0001:0001c130       _NearestNeighbor           0041d130 f   libilbccodec-i386-win32-vc14-release:enhancer.obj
 0001:0001c210       _enh_upsample              0041d210 f   libilbccodec-i386-win32-vc14-release:enhancer.obj
 0001:0001c590       _enhancerInterface         0041d590 f   libilbccodec-i386-win32-vc14-release:enhancer.obj
 0001:0001cdf0       _getsseq                   0041ddf0 f   libilbccodec-i386-win32-vc14-release:enhancer.obj
 0001:0001d270       _refiner                   0041e270 f   libilbccodec-i386-win32-vc14-release:enhancer.obj
 0001:0001d7f0       _smath                     0041e7f0 f   libilbccodec-i386-win32-vc14-release:enhancer.obj
 0001:0001e0d0       _xCorrCoef                 0041f0d0 f   libilbccodec-i386-win32-vc14-release:enhancer.obj
 0001:0001e140       _hpOutput                  0041f140 f   libilbccodec-i386-win32-vc14-release:hpOutput.obj
 0001:0001e210       _syntFilter                0041f210 f   libilbccodec-i386-win32-vc14-release:syntFilter.obj
 0001:0001e4d0       _a2lsf                     0041f4d0 f   libilbccodec-i386-win32-vc14-release:lsf.obj
 0001:0001e820       _lsf2a                     0041f820 f   libilbccodec-i386-win32-vc14-release:lsf.obj
 0001:0001ec90       _AllPoleFilter             0041fc90 f   libilbccodec-i386-win32-vc14-release:filter.obj
 0001:0001ed80       _DownSample                0041fd80 f   libilbccodec-i386-win32-vc14-release:filter.obj
 0001:0001f080       _ZeroPoleFilter            00420080 f   libilbccodec-i386-win32-vc14-release:filter.obj
 0001:0001f260       _gaindequant               00420260 f   libilbccodec-i386-win32-vc14-release:gainquant.obj
 0001:0001f2e0       _gainquant                 004202e0 f   libilbccodec-i386-win32-vc14-release:gainquant.obj
 0001:0001f380       _createAugmentedVec        00420380 f   libilbccodec-i386-win32-vc14-release:createCB.obj
 0001:0001f420       _filteredCBvecs            00420420 f   libilbccodec-i386-win32-vc14-release:createCB.obj
 0001:0001f570       _searchAugmentedCB         00420570 f   libilbccodec-i386-win32-vc14-release:createCB.obj
 0001:0001f8f0       _getCBvec                  004208f0 f   libilbccodec-i386-win32-vc14-release:getCBvec.obj
 0001:0001fdb0       _speex_mode_query          00420db0 f   libspeex-i386-win32-vc14-release:modes.obj
 0001:0001fdd0       _fprintf                   00420dd0 f i libspeex-i386-win32-vc14-release:bits.obj
 0001:0001fe00       _speex_bits_advance        00420e00 f   libspeex-i386-win32-vc14-release:bits.obj
 0001:0001fe50       _speex_bits_destroy        00420e50 f   libspeex-i386-win32-vc14-release:bits.obj
 0001:0001fe70       _speex_bits_init           00420e70 f   libspeex-i386-win32-vc14-release:bits.obj
 0001:0001fec0       _speex_bits_pack           00420ec0 f   libspeex-i386-win32-vc14-release:bits.obj
 0001:0001ffd0       _speex_bits_peek           00420fd0 f   libspeex-i386-win32-vc14-release:bits.obj
 0001:00020020       _speex_bits_read_from      00421020 f   libspeex-i386-win32-vc14-release:bits.obj
 0001:00020100       _speex_bits_remaining      00421100 f   libspeex-i386-win32-vc14-release:bits.obj
 0001:00020130       _speex_bits_reset          00421130 f   libspeex-i386-win32-vc14-release:bits.obj
 0001:00020160       _speex_bits_unpack_unsigned 00421160 f   libspeex-i386-win32-vc14-release:bits.obj
 0001:000201f0       _speex_bits_write          004211f0 f   libspeex-i386-win32-vc14-release:bits.obj
 0001:00020280       _nb_mode_query             00421280 f   libspeex-i386-win32-vc14-release:speex.obj
 0001:00020300       _speex_decode_int          00421300 f   libspeex-i386-win32-vc14-release:speex.obj
 0001:00020410       _speex_decode_native       00421410 f   libspeex-i386-win32-vc14-release:speex.obj
 0001:00020430       _speex_decoder_ctl         00421430 f   libspeex-i386-win32-vc14-release:speex.obj
 0001:00020450       _speex_decoder_destroy     00421450 f   libspeex-i386-win32-vc14-release:speex.obj
 0001:00020470       _speex_decoder_init        00421470 f   libspeex-i386-win32-vc14-release:speex.obj
 0001:00020480       _speex_encode_int          00421480 f   libspeex-i386-win32-vc14-release:speex.obj
 0001:000205b0       _speex_encode_native       004215b0 f   libspeex-i386-win32-vc14-release:speex.obj
 0001:000205d0       _speex_encoder_ctl         004215d0 f   libspeex-i386-win32-vc14-release:speex.obj
 0001:000205f0       _speex_encoder_destroy     004215f0 f   libspeex-i386-win32-vc14-release:speex.obj
 0001:00020610       _speex_encoder_init        00421610 f   libspeex-i386-win32-vc14-release:speex.obj
 0001:00020620       _wb_mode_query             00421620 f   libspeex-i386-win32-vc14-release:modes_wb.obj
 0001:000206a0       _speex_lib_get_mode        004216a0 f   libspeex-i386-win32-vc14-release:modes_wb.obj
 0001:000206c0       _forced_pitch_quant        004216c0 f   libspeex-i386-win32-vc14-release:ltp.obj
 0001:00020a90       _forced_pitch_unquant      00421a90 f   libspeex-i386-win32-vc14-release:ltp.obj
 0001:00020bd0       _inner_prod                00421bd0 f   libspeex-i386-win32-vc14-release:ltp.obj
 0001:00020c50       _open_loop_nbest_pitch     00421c50 f   libspeex-i386-win32-vc14-release:ltp.obj
 0001:00021f90       _pitch_search_3tap         00422f90 f   libspeex-i386-win32-vc14-release:ltp.obj
 0001:000221f0       _pitch_unquant_3tap        004231f0 f   libspeex-i386-win32-vc14-release:ltp.obj
 0001:00022830       _lsp_quant_high            00423830 f   libspeex-i386-win32-vc14-release:quant_lsp.obj
 0001:00023010       _lsp_quant_lbr             00424010 f   libspeex-i386-win32-vc14-release:quant_lsp.obj
 0001:00023810       _lsp_quant_nb              00424810 f   libspeex-i386-win32-vc14-release:quant_lsp.obj
 0001:000240b0       _lsp_unquant_high          004250b0 f   libspeex-i386-win32-vc14-release:quant_lsp.obj
 0001:00024450       _lsp_unquant_lbr           00425450 f   libspeex-i386-win32-vc14-release:quant_lsp.obj
 0001:000248e0       _lsp_unquant_nb            004258e0 f   libspeex-i386-win32-vc14-release:quant_lsp.obj
 0001:00025350       _noise_codebook_quant      00426350 f   libspeex-i386-win32-vc14-release:cb_search.obj
 0001:00025510       _noise_codebook_unquant    00426510 f   libspeex-i386-win32-vc14-release:cb_search.obj
 0001:00025590       _split_cb_search_shape_sign 00426590 f   libspeex-i386-win32-vc14-release:cb_search.obj
 0001:00026ed0       _split_cb_shape_sign_unquant 00427ed0 f   libspeex-i386-win32-vc14-release:cb_search.obj
 0001:00027060       _nb_decode                 00428060 f   libspeex-i386-win32-vc14-release:nb_celp.obj
 0001:00028070       _nb_decoder_ctl            00429070 f   libspeex-i386-win32-vc14-release:nb_celp.obj
 0001:000284a0       _nb_decoder_destroy        004294a0 f   libspeex-i386-win32-vc14-release:nb_celp.obj
 0001:000284e0       _nb_decoder_init           004294e0 f   libspeex-i386-win32-vc14-release:nb_celp.obj
 0001:00028690       _nb_encode                 00429690 f   libspeex-i386-win32-vc14-release:nb_celp.obj
 0001:00029aa0       _nb_encoder_ctl            0042aaa0 f   libspeex-i386-win32-vc14-release:nb_celp.obj
 0001:0002a160       _nb_encoder_destroy        0042b160 f   libspeex-i386-win32-vc14-release:nb_celp.obj
 0001:0002a1d0       _nb_encoder_init           0042b1d0 f   libspeex-i386-win32-vc14-release:nb_celp.obj
 0001:0002a450       _vbr_analysis              0042b450 f   libspeex-i386-win32-vc14-release:vbr.obj
 0001:0002ac20       _vbr_init                  0042bc20 f   libspeex-i386-win32-vc14-release:vbr.obj
 0001:0002acd0       _sb_decode                 0042bcd0 f   libspeex-i386-win32-vc14-release:sb_celp.obj
 0001:0002b490       _sb_decoder_ctl            0042c490 f   libspeex-i386-win32-vc14-release:sb_celp.obj
 0001:0002b9d0       _sb_decoder_destroy        0042c9d0 f   libspeex-i386-win32-vc14-release:sb_celp.obj
 0001:0002ba20       _sb_decoder_init           0042ca20 f   libspeex-i386-win32-vc14-release:sb_celp.obj
 0001:0002bb60       _sb_encode                 0042cb60 f   libspeex-i386-win32-vc14-release:sb_celp.obj
 0001:0002c8c0       _sb_encoder_ctl            0042d8c0 f   libspeex-i386-win32-vc14-release:sb_celp.obj
 0001:0002d1d0       _sb_encoder_destroy        0042e1d0 f   libspeex-i386-win32-vc14-release:sb_celp.obj
 0001:0002d230       _sb_encoder_init           0042e230 f   libspeex-i386-win32-vc14-release:sb_celp.obj
 0001:0002d460       _bw_lpc                    0042e460 f   libspeex-i386-win32-vc14-release:filters.obj
 0001:0002d520       _compute_impulse_response  0042e520 f   libspeex-i386-win32-vc14-release:filters.obj
 0001:0002d8b0       _compute_rms16             0042e8b0 f   libspeex-i386-win32-vc14-release:filters.obj
 0001:0002d8b0       _compute_rms               0042e8b0 f   libspeex-i386-win32-vc14-release:filters.obj
 0001:0002d970       _filter_mem16              0042e970 f   libspeex-i386-win32-vc14-release:filters.obj
 0001:0002db60       _fir_mem16                 0042eb60 f   libspeex-i386-win32-vc14-release:filters.obj
 0001:0002dd60       _highpass                  0042ed60 f   libspeex-i386-win32-vc14-release:filters.obj
 0001:0002de90       _iir_mem16                 0042ee90 f   libspeex-i386-win32-vc14-release:filters.obj
 0001:0002e090       _interp_pitch              0042f090 f   libspeex-i386-win32-vc14-release:filters.obj
 0001:0002e420       _multicomb                 0042f420 f   libspeex-i386-win32-vc14-release:filters.obj
 0001:0002e8e0       _qmf_decomp                0042f8e0 f   libspeex-i386-win32-vc14-release:filters.obj
 0001:0002ec00       _qmf_synth                 0042fc00 f   libspeex-i386-win32-vc14-release:filters.obj
 0001:0002f0a0       _residue_percep_zero16     004300a0 f   libspeex-i386-win32-vc14-release:filters.obj
 0001:0002f140       _sanitize_values32         00430140 f   libspeex-i386-win32-vc14-release:filters.obj
 0001:0002f1a0       _signal_div                004301a0 f   libspeex-i386-win32-vc14-release:filters.obj
 0001:0002f300       _signal_mul                00430300 f   libspeex-i386-win32-vc14-release:filters.obj
 0001:0002f470       _syn_percep_zero16         00430470 f   libspeex-i386-win32-vc14-release:filters.obj
 0001:0002f510       _scal_quant                00430510 f   libspeex-i386-win32-vc14-release:vq.obj
 0001:0002f580       _vq_nbest                  00430580 f   libspeex-i386-win32-vc14-release:vq.obj
 0001:0002f6d0       _vq_nbest_sign             004306d0 f   libspeex-i386-win32-vc14-release:vq.obj
 0001:0002f860       _speex_default_user_handler 00430860 f   libspeex-i386-win32-vc14-release:speex_callbacks.obj
 0001:0002f890       _speex_inband_handler      00430890 f   libspeex-i386-win32-vc14-release:speex_callbacks.obj
 0001:0002f950       __spx_autocorr             00430950 f   libspeex-i386-win32-vc14-release:lpc.obj
 0001:0002fa50       __spx_lpc                  00430a50 f   libspeex-i386-win32-vc14-release:lpc.obj
 0001:0002fc00       _lpc_to_lsp                00430c00 f   libspeex-i386-win32-vc14-release:lsp.obj
 0001:00030370       _lsp_enforce_margin        00431370 f   libspeex-i386-win32-vc14-release:lsp.obj
 0001:00030410       _lsp_interpolate           00431410 f   libspeex-i386-win32-vc14-release:lsp.obj
 0001:00030660       _lsp_to_lpc                00431660 f   libspeex-i386-win32-vc14-release:lsp.obj
 0001:00030870       ___local_stdio_scanf_options 00431870 f i libsrtp-i386-win32-vc14-release:srtp.obj
 0001:000308b0       _srtp_add_stream           004318b0 f   libsrtp-i386-win32-vc14-release:srtp.obj
 0001:00030b70       _srtp_create               00431b70 f   libsrtp-i386-win32-vc14-release:srtp.obj
 0001:00030bf0       _srtp_crypto_policy_set_aes_cm_256_hmac_sha1_32 00431bf0 f   libsrtp-i386-win32-vc14-release:srtp.obj
 0001:00030c30       _srtp_crypto_policy_set_aes_cm_256_hmac_sha1_80 00431c30 f   libsrtp-i386-win32-vc14-release:srtp.obj
 0001:00030c70       _srtp_dealloc              00431c70 f   libsrtp-i386-win32-vc14-release:srtp.obj
 0001:00030e50       _srtp_event_reporter       00431e50 f   libsrtp-i386-win32-vc14-release:srtp.obj
 0001:00030ff0       _srtp_get_session_keys     00431ff0 f   libsrtp-i386-win32-vc14-release:srtp.obj
 0001:00031100       _srtp_inject_mki           00432100 f   libsrtp-i386-win32-vc14-release:srtp.obj
 0001:00031460       _srtp_protect              00432460 f   libsrtp-i386-win32-vc14-release:srtp.obj
 0001:00031790       _srtp_protect_mki          00432790 f   libsrtp-i386-win32-vc14-release:srtp.obj
 0001:00031d40       _srtp_protect_rtcp         00432d40 f   libsrtp-i386-win32-vc14-release:srtp.obj
 0001:00031f90       _srtp_protect_rtcp_mki     00432f90 f   libsrtp-i386-win32-vc14-release:srtp.obj
 0001:00032330       _srtp_stream_alloc         00433330 f   libsrtp-i386-win32-vc14-release:srtp.obj
 0001:000325d0       _srtp_stream_clone         004335d0 f   libsrtp-i386-win32-vc14-release:srtp.obj
 0001:000327f0       _srtp_stream_dealloc       004337f0 f   libsrtp-i386-win32-vc14-release:srtp.obj
 0001:00032a70       _srtp_stream_init          00433a70 f   libsrtp-i386-win32-vc14-release:srtp.obj
 0001:00032bf0       _srtp_stream_init_keys     00433bf0 f   libsrtp-i386-win32-vc14-release:srtp.obj
 0001:00033490       _srtp_unprotect            00434490 f   libsrtp-i386-win32-vc14-release:srtp.obj
 0001:000337b0       _srtp_unprotect_mki        004347b0 f   libsrtp-i386-win32-vc14-release:srtp.obj
 0001:00033e00       _srtp_unprotect_rtcp       00434e00 f   libsrtp-i386-win32-vc14-release:srtp.obj
 0001:00034090       _srtp_unprotect_rtcp_mki   00435090 f   libsrtp-i386-win32-vc14-release:srtp.obj
 0001:00034570       _srtp_validate_policy_master_keys 00435570 f   libsrtp-i386-win32-vc14-release:srtp.obj
 0001:00034620       _srtp_crypto_alloc         00435620 f   libsrtp-i386-win32-vc14-release:alloc.obj
 0001:00034680       _srtp_crypto_free          00435680 f   libsrtp-i386-win32-vc14-release:alloc.obj
 0001:000346b0       _bitvector_alloc           004356b0 f   libsrtp-i386-win32-vc14-release:datatypes.obj
 0001:00034710       _bitvector_dealloc         00435710 f   libsrtp-i386-win32-vc14-release:datatypes.obj
 0001:00034740       _bitvector_left_shift      00435740 f   libsrtp-i386-win32-vc14-release:datatypes.obj
 0001:000348a0       _bitvector_set_to_zero     004358a0 f   libsrtp-i386-win32-vc14-release:datatypes.obj
 0001:000348c0       _octet_string_is_eq        004358c0 f   libsrtp-i386-win32-vc14-release:datatypes.obj
 0001:00034990       _octet_string_set_to_zero  00435990 f   libsrtp-i386-win32-vc14-release:datatypes.obj
 0001:000349b0       _srtp_octet_string_hex_string 004359b0 f   libsrtp-i386-win32-vc14-release:datatypes.obj
 0001:00034a50       _v128_copy_octet_string    00435a50 f   libsrtp-i386-win32-vc14-release:datatypes.obj
 0001:00034ad0       _v128_hex_string           00435ad0 f   libsrtp-i386-win32-vc14-release:datatypes.obj
 0001:00034b60       _v128_left_shift           00435b60 f   libsrtp-i386-win32-vc14-release:datatypes.obj
 0001:00034c40       _srtp_err_report           00435c40 f   libsrtp-i386-win32-vc14-release:srtp_err.obj
 0001:00034c70       _srtp_rdbx_add_index       00435c70 f   libsrtp-i386-win32-vc14-release:rdbx.obj
 0001:00034cc0       _srtp_rdbx_check           00435cc0 f   libsrtp-i386-win32-vc14-release:rdbx.obj
 0001:00034d10       _srtp_rdbx_dealloc         00435d10 f   libsrtp-i386-win32-vc14-release:rdbx.obj
 0001:00034d30       _srtp_rdbx_estimate_index  00435d30 f   libsrtp-i386-win32-vc14-release:rdbx.obj
 0001:00034de0       _srtp_rdbx_get_packet_index 00435de0 f   libsrtp-i386-win32-vc14-release:rdbx.obj
 0001:00034df0       _srtp_rdbx_get_window_size 00435df0 f   libsrtp-i386-win32-vc14-release:rdbx.obj
 0001:00034df0       _srtp_cipher_get_key_length 00435df0 f   libsrtp-i386-win32-vc14-release:cipher.obj
 0001:00034df0       _srtp_auth_get_tag_length  00435df0 f   libsrtp-i386-win32-vc14-release:auth.obj
 0001:00034e00       _srtp_rdbx_init            00435e00 f   libsrtp-i386-win32-vc14-release:rdbx.obj
 0001:00034e40       _srtp_rdbx_set_roc         00435e40 f   libsrtp-i386-win32-vc14-release:rdbx.obj
 0001:00034ea0       _srtp_rdbx_set_roc_seq     00435ea0 f   libsrtp-i386-win32-vc14-release:rdbx.obj
 0001:00034f00       _srtp_rdb_add_index        00435f00 f   libsrtp-i386-win32-vc14-release:rdb.obj
 0001:00034f50       _srtp_rdb_check            00435f50 f   libsrtp-i386-win32-vc14-release:rdb.obj
 0001:00034fa0       _srtp_rdb_increment        00435fa0 f   libsrtp-i386-win32-vc14-release:rdb.obj
 0001:00034fc0       _srtp_rdb_init             00435fc0 f   libsrtp-i386-win32-vc14-release:rdb.obj
 0001:00034ff0       _srtp_cipher_dealloc       00435ff0 f   libsrtp-i386-win32-vc14-release:cipher.obj
 0001:00035010       _srtp_cipher_decrypt       00436010 f   libsrtp-i386-win32-vc14-release:cipher.obj
 0001:00035040       _srtp_cipher_encrypt       00436040 f   libsrtp-i386-win32-vc14-release:cipher.obj
 0001:00035070       _srtp_cipher_get_tag       00436070 f   libsrtp-i386-win32-vc14-release:cipher.obj
 0001:000350b0       _srtp_cipher_init          004360b0 f   libsrtp-i386-win32-vc14-release:cipher.obj
 0001:000350e0       _srtp_cipher_output        004360e0 f   libsrtp-i386-win32-vc14-release:cipher.obj
 0001:00035110       _srtp_cipher_set_aad       00436110 f   libsrtp-i386-win32-vc14-release:cipher.obj
 0001:00035150       _srtp_cipher_set_iv        00436150 f   libsrtp-i386-win32-vc14-release:cipher.obj
 0001:00035180       _srtp_auth_get_key_length  00436180 f   libsrtp-i386-win32-vc14-release:auth.obj
 0001:00035190       _srtp_auth_get_prefix_length 00436190 f   libsrtp-i386-win32-vc14-release:auth.obj
 0001:000351a0       _srtp_key_limit_clone      004361a0 f   libsrtp-i386-win32-vc14-release:key.obj
 0001:000351c0       _srtp_key_limit_set        004361c0 f   libsrtp-i386-win32-vc14-release:key.obj
 0001:00035200       _srtp_key_limit_update     00436200 f   libsrtp-i386-win32-vc14-release:key.obj
 0001:00035260       _srtp_crypto_kernel_alloc_auth 00436260 f   libsrtp-i386-win32-vc14-release:crypto_kernel.obj
 0001:000352b0       _srtp_crypto_kernel_alloc_cipher 004362b0 f   libsrtp-i386-win32-vc14-release:crypto_kernel.obj
 0001:00035300       _srtp_ekt_alloc            00436300 f   libsrtp-i386-win32-vc14-release:ekt.obj
 0001:00035310       _srtp_ekt_octets_after_base_tag 00436310 f   libsrtp-i386-win32-vc14-release:ekt.obj
 0001:00035330       _srtp_ekt_write_data       00436330 f   libsrtp-i386-win32-vc14-release:ekt.obj
 0001:00035480       _srtp_stream_init_from_ekt 00436480 f   libsrtp-i386-win32-vc14-release:ekt.obj
 0001:00036940       _srtp_aes_decrypt          00437940 f   libsrtp-i386-win32-vc14-release:aes.obj
 0001:00036a70       _srtp_aes_encrypt          00437a70 f   libsrtp-i386-win32-vc14-release:aes.obj
 0001:00036ba0       _srtp_aes_expand_decryption_key 00437ba0 f   libsrtp-i386-win32-vc14-release:aes.obj
 0001:00036ea0       _srtp_aes_expand_encryption_key 00437ea0 f   libsrtp-i386-win32-vc14-release:aes.obj
 0001:00036ff0       _srtp_sha1_core            00437ff0 f   libsrtp-i386-win32-vc14-release:sha1.obj
 0001:00037540       _srtp_sha1_final           00438540 f   libsrtp-i386-win32-vc14-release:sha1.obj
 0001:00037b80       _srtp_sha1_init            00438b80 f   libsrtp-i386-win32-vc14-release:sha1.obj
 0001:00037bc0       _srtp_sha1_update          00438bc0 f   libsrtp-i386-win32-vc14-release:sha1.obj
 0001:00037c95       ___WSAFDIsSet@8            00438c95 f   ws2_32:WS2_32.dll
 0001:00037c9b       @__security_check_cookie@4 00438c9b f   MSVCRT:_secchk_.obj
 0001:00037cb0       __alloca_probe             00438cb0 f   MSVCRT:chkstk.obj
 0001:00037cb0       __chkstk                   00438cb0 f   MSVCRT:chkstk.obj
 0001:00037f12       _mainCRTStartup            00438f12 f   MSVCRT:exe_main.obj
 0001:00037f20       __aulldiv                  00438f20 f   MSVCRT:ulldiv.obj
 0001:00037f90       __alldiv                   00438f90 f   MSVCRT:lldiv.obj
 0001:00038040       ___vdecl_cos2              00439040 f   MSVCRT:_svml_dcos2_dispatch_.obj
 0001:00038045       ___raise_securityfailure   00439045 f   MSVCRT:gs_report.obj
 0001:0003806d       ___report_gsfailure        0043906d f   MSVCRT:gs_report.obj
 0001:00038168       ___report_rangecheckfailure 00439168 f   MSVCRT:gs_report.obj
 0001:00038174       ___report_securityfailure  00439174 f   MSVCRT:gs_report.obj
 0001:00038250       __allmul                   00439250 f   MSVCRT:llmul.obj
 0001:00038290       __ftoui3                   00439290 f   MSVCRT:_ftol3_.obj
 0001:0003829f       __ftoul3                   0043929f f   MSVCRT:_ftol3_.obj
 0001:000382ae       __ftol3                    004392ae f   MSVCRT:_ftol3_.obj
 0001:000382bb       __ftol3_NaN                004392bb f   MSVCRT:_ftol3_.obj
 0001:000382d3       __ftol3_work               004392d3 f   MSVCRT:_ftol3_.obj
 0001:00038359       __ftol3_common             00439359 f   MSVCRT:_ftol3_.obj
 0001:0003841b       __ftol3_arg_error          0043941b f   MSVCRT:_ftol3_.obj
 0001:0003842d       __ftol3_except             0043942d f   MSVCRT:_ftol3_.obj
 0001:00038471       __dtoui3                   00439471 f   MSVCRT:_ftol3_.obj
 0001:00038480       __dtoul3                   00439480 f   MSVCRT:_ftol3_.obj
 0001:0003848f       __dtol3                    0043948f f   MSVCRT:_ftol3_.obj
 0001:0003849c       __dtol3_NaN                0043949c f   MSVCRT:_ftol3_.obj
 0001:000384b9       __dtol3_work               004394b9 f   MSVCRT:_ftol3_.obj
 0001:000385a0       __ultod3                   004395a0 f   MSVCRT:_ftol3_.obj
 0001:000385e0       __ltod3                    004395e0 f   MSVCRT:_ftol3_.obj
 0001:00038610       __alloca_probe_16          00439610 f   MSVCRT:alloca16.obj
 0001:00038626       __alloca_probe_8           00439626     MSVCRT:alloca16.obj
 0001:0003863c       ___isa_available_init      0043963c f   MSVCRT:_cpu_disp_.obj
 0001:00038819       ___scrt_acquire_startup_lock 00439819 f   MSVCRT:utility.obj
 0001:0003884e       ___scrt_initialize_crt     0043984e f   MSVCRT:utility.obj
 0001:00038887       ___scrt_initialize_onexit_tables 00439887 f   MSVCRT:utility.obj
 0001:00038931       ___scrt_is_nonwritable_in_current_image 00439931 f   MSVCRT:utility.obj
 0001:000389bb       ___scrt_release_startup_lock 004399bb f   MSVCRT:utility.obj
 0001:000389d8       ___scrt_uninitialize_crt   004399d8 f   MSVCRT:utility.obj
 0001:00038a00       __onexit                   00439a00 f   MSVCRT:utility.obj
 0001:00038a3b       _atexit                    00439a3b f   MSVCRT:utility.obj
 0001:00038a9f       ___security_init_cookie    00439a9f f   MSVCRT:gs_support.obj
 0001:00038aea       __get_startup_argv_mode    00439aea f   MSVCRT:argv_mode.obj
 0001:00038aee       __get_startup_file_mode    00439aee f   MSVCRT:file_mode.obj
 0001:00038af4       ?__scrt_initialize_type_info@@YAXXZ 00439af4 f   MSVCRT:tncleanup.obj
 0001:00038b00       __should_initialize_environment 00439b00 f   MSVCRT:env_mode.obj
 0001:00038b00       ___acrt_initialize         00439b00 f   MSVCRT:ucrt_stubs.obj
 0001:00038b00       ___vcrt_uninitialize       00439b00 f   MSVCRT:ucrt_stubs.obj
 0001:00038b00       ___scrt_stub_for_acrt_uninitialize 00439b00 f   MSVCRT:ucrt_stubs.obj
 0001:00038b00       ___scrt_stub_for_acrt_initialize 00439b00 f   MSVCRT:ucrt_stubs.obj
 0001:00038b00       ___vcrt_initialize         00439b00 f   MSVCRT:ucrt_stubs.obj
 0001:00038b00       ___acrt_uninitialize       00439b00 f   MSVCRT:ucrt_stubs.obj
 0001:00038b03       __initialize_default_precision 00439b03 f   MSVCRT:default_precision.obj
 0001:00038b24       ___scrt_initialize_default_local_stdio_options 00439b24 f   MSVCRT:default_local_stdio_options.obj
 0001:00038b41       ___scrt_is_user_matherr_present 00439b41 f   MSVCRT:matherr_detection.obj
 0001:00038b4d       ___scrt_get_dyn_tls_init_callback 00439b4d f   MSVCRT:dyn_tls_init.obj
 0001:00038b53       ___scrt_get_dyn_tls_dtor_callback 00439b53 f   MSVCRT:dyn_tls_dtor.obj
 0001:00038b59       ___scrt_fastfail           00439b59 f   MSVCRT:utility_desktop.obj
 0001:00038c75       ___scrt_is_managed_app     00439c75 f   MSVCRT:utility_desktop.obj
 0001:00038cb9       ___scrt_set_unhandled_exception_filter 00439cb9 f   MSVCRT:utility_desktop.obj
 0001:00038cc5       ___scrt_unhandled_exception_filter@4 00439cc5 f   MSVCRT:utility_desktop.obj
 0001:00038d06       __crt_debugger_hook        00439d06 f   MSVCRT:utility_desktop.obj
 0001:00038d0e       __RTC_Initialize           00439d0e f   MSVCRT:_initsect_.obj
 0001:00038d39       __RTC_Terminate            00439d39 f   MSVCRT:_initsect_.obj
 0001:00038d64       @_guard_check_icall@4      00439d64 f i MSVCRT:checkcfg.obj
 0001:00038d70       __SEH_prolog4              00439d70 f   MSVCRT:_sehprolg4_.obj
 0001:00038db6       __SEH_epilog4              00439db6 f   MSVCRT:_sehprolg4_.obj
 0001:00038dcb       __except_handler4          00439dcb f   MSVCRT:_chandler4gs_.obj
 0001:00038df0       ___sse2_cos2               00439df0 f   MSVCRT:_svml_dcos2_sse2_.obj
 0001:00038f90       ___scrt_is_ucrt_dll_in_use 00439f90 f   MSVCRT:ucrt_detection.obj
 0001:00038fa0       ___common_sin_reduction_LA 00439fa0 f   MSVCRT:_svml_dtrig_.obj
 0001:000392f0       ___common_cos_reduction_LA 0043a2f0 f   MSVCRT:_svml_dtrig_.obj
 0001:000395e0       ___common_pi04_reduction_LA 0043a5e0 f   MSVCRT:_svml_dtrig_.obj
 0001:000398f0       _IsProcessorFeaturePresent@4 0043a8f0 f   kernel32:KERNEL32.dll
 0001:000398f6       _memset                    0043a8f6 f   vcruntime:VCRUNTIME140.dll
 0001:000398fc       _memmove                   0043a8fc f   vcruntime:VCRUNTIME140.dll
 0001:00039902       _memcpy                    0043a902 f   vcruntime:VCRUNTIME140.dll
 0001:00039908       _strchr                    0043a908 f   vcruntime:VCRUNTIME140.dll
 0001:0003990e       _longjmp                   0043a90e f   vcruntime:VCRUNTIME140.dll
 0001:00039914       __except_handler4_common   0043a914 f   vcruntime:VCRUNTIME140.dll
 0001:0003991a       __libm_sse2_cos_precise    0043a91a f   ucrt:api-ms-win-crt-math-l1-1-0.dll
 0001:00039920       __CIfmod                   0043a920 f   ucrt:api-ms-win-crt-math-l1-1-0.dll
 0001:00039926       _exit                      0043a926 f   ucrt:api-ms-win-crt-runtime-l1-1-0.dll
 0001:0003992c       __libm_sse2_log10_precise  0043a92c f   ucrt:api-ms-win-crt-math-l1-1-0.dll
 0001:00039932       __libm_sse2_pow_precise    0043a932 f   ucrt:api-ms-win-crt-math-l1-1-0.dll
 0001:00039938       __libm_sse2_sqrt_precise   0043a938 f   ucrt:api-ms-win-crt-math-l1-1-0.dll
 0001:0003993e       _floor                     0043a93e f   ucrt:api-ms-win-crt-math-l1-1-0.dll
 0001:00039944       __libm_sse2_exp_precise    0043a944 f   ucrt:api-ms-win-crt-math-l1-1-0.dll
 0001:0003994a       __libm_sse2_log_precise    0043a94a f   ucrt:api-ms-win-crt-math-l1-1-0.dll
 0001:00039950       __libm_sse2_acos_precise   0043a950 f   ucrt:api-ms-win-crt-math-l1-1-0.dll
 0001:00039956       __seh_filter_exe           0043a956 f   ucrt:api-ms-win-crt-runtime-l1-1-0.dll
 0001:0003995c       __set_app_type             0043a95c f   ucrt:api-ms-win-crt-runtime-l1-1-0.dll
 0001:00039962       ___setusermatherr          0043a962 f   ucrt:api-ms-win-crt-math-l1-1-0.dll
 0001:00039968       __configure_narrow_argv    0043a968 f   ucrt:api-ms-win-crt-runtime-l1-1-0.dll
 0001:0003996e       __initialize_narrow_environment 0043a96e f   ucrt:api-ms-win-crt-runtime-l1-1-0.dll
 0001:00039974       __get_initial_narrow_environment 0043a974 f   ucrt:api-ms-win-crt-runtime-l1-1-0.dll
 0001:0003997a       __initterm                 0043a97a f   ucrt:api-ms-win-crt-runtime-l1-1-0.dll
 0001:00039980       __initterm_e               0043a980 f   ucrt:api-ms-win-crt-runtime-l1-1-0.dll
 0001:00039986       __exit                     0043a986 f   ucrt:api-ms-win-crt-runtime-l1-1-0.dll
 0001:0003998c       __set_fmode                0043a98c f   ucrt:api-ms-win-crt-stdio-l1-1-0.dll
 0001:00039992       ___p___argc                0043a992 f   ucrt:api-ms-win-crt-runtime-l1-1-0.dll
 0001:00039998       ___p___argv                0043a998 f   ucrt:api-ms-win-crt-runtime-l1-1-0.dll
 0001:0003999e       __cexit                    0043a99e f   ucrt:api-ms-win-crt-runtime-l1-1-0.dll
 0001:000399a4       __c_exit                   0043a9a4 f   ucrt:api-ms-win-crt-runtime-l1-1-0.dll
 0001:000399aa       __register_thread_local_exe_atexit_callback 0043a9aa f   ucrt:api-ms-win-crt-runtime-l1-1-0.dll
 0001:000399b0       __configthreadlocale       0043a9b0 f   ucrt:api-ms-win-crt-locale-l1-1-0.dll
 0001:000399b6       __set_new_mode             0043a9b6 f   ucrt:api-ms-win-crt-heap-l1-1-0.dll
 0001:000399bc       ___p__commode              0043a9bc f   ucrt:api-ms-win-crt-stdio-l1-1-0.dll
 0001:000399c2       __except1                  0043a9c2 f   ucrt:api-ms-win-crt-math-l1-1-0.dll
 0001:000399c8       __initialize_onexit_table  0043a9c8 f   ucrt:api-ms-win-crt-runtime-l1-1-0.dll
 0001:000399ce       __register_onexit_function 0043a9ce f   ucrt:api-ms-win-crt-runtime-l1-1-0.dll
 0001:000399d4       __crt_atexit               0043a9d4 f   ucrt:api-ms-win-crt-runtime-l1-1-0.dll
 0001:000399da       __controlfp_s              0043a9da f   ucrt:api-ms-win-crt-runtime-l1-1-0.dll
 0001:000399e0       _terminate                 0043a9e0 f   ucrt:api-ms-win-crt-runtime-l1-1-0.dll
 0002:00000000       __imp__GetModuleHandleW@4  0043b000     kernel32:KERNEL32.dll
 0002:00000004       __imp__IsDebuggerPresent@0 0043b004     kernel32:KERNEL32.dll
 0002:00000008       __imp__InitializeSListHead@4 0043b008     kernel32:KERNEL32.dll
 0002:0000000c       __imp__GetSystemTimeAsFileTime@4 0043b00c     kernel32:KERNEL32.dll
 0002:00000010       __imp__IsProcessorFeaturePresent@4 0043b010     kernel32:KERNEL32.dll
 0002:00000014       __imp__TerminateProcess@8  0043b014     kernel32:KERNEL32.dll
 0002:00000018       __imp__GetCurrentProcess@0 0043b018     kernel32:KERNEL32.dll
 0002:0000001c       __imp__SetUnhandledExceptionFilter@4 0043b01c     kernel32:KERNEL32.dll
 0002:00000020       __imp__UnhandledExceptionFilter@4 0043b020     kernel32:KERNEL32.dll
 0002:00000024       __imp__QueryPerformanceFrequency@4 0043b024     kernel32:KERNEL32.dll
 0002:00000028       __imp__QueryPerformanceCounter@4 0043b028     kernel32:KERNEL32.dll
 0002:0000002c       __imp__WriteFile@20        0043b02c     kernel32:KERNEL32.dll
 0002:00000030       __imp__SetFilePointer@16   0043b030     kernel32:KERNEL32.dll
 0002:00000034       __imp__ReadFile@20         0043b034     kernel32:KERNEL32.dll
 0002:00000038       __imp__GetFileSize@8       0043b038     kernel32:KERNEL32.dll
 0002:0000003c       __imp__CreateFileA@28      0043b03c     kernel32:KERNEL32.dll
 0002:00000040       __imp__FormatMessageA@28   0043b040     kernel32:KERNEL32.dll
 0002:00000044       __imp__SystemTimeToFileTime@8 0043b044     kernel32:KERNEL32.dll
 0002:00000048       __imp__FileTimeToSystemTime@8 0043b048     kernel32:KERNEL32.dll
 0002:0000004c       __imp__GetLocalTime@4      0043b04c     kernel32:KERNEL32.dll
 0002:00000050       __imp__SetConsoleTextAttribute@8 0043b050     kernel32:KERNEL32.dll
 0002:00000054       __imp__TlsFree@4           0043b054     kernel32:KERNEL32.dll
 0002:00000058       __imp__TlsSetValue@8       0043b058     kernel32:KERNEL32.dll
 0002:0000005c       __imp__TlsGetValue@4       0043b05c     kernel32:KERNEL32.dll
 0002:00000060       __imp__TlsAlloc@0          0043b060     kernel32:KERNEL32.dll
 0002:00000064       __imp__GetCurrentThreadId@0 0043b064     kernel32:KERNEL32.dll
 0002:00000068       __imp__CreateThread@24     0043b068     kernel32:KERNEL32.dll
 0002:0000006c       __imp__GetCurrentProcessId@0 0043b06c     kernel32:KERNEL32.dll
 0002:00000070       __imp__Sleep@4             0043b070     kernel32:KERNEL32.dll
 0002:00000074       __imp__WaitForSingleObject@8 0043b074     kernel32:KERNEL32.dll
 0002:00000078       __imp__ReleaseSemaphore@12 0043b078     kernel32:KERNEL32.dll
 0002:0000007c       __imp__DeleteCriticalSection@4 0043b07c     kernel32:KERNEL32.dll
 0002:00000080       __imp__TryEnterCriticalSection@4 0043b080     kernel32:KERNEL32.dll
 0002:00000084       __imp__LeaveCriticalSection@4 0043b084     kernel32:KERNEL32.dll
 0002:00000088       __imp__EnterCriticalSection@4 0043b088     kernel32:KERNEL32.dll
 0002:0000008c       __imp__InitializeCriticalSection@4 0043b08c     kernel32:KERNEL32.dll
 0002:00000090       __imp__GetLastError@0      0043b090     kernel32:KERNEL32.dll
 0002:00000094       __imp__GetStdHandle@4      0043b094     kernel32:KERNEL32.dll
 0002:00000098       __imp__SetThreadPriority@8 0043b098     kernel32:KERNEL32.dll
 0002:0000009c       __imp__GetCurrentThread@0  0043b09c     kernel32:KERNEL32.dll
 0002:000000a0       __imp__WaitForMultipleObjects@16 0043b0a0     kernel32:KERNEL32.dll
 0002:000000a4       __imp__CreateEventA@16     0043b0a4     kernel32:KERNEL32.dll
 0002:000000a8       __imp__SetEvent@4          0043b0a8     kernel32:KERNEL32.dll
 0002:000000ac       __imp__CloseHandle@4       0043b0ac     kernel32:KERNEL32.dll
 0002:000000b0       \177KERNEL32_NULL_THUNK_DATA 0043b0b0     kernel32:KERNEL32.dll
 0002:000000b4       __imp__longjmp             0043b0b4     vcruntime:VCRUNTIME140.dll
 0002:000000b8       __imp__memset              0043b0b8     vcruntime:VCRUNTIME140.dll
 0002:000000bc       __imp__memmove             0043b0bc     vcruntime:VCRUNTIME140.dll
 0002:000000c0       __imp__memcpy              0043b0c0     vcruntime:VCRUNTIME140.dll
 0002:000000c4       __imp__strchr              0043b0c4     vcruntime:VCRUNTIME140.dll
 0002:000000c8       __imp___except_handler4_common 0043b0c8     vcruntime:VCRUNTIME140.dll
 0002:000000cc       \177VCRUNTIME140_NULL_THUNK_DATA 0043b0cc     vcruntime:VCRUNTIME140.dll
 0002:000000d0       __imp__waveOutReset@4      0043b0d0     winmm:WINMM.dll
 0002:000000d4       __imp__waveOutRestart@4    0043b0d4     winmm:WINMM.dll
 0002:000000d8       __imp__waveOutPause@4      0043b0d8     winmm:WINMM.dll
 0002:000000dc       __imp__waveOutWrite@12     0043b0dc     winmm:WINMM.dll
 0002:000000e0       __imp__waveOutUnprepareHeader@12 0043b0e0     winmm:WINMM.dll
 0002:000000e4       __imp__waveOutPrepareHeader@12 0043b0e4     winmm:WINMM.dll
 0002:000000e8       __imp__waveOutClose@4      0043b0e8     winmm:WINMM.dll
 0002:000000ec       __imp__waveInGetDevCapsA@12 0043b0ec     winmm:WINMM.dll
 0002:000000f0       __imp__waveOutSetVolume@8  0043b0f0     winmm:WINMM.dll
 0002:000000f4       __imp__waveOutGetVolume@8  0043b0f4     winmm:WINMM.dll
 0002:000000f8       __imp__waveOutGetDevCapsA@12 0043b0f8     winmm:WINMM.dll
 0002:000000fc       __imp__waveOutGetNumDevs@0 0043b0fc     winmm:WINMM.dll
 0002:00000100       __imp__waveInGetErrorTextA@12 0043b100     winmm:WINMM.dll
 0002:00000104       __imp__waveOutGetErrorTextA@12 0043b104     winmm:WINMM.dll
 0002:00000108       __imp__waveInGetNumDevs@0  0043b108     winmm:WINMM.dll
 0002:0000010c       __imp__waveInOpen@24       0043b10c     winmm:WINMM.dll
 0002:00000110       __imp__waveInClose@4       0043b110     winmm:WINMM.dll
 0002:00000114       __imp__waveInPrepareHeader@12 0043b114     winmm:WINMM.dll
 0002:00000118       __imp__waveInUnprepareHeader@12 0043b118     winmm:WINMM.dll
 0002:0000011c       __imp__waveInAddBuffer@12  0043b11c     winmm:WINMM.dll
 0002:00000120       __imp__waveInStart@4       0043b120     winmm:WINMM.dll
 0002:00000124       __imp__waveInStop@4        0043b124     winmm:WINMM.dll
 0002:00000128       __imp__waveInReset@4       0043b128     winmm:WINMM.dll
 0002:0000012c       __imp__waveOutOpen@24      0043b12c     winmm:WINMM.dll
 0002:00000130       \177WINMM_NULL_THUNK_DATA  0043b130     winmm:WINMM.dll
 0002:00000134       __imp__sendto@24           0043b134     ws2_32:WS2_32.dll
 0002:00000138       __imp__send@16             0043b138     ws2_32:WS2_32.dll
 0002:0000013c       __imp__recvfrom@24         0043b13c     ws2_32:WS2_32.dll
 0002:00000140       __imp__recv@16             0043b140     ws2_32:WS2_32.dll
 0002:00000144       __imp__ntohs@4             0043b144     ws2_32:WS2_32.dll
 0002:00000148       __imp__ntohl@4             0043b148     ws2_32:WS2_32.dll
 0002:0000014c       __imp__htons@4             0043b14c     ws2_32:WS2_32.dll
 0002:00000150       __imp__htonl@4             0043b150     ws2_32:WS2_32.dll
 0002:00000154       __imp__getsockopt@20       0043b154     ws2_32:WS2_32.dll
 0002:00000158       __imp__getsockname@12      0043b158     ws2_32:WS2_32.dll
 0002:0000015c       __imp__accept@12           0043b15c     ws2_32:WS2_32.dll
 0002:00000160       __imp__WSAGetLastError@0   0043b160     ws2_32:WS2_32.dll
 0002:00000164       __imp__WSACleanup@0        0043b164     ws2_32:WS2_32.dll
 0002:00000168       __imp__WSAStartup@8        0043b168     ws2_32:WS2_32.dll
 0002:0000016c       __imp____WSAFDIsSet@8      0043b16c     ws2_32:WS2_32.dll
 0002:00000170       __imp__select@20           0043b170     ws2_32:WS2_32.dll
 0002:00000174       \177WS2_32_NULL_THUNK_DATA 0043b174     ws2_32:WS2_32.dll
 0002:00000178       __imp__malloc              0043b178     ucrt:api-ms-win-crt-heap-l1-1-0.dll
 0002:0000017c       __imp___set_new_mode       0043b17c     ucrt:api-ms-win-crt-heap-l1-1-0.dll
 0002:00000180       __imp__calloc              0043b180     ucrt:api-ms-win-crt-heap-l1-1-0.dll
 0002:00000184       __imp__realloc             0043b184     ucrt:api-ms-win-crt-heap-l1-1-0.dll
 0002:00000188       __imp__free                0043b188     ucrt:api-ms-win-crt-heap-l1-1-0.dll
 0002:0000018c       \177api-ms-win-crt-heap-l1-1-0_NULL_THUNK_DATA 0043b18c     ucrt:api-ms-win-crt-heap-l1-1-0.dll
 0002:00000190       __imp___configthreadlocale 0043b190     ucrt:api-ms-win-crt-locale-l1-1-0.dll
 0002:00000194       \177api-ms-win-crt-locale-l1-1-0_NULL_THUNK_DATA 0043b194     ucrt:api-ms-win-crt-locale-l1-1-0.dll
 0002:00000198       __imp____setusermatherr    0043b198     ucrt:api-ms-win-crt-math-l1-1-0.dll
 0002:0000019c       __imp___libm_sse2_cos_precise 0043b19c     ucrt:api-ms-win-crt-math-l1-1-0.dll
 0002:000001a0       __imp___libm_sse2_log_precise 0043b1a0     ucrt:api-ms-win-crt-math-l1-1-0.dll
 0002:000001a4       __imp___libm_sse2_exp_precise 0043b1a4     ucrt:api-ms-win-crt-math-l1-1-0.dll
 0002:000001a8       __imp__floor               0043b1a8     ucrt:api-ms-win-crt-math-l1-1-0.dll
 0002:000001ac       __imp___except1            0043b1ac     ucrt:api-ms-win-crt-math-l1-1-0.dll
 0002:000001b0       __imp___libm_sse2_sqrt_precise 0043b1b0     ucrt:api-ms-win-crt-math-l1-1-0.dll
 0002:000001b4       __imp___libm_sse2_pow_precise 0043b1b4     ucrt:api-ms-win-crt-math-l1-1-0.dll
 0002:000001b8       __imp___libm_sse2_log10_precise 0043b1b8     ucrt:api-ms-win-crt-math-l1-1-0.dll
 0002:000001bc       __imp___CIfmod             0043b1bc     ucrt:api-ms-win-crt-math-l1-1-0.dll
 0002:000001c0       __imp___libm_sse2_acos_precise 0043b1c0     ucrt:api-ms-win-crt-math-l1-1-0.dll
 0002:000001c4       \177api-ms-win-crt-math-l1-1-0_NULL_THUNK_DATA 0043b1c4     ucrt:api-ms-win-crt-math-l1-1-0.dll
 0002:000001c8       __imp___register_onexit_function 0043b1c8     ucrt:api-ms-win-crt-runtime-l1-1-0.dll
 0002:000001cc       __imp___initialize_onexit_table 0043b1cc     ucrt:api-ms-win-crt-runtime-l1-1-0.dll
 0002:000001d0       __imp__exit                0043b1d0     ucrt:api-ms-win-crt-runtime-l1-1-0.dll
 0002:000001d4       __imp___register_thread_local_exe_atexit_callback 0043b1d4     ucrt:api-ms-win-crt-runtime-l1-1-0.dll
 0002:000001d8       __imp___crt_atexit         0043b1d8     ucrt:api-ms-win-crt-runtime-l1-1-0.dll
 0002:000001dc       __imp___controlfp_s        0043b1dc     ucrt:api-ms-win-crt-runtime-l1-1-0.dll
 0002:000001e0       __imp___c_exit             0043b1e0     ucrt:api-ms-win-crt-runtime-l1-1-0.dll
 0002:000001e4       __imp___cexit              0043b1e4     ucrt:api-ms-win-crt-runtime-l1-1-0.dll
 0002:000001e8       __imp___seh_filter_exe     0043b1e8     ucrt:api-ms-win-crt-runtime-l1-1-0.dll
 0002:000001ec       __imp___set_app_type       0043b1ec     ucrt:api-ms-win-crt-runtime-l1-1-0.dll
 0002:000001f0       __imp___initterm           0043b1f0     ucrt:api-ms-win-crt-runtime-l1-1-0.dll
 0002:000001f4       __imp___configure_narrow_argv 0043b1f4     ucrt:api-ms-win-crt-runtime-l1-1-0.dll
 0002:000001f8       __imp___initialize_narrow_environment 0043b1f8     ucrt:api-ms-win-crt-runtime-l1-1-0.dll
 0002:000001fc       __imp___get_initial_narrow_environment 0043b1fc     ucrt:api-ms-win-crt-runtime-l1-1-0.dll
 0002:00000200       __imp____p___argv          0043b200     ucrt:api-ms-win-crt-runtime-l1-1-0.dll
 0002:00000204       __imp___initterm_e         0043b204     ucrt:api-ms-win-crt-runtime-l1-1-0.dll
 0002:00000208       __imp___exit               0043b208     ucrt:api-ms-win-crt-runtime-l1-1-0.dll
 0002:0000020c       __imp____p___argc          0043b20c     ucrt:api-ms-win-crt-runtime-l1-1-0.dll
 0002:00000210       __imp__terminate           0043b210     ucrt:api-ms-win-crt-runtime-l1-1-0.dll
 0002:00000214       \177api-ms-win-crt-runtime-l1-1-0_NULL_THUNK_DATA 0043b214     ucrt:api-ms-win-crt-runtime-l1-1-0.dll
 0002:00000218       __imp____stdio_common_vsprintf 0043b218     ucrt:api-ms-win-crt-stdio-l1-1-0.dll
 0002:0000021c       __imp____stdio_common_vfprintf 0043b21c     ucrt:api-ms-win-crt-stdio-l1-1-0.dll
 0002:00000220       __imp__puts                0043b220     ucrt:api-ms-win-crt-stdio-l1-1-0.dll
 0002:00000224       __imp____acrt_iob_func     0043b224     ucrt:api-ms-win-crt-stdio-l1-1-0.dll
 0002:00000228       __imp____p__commode        0043b228     ucrt:api-ms-win-crt-stdio-l1-1-0.dll
 0002:0000022c       __imp___set_fmode          0043b22c     ucrt:api-ms-win-crt-stdio-l1-1-0.dll
 0002:00000230       \177api-ms-win-crt-stdio-l1-1-0_NULL_THUNK_DATA 0043b230     ucrt:api-ms-win-crt-stdio-l1-1-0.dll
 0002:00000234       __imp__strncpy             0043b234     ucrt:api-ms-win-crt-string-l1-1-0.dll
 0002:00000238       __imp___strnicmp           0043b238     ucrt:api-ms-win-crt-string-l1-1-0.dll
 0002:0000023c       __imp__isxdigit            0043b23c     ucrt:api-ms-win-crt-string-l1-1-0.dll
 0002:00000240       __imp__isdigit             0043b240     ucrt:api-ms-win-crt-string-l1-1-0.dll
 0002:00000244       __imp___stricmp            0043b244     ucrt:api-ms-win-crt-string-l1-1-0.dll
 0002:00000248       \177api-ms-win-crt-string-l1-1-0_NULL_THUNK_DATA 0043b248     ucrt:api-ms-win-crt-string-l1-1-0.dll
 0002:0000024c       __imp__rand                0043b24c     ucrt:api-ms-win-crt-utility-l1-1-0.dll
 0002:00000250       \177api-ms-win-crt-utility-l1-1-0_NULL_THUNK_DATA 0043b250     ucrt:api-ms-win-crt-utility-l1-1-0.dll
 0002:00000254       __imp__CoCreateGuid@4      0043b254     ole32:ole32.dll
 0002:00000258       \177ole32_NULL_THUNK_DATA  0043b258     ole32:ole32.dll
 0002:0000025c       ___guard_check_icall_fptr  0043b25c     MSVCRT:guard_support.obj
 0002:00000260       ___xc_a                    0043b260     MSVCRT:initializers.obj
 0002:00000268       ___xc_z                    0043b268     MSVCRT:initializers.obj
 0002:0000026c       ___xi_a                    0043b26c     MSVCRT:initializers.obj
 0002:00000278       ___xi_z                    0043b278     MSVCRT:initializers.obj
 0002:0000027c       ___xp_a                    0043b27c     MSVCRT:initializers.obj
 0002:00000280       ___xp_z                    0043b280     MSVCRT:initializers.obj
 0002:00000284       ___xt_a                    0043b284     MSVCRT:initializers.obj
 0002:00000288       ___xt_z                    0043b288     MSVCRT:initializers.obj
 0002:00000290       __real@4020000000000000    0043b290     encdec.obj
 0002:000002a0       __xmm@41f00000000000000000000000000000 0043b2a0     encdec.obj
 0002:000002b8       ??_C@_03KDMMNJLE@L16?$AA@  0043b2b8     pjmedia-codec-i386-win32-vc14-release:l16.obj
 0002:000002bc       ??_C@_03DPOHGIK@l16?$AA@   0043b2bc     pjmedia-codec-i386-win32-vc14-release:l16.obj
 0002:000002c0       ??_C@_03PDFFOBMG@GSM?$AA@  0043b2c0     pjmedia-codec-i386-win32-vc14-release:gsm.obj
 0002:000002c4       ??_C@_03POKOCMLK@gsm?$AA@  0043b2c4     pjmedia-codec-i386-win32-vc14-release:gsm.obj
 0002:00000328       ??_C@_05JPFLDMPI@speex?$AA@ 0043b328     pjmedia-codec-i386-win32-vc14-release:speex_codec.obj
 0002:00000330       ??_C@_0BP@EFILPKKM@Adjusting?5quality?5to?55?5for?5uwb?$AA@ 0043b330     pjmedia-codec-i386-win32-vc14-release:speex_codec.obj
 0002:00000350       ??_C@_0O@GPAECDMN@speex_codec?4c?$AA@ 0043b350     pjmedia-codec-i386-win32-vc14-release:speex_codec.obj
 0002:00000360       ??_C@_0DA@IJNJIJBB@Normalized?5iLBC?5encoder?5and?5deco@ 0043b360     pjmedia-codec-i386-win32-vc14-release:ilbc.obj
 0002:00000390       ??_C@_0BL@PLFPNNLG@iLBC?5codec?5opened?0?5mode?$DN?$CFd?$AA@ 0043b390     pjmedia-codec-i386-win32-vc14-release:ilbc.obj
 0002:000003ac       ??_C@_0BC@LKOHDGGA@iLBC?5codec?5closed?$AA@ 0043b3ac     pjmedia-codec-i386-win32-vc14-release:ilbc.obj
 0002:000003c0       ??_C@_04GMGOKAFF@mode?$AA@ 0043b3c0     pjmedia-codec-i386-win32-vc14-release:ilbc.obj
 0002:000003c8       ??_C@_04NEHHLPDD@iLBC?$AA@ 0043b3c8     pjmedia-codec-i386-win32-vc14-release:ilbc.obj
 0002:000003d0       ??_C@_02PJNFELNH@30?$AA@   0043b3d0     pjmedia-codec-i386-win32-vc14-release:ilbc.obj
 0002:000003d4       ??_C@_02PIBHCBOA@20?$AA@   0043b3d4     pjmedia-codec-i386-win32-vc14-release:ilbc.obj
 0002:000003d8       ??_C@_06LOAMOCKH@iLBC?$CFp?$AA@ 0043b3d8     pjmedia-codec-i386-win32-vc14-release:ilbc.obj
 0002:000003e0       ??_C@_06NIFDGHKL@ilbc?$CFp?$AA@ 0043b3e0     pjmedia-codec-i386-win32-vc14-release:ilbc.obj
 0002:000003e8       ??_C@_04HEGNCJCM@G722?$AA@ 0043b3e8     pjmedia-codec-i386-win32-vc14-release:g722.obj
 0002:000003f0       ??_C@_04LFKMAGCI@g722?$AA@ 0043b3f0     pjmedia-codec-i386-win32-vc14-release:g722.obj
 0002:000003f8       _g722_qmf_coeff            0043b3f8     pjmedia-codec-i386-win32-vc14-release:g722_enc.obj
 0002:00000a70       ??_C@_0DC@MHBBCDGM@Unspecified?5audio?5device?5error?5?$CI@ 0043ba70     pjmedia-audiodev-i386-win32-vc14-release:errno.obj
 0002:00000aa4       ??_C@_0DG@FEDKLOFB@Unknown?5error?5from?5audio?5driver?5@ 0043baa4     pjmedia-audiodev-i386-win32-vc14-release:errno.obj
 0002:00000adc       ??_C@_0DE@DOHCBKFK@Audio?5subsystem?5not?5initialized?5@ 0043badc     pjmedia-audiodev-i386-win32-vc14-release:errno.obj
 0002:00000b10       ??_C@_0CL@NCBJPCNF@Invalid?5audio?5device?5?$CIPJMEDIA_EA@ 0043bb10     pjmedia-audiodev-i386-win32-vc14-release:errno.obj
 0002:00000b3c       ??_C@_0CM@LOPLLMHO@Found?5no?5audio?5devices?5?$CIPJMEDIA_@ 0043bb3c     pjmedia-audiodev-i386-win32-vc14-release:errno.obj
 0002:00000b68       ??_C@_0DM@DPDKGMIE@Unable?5to?5find?5default?5audio?5dev@ 0043bb68     pjmedia-audiodev-i386-win32-vc14-release:errno.obj
 0002:00000ba4       ??_C@_0CP@JIPJOIMB@Audio?5device?5not?5ready?5?$CIPJMEDIA_@ 0043bba4     pjmedia-audiodev-i386-win32-vc14-release:errno.obj
 0002:00000bd4       ??_C@_0DO@NMIGLFFA@Invalid?5or?5unsupported?5audio?5cap@ 0043bbd4     pjmedia-audiodev-i386-win32-vc14-release:errno.obj
 0002:00000c18       ??_C@_0ED@PLJALPOA@Invalid?5or?5unsupported?5audio?5dev@ 0043bc18     pjmedia-audiodev-i386-win32-vc14-release:errno.obj
 0002:00000c5c       ??_C@_0DM@JKDJGBNG@Bad?5or?5invalid?5audio?5device?5form@ 0043bc5c     pjmedia-audiodev-i386-win32-vc14-release:errno.obj
 0002:00000c98       ??_C@_0DN@BLAJILEA@Invalid?5audio?5device?5sample?5form@ 0043bc98     pjmedia-audiodev-i386-win32-vc14-release:errno.obj
 0002:00000cd8       ??_C@_0DE@LJJGJIEF@Bad?5audio?5latency?5setting?5?$CIPJMED@ 0043bcd8     pjmedia-audiodev-i386-win32-vc14-release:errno.obj
 0002:00000d0c       ??_C@_0BJ@GMHLEOAL@MMSYSTEM?5native?5error?5?$CFd?$AA@ 0043bd0c     pjmedia-audiodev-i386-win32-vc14-release:errno.obj
 0002:00000d28       ??_C@_0CC@MFOJNIAN@Unknown?5pjmedia?9audiodev?5error?5?$CF@ 0043bd28     pjmedia-audiodev-i386-win32-vc14-release:errno.obj
 0002:00000d4c       ??_C@_0M@KBHHDDLP@Wave?5mapper?$AA@ 0043bd4c     pjmedia-audiodev-i386-win32-vc14-release:wmme_dev.obj
 0002:00000d58       ??_C@_04CPNMDOAK@WMME?$AA@ 0043bd58     pjmedia-audiodev-i386-win32-vc14-release:wmme_dev.obj
 0002:00000d60       ??_C@_0BB@EOKKHGLD@WMME?5initialized?$AA@ 0043bd60     pjmedia-audiodev-i386-win32-vc14-release:wmme_dev.obj
 0002:00000d74       ??_C@_0L@HHCCMOGO@wmme_dev?4c?$AA@ 0043bd74     pjmedia-audiodev-i386-win32-vc14-release:wmme_dev.obj
 0002:00000d80       ??_C@_0BM@OMJMEAMB@WMME?5found?5no?5sound?5devices?$AA@ 0043bd80     pjmedia-audiodev-i386-win32-vc14-release:wmme_dev.obj
 0002:00000d9c       ??_C@_11LOCGONAA@?$AA?$AA@ 0043bd9c     pjmedia-audiodev-i386-win32-vc14-release:wmme_dev.obj
[...]
 0002:0000e070       _sb_uwb_mode               00449070     libspeex-i386-win32-vc14-release:modes_wb.obj
 0002:0000f440       _wb_skip_table             0044a440     libspeex-i386-win32-vc14-release:nb_celp.obj
 0002:0000ffa0       _gc_quant_bound            0044afa0     libspeex-i386-win32-vc14-release:sb_celp.obj
 0002:0000ffe0       _fold_quant_bound          0044afe0     libspeex-i386-win32-vc14-release:sb_celp.obj
 0002:00010060       _h0                        0044b060     libspeex-i386-win32-vc14-release:sb_celp.obj
 0002:00011888       _srtp_null_cipher_description 0044c888     libsrtp-i386-win32-vc14-release:null_cipher.obj
 0002:00011894       _srtp_null_cipher_test_0   0044c894     libsrtp-i386-win32-vc14-release:null_cipher.obj
 0002:0001194c       _srtp_aes_icm_128_description 0044c94c     libsrtp-i386-win32-vc14-release:aes_icm.obj
 0002:0001196c       _srtp_aes_icm_256_description 0044c96c     libsrtp-i386-win32-vc14-release:aes_icm.obj
 0002:0001198c       _srtp_aes_icm_128_test_case_0_key 0044c98c     libsrtp-i386-win32-vc14-release:aes_icm.obj
 0002:000119ac       _srtp_aes_icm_128_test_case_0_plaintext 0044c9ac     libsrtp-i386-win32-vc14-release:aes_icm.obj
 0002:000119cc       _srtp_aes_icm_128_test_case_0_ciphertext 0044c9cc     libsrtp-i386-win32-vc14-release:aes_icm.obj
 0002:000119ec       _srtp_aes_icm_128_test_case_0 0044c9ec     libsrtp-i386-win32-vc14-release:aes_icm.obj
 0002:00011a18       _srtp_aes_icm_256_test_case_0_key 0044ca18     libsrtp-i386-win32-vc14-release:aes_icm.obj
 0002:00011a48       _srtp_aes_icm_256_test_case_0_plaintext 0044ca48     libsrtp-i386-win32-vc14-release:aes_icm.obj
 0002:00011a68       _srtp_aes_icm_256_test_case_0_ciphertext 0044ca68     libsrtp-i386-win32-vc14-release:aes_icm.obj
 0002:00011a88       _srtp_aes_icm_256_test_case_0 0044ca88     libsrtp-i386-win32-vc14-release:aes_icm.obj
 0002:00011ba0       _srtp_null_auth_test_case_0 0044cba0     libsrtp-i386-win32-vc14-release:null_auth.obj
 0002:00011bbc       _srtp_null_auth_description 0044cbbc     libsrtp-i386-win32-vc14-release:null_auth.obj
 0002:00011c58       _srtp_hmac_test_case_0_key 0044cc58     libsrtp-i386-win32-vc14-release:hmac.obj
 0002:00011c6c       _srtp_hmac_test_case_0_data 0044cc6c     libsrtp-i386-win32-vc14-release:hmac.obj
 0002:00011c74       _srtp_hmac_test_case_0_tag 0044cc74     libsrtp-i386-win32-vc14-release:hmac.obj
 0002:00011c88       _srtp_hmac_test_case_0     0044cc88     libsrtp-i386-win32-vc14-release:hmac.obj
 0002:00011ca4       _srtp_hmac_description     0044cca4     libsrtp-i386-win32-vc14-release:hmac.obj
 0002:00011d10       _T0                        0044cd10     libsrtp-i386-win32-vc14-release:aes.obj
 0002:00012110       _T1                        0044d110     libsrtp-i386-win32-vc14-release:aes.obj
 0002:00012510       _T2                        0044d510     libsrtp-i386-win32-vc14-release:aes.obj
 0002:00012910       _T3                        0044d910     libsrtp-i386-win32-vc14-release:aes.obj
 0002:00012d10       _U0                        0044dd10     libsrtp-i386-win32-vc14-release:aes.obj
 0002:00013110       _U1                        0044e110     libsrtp-i386-win32-vc14-release:aes.obj
 0002:00013510       _U2                        0044e510     libsrtp-i386-win32-vc14-release:aes.obj
 0002:00013910       _U3                        0044e910     libsrtp-i386-win32-vc14-release:aes.obj
 0002:00013d10       _aes_sbox                  0044ed10     libsrtp-i386-win32-vc14-release:aes.obj
 0002:00013e10       _aes_inv_sbox              0044ee10     libsrtp-i386-win32-vc14-release:aes.obj
 0002:00013fc0       _GS_ExceptionPointers      0044efc0     MSVCRT:gs_report.obj
 0002:00013fd0       _Int32ToUInt32             0044efd0     MSVCRT:_ftol3_.obj
 0002:00013fd8       _DP2to32                   0044efd8     MSVCRT:_ftol3_.obj
 0002:00013fe0       _MantissaMask              0044efe0     MSVCRT:_ftol3_.obj
 0002:00013fe8       _IntegerBit                0044efe8     MSVCRT:_ftol3_.obj
 0002:00013ff0       _SignBit64                 0044eff0     MSVCRT:_ftol3_.obj
 0002:00013ff8       _MinFP64                   0044eff8     MSVCRT:_ftol3_.obj
 0002:00014000       _MinInt64                  0044f000     MSVCRT:_ftol3_.obj
 0002:00014008       _MaxInt64                  0044f008     MSVCRT:_ftol3_.obj
 0002:00014010       _MaxUInt64                 0044f010     MSVCRT:_ftol3_.obj
 0002:00014018       _MaxFP32                   0044f018     MSVCRT:_ftol3_.obj
 0002:00014020       _MinFP32                   0044f020     MSVCRT:_ftol3_.obj
 0002:00014028       _MinSubInexact             0044f028     MSVCRT:_ftol3_.obj
 0002:00014030       _FpExcptTable              0044f030     MSVCRT:_ftol3_.obj
 0002:00014040       _i1075                     0044f040     MSVCRT:_ftol3_.obj
 0002:00014044       _i1087                     0044f044     MSVCRT:_ftol3_.obj
 0002:00014048       _x0800                     0044f048     MSVCRT:_ftol3_.obj
 0002:0001404c       _x17FF                     0044f04c     MSVCRT:_ftol3_.obj
 0002:00014050       _CWMask                    0044f050     MSVCRT:_ftol3_.obj
 0002:00014370       __sehtable$?__scrt_common_main_seh@@YAHXZ 0044f370     MSVCRT:exe_main.obj
 0002:00014390       __sehtable$___scrt_is_nonwritable_in_current_image 0044f390     MSVCRT:utility.obj
 0002:0001471c       .idata$6                   0044f71c     ole32:ole32.dll
 0002:00014726       .idata$6                   0044f726     ws2_32:WS2_32.dll
 0002:000148f2       .idata$6                   0044f8f2     winmm:WINMM.dll
 0002:00014c64       .idata$6                   0044fc64     kernel32:KERNEL32.dll
 0002:00014cbe       .idata$6                   0044fcbe     vcruntime:VCRUNTIME140.dll
 0002:0001501c       .idata$6                   0045001c     ucrt:api-ms-win-crt-stdio-l1-1-0.dll
 0002:0001503c       .idata$6                   0045003c     ucrt:api-ms-win-crt-string-l1-1-0.dll
 0002:0001505e       .idata$6                   0045005e     ucrt:api-ms-win-crt-math-l1-1-0.dll
 0002:0001507e       .idata$6                   0045007e     ucrt:api-ms-win-crt-utility-l1-1-0.dll
 0002:000150a0       .idata$6                   004500a0     ucrt:api-ms-win-crt-heap-l1-1-0.dll
 0002:000150c0       .idata$6                   004500c0     ucrt:api-ms-win-crt-runtime-l1-1-0.dll
 0002:000150e2       .idata$6                   004500e2     ucrt:api-ms-win-crt-locale-l1-1-0.dll
 0003:00000000       _desc                      00451000     encdec.obj
 0003:00000004       $SG23110                   00451004     encdec.obj
 0003:00000028       $SG23001                   00451028     encdec.obj
 0003:000001d8       $SG23013                   004511d8     encdec.obj
 0003:000001e8       $SG23096                   004511e8     encdec.obj
 0003:000001f0       $SG23098                   004511f0     encdec.obj
 0003:00000244       $SG23100                   00451244     encdec.obj
 0003:0000027c       $SG23106                   0045127c     encdec.obj
 0003:000002b0       $SG23102                   004512b0     encdec.obj
 0003:00000318       $SG23104                   00451318     encdec.obj
 0003:0000039c       $SG23108                   0045139c     encdec.obj
 0003:000003c0       $SG23114                   004513c0     encdec.obj
 0003:00000404       $SG23118                   00451404     encdec.obj
 0003:00000430       $SG23120                   00451430     encdec.obj
 0003:00000478       $SG23122                   00451478     encdec.obj
 0003:00000494       $SG23126                   00451494     encdec.obj
 0003:000004d0       $SG23128                   004514d0     encdec.obj
 0003:00000514       $SG23130                   00451514     encdec.obj
 0003:00000540       $SG23131                   00451540     encdec.obj
 0003:00000560       $SG23132                   00451560     encdec.obj
 0003:00000574       $SG23160                   00451574     encdec.obj
 0003:00000580       $SG23162                   00451580     encdec.obj
 0003:000005b4       $SG23164                   004515b4     encdec.obj
 0003:000005e4       $SG23167                   004515e4     encdec.obj
 0003:000005ec       $SG23168                   004515ec     encdec.obj
 0003:00000600       $SG23169                   00451600     encdec.obj
 0003:00000614       $SG5731                    00451614     encdec.obj
 0003:00000628       $SG5732                    00451628     encdec.obj
 0003:0000063c       $SG20204                   0045163c     encdec.obj
 0003:0000064c       _l16_op                    0045164c     pjmedia-codec-i386-win32-vc14-release:l16.obj
 0003:0000066c       _l16_factory_op            0045166c     pjmedia-codec-i386-win32-vc14-release:l16.obj
 0003:00000684       _gsm_op                    00451684     pjmedia-codec-i386-win32-vc14-release:gsm.obj
 0003:000006a4       _gsm_factory_op            004516a4     pjmedia-codec-i386-win32-vc14-release:gsm.obj
 0003:000006bc       _spx_op                    004516bc     pjmedia-codec-i386-win32-vc14-release:speex_codec.obj
 0003:000006dc       _spx_factory_op            004516dc     pjmedia-codec-i386-win32-vc14-release:speex_codec.obj
 0003:000006f4       _ilbc_op                   004516f4     pjmedia-codec-i386-win32-vc14-release:ilbc.obj
 0003:00000714       _ilbc_factory_op           00451714     pjmedia-codec-i386-win32-vc14-release:ilbc.obj
 0003:0000072c       _STR_MODE                  0045172c     pjmedia-codec-i386-win32-vc14-release:ilbc.obj
 0003:00000734       _g722_op                   00451734     pjmedia-codec-i386-win32-vc14-release:g722.obj
 0003:00000754       _g722_factory_op           00451754     pjmedia-codec-i386-win32-vc14-release:g722.obj
 0003:0000076c       _factory_op                0045176c     pjmedia-audiodev-i386-win32-vc14-release:wmme_dev.obj
 0003:00000788       _stream_op                 00451788     pjmedia-audiodev-i386-win32-vc14-release:wmme_dev.obj
 0003:000007a8       _g711_op                   004517a8     pjmedia-i386-win32-vc14-release:g711.obj
 0003:000007c8       _g711_factory_op           004517c8     pjmedia-i386-win32-vc14-release:g711.obj
 0003:000007e0       _plc_wsola                 004517e0     pjmedia-i386-win32-vc14-release:plc_common.obj
 0003:000007f0       _cap_infos                 004517f0     pjmedia-i386-win32-vc14-release:audiodev.obj
 0003:00000860       _crypto_suites             00451860     pjmedia-i386-win32-vc14-release:transport_srtp.obj
 0003:0000093c       _transport_srtp_op         0045193c     pjmedia-i386-win32-vc14-release:transport_srtp.obj
 0003:00000970       _sdes_op                   00451970     pjmedia-i386-win32-vc14-release:transport_srtp.obj
 0003:000009a8       ?liberr@?1??get_libsrtp_errstr@@9@9 004519a8     pjmedia-i386-win32-vc14-release:transport_srtp.obj
 0003:00000a0c       _thread_tls_id             00451a0c     pjlib-i386-win32-vc14-release:os_core_win32.obj
 0003:00000a10       _thread_suspended_tls_id   00451a10     pjlib-i386-win32-vc14-release:log.obj
 0003:00000a14       _thread_indent_tls_id      00451a14     pjlib-i386-win32-vc14-release:log.obj
 0003:00000a18       _pj_log_max_level          00451a18     pjlib-i386-win32-vc14-release:log.obj
 0003:00000a1c       _log_writer                00451a1c     pjlib-i386-win32-vc14-release:log.obj
 0003:00000a20       _log_decor                 00451a20     pjlib-i386-win32-vc14-release:log.obj
 0003:00000a24       _PJ_LOG_COLOR_0            00451a24     pjlib-i386-win32-vc14-release:log.obj
 0003:00000a28       _PJ_LOG_COLOR_1            00451a28     pjlib-i386-win32-vc14-release:log.obj
 0003:00000a2c       _PJ_LOG_COLOR_2            00451a2c     pjlib-i386-win32-vc14-release:log.obj
 0003:00000a30       _PJ_LOG_COLOR_3            00451a30     pjlib-i386-win32-vc14-release:log.obj
 0003:00000a34       _PJ_LOG_COLOR_4            00451a34     pjlib-i386-win32-vc14-release:log.obj
 0003:00000a38       _PJ_LOG_COLOR_5            00451a38     pjlib-i386-win32-vc14-release:log.obj
 0003:00000a3c       _PJ_LOG_COLOR_6            00451a3c     pjlib-i386-win32-vc14-release:log.obj
 0003:00000a40       _PJ_LOG_COLOR_77           00451a40     pjlib-i386-win32-vc14-release:log.obj
 0003:00000a44       ?ltexts@?2??pj_log@@9@9    00451a44     pjlib-i386-win32-vc14-release:log.obj
 0003:00000a60       ?wdays@?3??pj_log@@9@9     00451a60     pjlib-i386-win32-vc14-release:log.obj
 0003:00000a80       _pool_sizes                00451a80     pjlib-i386-win32-vc14-release:pool_caching.obj
 0003:00000ac0       _thread_local_id           00451ac0     pjlib-i386-win32-vc14-release:except.obj
 0003:00000ac4       _mutex_lock_template       00451ac4     pjlib-i386-win32-vc14-release:lock.obj
 0003:00000ad8       _null_lock_template        00451ad8     pjlib-i386-win32-vc14-release:lock.obj
 0003:00000aec       _sem_lock_template         00451aec     pjlib-i386-win32-vc14-release:lock.obj
 0003:00000b00       ?hex@?1??hex2digit@@9@9    00451b00     pjlib-i386-win32-vc14-release:guid_win32.obj
 0003:00000b14       _id                        00451b14     pjlib-i386-win32-vc14-release:config.obj
 0003:00000b18       _tls                       00451b18     pjlib-i386-win32-vc14-release:pool_buf.obj
 0003:00002828       ?eps@?1??LSF_check@@9@9    00453828     libilbccodec-i386-win32-vc14-release:helpfun.obj
 0003:0000282c       ?eps2@?1??LSF_check@@9@9   0045382c     libilbccodec-i386-win32-vc14-release:helpfun.obj
 0003:00002830       ?maxlsf@?1??LSF_check@@9@9 00453830     libilbccodec-i386-win32-vc14-release:helpfun.obj
 0003:00002834       ?minlsf@?1??LSF_check@@9@9 00453834     libilbccodec-i386-win32-vc14-release:helpfun.obj
 0003:00002840       _srtp_event_handler        00453840     libsrtp-i386-win32-vc14-release:srtp.obj
 0003:00002ce0       $SG23014                   00453ce0     encdec.obj
 0003:00002ce1       $SG23166                   00453ce1     encdec.obj
 0003:00002ce4       _mept                      00453ce4     encdec.obj
 0003:00002ce8       _file_msec_duration        00453ce8     encdec.obj
 0003:00002cec       _l16_factory               00453cec     pjmedia-codec-i386-win32-vc14-release:l16.obj
 0003:00002d08       _gsm_codec_factory         00453d08     pjmedia-codec-i386-win32-vc14-release:gsm.obj
 0003:00002d38       _spx_factory               00453d38     pjmedia-codec-i386-win32-vc14-release:speex_codec.obj
 0003:00002de0       _ilbc_factory              00453de0     pjmedia-codec-i386-win32-vc14-release:ilbc.obj
 0003:00002dfc       _g722_codec_factory        00453dfc     pjmedia-codec-i386-win32-vc14-release:g722.obj
 0003:00002e30       ?name@?1??get_fmt_name@@9@9 00453e30     pjmedia-audiodev-i386-win32-vc14-release:wmme_dev.obj
 0003:00002e38       ?rec_cnt@?1??wmme_dev_thread@@9@9 00453e38     pjmedia-audiodev-i386-win32-vc14-release:wmme_dev.obj
 0003:00002e3c       ?play_cnt@?1??wmme_dev_thread@@9@9 00453e3c     pjmedia-audiodev-i386-win32-vc14-release:wmme_dev.obj
 0003:00002e40       _g711_factory              00453e40     pjmedia-i386-win32-vc14-release:g711.obj
 0003:00002e70       _aud_subsys                00453e70     pjmedia-i386-win32-vc14-release:audiodev.obj
 0003:00003340       _is_initialized            00454340     pjmedia-i386-win32-vc14-release:sdp.obj
 0003:00003348       _cis_buf                   00454348     pjmedia-i386-win32-vc14-release:sdp.obj
 0003:0000374c       _cs_digit                  0045474c     pjmedia-i386-win32-vc14-release:sdp.obj
 0003:00003754       _cs_token                  00454754     pjmedia-i386-win32-vc14-release:sdp.obj
 0003:0000375c       ?msg@?3??get_libsrtp_errstr@@9@9 0045475c     pjmedia-i386-win32-vc14-release:transport_srtp.obj
 0003:0000377c       _libsrtp_initialized       0045477c     pjmedia-i386-win32-vc14-release:transport_srtp.obj
 0003:00003780       _initialized               00454780     pjlib-i386-win32-vc14-release:os_core_win32.obj
 0003:00003784       _atexit_count              00454784     pjlib-i386-win32-vc14-release:os_core_win32.obj
 0003:00003788       _main_thread               00454788     pjlib-i386-win32-vc14-release:os_core_win32.obj
 0003:00003888       _critical_section_mutex    00454888     pjlib-i386-win32-vc14-release:os_core_win32.obj
 0003:000038c0       _atexit_func               004548c0     pjlib-i386-win32-vc14-release:os_core_win32.obj
 0003:00003940       _err_msg_hnd_cnt           00454940     pjlib-i386-win32-vc14-release:errno.obj
 0003:00003948       _err_msg_hnd               00454948     pjlib-i386-win32-vc14-release:errno.obj
 0003:000039c0       _g_last_thread             004549c0     pjlib-i386-win32-vc14-release:log.obj
 0003:000039c8       _base_time                 004549c8     pjlib-i386-win32-vc14-release:os_time_win32.obj
 0003:000039d0       ?buf@?1??pj_gethostname@@9@9 004549d0     pjlib-i386-win32-vc14-release:sock_bsd.obj
 0003:00003a50       ?hostname@?1??pj_gethostname@@9@9 00454a50     pjlib-i386-win32-vc14-release:sock_bsd.obj
 0003:00003a58       _exception_id_names        00454a58     pjlib-i386-win32-vc14-release:except.obj
 0003:00003a98       ?unknown_name@?1??pj_exception_id_name@@9@9 00454a98     pjlib-i386-win32-vc14-release:except.obj
 0003:00003ab8       _stack_based_factory       00454ab8     pjlib-i386-win32-vc14-release:pool_buf.obj
 0003:00003adc       _is_initialized            00454adc     pjlib-i386-win32-vc14-release:pool_buf.obj
 0003:00003ae0       _s_hDLL                    00454ae0     pjlib-i386-win32-vc14-release:ip_helper_win32.obj
 0003:00003ae4       _s_pfnGetIpAddrTable       00454ae4     pjlib-i386-win32-vc14-release:ip_helper_win32.obj
 0003:00003ae8       _s_pfnGetAdapterAddresses  00454ae8     pjlib-i386-win32-vc14-release:ip_helper_win32.obj
 0003:00003aec       _s_pfnGetIpForwardTable    00454aec     pjlib-i386-win32-vc14-release:ip_helper_win32.obj
 0003:00003af0       _s_pfnGetIfEntry           00454af0     pjlib-i386-win32-vc14-release:ip_helper_win32.obj
 0003:00003af4       _srtp_log_handler          00454af4     libsrtp-i386-win32-vc14-release:srtp.obj
 0003:00003af8       _srtp_log_handler_data     00454af8     libsrtp-i386-win32-vc14-release:srtp.obj
 0003:00003b10       _srtp_aes_icm_128_test_case_0_nonce 00454b10     libsrtp-i386-win32-vc14-release:aes_icm.obj
 0003:00003b20       _srtp_aes_icm_256_test_case_0_nonce 00454b20     libsrtp-i386-win32-vc14-release:aes_icm.obj
 0003:00003b30       _GS_ExceptionRecord        00454b30     MSVCRT:gs_report.obj
 0003:00003b80       _GS_ContextRecord          00454b80     MSVCRT:gs_report.obj
 0003:00003e5c       ?module_local_atexit_table@@3U_onexit_table_t@@A 00454e5c     MSVCRT:utility.obj
 0003:00003e68       ?module_local_at_quick_exit_table@@3U_onexit_table_t@@A 00454e68     MSVCRT:utility.obj
 0003:00003e74       ?module_local_atexit_table_initialized@@3_NA 00454e74     MSVCRT:utility.obj
 0003:00003e75       ?is_initialized_as_dll@@3_NA 00454e75     MSVCRT:utility.obj
 0004:00000000       _static_const_table        00456000     MSVCRT:_svml_dcos2_sse2_.obj
 0004:00000200       __e02PI                    00456200     MSVCRT:_svml_dtrig_.obj
 0004:000003a0       __e04PI                    004563a0     MSVCRT:_svml_dtrig_.obj
 0004:00000530       _2il0floatpacket_2         00456530     MSVCRT:_svml_dtrig_.obj
 0004:00000540       _2il0floatpacket_9         00456540     MSVCRT:_svml_dtrig_.obj
 0004:00000550       _2il0floatpacket_12        00456550     MSVCRT:_svml_dtrig_.obj
 0004:00000560       __dPI02                    00456560     MSVCRT:_svml_dtrig_.obj
 0004:00000570       __d02PI                    00456570     MSVCRT:_svml_dtrig_.obj
 0004:00000580       __DP4                      00456580     MSVCRT:_svml_dtrig_.obj
 0004:000005a0       __dPI04                    004565a0     MSVCRT:_svml_dtrig_.obj
 0004:000005b0       __d04PI                    004565b0     MSVCRT:_svml_dtrig_.obj
 0004:000005c0       __QP4                      004565c0     MSVCRT:_svml_dtrig_.obj
