 icedemo

 Timestamp is 5abb98d7 (Wed Mar 28 21:29:59 2018)

 Preferred load address is 00400000

 Start         Length     Name                   Class
 0001:00000000 0002448cH .text$mn                CODE
 0002:00000000 00000214H .idata$5                DATA
 0002:00000214 00000004H .00cfg                  DATA
 0002:00000218 00000004H .CRT$XCA                DATA
 0002:0000021c 00000004H .CRT$XCAA               DATA
 0002:00000220 00000004H .CRT$XCZ                DATA
 0002:00000224 00000004H .CRT$XIA                DATA
 0002:00000228 00000004H .CRT$XIAA               DATA
 0002:0000022c 00000004H .CRT$XIAC               DATA
 0002:00000230 00000004H .CRT$XIZ                DATA
 0002:00000234 00000004H .CRT$XPA                DATA
 0002:00000238 00000004H .CRT$XPZ                DATA
 0002:0000023c 00000004H .CRT$XTA                DATA
 0002:00000240 00000010H .CRT$XTZ                DATA
 0002:00000244 00000000H .gfids$y                DATA
 0002:00000250 00005c60H .rdata                  DATA
 0002:00005eb0 00000004H .rdata$sxdata           DATA
 0002:00005eb4 0000022cH .rdata$zzzdbg           DATA
 0002:000060e0 00000004H .rtc$IAA                DATA
 0002:000060e4 00000004H .rtc$IZZ                DATA
 0002:000060e8 00000004H .rtc$TAA                DATA
 0002:000060ec 00000004H .rtc$TZZ                DATA
 0002:000060f0 0000003cH .xdata$x                DATA
 0002:0000612c 00000000H .edata                  DATA
 0002:0000612c 000000f0H .idata$2                DATA
 0002:0000621c 00000014H .idata$3                DATA
 0002:00006230 00000214H .idata$4                DATA
 0002:00006444 000007ceH .idata$6                DATA
 0003:00000000 00002338H .data                   DATA
 0003:00002338 00001584H .bss                    DATA

  Address         Publics by Value              Rva+Base       Lib:Object

 0000:00000000       ___guard_fids_count        00000000     <absolute>
 0000:00000000       ___guard_iat_count         00000000     <absolute>
 0000:00000000       ___guard_longjmp_table     00000000     <absolute>
 0000:00000000       ___guard_fids_table        00000000     <absolute>
 0000:00000000       ___hybrid_code_map         00000000     <absolute>
 0000:00000000       ___guard_longjmp_count     00000000     <absolute>
 0000:00000000       ___hybrid_code_map_count   00000000     <absolute>
 0000:00000000       ___guard_iat_table         00000000     <absolute>
 0000:00000000       ___dynamic_value_reloc_table 00000000     <absolute>
 0000:00000000       ___enclave_config          00000000     <absolute>
 0000:00000000       ___hybrid_auxiliary_iat    00000000     <absolute>
 0000:00000001       ___safe_se_handler_count   00000001     <absolute>
 0000:00000100       ___guard_flags             00000100     <absolute>
 0000:00000000       ___ImageBase               00400000     <linker-defined>
 0001:00002800       _main                      00403800 f   icedemo.obj
 0001:00002d10       ___local_stdio_printf_options 00403d10 f i icedemo.obj
 0001:00002d20       ___local_stdio_scanf_options 00403d20 f i icedemo.obj
 0001:00002d30       __snprintf                 00403d30 f i icedemo.obj
 0001:00002d70       _printf                    00403d70 f i icedemo.obj
 0001:00002da0       _sscanf                    00403da0 f i icedemo.obj
 0001:00002dd0       _pjnath_init               00403dd0 f   pjnath-i386-win32-vc14-release:errno.obj
 0001:00002e00       _pjnath_perror             00403e00 f   pjnath-i386-win32-vc14-release:errno.obj
 0001:00004cd0       _pj_ice_calc_foundation    00405cd0 f   pjnath-i386-win32-vc14-release:ice_session.obj
 0001:00004da0       _pj_ice_get_cand_type_name 00405da0 f   pjnath-i386-win32-vc14-release:ice_session.obj
 0001:00004dc0       _pj_ice_sess_add_cand      00405dc0 f   pjnath-i386-win32-vc14-release:ice_session.obj
 0001:00005010       _pj_ice_sess_change_role   00406010 f   pjnath-i386-win32-vc14-release:ice_session.obj
 0001:00005060       _pj_ice_sess_create        00406060 f   pjnath-i386-win32-vc14-release:ice_session.obj
 0001:000053b0       _pj_ice_sess_create_check_list 004063b0 f   pjnath-i386-win32-vc14-release:ice_session.obj
 0001:00005810       _pj_ice_sess_destroy       00406810 f   pjnath-i386-win32-vc14-release:ice_session.obj
 0001:00005830       _pj_ice_sess_on_rx_pkt     00406830 f   pjnath-i386-win32-vc14-release:ice_session.obj
 0001:00005980       _pj_ice_sess_options_default 00406980 f   pjnath-i386-win32-vc14-release:ice_session.obj
 0001:000059a0       _pj_ice_sess_send_data     004069a0 f   pjnath-i386-win32-vc14-release:ice_session.obj
 0001:00005af0       _pj_ice_sess_set_options   00406af0 f   pjnath-i386-win32-vc14-release:ice_session.obj
 0001:00005b50       _pj_ice_sess_set_prefs     00406b50 f   pjnath-i386-win32-vc14-release:ice_session.obj
 0001:00005bb0       _pj_ice_sess_start_check   00406bb0 f   pjnath-i386-win32-vc14-release:ice_session.obj
 0001:000073f0       _pj_ice_strans_cfg_default 004083f0 f   pjnath-i386-win32-vc14-release:ice_strans.obj
 0001:000074d0       _pj_ice_strans_create      004084d0 f   pjnath-i386-win32-vc14-release:ice_strans.obj
 0001:00007970       _pj_ice_strans_destroy     00408970 f   pjnath-i386-win32-vc14-release:ice_strans.obj
 0001:00007990       _pj_ice_strans_enum_cands  00408990 f   pjnath-i386-win32-vc14-release:ice_strans.obj
 0001:00007a40       _pj_ice_strans_get_def_cand 00408a40 f   pjnath-i386-win32-vc14-release:ice_strans.obj
 0001:00007ac0       _pj_ice_strans_get_role    00408ac0 f   pjnath-i386-win32-vc14-release:ice_strans.obj
 0001:00007ae0       _pj_ice_strans_get_running_comp_cnt 00408ae0 f   pjnath-i386-win32-vc14-release:ice_strans.obj
 0001:00007b20       _pj_ice_strans_get_ufrag_pwd 00408b20 f   pjnath-i386-win32-vc14-release:ice_strans.obj
 0001:00007be0       _pj_ice_strans_has_sess    00408be0 f   pjnath-i386-win32-vc14-release:ice_strans.obj
 0001:00007c00       _pj_ice_strans_init_ice    00408c00 f   pjnath-i386-win32-vc14-release:ice_strans.obj
 0001:00007e60       _pj_ice_strans_sendto      00408e60 f   pjnath-i386-win32-vc14-release:ice_strans.obj
 0001:00008060       _pj_ice_strans_sess_is_complete 00409060 f   pjnath-i386-win32-vc14-release:ice_strans.obj
 0001:00008090       _pj_ice_strans_sess_is_running 00409090 f   pjnath-i386-win32-vc14-release:ice_strans.obj
 0001:000080c0       _pj_ice_strans_start_ice   004090c0 f   pjnath-i386-win32-vc14-release:ice_strans.obj
 0001:00008330       _pj_ice_strans_stop_ice    00409330 f   pjnath-i386-win32-vc14-release:ice_strans.obj
 0001:00009ea0       _pj_stun_attr_clone        0040aea0 f   pjnath-i386-win32-vc14-release:stun_msg.obj
 0001:00009f40       _pj_stun_binary_attr_create 0040af40 f   pjnath-i386-win32-vc14-release:stun_msg.obj
 0001:00009fd0       _pj_stun_binary_attr_init  0040afd0 f   pjnath-i386-win32-vc14-release:stun_msg.obj
 0001:0000a040       _pj_stun_get_attr_name     0040b040 f   pjnath-i386-win32-vc14-release:stun_msg.obj
 0001:0000a090       _pj_stun_get_class_name    0040b090 f   pjnath-i386-win32-vc14-release:stun_msg.obj
 0001:0000a0e0       _pj_stun_get_err_reason    0040b0e0 f   pjnath-i386-win32-vc14-release:stun_msg.obj
 0001:0000a150       _pj_stun_get_method_name   0040b150 f   pjnath-i386-win32-vc14-release:stun_msg.obj
 0001:0000a170       _pj_stun_msg_add_attr      0040b170 f   pjnath-i386-win32-vc14-release:stun_msg.obj
 0001:0000a1b0       _pj_stun_msg_add_binary_attr 0040b1b0 f   pjnath-i386-win32-vc14-release:stun_msg.obj
 0001:0000a260       _pj_stun_msg_add_empty_attr 0040b260 f   pjnath-i386-win32-vc14-release:stun_msg.obj
 0001:0000a2b0       _pj_stun_msg_add_msgint_attr 0040b2b0 f   pjnath-i386-win32-vc14-release:stun_msg.obj
 0001:0000a300       _pj_stun_msg_add_sockaddr_attr 0040b300 f   pjnath-i386-win32-vc14-release:stun_msg.obj
 0001:0000a3b0       _pj_stun_msg_add_string_attr 0040b3b0 f   pjnath-i386-win32-vc14-release:stun_msg.obj
 0001:0000a450       _pj_stun_msg_add_uint64_attr 0040b450 f   pjnath-i386-win32-vc14-release:stun_msg.obj
 0001:0000a4c0       _pj_stun_msg_add_uint_attr 0040b4c0 f   pjnath-i386-win32-vc14-release:stun_msg.obj
 0001:0000a520       _pj_stun_msg_check         0040b520 f   pjnath-i386-win32-vc14-release:stun_msg.obj
 0001:0000a620       _pj_stun_msg_create        0040b620 f   pjnath-i386-win32-vc14-release:stun_msg.obj
 0001:0000a6f0       _pj_stun_msg_create_response 0040b6f0 f   pjnath-i386-win32-vc14-release:stun_msg.obj
 0001:0000a910       _pj_stun_msg_decode        0040b910 f   pjnath-i386-win32-vc14-release:stun_msg.obj
 0001:0000b0d0       _pj_stun_msg_encode        0040c0d0 f   pjnath-i386-win32-vc14-release:stun_msg.obj
 0001:0000b560       _pj_stun_msg_find_attr     0040c560 f   pjnath-i386-win32-vc14-release:stun_msg.obj
 0001:0000b5b0       _pj_stun_msg_init          0040c5b0 f   pjnath-i386-win32-vc14-release:stun_msg.obj
 0001:0000b650       _pj_stun_sockaddr_attr_init 0040c650 f   pjnath-i386-win32-vc14-release:stun_msg.obj
 0001:0000c0c0       _pj_stun_msg_destroy_tdata 0040d0c0 f   pjnath-i386-win32-vc14-release:stun_session.obj
 0001:0000c150       _pj_stun_session_cancel_req 0040d150 f   pjnath-i386-win32-vc14-release:stun_session.obj
 0001:0000c280       _pj_stun_session_create    0040d280 f   pjnath-i386-win32-vc14-release:stun_session.obj
 0001:0000c3f0       _pj_stun_session_create_ind 0040d3f0 f   pjnath-i386-win32-vc14-release:stun_session.obj
 0001:0000c4d0       _pj_stun_session_create_req 0040d4d0 f   pjnath-i386-win32-vc14-release:stun_session.obj
 0001:0000c620       _pj_stun_session_create_res 0040d620 f   pjnath-i386-win32-vc14-release:stun_session.obj
 0001:0000c710       _pj_stun_session_destroy   0040d710 f   pjnath-i386-win32-vc14-release:stun_session.obj
 0001:0000c7f0       _pj_stun_session_get_user_data 0040d7f0 f   pjnath-i386-win32-vc14-release:stun_session.obj
 0001:0000c810       _pj_stun_session_on_rx_pkt 0040d810 f   pjnath-i386-win32-vc14-release:stun_session.obj
 0001:0000cd20       _pj_stun_session_respond   0040dd20 f   pjnath-i386-win32-vc14-release:stun_session.obj
 0001:0000ce70       _pj_stun_session_retransmit_req 0040de70 f   pjnath-i386-win32-vc14-release:stun_session.obj
 0001:0000cee0       _pj_stun_session_send_msg  0040dee0 f   pjnath-i386-win32-vc14-release:stun_session.obj
 0001:0000d430       _pj_stun_session_set_credential 0040e430 f   pjnath-i386-win32-vc14-release:stun_session.obj
 0001:0000d4b0       _pj_stun_session_set_log   0040e4b0 f   pjnath-i386-win32-vc14-release:stun_session.obj
 0001:0000d4d0       _pj_stun_session_set_user_data 0040e4d0 f   pjnath-i386-win32-vc14-release:stun_session.obj
 0001:0000d510       _pj_stun_session_use_fingerprint 0040e510 f   pjnath-i386-win32-vc14-release:stun_session.obj
 0001:0000d750       _pj_stun_auth_cred_dup     0040e750 f   pjnath-i386-win32-vc14-release:stun_auth.obj
 0001:0000d7d0       _pj_stun_auth_valid_for_msg 0040e7d0 f   pjnath-i386-win32-vc14-release:stun_auth.obj
 0001:0000d880       _pj_stun_authenticate_request 0040e880 f   pjnath-i386-win32-vc14-release:stun_auth.obj
 0001:0000de70       _pj_stun_authenticate_response 0040ee70 f   pjnath-i386-win32-vc14-release:stun_auth.obj
 0001:0000e040       _pj_stun_create_key        0040f040 f   pjnath-i386-win32-vc14-release:stun_auth.obj
 0001:0000e180       _pj_stun_req_cred_info_dup 0040f180 f   pjnath-i386-win32-vc14-release:stun_auth.obj
 0001:0000e500       _pj_stun_sock_cfg_default  0040f500 f   pjnath-i386-win32-vc14-release:stun_sock.obj
 0001:0000e540       _pj_stun_sock_create       0040f540 f   pjnath-i386-win32-vc14-release:stun_sock.obj
 0001:0000eb40       _pj_stun_sock_destroy      0040fb40 f   pjnath-i386-win32-vc14-release:stun_sock.obj
 0001:0000ec20       _pj_stun_sock_get_info     0040fc20 f   pjnath-i386-win32-vc14-release:stun_sock.obj
 0001:0000ee10       _pj_stun_sock_get_user_data 0040fe10 f   pjnath-i386-win32-vc14-release:stun_sock.obj
 0001:0000ee30       _pj_stun_sock_op_name      0040fe30 f   pjnath-i386-win32-vc14-release:stun_sock.obj
 0001:0000ee90       _pj_stun_sock_sendto       0040fe90 f   pjnath-i386-win32-vc14-release:stun_sock.obj
 0001:0000ef30       _pj_stun_sock_start        0040ff30 f   pjnath-i386-win32-vc14-release:stun_sock.obj
 0001:0000fd50       _pj_turn_alloc_param_copy  00410d50 f   pjnath-i386-win32-vc14-release:turn_session.obj
 0001:0000fd70       _pj_turn_alloc_param_default 00410d70 f   pjnath-i386-win32-vc14-release:turn_session.obj
 0001:0000fd80       _pj_turn_session_alloc     00410d80 f   pjnath-i386-win32-vc14-release:turn_session.obj
 0001:0000ff70       _pj_turn_session_bind_channel 00410f70 f   pjnath-i386-win32-vc14-release:turn_session.obj
 0001:00010130       _pj_turn_session_create    00411130 f   pjnath-i386-win32-vc14-release:turn_session.obj
 0001:000102e0       _pj_turn_session_destroy   004112e0 f   pjnath-i386-win32-vc14-release:turn_session.obj
 0001:00010360       _pj_turn_session_get_info  00411360 f   pjnath-i386-win32-vc14-release:turn_session.obj
 0001:00010410       _pj_turn_session_get_user_data 00411410 f   pjnath-i386-win32-vc14-release:turn_session.obj
 0001:00010420       _pj_turn_session_on_rx_pkt 00411420 f   pjnath-i386-win32-vc14-release:turn_session.obj
 0001:00010590       _pj_turn_session_sendto    00411590 f   pjnath-i386-win32-vc14-release:turn_session.obj
 0001:000108c0       _pj_turn_session_set_credential 004118c0 f   pjnath-i386-win32-vc14-release:turn_session.obj
 0001:00010910       _pj_turn_session_set_log   00411910 f   pjnath-i386-win32-vc14-release:turn_session.obj
 0001:00010930       _pj_turn_session_set_perm  00411930 f   pjnath-i386-win32-vc14-release:turn_session.obj
 0001:00010b10       _pj_turn_session_set_server 00411b10 f   pjnath-i386-win32-vc14-release:turn_session.obj
 0001:00010e50       _pj_turn_session_set_user_data 00411e50 f   pjnath-i386-win32-vc14-release:turn_session.obj
 0001:00010e60       _pj_turn_session_shutdown  00411e60 f   pjnath-i386-win32-vc14-release:turn_session.obj
 0001:00010ea0       _pj_turn_state_name        00411ea0 f   pjnath-i386-win32-vc14-release:turn_session.obj
 0001:00011bc0       _pj_turn_sock_alloc        00412bc0 f   pjnath-i386-win32-vc14-release:turn_sock.obj
 0001:00011cc0       _pj_turn_sock_bind_channel 00412cc0 f   pjnath-i386-win32-vc14-release:turn_sock.obj
 0001:00011d00       _pj_turn_sock_cfg_default  00412d00 f   pjnath-i386-win32-vc14-release:turn_sock.obj
 0001:00011d30       _pj_turn_sock_create       00412d30 f   pjnath-i386-win32-vc14-release:turn_sock.obj
 0001:00011f40       _pj_turn_sock_destroy      00412f40 f   pjnath-i386-win32-vc14-release:turn_sock.obj
 0001:00011f90       _pj_turn_sock_get_info     00412f90 f   pjnath-i386-win32-vc14-release:turn_sock.obj
 0001:00011fe0       _pj_turn_sock_get_user_data 00412fe0 f   pjnath-i386-win32-vc14-release:turn_sock.obj
 0001:00012000       _pj_turn_sock_sendto       00413000 f   pjnath-i386-win32-vc14-release:turn_sock.obj
 0001:00012040       _pj_turn_sock_set_log      00413040 f   pjnath-i386-win32-vc14-release:turn_sock.obj
 0001:00012060       _pj_turn_sock_set_perm     00413060 f   pjnath-i386-win32-vc14-release:turn_sock.obj
 0001:00012080       _pj_turn_sock_set_user_data 00413080 f   pjnath-i386-win32-vc14-release:turn_sock.obj
 0001:00012100       __initialize_denormal_control 00413100 f   MSVCRT:denormal_control.obj
 0001:00012100       __initialize_invalid_parameter_handler 00413100 f   MSVCRT:invalid_parameter_handler.obj
 0001:00012100       @_guard_check_icall_nop@4  00413100 f   MSVCRT:guard_support.obj
 0001:000126d0       _pj_stun_msg_dump          004136d0 f   pjnath-i386-win32-vc14-release:stun_msg_dump.obj
 0001:00012bd0       _sprintf                   00413bd0 f i pjnath-i386-win32-vc14-release:stun_msg_dump.obj
 0001:00012c30       _pj_stun_client_tsx_create 00413c30 f   pjnath-i386-win32-vc14-release:stun_transaction.obj
 0001:00012ce0       __get_startup_commit_mode  00413ce0 f   MSVCRT:commit_mode.obj
 0001:00012ce0       __get_startup_thread_locale_mode 00413ce0 f   MSVCRT:thread_locale.obj
 0001:00012ce0       ___scrt_initialize_winrt   00413ce0 f   MSVCRT:utility_desktop.obj
 0001:00012ce0       __get_startup_new_mode     00413ce0 f   MSVCRT:new_mode.obj
 0001:00012ce0       _pj_stun_client_tsx_destroy 00413ce0 f   pjnath-i386-win32-vc14-release:stun_transaction.obj
 0001:00012ce0       __matherr                  00413ce0 f   MSVCRT:matherr.obj
 0001:00012cf0       _pj_stun_client_tsx_get_data 00413cf0 f   pjnath-i386-win32-vc14-release:stun_transaction.obj
 0001:00012d10       _pj_stun_client_tsx_on_rx_msg 00413d10 f   pjnath-i386-win32-vc14-release:stun_transaction.obj
 0001:00012de0       _pj_stun_client_tsx_retransmit 00413de0 f   pjnath-i386-win32-vc14-release:stun_transaction.obj
 0001:00012e20       _pj_stun_client_tsx_schedule_destroy 00413e20 f   pjnath-i386-win32-vc14-release:stun_transaction.obj
 0001:00012ec0       _pj_stun_client_tsx_send_msg 00413ec0 f   pjnath-i386-win32-vc14-release:stun_transaction.obj
 0001:00012fc0       _pj_stun_client_tsx_set_data 00413fc0 f   pjnath-i386-win32-vc14-release:stun_transaction.obj
 0001:00012fe0       _pj_stun_client_tsx_stop   00413fe0 f   pjnath-i386-win32-vc14-release:stun_transaction.obj
 0001:00013220       _pjlib_util_init           00414220 f   pjlib-util-i386-win32-vc14-release:errno.obj
 0001:00013240       _pjlib_util_strerror       00414240 f   pjlib-util-i386-win32-vc14-release:errno.obj
 0001:00013b60       _pj_getopt_long            00414b60 f   pjlib-util-i386-win32-vc14-release:getopt.obj
 0001:000143d0       _pj_dns_parse_addr_response 004153d0 f   pjlib-util-i386-win32-vc14-release:resolver.obj
 0001:000146b0       _pj_dns_resolver_cancel_query 004156b0 f   pjlib-util-i386-win32-vc14-release:resolver.obj
 0001:00014710       _pj_dns_resolver_create    00415710 f   pjlib-util-i386-win32-vc14-release:resolver.obj
 0001:00014980       _pj_dns_resolver_destroy   00415980 f   pjlib-util-i386-win32-vc14-release:resolver.obj
 0001:00014b40       _pj_dns_resolver_set_ns    00415b40 f   pjlib-util-i386-win32-vc14-release:resolver.obj
 0001:00014c70       _pj_dns_resolver_start_query 00415c70 f   pjlib-util-i386-win32-vc14-release:resolver.obj
 0001:000157f0       _pj_crc32_calc             004167f0 f   pjlib-util-i386-win32-vc14-release:crc32.obj
 0001:000158a0       _pj_hmac_sha1_final        004168a0 f   pjlib-util-i386-win32-vc14-release:hmac_sha1.obj
 0001:000158e0       _pj_hmac_sha1_init         004168e0 f   pjlib-util-i386-win32-vc14-release:hmac_sha1.obj
 0001:000159c0       _pj_hmac_sha1_update       004169c0 f   pjlib-util-i386-win32-vc14-release:hmac_sha1.obj
 0001:00016050       _pj_md5_final              00417050 f   pjlib-util-i386-win32-vc14-release:md5.obj
 0001:000160e0       _pj_md5_init               004170e0 f   pjlib-util-i386-win32-vc14-release:md5.obj
 0001:00016120       _pj_md5_update             00417120 f   pjlib-util-i386-win32-vc14-release:md5.obj
 0001:00017090       _pj_dns_srv_cancel_query   00418090 f   pjlib-util-i386-win32-vc14-release:srv_resolver.obj
 0001:00017160       _pj_dns_srv_resolve        00418160 f   pjlib-util-i386-win32-vc14-release:srv_resolver.obj
 0001:00017890       _pj_dns_get_type_name      00418890 f   pjlib-util-i386-win32-vc14-release:dns.obj
 0001:00017940       _pj_dns_make_query         00418940 f   pjlib-util-i386-win32-vc14-release:dns.obj
 0001:00017a30       _pj_dns_packet_dup         00418a30 f   pjlib-util-i386-win32-vc14-release:dns.obj
 0001:00017d00       _pj_dns_parse_packet       00418d00 f   pjlib-util-i386-win32-vc14-release:dns.obj
 0001:000192a0       _pj_sha1_final             0041a2a0 f   pjlib-util-i386-win32-vc14-release:sha1.obj
 0001:00019440       _pj_sha1_init              0041a440 f   pjlib-util-i386-win32-vc14-release:sha1.obj
 0001:00019480       _pj_sha1_update            0041a480 f   pjlib-util-i386-win32-vc14-release:sha1.obj
 0001:00019560       _pj_get_version            0041a560 f   pjlib-i386-win32-vc14-release:config.obj
 0001:00019610       _pj_atexit                 0041a610 f   pjlib-i386-win32-vc14-release:os_core_win32.obj
 0001:00019640       _pj_atomic_create          0041a640 f   pjlib-i386-win32-vc14-release:os_core_win32.obj
 0001:00019670       _pj_atomic_dec_and_get     0041a670 f   pjlib-i386-win32-vc14-release:os_core_win32.obj
 0001:000196c0       _pj_atomic_destroy         0041a6c0 f   pjlib-i386-win32-vc14-release:os_core_win32.obj
 0001:000196e0       _pj_atomic_get             0041a6e0 f   pjlib-i386-win32-vc14-release:os_core_win32.obj
 0001:00019730       _pj_atomic_inc             0041a730 f   pjlib-i386-win32-vc14-release:os_core_win32.obj
 0001:00019780       _pj_enter_critical_section 0041a780 f   pjlib-i386-win32-vc14-release:os_core_win32.obj
 0001:000197e0       _pj_getpid                 0041a7e0 f   pjlib-i386-win32-vc14-release:os_core_win32.obj
 0001:00019830       _pj_init                   0041a830 f   pjlib-i386-win32-vc14-release:os_core_win32.obj
 0001:00019a50       _pj_leave_critical_section 0041aa50 f   pjlib-i386-win32-vc14-release:os_core_win32.obj
 0001:00019ab0       _pj_mutex_create           0041aab0 f   pjlib-i386-win32-vc14-release:os_core_win32.obj
 0001:00019b00       _pj_mutex_create_recursive 0041ab00 f   pjlib-i386-win32-vc14-release:os_core_win32.obj
 0001:00019b00       _pj_mutex_create_simple    0041ab00 f   pjlib-i386-win32-vc14-release:os_core_win32.obj
 0001:00019b50       _pj_mutex_destroy          0041ab50 f   pjlib-i386-win32-vc14-release:os_core_win32.obj
 0001:00019bc0       _pj_mutex_lock             0041abc0 f   pjlib-i386-win32-vc14-release:os_core_win32.obj
 0001:00019c30       _pj_mutex_trylock          0041ac30 f   pjlib-i386-win32-vc14-release:os_core_win32.obj
 0001:00019cb0       _pj_mutex_unlock           0041acb0 f   pjlib-i386-win32-vc14-release:os_core_win32.obj
 0001:00019d20       _pj_sem_destroy            0041ad20 f   pjlib-i386-win32-vc14-release:os_core_win32.obj
 0001:00019db0       _pj_sem_post               0041adb0 f   pjlib-i386-win32-vc14-release:os_core_win32.obj
 0001:00019e50       _pj_sem_trywait            0041ae50 f   pjlib-i386-win32-vc14-release:os_core_win32.obj
 0001:00019eb0       _pj_sem_wait               0041aeb0 f   pjlib-i386-win32-vc14-release:os_core_win32.obj
 0001:00019fc0       _pj_shutdown               0041afc0 f   pjlib-i386-win32-vc14-release:os_core_win32.obj
 0001:0001a100       _pj_term_set_color         0041b100 f   pjlib-i386-win32-vc14-release:os_core_win32.obj
 0001:0001a1d0       _pj_thread_check_stack     0041b1d0 f   pjlib-i386-win32-vc14-release:os_core_win32.obj
 0001:0001a220       _pj_thread_create          0041b220 f   pjlib-i386-win32-vc14-release:os_core_win32.obj
 0001:0001a370       _pj_thread_destroy         0041b370 f   pjlib-i386-win32-vc14-release:os_core_win32.obj
 0001:0001a400       _pj_thread_get_name        0041b400 f   pjlib-i386-win32-vc14-release:os_core_win32.obj
 0001:0001a450       _pj_thread_join            0041b450 f   pjlib-i386-win32-vc14-release:os_core_win32.obj
 0001:0001a510       _pj_thread_local_alloc     0041b510 f   pjlib-i386-win32-vc14-release:os_core_win32.obj
 0001:0001a560       _pj_thread_local_free      0041b560 f   pjlib-i386-win32-vc14-release:os_core_win32.obj
 0001:0001a5b0       _pj_thread_local_get       0041b5b0 f   pjlib-i386-win32-vc14-release:os_core_win32.obj
 0001:0001a5c0       _pj_thread_local_set       0041b5c0 f   pjlib-i386-win32-vc14-release:os_core_win32.obj
 0001:0001a600       _pj_thread_sleep           0041b600 f   pjlib-i386-win32-vc14-release:os_core_win32.obj
 0001:0001a650       _pj_thread_this            0041b650 f   pjlib-i386-win32-vc14-release:os_core_win32.obj
 0001:0001a7a0       _ioqueue_dispatch_exception_event 0041b7a0 f   pjlib-i386-win32-vc14-release:ioqueue_select.obj
 0001:0001a8f0       _ioqueue_dispatch_read_event 0041b8f0 f   pjlib-i386-win32-vc14-release:ioqueue_select.obj
 0001:0001ab90       _ioqueue_dispatch_write_event 0041bb90 f   pjlib-i386-win32-vc14-release:ioqueue_select.obj
 0001:0001aea0       _pj_ioqueue_accept         0041bea0 f   pjlib-i386-win32-vc14-release:ioqueue_select.obj
 0001:0001b020       _pj_ioqueue_connect        0041c020 f   pjlib-i386-win32-vc14-release:ioqueue_select.obj
 0001:0001b150       _pj_ioqueue_create         0041c150 f   pjlib-i386-win32-vc14-release:ioqueue_select.obj
 0001:0001b320       _pj_ioqueue_destroy        0041c320 f   pjlib-i386-win32-vc14-release:ioqueue_select.obj
 0001:0001b3e0       _pj_ioqueue_get_user_data  0041c3e0 f   pjlib-i386-win32-vc14-release:ioqueue_select.obj
 0001:0001b400       _pj_ioqueue_is_pending     0041c400 f   pjlib-i386-win32-vc14-release:ioqueue_select.obj
 0001:0001b410       _pj_ioqueue_lock_key       0041c410 f   pjlib-i386-win32-vc14-release:ioqueue_select.obj
 0001:0001b440       _pj_ioqueue_op_key_init    0041c440 f   pjlib-i386-win32-vc14-release:ioqueue_select.obj
 0001:0001b460       _pj_ioqueue_poll           0041c460 f   pjlib-i386-win32-vc14-release:ioqueue_select.obj
 0001:0001b7a0       _pj_ioqueue_recv           0041c7a0 f   pjlib-i386-win32-vc14-release:ioqueue_select.obj
 0001:0001b910       _pj_ioqueue_recvfrom       0041c910 f   pjlib-i386-win32-vc14-release:ioqueue_select.obj
 0001:0001ba90       _pj_ioqueue_register_sock  0041ca90 f   pjlib-i386-win32-vc14-release:ioqueue_select.obj
 0001:0001bac0       _pj_ioqueue_register_sock2 0041cac0 f   pjlib-i386-win32-vc14-release:ioqueue_select.obj
 0001:0001bc50       _pj_ioqueue_send           0041cc50 f   pjlib-i386-win32-vc14-release:ioqueue_select.obj
 0001:0001bdf0       _pj_ioqueue_sendto         0041cdf0 f   pjlib-i386-win32-vc14-release:ioqueue_select.obj
 0001:0001bfd0       _pj_ioqueue_set_concurrency 0041cfd0 f   pjlib-i386-win32-vc14-release:ioqueue_select.obj
 0001:0001bff0       _pj_ioqueue_unlock_key     0041cff0 f   pjlib-i386-win32-vc14-release:ioqueue_select.obj
 0001:0001c020       _pj_ioqueue_unregister     0041d020 f   pjlib-i386-win32-vc14-release:ioqueue_select.obj
 0001:0001c1c0       _pj_gethostip              0041d1c0 f   pjlib-i386-win32-vc14-release:sock_common.obj
 0001:0001cb80       _pj_getipinterface         0041db80 f   pjlib-i386-win32-vc14-release:sock_common.obj
 0001:0001cd90       _pj_sock_bind_random       0041dd90 f   pjlib-i386-win32-vc14-release:sock_common.obj
 0001:0001cf10       _pj_sock_setsockopt_sobuf  0041df10 f   pjlib-i386-win32-vc14-release:sock_common.obj
 0001:0001d050       _pj_sockaddr_cmp           0041e050 f   pjlib-i386-win32-vc14-release:sock_common.obj
 0001:0001d1c0       _pj_sockaddr_cp            0041e1c0 f   pjlib-i386-win32-vc14-release:sock_common.obj
 0001:0001d220       _pj_sockaddr_get_addr      0041e220 f   pjlib-i386-win32-vc14-release:sock_common.obj
 0001:0001d260       _pj_sockaddr_get_addr_len  0041e260 f   pjlib-i386-win32-vc14-release:sock_common.obj
 0001:0001d2a0       _pj_sockaddr_get_len       0041e2a0 f   pjlib-i386-win32-vc14-release:sock_common.obj
 0001:0001d2e0       _pj_sockaddr_get_port      0041e2e0 f   pjlib-i386-win32-vc14-release:sock_common.obj
 0001:0001d310       _pj_sockaddr_has_addr      0041e310 f   pjlib-i386-win32-vc14-release:sock_common.obj
 0001:0001d3c0       _pj_sockaddr_in_set_str_addr 0041e3c0 f   pjlib-i386-win32-vc14-release:sock_common.obj
 0001:0001d4b0       _pj_sockaddr_init          0041e4b0 f   pjlib-i386-win32-vc14-release:sock_common.obj
 0001:0001d650       _pj_sockaddr_print         0041e650 f   pjlib-i386-win32-vc14-release:sock_common.obj
 0001:0001d760       _pj_sockaddr_set_port      0041e760 f   pjlib-i386-win32-vc14-release:sock_common.obj
 0001:0001d7a0       _pj_sockaddr_set_str_addr  0041e7a0 f   pjlib-i386-win32-vc14-release:sock_common.obj
 0001:0001d8a0       _pj_sockaddr_synthesize    0041e8a0 f   pjlib-i386-win32-vc14-release:sock_common.obj
 0001:0001da60       _pj_get_netos_error        0041ea60 f   pjlib-i386-win32-vc14-release:os_error_win32.obj
 0001:0001da80       _platform_strerror         0041ea80 f   pjlib-i386-win32-vc14-release:os_error_win32.obj
 0001:0001db80       _pj_errno_clear_handlers   0041eb80 f   pjlib-i386-win32-vc14-release:errno.obj
 0001:0001dba0       _pj_perror                 0041eba0 f   pjlib-i386-win32-vc14-release:errno.obj
 0001:0001dbc0       _pj_perror_2               0041ebc0 f   pjlib-i386-win32-vc14-release:errno.obj
 0001:0001dbe0       _pj_perror_3               0041ebe0 f   pjlib-i386-win32-vc14-release:errno.obj
 0001:0001dc00       _pj_perror_4               0041ec00 f   pjlib-i386-win32-vc14-release:errno.obj
 0001:0001ddf0       _pj_register_strerror      0041edf0 f   pjlib-i386-win32-vc14-release:errno.obj
 0001:0001dee0       _pj_strerror               0041eee0 f   pjlib-i386-win32-vc14-release:errno.obj
 0001:0001e020       _pj_log_write              0041f020 f   pjlib-i386-win32-vc14-release:log_writer_stdout.obj
 0001:0001e0c0       _pj_log                    0041f0c0 f   pjlib-i386-win32-vc14-release:log.obj
 0001:0001e5c0       _pj_log_1                  0041f5c0 f   pjlib-i386-win32-vc14-release:log.obj
 0001:0001e5e0       _pj_log_3                  0041f5e0 f   pjlib-i386-win32-vc14-release:log.obj
 0001:0001e600       _pj_log_4                  0041f600 f   pjlib-i386-win32-vc14-release:log.obj
 0001:0001e620       _pj_log_5                  0041f620 f   pjlib-i386-win32-vc14-release:log.obj
 0001:0001e640       _pj_log_get_color          0041f640 f   pjlib-i386-win32-vc14-release:log.obj
 0001:0001e6b0       _pj_log_get_decor          0041f6b0 f   pjlib-i386-win32-vc14-release:log.obj
 0001:0001e6c0       _pj_log_get_level          0041f6c0 f   pjlib-i386-win32-vc14-release:log.obj
 0001:0001e6d0       _pj_log_init               0041f6d0 f   pjlib-i386-win32-vc14-release:log.obj
 0001:0001e740       _pj_log_pop_indent         0041f740 f   pjlib-i386-win32-vc14-release:log.obj
 0001:0001e770       _pj_log_push_indent        0041f770 f   pjlib-i386-win32-vc14-release:log.obj
 0001:0001e7a0       _pj_log_set_log_func       0041f7a0 f   pjlib-i386-win32-vc14-release:log.obj
 0001:0001e7b0       _pj_create_random_string   0041f7b0 f   pjlib-i386-win32-vc14-release:string.obj
 0001:0001e8c0       _pj_str                    0041f8c0 f   pjlib-i386-win32-vc14-release:string.obj
 0001:0001e8e0       _pj_strcat                 0041f8e0 f   pjlib-i386-win32-vc14-release:string.obj
 0001:0001e910       _pj_strcat2                0041f910 f   pjlib-i386-win32-vc14-release:string.obj
 0001:0001e950       _pj_strcmp                 0041f950 f   pjlib-i386-win32-vc14-release:string.obj
 0001:0001ea00       _pj_strcpy                 0041fa00 f   pjlib-i386-win32-vc14-release:string.obj
 0001:0001ea30       _pj_strdup                 0041fa30 f   pjlib-i386-win32-vc14-release:string.obj
 0001:0001ea70       _pj_strdup2                0041fa70 f   pjlib-i386-win32-vc14-release:string.obj
 0001:0001ead0       _pj_strdup2_with_null      0041fad0 f   pjlib-i386-win32-vc14-release:string.obj
 0001:0001eb30       _pj_stricmp                0041fb30 f   pjlib-i386-win32-vc14-release:string.obj
 0001:0001eb90       _pj_strncpy                0041fb90 f   pjlib-i386-win32-vc14-release:string.obj
 0001:0001ebd0       _pj_strncpy_with_null      0041fbd0 f   pjlib-i386-win32-vc14-release:string.obj
 0001:0001ec10       _pj_utoa                   0041fc10 f   pjlib-i386-win32-vc14-release:string.obj
 0001:0001ec90       _pj_utoa_pad               0041fc90 f   pjlib-i386-win32-vc14-release:string.obj
 0001:0001ed30       _pj_pool_alloc             0041fd30 f   pjlib-i386-win32-vc14-release:pool.obj
 0001:0001eea0       _pj_pool_calloc            0041fea0 f   pjlib-i386-win32-vc14-release:pool.obj
 0001:0001eed0       _pj_pool_create            0041fed0 f   pjlib-i386-win32-vc14-release:pool.obj
 0001:0001eee0       _pj_pool_create_int        0041fee0 f   pjlib-i386-win32-vc14-release:pool.obj
 0001:0001eff0       _pj_pool_destroy_int       0041fff0 f   pjlib-i386-win32-vc14-release:pool.obj
 0001:0001f030       _pj_pool_get_capacity      00420030 f   pjlib-i386-win32-vc14-release:pool.obj
 0001:0001f040       _pj_pool_get_used_size     00420040 f   pjlib-i386-win32-vc14-release:pool.obj
 0001:0001f070       _pj_pool_getobjname        00420070 f   pjlib-i386-win32-vc14-release:pool.obj
 0001:0001f080       _pj_pool_init_int          00420080 f   pjlib-i386-win32-vc14-release:pool.obj
 0001:0001f0f0       _pj_pool_release           004200f0 f   pjlib-i386-win32-vc14-release:pool.obj
 0001:0001f110       _pj_pool_reset             00420110 f   pjlib-i386-win32-vc14-release:pool.obj
 0001:0001f120       _pj_pool_safe_release      00420120 f   pjlib-i386-win32-vc14-release:pool.obj
 0001:0001f550       _pj_caching_pool_destroy   00420550 f   pjlib-i386-win32-vc14-release:pool_caching.obj
 0001:0001f630       _pj_caching_pool_init      00420630 f   pjlib-i386-win32-vc14-release:pool_caching.obj
 0001:0001f7b0       _pj_timer_entry_init       004207b0 f   pjlib-i386-win32-vc14-release:timer.obj
 0001:0001f7e0       _pj_timer_heap_cancel      004207e0 f   pjlib-i386-win32-vc14-release:timer.obj
 0001:0001f800       _pj_timer_heap_cancel_if_active 00420800 f   pjlib-i386-win32-vc14-release:timer.obj
 0001:0001f820       _pj_timer_heap_create      00420820 f   pjlib-i386-win32-vc14-release:timer.obj
 0001:0001f9b0       _pj_timer_heap_destroy     004209b0 f   pjlib-i386-win32-vc14-release:timer.obj
 0001:0001f9e0       _pj_timer_heap_poll        004209e0 f   pjlib-i386-win32-vc14-release:timer.obj
 0001:0001fb70       _pj_timer_heap_schedule    00420b70 f   pjlib-i386-win32-vc14-release:timer.obj
 0001:0001fb90       _pj_timer_heap_schedule_w_grp_lock 00420b90 f   pjlib-i386-win32-vc14-release:timer.obj
 0001:0001ffa0       _pj_gethostname            00420fa0 f   pjlib-i386-win32-vc14-release:sock_bsd.obj
 0001:00020020       _pj_htonl                  00421020 f   pjlib-i386-win32-vc14-release:sock_bsd.obj
 0001:00020030       _pj_htons                  00421030 f   pjlib-i386-win32-vc14-release:sock_bsd.obj
 0001:00020040       _pj_inet_aton              00421040 f   pjlib-i386-win32-vc14-release:sock_bsd.obj
 0001:000200d0       _pj_inet_ntop              004210d0 f   pjlib-i386-win32-vc14-release:sock_bsd.obj
 0001:000201e0       _pj_inet_pton              004211e0 f   pjlib-i386-win32-vc14-release:sock_bsd.obj
 0001:00020340       _pj_ntohl                  00421340 f   pjlib-i386-win32-vc14-release:sock_bsd.obj
 0001:00020350       _pj_ntohs                  00421350 f   pjlib-i386-win32-vc14-release:sock_bsd.obj
 0001:00020360       _pj_sock_accept            00421360 f   pjlib-i386-win32-vc14-release:sock_bsd.obj
 0001:000203d0       _pj_sock_bind              004213d0 f   pjlib-i386-win32-vc14-release:sock_bsd.obj
 0001:00020440       _pj_sock_bind_in           00421440 f   pjlib-i386-win32-vc14-release:sock_bsd.obj
 0001:00020510       _pj_sock_close             00421510 f   pjlib-i386-win32-vc14-release:sock_bsd.obj
 0001:00020560       _pj_sock_connect           00421560 f   pjlib-i386-win32-vc14-release:sock_bsd.obj
 0001:000205c0       _pj_sock_getsockname       004215c0 f   pjlib-i386-win32-vc14-release:sock_bsd.obj
 0001:00020620       _pj_sock_getsockopt        00421620 f   pjlib-i386-win32-vc14-release:sock_bsd.obj
 0001:00020690       _pj_sock_recv              00421690 f   pjlib-i386-win32-vc14-release:sock_bsd.obj
 0001:00020700       _pj_sock_recvfrom          00421700 f   pjlib-i386-win32-vc14-release:sock_bsd.obj
 0001:00020770       _pj_sock_send              00421770 f   pjlib-i386-win32-vc14-release:sock_bsd.obj
 0001:000207e0       _pj_sock_sendto            004217e0 f   pjlib-i386-win32-vc14-release:sock_bsd.obj
 0001:00020850       _pj_sock_setsockopt        00421850 f   pjlib-i386-win32-vc14-release:sock_bsd.obj
 0001:000208d0       _pj_sock_socket            004218d0 f   pjlib-i386-win32-vc14-release:sock_bsd.obj
 0001:00020980       _pj_time_val_normalize     00421980 f   pjlib-i386-win32-vc14-release:types.obj
 0001:00020cc0       _pj_grp_lock_acquire       00421cc0 f   pjlib-i386-win32-vc14-release:lock.obj
 0001:00020cd0       _pj_grp_lock_add_handler   00421cd0 f   pjlib-i386-win32-vc14-release:lock.obj
 0001:00020d20       _pj_grp_lock_add_ref       00421d20 f   pjlib-i386-win32-vc14-release:lock.obj
 0001:00020d40       _pj_grp_lock_create        00421d40 f   pjlib-i386-win32-vc14-release:lock.obj
 0001:00020e30       _pj_grp_lock_dec_ref       00421e30 f   pjlib-i386-win32-vc14-release:lock.obj
 0001:00020e60       _pj_grp_lock_get_ref       00421e60 f   pjlib-i386-win32-vc14-release:lock.obj
 0001:00020e80       _pj_grp_lock_release       00421e80 f   pjlib-i386-win32-vc14-release:lock.obj
 0001:00020e90       _pj_grp_lock_tryacquire    00421e90 f   pjlib-i386-win32-vc14-release:lock.obj
 0001:00020ea0       _pj_lock_acquire           00421ea0 f   pjlib-i386-win32-vc14-release:lock.obj
 0001:00020ec0       _pj_lock_create_null_mutex 00421ec0 f   pjlib-i386-win32-vc14-release:lock.obj
 0001:00020ee0       _pj_lock_create_recursive_mutex 00421ee0 f   pjlib-i386-win32-vc14-release:lock.obj
 0001:00020f00       _pj_lock_create_simple_mutex 00421f00 f   pjlib-i386-win32-vc14-release:lock.obj
 0001:00020f20       _pj_lock_destroy           00421f20 f   pjlib-i386-win32-vc14-release:lock.obj
 0001:00020f40       _pj_lock_release           00421f40 f   pjlib-i386-win32-vc14-release:lock.obj
 0001:00020f60       _pj_lock_tryacquire        00421f60 f   pjlib-i386-win32-vc14-release:lock.obj
 0001:00020f80       _pj_list_erase             00421f80 f   pjlib-i386-win32-vc14-release:list.obj
 0001:00020fa0       _pj_list_insert_after      00421fa0 f   pjlib-i386-win32-vc14-release:list.obj
 0001:00020fc0       _pj_list_insert_before     00421fc0 f   pjlib-i386-win32-vc14-release:list.obj
 0001:00020fe0       _pj_array_erase            00421fe0 f   pjlib-i386-win32-vc14-release:array.obj
 0001:00021240       _pj_hash_calc              00422240 f   pjlib-i386-win32-vc14-release:hash.obj
 0001:000212d0       _pj_hash_create            004222d0 f   pjlib-i386-win32-vc14-release:hash.obj
 0001:00021320       _pj_hash_first             00422320 f   pjlib-i386-win32-vc14-release:hash.obj
 0001:00021360       _pj_hash_get               00422360 f   pjlib-i386-win32-vc14-release:hash.obj
 0001:00021390       _pj_hash_next              00422390 f   pjlib-i386-win32-vc14-release:hash.obj
 0001:000213e0       _pj_hash_set               004223e0 f   pjlib-i386-win32-vc14-release:hash.obj
 0001:00021440       _pj_hash_set_np            00422440 f   pjlib-i386-win32-vc14-release:hash.obj
 0001:000214a0       _pj_hash_this              004224a0 f   pjlib-i386-win32-vc14-release:hash.obj
 0001:000214c0       _pj_rand                   004224c0 f   pjlib-i386-win32-vc14-release:rand.obj
 0001:000214f0       _pj_gettimeofday           004224f0 f   pjlib-i386-win32-vc14-release:os_time_win32.obj
 0001:000215a0       _pj_time_decode            004225a0 f   pjlib-i386-win32-vc14-release:os_time_win32.obj
 0001:00021650       _pj_qos_get_params         00422650 f   pjlib-i386-win32-vc14-release:sock_qos_common.obj
 0001:00021680       _pj_sock_apply_qos2        00422680 f   pjlib-i386-win32-vc14-release:sock_qos_common.obj
 0001:00021b40       _pj_activesock_cfg_default 00422b40 f   pjlib-i386-win32-vc14-release:activesock.obj
 0001:00021b70       _pj_activesock_close       00422b70 f   pjlib-i386-win32-vc14-release:activesock.obj
 0001:00021bc0       _pj_activesock_create      00422bc0 f   pjlib-i386-win32-vc14-release:activesock.obj
 0001:00021d40       _pj_activesock_get_user_data 00422d40 f   pjlib-i386-win32-vc14-release:activesock.obj
 0001:00021d60       _pj_activesock_send        00422d60 f   pjlib-i386-win32-vc14-release:activesock.obj
 0001:00021e30       _pj_activesock_sendto      00422e30 f   pjlib-i386-win32-vc14-release:activesock.obj
 0001:00021e90       _pj_activesock_start_connect 00422e90 f   pjlib-i386-win32-vc14-release:activesock.obj
 0001:00021ec0       _pj_activesock_start_read  00422ec0 f   pjlib-i386-win32-vc14-release:activesock.obj
 0001:00021fe0       _pj_activesock_start_recvfrom 00422fe0 f   pjlib-i386-win32-vc14-release:activesock.obj
 0001:00022190       _pj_getaddrinfo            00423190 f   pjlib-i386-win32-vc14-release:addr_resolv_sock.obj
 0001:00022690       _pj_enum_ip_interface      00423690 f   pjlib-i386-win32-vc14-release:ip_helper_win32.obj
 0001:00022960       _pj_exception_id_alloc     00423960 f   pjlib-i386-win32-vc14-release:except.obj
 0001:000229b0       _pj_exception_id_free      004239b0 f   pjlib-i386-win32-vc14-release:except.obj
 0001:000229f0       _pj_pop_exception_handler_ 004239f0 f   pjlib-i386-win32-vc14-release:except.obj
 0001:00022a20       _pj_push_exception_handler_ 00423a20 f   pjlib-i386-win32-vc14-release:except.obj
 0001:00022a70       _pj_throw_exception_       00423a70 f   pjlib-i386-win32-vc14-release:except.obj
 0001:00022af0       _pj_pool_create_on_buf     00423af0 f   pjlib-i386-win32-vc14-release:pool_buf.obj
 0001:00022c00       _pj_get_timestamp          00423c00 f   pjlib-i386-win32-vc14-release:os_timestamp_win32.obj
 0001:00022c60       _pj_get_timestamp_freq     00423c60 f   pjlib-i386-win32-vc14-release:os_timestamp_win32.obj
 0001:00022cc0       _pj_generate_unique_string 00423cc0 f   pjlib-i386-win32-vc14-release:guid_win32.obj
 0001:00022d70       _pj_gettickcount           00423d70 f   pjlib-i386-win32-vc14-release:os_timestamp_common.obj
 0001:00022e40       _PJ_FD_CLR                 00423e40 f   pjlib-i386-win32-vc14-release:sock_select.obj
 0001:00022ec0       _PJ_FD_COUNT               00423ec0 f   pjlib-i386-win32-vc14-release:sock_select.obj
 0001:00022ed0       _PJ_FD_ISSET               00423ed0 f   pjlib-i386-win32-vc14-release:sock_select.obj
 0001:00022f00       _PJ_FD_SET                 00423f00 f   pjlib-i386-win32-vc14-release:sock_select.obj
 0001:00022f70       _PJ_FD_ZERO                00423f70 f   pjlib-i386-win32-vc14-release:sock_select.obj
 0001:00022fb0       _pj_sock_select            00423fb0 f   pjlib-i386-win32-vc14-release:sock_select.obj
 0001:000230e0       _pj_sock_set_qos_params    004240e0 f   pjlib-i386-win32-vc14-release:sock_qos_bsd.obj
 0001:00023200       _pj_sock_set_qos_type      00424200 f   pjlib-i386-win32-vc14-release:sock_qos_bsd.obj
 0001:0002333c       ___WSAFDIsSet@8            0042433c f   ws2_32:WS2_32.dll
 0001:00023342       ___raise_securityfailure   00424342 f   MSVCRT:gs_report.obj
 0001:0002336a       ___report_gsfailure        0042436a f   MSVCRT:gs_report.obj
 0001:00023465       ___report_rangecheckfailure 00424465 f   MSVCRT:gs_report.obj
 0001:00023471       ___report_securityfailure  00424471 f   MSVCRT:gs_report.obj
 0001:00023541       @__security_check_cookie@4 00424541 f   MSVCRT:_secchk_.obj
 0001:00023787       _mainCRTStartup            00424787 f   MSVCRT:exe_main.obj
 0001:00023791       ___isa_available_init      00424791 f   MSVCRT:_cpu_disp_.obj
 0001:00023930       __alldiv                   00424930 f   MSVCRT:lldiv.obj
 0001:000239e0       __allmul                   004249e0 f   MSVCRT:llmul.obj
 0001:00023a20       __ftoui3                   00424a20 f   MSVCRT:_ftol3_.obj
 0001:00023a2f       __ftoul3                   00424a2f f   MSVCRT:_ftol3_.obj
 0001:00023a3e       __ftol3                    00424a3e f   MSVCRT:_ftol3_.obj
 0001:00023a4b       __ftol3_NaN                00424a4b f   MSVCRT:_ftol3_.obj
 0001:00023a63       __ftol3_work               00424a63 f   MSVCRT:_ftol3_.obj
 0001:00023ae9       __ftol3_common             00424ae9 f   MSVCRT:_ftol3_.obj
 0001:00023bab       __ftol3_arg_error          00424bab f   MSVCRT:_ftol3_.obj
 0001:00023bbd       __ftol3_except             00424bbd f   MSVCRT:_ftol3_.obj
 0001:00023c01       __dtoui3                   00424c01 f   MSVCRT:_ftol3_.obj
 0001:00023c10       __dtoul3                   00424c10 f   MSVCRT:_ftol3_.obj
 0001:00023c1f       __dtol3                    00424c1f f   MSVCRT:_ftol3_.obj
 0001:00023c2c       __dtol3_NaN                00424c2c f   MSVCRT:_ftol3_.obj
 0001:00023c49       __dtol3_work               00424c49 f   MSVCRT:_ftol3_.obj
 0001:00023d30       __ultod3                   00424d30 f   MSVCRT:_ftol3_.obj
 0001:00023d70       __ltod3                    00424d70 f   MSVCRT:_ftol3_.obj
 0001:00023ddb       ___scrt_acquire_startup_lock 00424ddb f   MSVCRT:utility.obj
 0001:00023e10       ___scrt_initialize_crt     00424e10 f   MSVCRT:utility.obj
 0001:00023e49       ___scrt_initialize_onexit_tables 00424e49 f   MSVCRT:utility.obj
 0001:00023ef3       ___scrt_is_nonwritable_in_current_image 00424ef3 f   MSVCRT:utility.obj
 0001:00023f7d       ___scrt_release_startup_lock 00424f7d f   MSVCRT:utility.obj
 0001:00023f9a       ___scrt_uninitialize_crt   00424f9a f   MSVCRT:utility.obj
 0001:00023fc2       __onexit                   00424fc2 f   MSVCRT:utility.obj
 0001:00023ffd       _atexit                    00424ffd f   MSVCRT:utility.obj
 0001:00024061       ___security_init_cookie    00425061 f   MSVCRT:gs_support.obj
 0001:000240ac       __get_startup_argv_mode    004250ac f   MSVCRT:argv_mode.obj
 0001:000240b0       __get_startup_file_mode    004250b0 f   MSVCRT:file_mode.obj
 0001:000240b6       ?__scrt_initialize_type_info@@YAXXZ 004250b6 f   MSVCRT:tncleanup.obj
 0001:000240c2       __should_initialize_environment 004250c2 f   MSVCRT:env_mode.obj
 0001:000240c2       ___vcrt_initialize         004250c2 f   MSVCRT:ucrt_stubs.obj
 0001:000240c2       ___scrt_stub_for_acrt_uninitialize 004250c2 f   MSVCRT:ucrt_stubs.obj
 0001:000240c2       ___acrt_initialize         004250c2 f   MSVCRT:ucrt_stubs.obj
 0001:000240c2       ___scrt_stub_for_acrt_initialize 004250c2 f   MSVCRT:ucrt_stubs.obj
 0001:000240c2       ___vcrt_uninitialize       004250c2 f   MSVCRT:ucrt_stubs.obj
 0001:000240c2       ___acrt_uninitialize       004250c2 f   MSVCRT:ucrt_stubs.obj
 0001:000240c5       __initialize_default_precision 004250c5 f   MSVCRT:default_precision.obj
 0001:000240e6       ___scrt_initialize_default_local_stdio_options 004250e6 f   MSVCRT:default_local_stdio_options.obj
 0001:00024103       ___scrt_is_user_matherr_present 00425103 f   MSVCRT:matherr_detection.obj
 0001:0002410f       ___scrt_get_dyn_tls_init_callback 0042510f f   MSVCRT:dyn_tls_init.obj
 0001:00024115       ___scrt_get_dyn_tls_dtor_callback 00425115 f   MSVCRT:dyn_tls_dtor.obj
 0001:0002411b       ___scrt_fastfail           0042511b f   MSVCRT:utility_desktop.obj
 0001:00024237       ___scrt_is_managed_app     00425237 f   MSVCRT:utility_desktop.obj
 0001:0002427b       ___scrt_set_unhandled_exception_filter 0042527b f   MSVCRT:utility_desktop.obj
 0001:00024287       ___scrt_unhandled_exception_filter@4 00425287 f   MSVCRT:utility_desktop.obj
 0001:000242c8       __crt_debugger_hook        004252c8 f   MSVCRT:utility_desktop.obj
 0001:000242d0       __RTC_Initialize           004252d0 f   MSVCRT:_initsect_.obj
 0001:000242fb       __RTC_Terminate            004252fb f   MSVCRT:_initsect_.obj
 0001:00024326       @_guard_check_icall@4      00425326 f i MSVCRT:checkcfg.obj
 0001:00024330       __SEH_prolog4              00425330 f   MSVCRT:_sehprolg4_.obj
 0001:00024376       __SEH_epilog4              00425376 f   MSVCRT:_sehprolg4_.obj
 0001:0002438b       __except_handler4          0042538b f   MSVCRT:_chandler4gs_.obj
 0001:000243ae       ___scrt_is_ucrt_dll_in_use 004253ae f   MSVCRT:ucrt_detection.obj
 0001:000243ba       _IsProcessorFeaturePresent@4 004253ba f   kernel32:KERNEL32.dll
 0001:000243c0       _memchr                    004253c0 f   vcruntime:VCRUNTIME140.dll
 0001:000243c6       _strchr                    004253c6 f   vcruntime:VCRUNTIME140.dll
 0001:000243cc       _memset                    004253cc f   vcruntime:VCRUNTIME140.dll
 0001:000243d2       _memcpy                    004253d2 f   vcruntime:VCRUNTIME140.dll
 0001:000243d8       _memmove                   004253d8 f   vcruntime:VCRUNTIME140.dll
 0001:000243de       __setjmp3                  004253de f   vcruntime:VCRUNTIME140.dll
 0001:000243e4       _longjmp                   004253e4 f   vcruntime:VCRUNTIME140.dll
 0001:000243ea       __except_handler4_common   004253ea f   vcruntime:VCRUNTIME140.dll
 0001:000243f0       _exit                      004253f0 f   ucrt:api-ms-win-crt-runtime-l1-1-0.dll
 0001:000243f6       __CIfmod                   004253f6 f   ucrt:api-ms-win-crt-math-l1-1-0.dll
 0001:000243fc       __seh_filter_exe           004253fc f   ucrt:api-ms-win-crt-runtime-l1-1-0.dll
 0001:00024402       __set_app_type             00425402 f   ucrt:api-ms-win-crt-runtime-l1-1-0.dll
 0001:00024408       ___setusermatherr          00425408 f   ucrt:api-ms-win-crt-math-l1-1-0.dll
 0001:0002440e       __configure_narrow_argv    0042540e f   ucrt:api-ms-win-crt-runtime-l1-1-0.dll
 0001:00024414       __initialize_narrow_environment 00425414 f   ucrt:api-ms-win-crt-runtime-l1-1-0.dll
 0001:0002441a       __get_initial_narrow_environment 0042541a f   ucrt:api-ms-win-crt-runtime-l1-1-0.dll
 0001:00024420       __initterm                 00425420 f   ucrt:api-ms-win-crt-runtime-l1-1-0.dll
 0001:00024426       __initterm_e               00425426 f   ucrt:api-ms-win-crt-runtime-l1-1-0.dll
 0001:0002442c       __exit                     0042542c f   ucrt:api-ms-win-crt-runtime-l1-1-0.dll
 0001:00024432       __set_fmode                00425432 f   ucrt:api-ms-win-crt-stdio-l1-1-0.dll
 0001:00024438       ___p___argc                00425438 f   ucrt:api-ms-win-crt-runtime-l1-1-0.dll
 0001:0002443e       ___p___argv                0042543e f   ucrt:api-ms-win-crt-runtime-l1-1-0.dll
 0001:00024444       __cexit                    00425444 f   ucrt:api-ms-win-crt-runtime-l1-1-0.dll
 0001:0002444a       __c_exit                   0042544a f   ucrt:api-ms-win-crt-runtime-l1-1-0.dll
 0001:00024450       __register_thread_local_exe_atexit_callback 00425450 f   ucrt:api-ms-win-crt-runtime-l1-1-0.dll
 0001:00024456       __configthreadlocale       00425456 f   ucrt:api-ms-win-crt-locale-l1-1-0.dll
 0001:0002445c       __set_new_mode             0042545c f   ucrt:api-ms-win-crt-heap-l1-1-0.dll
 0001:00024462       ___p__commode              00425462 f   ucrt:api-ms-win-crt-stdio-l1-1-0.dll
 0001:00024468       __except1                  00425468 f   ucrt:api-ms-win-crt-math-l1-1-0.dll
 0001:0002446e       __initialize_onexit_table  0042546e f   ucrt:api-ms-win-crt-runtime-l1-1-0.dll
 0001:00024474       __register_onexit_function 00425474 f   ucrt:api-ms-win-crt-runtime-l1-1-0.dll
 0001:0002447a       __crt_atexit               0042547a f   ucrt:api-ms-win-crt-runtime-l1-1-0.dll
 0001:00024480       __controlfp_s              00425480 f   ucrt:api-ms-win-crt-runtime-l1-1-0.dll
 0001:00024486       _terminate                 00425486 f   ucrt:api-ms-win-crt-runtime-l1-1-0.dll
 0002:00000000       __imp__TerminateProcess@8  00426000     kernel32:KERNEL32.dll
 0002:00000004       __imp__GetModuleHandleW@4  00426004     kernel32:KERNEL32.dll
 0002:00000008       __imp__IsDebuggerPresent@0 00426008     kernel32:KERNEL32.dll
 0002:0000000c       __imp__InitializeSListHead@4 0042600c     kernel32:KERNEL32.dll
 0002:00000010       __imp__GetSystemTimeAsFileTime@4 00426010     kernel32:KERNEL32.dll
 0002:00000014       __imp__IsProcessorFeaturePresent@4 00426014     kernel32:KERNEL32.dll
 0002:00000018       __imp__GetCurrentProcess@0 00426018     kernel32:KERNEL32.dll
 0002:0000001c       __imp__SetUnhandledExceptionFilter@4 0042601c     kernel32:KERNEL32.dll
 0002:00000020       __imp__UnhandledExceptionFilter@4 00426020     kernel32:KERNEL32.dll
 0002:00000024       __imp__QueryPerformanceFrequency@4 00426024     kernel32:KERNEL32.dll
 0002:00000028       __imp__QueryPerformanceCounter@4 00426028     kernel32:KERNEL32.dll
 0002:0000002c       __imp__LoadLibraryA@4      0042602c     kernel32:KERNEL32.dll
 0002:00000030       __imp__GetProcAddress@8    00426030     kernel32:KERNEL32.dll
 0002:00000034       __imp__FreeLibrary@4       00426034     kernel32:KERNEL32.dll
 0002:00000038       __imp__SystemTimeToFileTime@8 00426038     kernel32:KERNEL32.dll
 0002:0000003c       __imp__FileTimeToSystemTime@8 0042603c     kernel32:KERNEL32.dll
 0002:00000040       __imp__GetLocalTime@4      00426040     kernel32:KERNEL32.dll
 0002:00000044       __imp__FormatMessageA@28   00426044     kernel32:KERNEL32.dll
 0002:00000048       __imp__SetConsoleTextAttribute@8 00426048     kernel32:KERNEL32.dll
 0002:0000004c       __imp__TlsFree@4           0042604c     kernel32:KERNEL32.dll
 0002:00000050       __imp__TlsSetValue@8       00426050     kernel32:KERNEL32.dll
 0002:00000054       __imp__TlsGetValue@4       00426054     kernel32:KERNEL32.dll
 0002:00000058       __imp__TlsAlloc@0          00426058     kernel32:KERNEL32.dll
 0002:0000005c       __imp__GetCurrentThreadId@0 0042605c     kernel32:KERNEL32.dll
 0002:00000060       __imp__GetCurrentThread@0  00426060     kernel32:KERNEL32.dll
 0002:00000064       __imp__CreateThread@24     00426064     kernel32:KERNEL32.dll
 0002:00000068       __imp__GetCurrentProcessId@0 00426068     kernel32:KERNEL32.dll
 0002:0000006c       __imp__Sleep@4             0042606c     kernel32:KERNEL32.dll
 0002:00000070       __imp__GetStdHandle@4      00426070     kernel32:KERNEL32.dll
 0002:00000074       __imp__CloseHandle@4       00426074     kernel32:KERNEL32.dll
 0002:00000078       __imp__GetLastError@0      00426078     kernel32:KERNEL32.dll
 0002:0000007c       __imp__InitializeCriticalSection@4 0042607c     kernel32:KERNEL32.dll
 0002:00000080       __imp__EnterCriticalSection@4 00426080     kernel32:KERNEL32.dll
 0002:00000084       __imp__LeaveCriticalSection@4 00426084     kernel32:KERNEL32.dll
 0002:00000088       __imp__TryEnterCriticalSection@4 00426088     kernel32:KERNEL32.dll
 0002:0000008c       __imp__DeleteCriticalSection@4 0042608c     kernel32:KERNEL32.dll
 0002:00000090       __imp__ReleaseSemaphore@12 00426090     kernel32:KERNEL32.dll
 0002:00000094       __imp__WaitForSingleObject@8 00426094     kernel32:KERNEL32.dll
 0002:00000098       \177KERNEL32_NULL_THUNK_DATA 00426098     kernel32:KERNEL32.dll
 0002:0000009c       __imp__memcpy              0042609c     vcruntime:VCRUNTIME140.dll
 0002:000000a0       __imp__memset              004260a0     vcruntime:VCRUNTIME140.dll
 0002:000000a4       __imp__strchr              004260a4     vcruntime:VCRUNTIME140.dll
 0002:000000a8       __imp__memchr              004260a8     vcruntime:VCRUNTIME140.dll
 0002:000000ac       __imp__memmove             004260ac     vcruntime:VCRUNTIME140.dll
 0002:000000b0       __imp___except_handler4_common 004260b0     vcruntime:VCRUNTIME140.dll
 0002:000000b4       __imp__longjmp             004260b4     vcruntime:VCRUNTIME140.dll
 0002:000000b8       __imp___setjmp3            004260b8     vcruntime:VCRUNTIME140.dll
 0002:000000bc       \177VCRUNTIME140_NULL_THUNK_DATA 004260bc     vcruntime:VCRUNTIME140.dll
 0002:000000c0       __imp__sendto@24           004260c0     ws2_32:WS2_32.dll
 0002:000000c4       __imp__send@16             004260c4     ws2_32:WS2_32.dll
 0002:000000c8       __imp__recvfrom@24         004260c8     ws2_32:WS2_32.dll
 0002:000000cc       __imp__recv@16             004260cc     ws2_32:WS2_32.dll
 0002:000000d0       __imp__ntohs@4             004260d0     ws2_32:WS2_32.dll
 0002:000000d4       __imp__ntohl@4             004260d4     ws2_32:WS2_32.dll
 0002:000000d8       __imp__inet_addr@4         004260d8     ws2_32:WS2_32.dll
 0002:000000dc       __imp__htons@4             004260dc     ws2_32:WS2_32.dll
 0002:000000e0       __imp__getsockopt@20       004260e0     ws2_32:WS2_32.dll
 0002:000000e4       __imp__getsockname@12      004260e4     ws2_32:WS2_32.dll
 0002:000000e8       __imp__connect@12          004260e8     ws2_32:WS2_32.dll
 0002:000000ec       __imp__gethostname@8       004260ec     ws2_32:WS2_32.dll
 0002:000000f0       __imp__bind@12             004260f0     ws2_32:WS2_32.dll
 0002:000000f4       __imp__accept@12           004260f4     ws2_32:WS2_32.dll
 0002:000000f8       __imp__setsockopt@20       004260f8     ws2_32:WS2_32.dll
 0002:000000fc       __imp__ioctlsocket@12      004260fc     ws2_32:WS2_32.dll
 0002:00000100       __imp__WSAGetLastError@0   00426100     ws2_32:WS2_32.dll
 0002:00000104       __imp__WSACleanup@0        00426104     ws2_32:WS2_32.dll
 0002:00000108       __imp__WSAStartup@8        00426108     ws2_32:WS2_32.dll
 0002:0000010c       __imp__WSAIoctl@36         0042610c     ws2_32:WS2_32.dll
 0002:00000110       __imp__WSASocketA@24       00426110     ws2_32:WS2_32.dll
 0002:00000114       __imp__WSAAddressToStringA@20 00426114     ws2_32:WS2_32.dll
 0002:00000118       __imp__WSAStringToAddressA@20 00426118     ws2_32:WS2_32.dll
 0002:0000011c       __imp__gethostbyname@4     0042611c     ws2_32:WS2_32.dll
 0002:00000120       __imp____WSAFDIsSet@8      00426120     ws2_32:WS2_32.dll
 0002:00000124       __imp__select@20           00426124     ws2_32:WS2_32.dll
 0002:00000128       __imp__htonl@4             00426128     ws2_32:WS2_32.dll
 0002:0000012c       __imp__closesocket@4       0042612c     ws2_32:WS2_32.dll
 0002:00000130       \177WS2_32_NULL_THUNK_DATA 00426130     ws2_32:WS2_32.dll
 0002:00000134       __imp__atoi                00426134     ucrt:api-ms-win-crt-convert-l1-1-0.dll
 0002:00000138       \177api-ms-win-crt-convert-l1-1-0_NULL_THUNK_DATA 00426138     ucrt:api-ms-win-crt-convert-l1-1-0.dll
 0002:0000013c       __imp___set_new_mode       0042613c     ucrt:api-ms-win-crt-heap-l1-1-0.dll
 0002:00000140       __imp__free                00426140     ucrt:api-ms-win-crt-heap-l1-1-0.dll
 0002:00000144       __imp__malloc              00426144     ucrt:api-ms-win-crt-heap-l1-1-0.dll
 0002:00000148       \177api-ms-win-crt-heap-l1-1-0_NULL_THUNK_DATA 00426148     ucrt:api-ms-win-crt-heap-l1-1-0.dll
 0002:0000014c       __imp___configthreadlocale 0042614c     ucrt:api-ms-win-crt-locale-l1-1-0.dll
 0002:00000150       \177api-ms-win-crt-locale-l1-1-0_NULL_THUNK_DATA 00426150     ucrt:api-ms-win-crt-locale-l1-1-0.dll
 0002:00000154       __imp____setusermatherr    00426154     ucrt:api-ms-win-crt-math-l1-1-0.dll
 0002:00000158       __imp___except1            00426158     ucrt:api-ms-win-crt-math-l1-1-0.dll
 0002:0000015c       __imp___CIfmod             0042615c     ucrt:api-ms-win-crt-math-l1-1-0.dll
 0002:00000160       \177api-ms-win-crt-math-l1-1-0_NULL_THUNK_DATA 00426160     ucrt:api-ms-win-crt-math-l1-1-0.dll
 0002:00000164       __imp___cexit              00426164     ucrt:api-ms-win-crt-runtime-l1-1-0.dll
 0002:00000168       __imp__exit                00426168     ucrt:api-ms-win-crt-runtime-l1-1-0.dll
 0002:0000016c       __imp___c_exit             0042616c     ucrt:api-ms-win-crt-runtime-l1-1-0.dll
 0002:00000170       __imp____p___argv          00426170     ucrt:api-ms-win-crt-runtime-l1-1-0.dll
 0002:00000174       __imp____p___argc          00426174     ucrt:api-ms-win-crt-runtime-l1-1-0.dll
 0002:00000178       __imp___register_thread_local_exe_atexit_callback 00426178     ucrt:api-ms-win-crt-runtime-l1-1-0.dll
 0002:0000017c       __imp___controlfp_s        0042617c     ucrt:api-ms-win-crt-runtime-l1-1-0.dll
 0002:00000180       __imp___crt_atexit         00426180     ucrt:api-ms-win-crt-runtime-l1-1-0.dll
 0002:00000184       __imp___register_onexit_function 00426184     ucrt:api-ms-win-crt-runtime-l1-1-0.dll
 0002:00000188       __imp___initialize_onexit_table 00426188     ucrt:api-ms-win-crt-runtime-l1-1-0.dll
 0002:0000018c       __imp___initterm_e         0042618c     ucrt:api-ms-win-crt-runtime-l1-1-0.dll
 0002:00000190       __imp___initterm           00426190     ucrt:api-ms-win-crt-runtime-l1-1-0.dll
 0002:00000194       __imp__terminate           00426194     ucrt:api-ms-win-crt-runtime-l1-1-0.dll
 0002:00000198       __imp___seh_filter_exe     00426198     ucrt:api-ms-win-crt-runtime-l1-1-0.dll
 0002:0000019c       __imp___set_app_type       0042619c     ucrt:api-ms-win-crt-runtime-l1-1-0.dll
 0002:000001a0       __imp___exit               004261a0     ucrt:api-ms-win-crt-runtime-l1-1-0.dll
 0002:000001a4       __imp___configure_narrow_argv 004261a4     ucrt:api-ms-win-crt-runtime-l1-1-0.dll
 0002:000001a8       __imp___initialize_narrow_environment 004261a8     ucrt:api-ms-win-crt-runtime-l1-1-0.dll
 0002:000001ac       __imp___get_initial_narrow_environment 004261ac     ucrt:api-ms-win-crt-runtime-l1-1-0.dll
 0002:000001b0       \177api-ms-win-crt-runtime-l1-1-0_NULL_THUNK_DATA 004261b0     ucrt:api-ms-win-crt-runtime-l1-1-0.dll
 0002:000001b4       __imp___set_fmode          004261b4     ucrt:api-ms-win-crt-stdio-l1-1-0.dll
 0002:000001b8       __imp__puts                004261b8     ucrt:api-ms-win-crt-stdio-l1-1-0.dll
 0002:000001bc       __imp__fopen               004261bc     ucrt:api-ms-win-crt-stdio-l1-1-0.dll
 0002:000001c0       __imp____acrt_iob_func     004261c0     ucrt:api-ms-win-crt-stdio-l1-1-0.dll
 0002:000001c4       __imp__fwrite              004261c4     ucrt:api-ms-win-crt-stdio-l1-1-0.dll
 0002:000001c8       __imp____stdio_common_vsscanf 004261c8     ucrt:api-ms-win-crt-stdio-l1-1-0.dll
 0002:000001cc       __imp____stdio_common_vsprintf 004261cc     ucrt:api-ms-win-crt-stdio-l1-1-0.dll
 0002:000001d0       __imp__fflush              004261d0     ucrt:api-ms-win-crt-stdio-l1-1-0.dll
 0002:000001d4       __imp__fclose              004261d4     ucrt:api-ms-win-crt-stdio-l1-1-0.dll
 0002:000001d8       __imp____p__commode        004261d8     ucrt:api-ms-win-crt-stdio-l1-1-0.dll
 0002:000001dc       __imp____stdio_common_vfprintf 004261dc     ucrt:api-ms-win-crt-stdio-l1-1-0.dll
 0002:000001e0       __imp__fgets               004261e0     ucrt:api-ms-win-crt-stdio-l1-1-0.dll
 0002:000001e4       \177api-ms-win-crt-stdio-l1-1-0_NULL_THUNK_DATA 004261e4     ucrt:api-ms-win-crt-stdio-l1-1-0.dll
 0002:000001e8       __imp__tolower             004261e8     ucrt:api-ms-win-crt-string-l1-1-0.dll
 0002:000001ec       __imp___strnicmp           004261ec     ucrt:api-ms-win-crt-string-l1-1-0.dll
 0002:000001f0       __imp__strncpy             004261f0     ucrt:api-ms-win-crt-string-l1-1-0.dll
 0002:000001f4       __imp__strncmp             004261f4     ucrt:api-ms-win-crt-string-l1-1-0.dll
 0002:000001f8       __imp__strtok              004261f8     ucrt:api-ms-win-crt-string-l1-1-0.dll
 0002:000001fc       __imp__isspace             004261fc     ucrt:api-ms-win-crt-string-l1-1-0.dll
 0002:00000200       \177api-ms-win-crt-string-l1-1-0_NULL_THUNK_DATA 00426200     ucrt:api-ms-win-crt-string-l1-1-0.dll
 0002:00000204       __imp__rand                00426204     ucrt:api-ms-win-crt-utility-l1-1-0.dll
 0002:00000208       \177api-ms-win-crt-utility-l1-1-0_NULL_THUNK_DATA 00426208     ucrt:api-ms-win-crt-utility-l1-1-0.dll
 0002:0000020c       __imp__CoCreateGuid@4      0042620c     ole32:ole32.dll
 0002:00000210       \177ole32_NULL_THUNK_DATA  00426210     ole32:ole32.dll
 0002:00000214       ___guard_check_icall_fptr  00426214     MSVCRT:guard_support.obj
 0002:00000218       ___xc_a                    00426218     MSVCRT:initializers.obj
 0002:00000220       ___xc_z                    00426220     MSVCRT:initializers.obj
 0002:00000224       ___xi_a                    00426224     MSVCRT:initializers.obj
 0002:00000230       ___xi_z                    00426230     MSVCRT:initializers.obj
 0002:00000234       ___xp_a                    00426234     MSVCRT:initializers.obj
 0002:00000238       ___xp_z                    00426238     MSVCRT:initializers.obj
 0002:0000023c       ___xt_a                    0042623c     MSVCRT:initializers.obj
 0002:00000240       ___xt_z                    00426240     MSVCRT:initializers.obj
 0002:00000328       ??_C@_0CJ@GKFBHIPI@Invalid?5STUN?5message?5?$CIPJNATH_EIN@ 00426328     pjnath-i386-win32-vc14-release:errno.obj
 0002:00000354       ??_C@_0DD@EDOPFABO@Invalid?5STUN?5message?5length?5?$CIPJN@ 00426354     pjnath-i386-win32-vc14-release:errno.obj
 0002:00000388       ??_C@_0EA@DFHBMLHL@Invalid?5or?5unexpected?5STUN?5messa@ 00426388     pjnath-i386-win32-vc14-release:errno.obj
 0002:000003c8       ??_C@_0DG@KPHKFJAB@STUN?5transaction?5has?5timed?5out?5?$CI@ 004263c8     pjnath-i386-win32-vc14-release:errno.obj
 0002:00000400       ??_C@_0DD@OHEENKIB@Too?5many?5STUN?5attributes?5?$CIPJNATH@ 00426400     pjnath-i386-win32-vc14-release:errno.obj
 0002:00000434       ??_C@_0DG@BPOIAHEF@Invalid?5STUN?5attribute?5length?5?$CIP@ 00426434     pjnath-i386-win32-vc14-release:errno.obj
 0002:0000046c       ??_C@_0DF@BKFKBCGF@Found?5duplicate?5STUN?5attribute?5?$CI@ 0042646c     pjnath-i386-win32-vc14-release:errno.obj
 0002:000004a4       ??_C@_0DP@ENOHKACM@STUN?5FINGERPRINT?5verification?5fa@ 004264a4     pjnath-i386-win32-vc14-release:errno.obj
 0002:000004e8       ??_C@_0EH@EPGNFFEB@Invalid?5STUN?5attribute?5after?5MES@ 004264e8     pjnath-i386-win32-vc14-release:errno.obj
 0002:00000530       ??_C@_0EB@DAIGGIDN@Invalid?5STUN?5attribute?5after?5FIN@ 00426530     pjnath-i386-win32-vc14-release:errno.obj
 0002:00000578       ??_C@_0EJ@JLJGOHGB@STUN?5?$CIXOR?9?$CJMAPPED?9ADDRESS?5attrib@ 00426578     pjnath-i386-win32-vc14-release:errno.obj
 0002:000005c4       ??_C@_0DM@IEAEKGHC@STUN?5IPv6?5attribute?5not?5supporte@ 004265c4     pjnath-i386-win32-vc14-release:errno.obj
 0002:00000600       ??_C@_0DC@EGLMCOFO@Invalid?5STUN?5address?5family?5valu@ 00426600     pjnath-i386-win32-vc14-release:errno.obj
 0002:00000638       ??_C@_0EE@HCGFHPNA@Invalid?5STUN?5server?5or?5server?5no@ 00426638     pjnath-i386-win32-vc14-release:errno.obj
 0002:0000067c       ??_C@_0DG@FKMKCCEE@STUN?5object?5has?5been?5destoyed?5?$CIP@ 0042667c     pjnath-i386-win32-vc14-release:errno.obj
 0002:000006b4       ??_C@_0CK@OFPAPMME@ICE?5session?5not?5available?5?$CIPJNAT@ 004266b4     pjnath-i386-win32-vc14-release:errno.obj
 0002:000006e0       ??_C@_0DB@PAOLMMAD@ICE?5check?5is?5in?5progress?5?$CIPJNATH@ 004266e0     pjnath-i386-win32-vc14-release:errno.obj
 0002:00000714       ??_C@_0CO@LKKAIKIM@All?5ICE?5checklists?5failed?5?$CIPJNAT@ 00426714     pjnath-i386-win32-vc14-release:errno.obj
 0002:00000748       ??_C@_0EG@MFEBLALG@Default?5target?5doesn?8t?5match?5any@ 00426748     pjnath-i386-win32-vc14-release:errno.obj
 0002:00000790       ??_C@_0CP@DPHDFCDB@Invalid?5ICE?5component?5ID?5?$CIPJNATH@ 00426790     pjnath-i386-win32-vc14-release:errno.obj
 0002:000007c0       ??_C@_0CP@HLPIHNCD@Invalid?5ICE?5candidate?5ID?5?$CIPJNATH@ 004267c0     pjnath-i386-win32-vc14-release:errno.obj
 0002:000007f0       ??_C@_0CP@EDCECICF@Source?5address?5mismatch?5?$CIPJNATH_@ 004267f0     pjnath-i386-win32-vc14-release:errno.obj
 0002:00000820       ??_C@_0DC@PHBGNIPK@Missing?5ICE?5SDP?5attribute?5?$CIPJNAT@ 00426820     pjnath-i386-win32-vc14-release:errno.obj
 0002:00000854       ??_C@_0DJ@KABJLAFL@Invalid?5SDP?5?$CCcandidate?$CC?5attribut@ 00426854     pjnath-i386-win32-vc14-release:errno.obj
 0002:00000890       ??_C@_0EA@EDMJLPFH@No?5host?5candidate?5associated?5wit@ 00426890     pjnath-i386-win32-vc14-release:errno.obj
 0002:000008d0       ??_C@_0EK@PIKHJBD@Controlled?5agent?5timed?5out?5waiti@ 004268d0     pjnath-i386-win32-vc14-release:errno.obj
 0002:0000091c       ??_C@_0DB@PGNALPFC@Invalid?1unsupported?5transport?5?$CIP@ 0042691c     pjnath-i386-win32-vc14-release:errno.obj
 0002:00000950       ??_C@_0BI@EOEFPHGO@Unknown?5pjnath?5error?5?$CFd?$AA@ 00426950     pjnath-i386-win32-vc14-release:errno.obj
 0002:00000968       ??_C@_0BJ@CCAJIKCJ@Unknown?5STUN?5err?9code?5?$CFd?$AA@ 00426968     pjnath-i386-win32-vc14-release:errno.obj
 0002:00000984       ??_C@_06DJHOIPC@?$CFs?3?5?$CFs?$AA@ 00426984     pjnath-i386-win32-vc14-release:errno.obj
 0002:0000098c       ??_C@_04OODOLJMA@host?$AA@ 0042698c     pjnath-i386-win32-vc14-release:ice_session.obj
 0002:00000994       ??_C@_05PIPPPLPJ@srflx?$AA@ 00426994     pjnath-i386-win32-vc14-release:ice_session.obj
 0002:0000099c       ??_C@_05HOGLIJFH@prflx?$AA@ 0042699c     pjnath-i386-win32-vc14-release:ice_session.obj
 0002:000009a4       ??_C@_05JPBNCBLI@relay?$AA@ 004269a4     pjnath-i386-win32-vc14-release:ice_session.obj
 0002:000009ac       ??_C@_06KJCACDIO@Frozen?$AA@ 004269ac     pjnath-i386-win32-vc14-release:ice_session.obj
 0002:000009b4       ??_C@_07OFINCGEG@Waiting?$AA@ 004269b4     pjnath-i386-win32-vc14-release:ice_session.obj
 0002:000009bc       ??_C@_0M@ENHIJGMI@In?5Progress?$AA@ 004269bc     pjnath-i386-win32-vc14-release:ice_session.obj
 0002:000009c8       ??_C@_09OCHKHMJA@Succeeded?$AA@ 004269c8     pjnath-i386-win32-vc14-release:ice_session.obj
 0002:000009d4       ??_C@_06CMLPEGNC@Failed?$AA@ 004269d4     pjnath-i386-win32-vc14-release:ice_session.obj
 0002:000009dc       ??_C@_04IBDNPPCI@Idle?$AA@ 004269dc     pjnath-i386-win32-vc14-release:ice_session.obj
 0002:000009e4       ??_C@_07JKJCPGE@Running?$AA@ 004269e4     pjnath-i386-win32-vc14-release:ice_session.obj
 0002:000009ec       ??_C@_09MIJAKHKB@Completed?$AA@ 004269ec     pjnath-i386-win32-vc14-release:ice_session.obj
 0002:000009f8       ??_C@_07NBCGADJA@Unknown?$AA@ 004269f8     pjnath-i386-win32-vc14-release:ice_session.obj
 0002:00000a00       ??_C@_0L@KHGPKCEO@Controlled?$AA@ 00426a00     pjnath-i386-win32-vc14-release:ice_session.obj
 0002:00000a0c       ??_C@_0M@PMDOMEDL@Controlling?$AA@ 00426a0c     pjnath-i386-win32-vc14-release:ice_session.obj
 0002:00000a18       ??_C@_03BBKEAIF@?$DP?$DP?$DP?$AA@ 00426a18     pjnath-i386-win32-vc14-release:ice_session.obj
 0002:00000a1c       ??_C@_04MAAPIHIO@?$CFc?$CFx?$AA@ 00426a1c     pjnath-i386-win32-vc14-release:ice_session.obj
 0002:00000a24       ??_C@_07GBFPDLAH@icess?$CFp?$AA@ 00426a24     pjnath-i386-win32-vc14-release:ice_session.obj
 0002:00000a2c       ??_C@_0DD@KKPCGINH@ICE?5session?5created?0?5comp_cnt?$DN?$CFd@ 00426a2c     pjnath-i386-win32-vc14-release:ice_session.obj
 0002:00000a60       ??_C@_0L@EPMNHNJ@aggressive?$AA@ 00426a60     pjnath-i386-win32-vc14-release:ice_session.obj
 0002:00000a6c       ??_C@_07KMAJHHLM@regular?$AA@ 00426a6c     pjnath-i386-win32-vc14-release:ice_session.obj
 0002:00000a74       ??_C@_0BO@JMOAKFOG@ICE?5nomination?5type?5set?5to?5?$CFs?$AA@ 00426a74     pjnath-i386-win32-vc14-release:ice_session.obj
 0002:00000a94       ??_C@_0BJ@NIGKKAOP@ICE?5session?5?$CFp?5destroyed?$AA@ 00426a94     pjnath-i386-win32-vc14-release:ice_session.obj
 0002:00000ab0       ??_C@_0O@IDPHLJDO@ice_session?4c?$AA@ 00426ab0     pjnath-i386-win32-vc14-release:ice_session.obj
 0002:00000ac0       ??_C@_0BK@DCHLELMI@Destroying?5ICE?5session?5?$CFp?$AA@ 00426ac0     pjnath-i386-win32-vc14-release:ice_session.obj
 0002:00000adc       ??_C@_0BD@IJCAAGMH@Role?5changed?5to?5?$CFs?$AA@ 00426adc     pjnath-i386-win32-vc14-release:ice_session.obj
 0002:00000af0       ??_C@_0GB@IJEEDFAM@Candidate?5?$CFd?5added?3?5comp_id?$DN?$CFd?0?5@ 00426af0     pjnath-i386-win32-vc14-release:ice_session.obj
 0002:00000b58       ??_C@_0EC@EINMPNNE@c?3?2project?2python?2pjproject?92?47?4@ 00426b58     pjnath-i386-win32-vc14-release:ice_session.obj
 0002:00000b9c       ??_C@_0BH@DGBKCPGB@?$CFd?3?5?$FL?$CFd?$FN?5?$CFs?3?$CFd?9?9?$DO?$CFs?3?$CFd?$AA@ 00426b9c     pjnath-i386-win32-vc14-release:ice_session.obj
 0002:00000bb4       ??_C@_02DKCKIIND@?$CFs?$AA@ 00426bb4     pjnath-i386-win32-vc14-release:ice_session.obj
 0002:00000bb8       ??_C@_09DIDNPBBH@nominated?$AA@ 00426bb8     pjnath-i386-win32-vc14-release:ice_session.obj
 0002:00000bc4       ??_C@_0O@MFBJAADI@not?5nominated?$AA@ 00426bc4     pjnath-i386-win32-vc14-release:ice_session.obj
 0002:00000bd4       ??_C@_0BD@DIAOJGPO@?5?$CFs?5?$CI?$CFs?0?5state?$DN?$CFs?$CJ?$AA@ 00426bd4     pjnath-i386-win32-vc14-release:ice_session.obj
 0002:00000be8       ??_C@_0CG@OPDLDKOC@Check?5?$CFs?3?5state?5changed?5from?5?$CFs?5@ 00426be8     pjnath-i386-win32-vc14-release:ice_session.obj
 0002:00000c10       ??_C@_0CH@OMPOKJDI@Checklist?3?5state?5changed?5from?5?$CFs@ 00426c10     pjnath-i386-win32-vc14-release:ice_session.obj
 0002:00000c38       ??_C@_0DG@GJLGANE@Base?5candidate?5?$CFs?3?$CFd?5not?5found?5f@ 00426c38     pjnath-i386-win32-vc14-release:ice_session.obj
 0002:00000c70       ??_C@_0BA@NHCOBJOF@duplicate?5found?$AA@ 00426c70     pjnath-i386-win32-vc14-release:ice_session.obj
 0002:00000c80       ??_C@_0L@GPOKGCHH@equal?5base?$AA@ 00426c80     pjnath-i386-win32-vc14-release:ice_session.obj
 0002:00000c8c       ??_C@_0BF@GMFHLHC@Check?5?$CFs?5pruned?5?$CI?$CFs?$CJ?$AA@ 00426c8c     pjnath-i386-win32-vc14-release:ice_session.obj
 0002:00000ca8       ??_C@_0HF@MCFKOKNI@Controlled?5agent?5timed?9out?5in?5wa@ 00426ca8     pjnath-i386-win32-vc14-release:ice_session.obj
 0002:00000d20       ??_C@_0CA@JLAONEAB@ICE?5process?5complete?0?5status?$DN?$CFs?$AA@ 00426d20     pjnath-i386-win32-vc14-release:ice_session.obj
 0002:00000d40       ??_C@_0L@DAPINKOE@Valid?5list?$AA@ 00426d40     pjnath-i386-win32-vc14-release:ice_session.obj
 0002:00000d4c       ??_C@_0BA@OAPJPHMG@?5?5and?5nominated?$AA@ 00426d4c     pjnath-i386-win32-vc14-release:ice_session.obj
 0002:00000d5c       ??_C@_00CNPNBAHC@?$AA@     00426d5c     pjnath-i386-win32-vc14-release:ice_session.obj
 0002:00000d60       ??_C@_0BJ@LDLHNMFG@Check?5?$CFd?5is?5successful?$CFs?$AA@ 00426d60     pjnath-i386-win32-vc14-release:ice_session.obj
 0002:00000d7c       ??_C@_0CK@IDKEAGPB@Check?5?$CFs?5to?5be?5failed?5because?5st@ 00426d7c     pjnath-i386-win32-vc14-release:ice_session.obj
 0002:00000da8       ??_C@_0CC@KCAFFELN@Cancelling?5check?5?$CFs?5?$CIIn?5Progress@ 00426da8     pjnath-i386-win32-vc14-release:ice_session.obj
 0002:00000dd0       ??_C@_0GO@IEBBDPMP@All?5checks?5have?5completed?4?5Contr@ 00426dd0     pjnath-i386-win32-vc14-release:ice_session.obj
 0002:00000e40       ??_C@_0DJ@IFENMLDG@All?5checks?5have?5completed?0?5start@ 00426e40     pjnath-i386-win32-vc14-release:ice_session.obj
 0002:00000e7c       ??_C@_0CE@MENGPKBF@Scheduling?5nominated?5check?5in?5?$CFd@ 00426e7c     pjnath-i386-win32-vc14-release:ice_session.obj
 0002:00000ea0       ??_C@_01JLIPDDHJ@?3?$AA@   00426ea0     pjnath-i386-win32-vc14-release:ice_session.obj
 0002:00000ea4       ??_C@_0CD@DGJOKAPD@Error?3?5no?5checklist?5can?5be?5creat@ 00426ea4     pjnath-i386-win32-vc14-release:ice_session.obj
 0002:00000ec8       ??_C@_0BD@LGGHIMDK@Checklist?5created?3?$AA@ 00426ec8     pjnath-i386-win32-vc14-release:ice_session.obj
 0002:00000edc       ??_C@_0CI@CBEMIFEA@Sending?5connectivity?5check?5for?5c@ 00426edc     pjnath-i386-win32-vc14-release:ice_session.obj
 0002:00000f04       ??_C@_0BM@GMPCDDCD@Error?5creating?5STUN?5request?$AA@ 00426f04     pjnath-i386-win32-vc14-release:ice_session.obj
 0002:00000f20       ??_C@_0BL@CLDMLOKE@Error?5sending?5STUN?5request?$AA@ 00426f20     pjnath-i386-win32-vc14-release:ice_session.obj
 0002:00000f3c       ??_C@_0CC@ODBMOPAG@Starting?5checklist?5periodic?5chec@ 00426f3c     pjnath-i386-win32-vc14-release:ice_session.obj
 0002:00000f60       ??_C@_0BL@DBPGJFIN@Starting?5nominated?5check?4?4?$AA@ 00426f60     pjnath-i386-win32-vc14-release:ice_session.obj
 0002:00000f7c       ??_C@_0BN@HMALAHNG@Periodic?5timer?5rescheduled?4?4?$AA@ 00426f7c     pjnath-i386-win32-vc14-release:ice_session.obj
 0002:00000f9c       ??_C@_0BF@CANPHDIJ@Starting?5ICE?5check?4?4?$AA@ 00426f9c     pjnath-i386-win32-vc14-release:ice_session.obj
 0002:00000fb4       ??_C@_0DF@JOCPCLFF@Performing?5delayed?5triggerred?5ch@ 00426fb4     pjnath-i386-win32-vc14-release:ice_session.obj
 0002:00000fec       ??_C@_0DA@NHEGFEJN@Changing?5role?5because?5of?5role?5co@ 00426fec     pjnath-i386-win32-vc14-release:ice_session.obj
 0002:0000101c       ??_C@_0CJ@FEOOAKNC@Resending?5check?5because?5of?5role?5@ 0042701c     pjnath-i386-win32-vc14-release:ice_session.obj
 0002:00001048       ??_C@_0N@OBNDGEA@?5?$CInominated?$CJ?$AA@ 00427048     pjnath-i386-win32-vc14-release:ice_session.obj
 0002:00001058       ??_C@_0BB@DIDCBKOH@?5?$CInot?5nominated?$CJ?$AA@ 00427058     pjnath-i386-win32-vc14-release:ice_session.obj
 0002:0000106c       ??_C@_0CK@BOFLBEFI@Check?5?$CFs?$CFs?3?5connectivity?5check?5F@ 0042706c     pjnath-i386-win32-vc14-release:ice_session.obj
 0002:00001098       ??_C@_0DP@OFIEDDAK@Check?5?$CFs?$CFs?3?5connectivity?5check?5F@ 00427098     pjnath-i386-win32-vc14-release:ice_session.obj
 0002:000010d8       ??_C@_0CH@JOLLOJFL@Check?5?$CFs?$CFs?3?5connectivity?5check?5S@ 004270d8     pjnath-i386-win32-vc14-release:ice_session.obj
 0002:00001100       ??_C@_0CK@NAJKGKCD@Received?5Binding?5request?5with?5no@ 00427100     pjnath-i386-win32-vc14-release:ice_session.obj
 0002:0000112c       ??_C@_0DD@JKHICBKM@Changing?5role?5because?5of?5ICE?9CON@ 0042712c     pjnath-i386-win32-vc14-release:ice_session.obj
 0002:00001160       ??_C@_0DC@IGMDOGKF@Changing?5role?5because?5of?5ICE?9CON@ 00427160     pjnath-i386-win32-vc14-release:ice_session.obj
 0002:00001194       ??_C@_0CE@LGFHCNGF@Received?5an?5early?5check?5for?5comp@ 00427194     pjnath-i386-win32-vc14-release:ice_session.obj
 0002:000011b8       ??_C@_0EN@NFGIOGKB@Unable?5to?5add?5new?5peer?5reflexive@ 004271b8     pjnath-i386-win32-vc14-release:ice_session.obj
 0002:00001208       ??_C@_03NBEPHFMB@f?$CFp?$AA@ 00427208     pjnath-i386-win32-vc14-release:ice_session.obj
 0002:0000120c       ??_C@_0DD@IOBOGPOP@Added?5new?5remote?5candidate?5from?5@ 0042720c     pjnath-i386-win32-vc14-release:ice_session.obj
 0002:00001240       ??_C@_0DK@KKNMECMB@Received?5Binding?5request?5but?5no?5@ 00427240     pjnath-i386-win32-vc14-release:ice_session.obj
 0002:0000127c       ??_C@_0CI@DFOHDENB@Performing?5triggered?5check?5for?5c@ 0042727c     pjnath-i386-win32-vc14-release:ice_session.obj
 0002:000012a8       ??_C@_0FE@BCMFBGFD@Triggered?5check?5for?5check?5?$CFd?5not@ 004272a8     pjnath-i386-win32-vc14-release:ice_session.obj
 0002:000012fc       ??_C@_0BM@HDNBBGIH@Valid?5check?5?$CFs?5is?5nominated?$AA@ 004272fc     pjnath-i386-win32-vc14-release:ice_session.obj
 0002:00001318       ??_C@_0EC@JKBLMNIB@Triggered?5check?5for?5check?5?$CFd?5not@ 00427318     pjnath-i386-win32-vc14-release:ice_session.obj
 0002:0000135c       ??_C@_0BO@DPPPLJDK@New?5triggered?5check?5added?3?5?$CFd?$AA@ 0042735c     pjnath-i386-win32-vc14-release:ice_session.obj
 0002:00001380       ??_C@_0EI@JIILLOPC@Error?3?5unable?5to?5perform?5trigger@ 00427380     pjnath-i386-win32-vc14-release:ice_session.obj
 0002:000013c8       ??_C@_0DI@JIMHBCHH@Received?5Binding?5Indication?5keep@ 004273c8     pjnath-i386-win32-vc14-release:ice_session.obj
 0002:00001400       ??_C@_0DD@IMPDJCAJ@Received?5unexpected?5?$CFs?5indicatio@ 00427400     pjnath-i386-win32-vc14-release:ice_session.obj
 0002:00001434       ??_C@_0CG@KPNLGOEI@Error?5processing?5incoming?5messag@ 00427434     pjnath-i386-win32-vc14-release:ice_session.obj
 0002:0000145c       ??_C@_0N@DBKKCKCL@pjnath?92?47?42?$AA@ 0042745c     pjnath-i386-win32-vc14-release:ice_strans.obj
 0002:00001470       ??_C@_0EC@LBNGINO@Comp?5?$CFd?1?$CFd?3?5TURN?5relay?5candidate@ 00427470     pjnath-i386-win32-vc14-release:ice_strans.obj
 0002:000014b4       ??_C@_0DM@IBAFLBLL@Comp?5?$CFd?3?5srflx?5candidate?5?$CItpid?$DN?$CF@ 004274b4     pjnath-i386-win32-vc14-release:ice_strans.obj
 0002:000014f0       ??_C@_0BJ@LFHFOBFN@Too?5many?5host?5candidates?$AA@ 004274f0     pjnath-i386-win32-vc14-release:ice_strans.obj
 0002:0000150c       ??_C@_0DE@OEAINABG@Comp?5?$CFd?3?5host?5candidate?5?$CFs?5?$CItpid@ 0042750c     pjnath-i386-win32-vc14-release:ice_strans.obj
 0002:00001540       ??_C@_0CO@BJEECFLC@Comp?5?$CFd?1?$CFd?3?5host?5candidate?5?$CFs?5?$CIt@ 00427540     pjnath-i386-win32-vc14-release:ice_strans.obj
 0002:00001570       ??_C@_0CP@MDBDAGBL@Failed?5creating?5STUN?5transport?5?$CD@ 00427570     pjnath-i386-win32-vc14-release:ice_strans.obj
[...]
 0003:00000888       $SG18817                   0042d888     icedemo.obj
 0003:00000890       $SG18912                   0042d890     icedemo.obj
 0003:000008c0       $SG18913                   0042d8c0     icedemo.obj
 0003:000008c4       $SG18921                   0042d8c4     icedemo.obj
 0003:000008d8       $SG18922                   0042d8d8     icedemo.obj
 0003:000008e4       $SG18925                   0042d8e4     icedemo.obj
 0003:00000900       $SG18926                   0042d900     icedemo.obj
 0003:0000090c       $SG18928                   0042d90c     icedemo.obj
 0003:00000918       $SG18931                   0042d918     icedemo.obj
 0003:00000938       $SG18932                   0042d938     icedemo.obj
 0003:00000944       $SG18934                   0042d944     icedemo.obj
 0003:0000094c       $SG18937                   0042d94c     icedemo.obj
 0003:00000958       $SG18940                   0042d958     icedemo.obj
 0003:00000960       $SG18943                   0042d960     icedemo.obj
 0003:00000968       $SG18944                   0042d968     icedemo.obj
 0003:00000974       $SG18947                   0042d974     icedemo.obj
 0003:00000994       $SG18948                   0042d994     icedemo.obj
 0003:000009a0       $SG18953                   0042d9a0     icedemo.obj
 0003:000009b4       $SG18954                   0042d9b4     icedemo.obj
 0003:000009c0       $SG18956                   0042d9c0     icedemo.obj
 0003:000009cc       $SG18957                   0042d9cc     icedemo.obj
 0003:000009e8       $SG18960                   0042d9e8     icedemo.obj
 0003:00000a0c       $SG18961                   0042da0c     icedemo.obj
 0003:00000a18       $SG18964                   0042da18     icedemo.obj
 0003:00000a20       $SG18967                   0042da20     icedemo.obj
 0003:00000a28       $SG18970                   0042da28     icedemo.obj
 0003:00000a30       $SG18972                   0042da30     icedemo.obj
 0003:00000a54       $SG18973                   0042da54     icedemo.obj
 0003:00000a60       $SG18978                   0042da60     icedemo.obj
 0003:00000a80       $SG18979                   0042da80     icedemo.obj
 0003:00000a8c       $SG18984                   0042da8c     icedemo.obj
 0003:00000aa4       $SG18985                   0042daa4     icedemo.obj
 0003:00000ab0       $SG18990                   0042dab0     icedemo.obj
 0003:00000ae4       $SG18991                   0042dae4     icedemo.obj
 0003:00000af0       $SG18996                   0042daf0     icedemo.obj
 0003:00000b10       $SG18997                   0042db10     icedemo.obj
 0003:00000b1c       $SG18999                   0042db1c     icedemo.obj
 0003:00000b40       $SG19000                   0042db40     icedemo.obj
 0003:00000b4c       $SG19025                   0042db4c     icedemo.obj
 0003:00000b74       $SG19026                   0042db74     icedemo.obj
 0003:00000b80       $SG19029                   0042db80     icedemo.obj
 0003:00000ba8       $SG19030                   0042dba8     icedemo.obj
 0003:00000bb4       $SG19033                   0042dbb4     icedemo.obj
 0003:00000be4       $SG19034                   0042dbe4     icedemo.obj
 0003:00000bf0       $SG19036                   0042dbf0     icedemo.obj
 0003:00000c0c       $SG19037                   0042dc0c     icedemo.obj
 0003:00000c18       $SG19040                   0042dc18     icedemo.obj
 0003:00000c2c       $SG19042                   0042dc2c     icedemo.obj
 0003:00000c44       $SG19043                   0042dc44     icedemo.obj
 0003:00000c50       $SG19066                   0042dc50     icedemo.obj
 0003:00000c78       $SG19067                   0042dc78     icedemo.obj
 0003:00000c84       $SG19070                   0042dc84     icedemo.obj
 0003:00000cac       $SG19071                   0042dcac     icedemo.obj
 0003:00000cb8       $SG19075                   0042dcb8     icedemo.obj
 0003:00000cd4       $SG19076                   0042dcd4     icedemo.obj
 0003:00000ce0       $SG19079                   0042dce0     icedemo.obj
 0003:00000cf4       $SG19081                   0042dcf4     icedemo.obj
 0003:00000d00       $SG19082                   0042dd00     icedemo.obj
 0003:00000d0c       $SG19087                   0042dd0c     icedemo.obj
 0003:00000d40       $SG17039                   0042dd40     icedemo.obj
 0003:00000d50       $SG19089                   0042dd50     icedemo.obj
 0003:00000e20       $SG19090                   0042de20     icedemo.obj
 0003:000010cc       $SG19092                   0042e0cc     icedemo.obj
 0003:000010ec       $SG19145                   0042e0ec     icedemo.obj
 0003:000010f0       $SG19098                   0042e0f0     icedemo.obj
 0003:0000113c       $SG19136                   0042e13c     icedemo.obj
 0003:00001144       $SG19150                   0042e144     icedemo.obj
 0003:00001148       $SG19099                   0042e148     icedemo.obj
 0003:00001194       $SG19144                   0042e194     icedemo.obj
 0003:0000119c       $SG19149                   0042e19c     icedemo.obj
 0003:000011a4       $SG19155                   0042e1a4     icedemo.obj
 0003:000011a8       $SG19100                   0042e1a8     icedemo.obj
 0003:000011f4       $SG19163                   0042e1f4     icedemo.obj
 0003:000011f8       $SG19101                   0042e1f8     icedemo.obj
 0003:00001244       $SG19168                   0042e244     icedemo.obj
 0003:00001248       $SG19102                   0042e248     icedemo.obj
 0003:00001294       $SG19172                   0042e294     icedemo.obj
 0003:0000129c       $SG19173                   0042e29c     icedemo.obj
 0003:000012a0       $SG19103                   0042e2a0     icedemo.obj
 0003:000012ec       $SG19177                   0042e2ec     icedemo.obj
 0003:000012f4       $SG19178                   0042e2f4     icedemo.obj
 0003:000012f8       $SG19104                   0042e2f8     icedemo.obj
 0003:00001344       $SG19183                   0042e344     icedemo.obj
 0003:00001348       $SG19105                   0042e348     icedemo.obj
 0003:00001394       $SG19188                   0042e394     icedemo.obj
 0003:000013a0       $SG19106                   0042e3a0     icedemo.obj
 0003:000013ec       $SG19195                   0042e3ec     icedemo.obj
 0003:000013f0       $SG19107                   0042e3f0     icedemo.obj
 0003:0000143c       $SG19200                   0042e43c     icedemo.obj
 0003:00001440       $SG19108                   0042e440     icedemo.obj
 0003:0000148c       $SG19201                   0042e48c     icedemo.obj
 0003:000014a4       $SG19204                   0042e4a4     icedemo.obj
 0003:000014bc       $SG19205                   0042e4bc     icedemo.obj
 0003:000014d8       $SG19109                   0042e4d8     icedemo.obj
 0003:00001524       $SG19207                   0042e524     icedemo.obj
 0003:00001538       $SG19110                   0042e538     icedemo.obj
 0003:00001584       $SG19208                   0042e584     icedemo.obj
 0003:000015bc       $SG19213                   0042e5bc     icedemo.obj
 0003:000015f0       $SG19111                   0042e5f0     icedemo.obj
 0003:0000163c       $SG19210                   0042e63c     icedemo.obj
 0003:00001664       $SG19214                   0042e664     icedemo.obj
 0003:00001694       $SG19244                   0042e694     icedemo.obj
 0003:000016a0       $SG19112                   0042e6a0     icedemo.obj
 0003:000016ec       $SG19135                   0042e6ec     icedemo.obj
 0003:000016f4       $SG19154                   0042e6f4     icedemo.obj
 0003:000016fc       $SG19158                   0042e6fc     icedemo.obj
 0003:00001714       $SG19162                   0042e714     icedemo.obj
 0003:0000171c       $SG19167                   0042e71c     icedemo.obj
 0003:00001724       $SG19182                   0042e724     icedemo.obj
 0003:0000172c       $SG19187                   0042e72c     icedemo.obj
 0003:0000174c       $SG19194                   0042e74c     icedemo.obj
 0003:00001754       $SG19199                   0042e754     icedemo.obj
 0003:0000175c       $SG19216                   0042e75c     icedemo.obj
 0003:00001774       $SG19219                   0042e774     icedemo.obj
 0003:000017b4       $SG19245                   0042e7b4     icedemo.obj
 0003:000017c0       $SG19209                   0042e7c0     icedemo.obj
 0003:00001804       $SG19246                   0042e804     icedemo.obj
 0003:00001810       $SG19211                   0042e810     icedemo.obj
 0003:00001854       $SG19224                   0042e854     icedemo.obj
 0003:00001894       $SG19247                   0042e894     icedemo.obj
 0003:000018a0       $SG19212                   0042e8a0     icedemo.obj
 0003:000018e8       $SG19217                   0042e8e8     icedemo.obj
 0003:00001938       $SG19218                   0042e938     icedemo.obj
 0003:00001984       $SG19221                   0042e984     icedemo.obj
 0003:0000199c       $SG19248                   0042e99c     icedemo.obj
 0003:000019a8       $SG19222                   0042e9a8     icedemo.obj
 0003:000019f8       $SG19223                   0042e9f8     icedemo.obj
 0003:00001a44       $SG19225                   0042ea44     icedemo.obj
 0003:00001a84       $SG19249                   0042ea84     icedemo.obj
 0003:00001a90       $SG19226                   0042ea90     icedemo.obj
 0003:00001ad8       $SG19227                   0042ead8     icedemo.obj
 0003:00001b1c       $SG19252                   0042eb1c     icedemo.obj
 0003:00001b28       $SG19228                   0042eb28     icedemo.obj
 0003:00001b70       $SG19250                   0042eb70     icedemo.obj
 0003:00001b78       $SG19251                   0042eb78     icedemo.obj
 0003:00001b80       $SG19253                   0042eb80     icedemo.obj
 0003:00001b8c       $SG19254                   0042eb8c     icedemo.obj
 0003:00001b98       $SG19255                   0042eb98     icedemo.obj
 0003:00001ba4       $SG19256                   0042eba4     icedemo.obj
 0003:00001bb0       $SG19257                   0042ebb0     icedemo.obj
 0003:00001bbc       $SG19258                   0042ebbc     icedemo.obj
 0003:00001bcc       $SG19259                   0042ebcc     icedemo.obj
 0003:00001bdc       $SG19260                   0042ebdc     icedemo.obj
 0003:00001bec       $SG19261                   0042ebec     icedemo.obj
 0003:00001bfc       $SG19262                   0042ebfc     icedemo.obj
 0003:00001c10       $SG19263                   0042ec10     icedemo.obj
 0003:00001c24       $SG19264                   0042ec24     icedemo.obj
 0003:00001c2c       $SG19265                   0042ec2c     icedemo.obj
 0003:00001c34       $SG19266                   0042ec34     icedemo.obj
 0003:00001c40       $SG19267                   0042ec40     icedemo.obj
 0003:00001c4c       $SG19268                   0042ec4c     icedemo.obj
 0003:00001c64       $SG19272                   0042ec64     icedemo.obj
 0003:00001c84       $SG19285                   0042ec84     icedemo.obj
 0003:00001cb4       $SG19287                   0042ecb4     icedemo.obj
 0003:00001cc0       $SG18412                   0042ecc0     icedemo.obj
 0003:00001cc8       $SG18413                   0042ecc8     icedemo.obj
 0003:00001cd4       $SG18426                   0042ecd4     icedemo.obj
 0003:00001ce4       $SG18427                   0042ece4     icedemo.obj
 0003:00001cf0       _cand_type_prefs           0042ecf0     pjnath-i386-win32-vc14-release:ice_session.obj
 0003:00001cf4       _cand_type_names           0042ecf4     pjnath-i386-win32-vc14-release:ice_session.obj
 0003:00001d04       _check_state_name          0042ed04     pjnath-i386-win32-vc14-release:ice_session.obj
 0003:00001d18       _clist_state_name          0042ed18     pjnath-i386-win32-vc14-release:ice_session.obj
 0003:00001d24       _role_names                0042ed24     pjnath-i386-win32-vc14-release:ice_session.obj
 0003:00001d30       _srflx_pref_table          0042ed30     pjnath-i386-win32-vc14-release:ice_strans.obj
 0003:00001d38       _mandatory_attr_desc       0042ed38     pjnath-i386-win32-vc14-release:stun_msg.obj
 0003:00002058       _extended_attr_desc        0042f058     pjnath-i386-win32-vc14-release:stun_msg.obj
 0003:000020f8       _stun_err_msg_map          0042f0f8     pjnath-i386-win32-vc14-release:stun_msg.obj
 0003:00002188       _stun_method_names         0042f188     pjnath-i386-win32-vc14-release:stun_msg.obj
 0003:000021b0       _tsx_cb                    0042f1b0     pjnath-i386-win32-vc14-release:stun_session.obj
 0003:000021bc       _state_names               0042f1bc     pjnath-i386-win32-vc14-release:turn_session.obj
 0003:000021e4       _state_names               0042f1e4     pjlib-util-i386-win32-vc14-release:resolver.obj
 0003:000021f4       _id                        0042f1f4     pjlib-i386-win32-vc14-release:config.obj
 0003:000021f8       _thread_tls_id             0042f1f8     pjlib-i386-win32-vc14-release:os_core_win32.obj
 0003:000021fc       _thread_suspended_tls_id   0042f1fc     pjlib-i386-win32-vc14-release:log.obj
 0003:00002200       _thread_indent_tls_id      0042f200     pjlib-i386-win32-vc14-release:log.obj
 0003:00002204       _pj_log_max_level          0042f204     pjlib-i386-win32-vc14-release:log.obj
 0003:00002208       _log_writer                0042f208     pjlib-i386-win32-vc14-release:log.obj
 0003:0000220c       _log_decor                 0042f20c     pjlib-i386-win32-vc14-release:log.obj
 0003:00002210       _PJ_LOG_COLOR_0            0042f210     pjlib-i386-win32-vc14-release:log.obj
 0003:00002214       _PJ_LOG_COLOR_1            0042f214     pjlib-i386-win32-vc14-release:log.obj
 0003:00002218       _PJ_LOG_COLOR_2            0042f218     pjlib-i386-win32-vc14-release:log.obj
 0003:0000221c       _PJ_LOG_COLOR_3            0042f21c     pjlib-i386-win32-vc14-release:log.obj
 0003:00002220       _PJ_LOG_COLOR_4            0042f220     pjlib-i386-win32-vc14-release:log.obj
 0003:00002224       _PJ_LOG_COLOR_5            0042f224     pjlib-i386-win32-vc14-release:log.obj
 0003:00002228       _PJ_LOG_COLOR_6            0042f228     pjlib-i386-win32-vc14-release:log.obj
 0003:0000222c       _PJ_LOG_COLOR_77           0042f22c     pjlib-i386-win32-vc14-release:log.obj
 0003:00002230       ?ltexts@?2??pj_log@@9@9    0042f230     pjlib-i386-win32-vc14-release:log.obj
 0003:0000224c       ?wdays@?3??pj_log@@9@9     0042f24c     pjlib-i386-win32-vc14-release:log.obj
 0003:00002268       _pool_sizes                0042f268     pjlib-i386-win32-vc14-release:pool_caching.obj
 0003:000022a8       _mutex_lock_template       0042f2a8     pjlib-i386-win32-vc14-release:lock.obj
 0003:000022bc       _null_lock_template        0042f2bc     pjlib-i386-win32-vc14-release:lock.obj
 0003:000022d0       _sem_lock_template         0042f2d0     pjlib-i386-win32-vc14-release:lock.obj
 0003:000022e4       _thread_local_id           0042f2e4     pjlib-i386-win32-vc14-release:except.obj
 0003:000022e8       _tls                       0042f2e8     pjlib-i386-win32-vc14-release:pool_buf.obj
 0003:000022ec       ?hex@?1??hex2digit@@9@9    0042f2ec     pjlib-i386-win32-vc14-release:guid_win32.obj
 0003:00002338       $SG18805                   0042f338     icedemo.obj
 0003:00002339       $SG18807                   0042f339     icedemo.obj
 0003:0000233a       $SG19086                   0042f33a     icedemo.obj
 0003:0000233b       $SG19088                   0042f33b     icedemo.obj
 0003:0000233c       $SG19091                   0042f33c     icedemo.obj
 0003:0000233d       $SG19093                   0042f33d     icedemo.obj
 0003:0000233e       $SG19097                   0042f33e     icedemo.obj
 0003:0000233f       $SG19190                   0042f33f     icedemo.obj
 0003:00002340       $SG19206                   0042f340     icedemo.obj
 0003:00002341       $SG19215                   0042f341     icedemo.obj
 0003:00002342       $SG19220                   0042f342     icedemo.obj
 0003:00002343       $SG19229                   0042f343     icedemo.obj
 0003:00002348       _icedemo                   0042f348     icedemo.obj
 0003:00002dc0       ?buffer@?1??icedemo_show_ice@@9@9 0042fdc0     icedemo.obj
 0003:000031a8       _padding_char              004301a8     pjnath-i386-win32-vc14-release:stun_msg.obj
 0003:000031ac       ?pj_stun_tsx_id_counter@?5??pj_stun_msg_init@@9@9 004301ac     pjnath-i386-win32-vc14-release:stun_msg.obj
 0003:000031b4       ___getopt_initialized      004301b4     pjlib-util-i386-win32-vc14-release:getopt.obj
 0003:000031b8       _nextchar                  004301b8     pjlib-util-i386-win32-vc14-release:getopt.obj
 0003:000031bc       _ordering                  004301bc     pjlib-util-i386-win32-vc14-release:getopt.obj
 0003:000031c0       _posixly_correct           004301c0     pjlib-util-i386-win32-vc14-release:getopt.obj
 0003:000031c4       _first_nonopt              004301c4     pjlib-util-i386-win32-vc14-release:getopt.obj
 0003:000031c8       _last_nonopt               004301c8     pjlib-util-i386-win32-vc14-release:getopt.obj
 0003:000031d0       _initialized               004301d0     pjlib-i386-win32-vc14-release:os_core_win32.obj
 0003:000031d4       _atexit_count              004301d4     pjlib-i386-win32-vc14-release:os_core_win32.obj
 0003:000031d8       _main_thread               004301d8     pjlib-i386-win32-vc14-release:os_core_win32.obj
 0003:000032d8       _critical_section_mutex    004302d8     pjlib-i386-win32-vc14-release:os_core_win32.obj
 0003:00003310       _atexit_func               00430310     pjlib-i386-win32-vc14-release:os_core_win32.obj
 0003:00003390       _err_msg_hnd_cnt           00430390     pjlib-i386-win32-vc14-release:errno.obj
 0003:00003398       _err_msg_hnd               00430398     pjlib-i386-win32-vc14-release:errno.obj
 0003:00003410       _g_last_thread             00430410     pjlib-i386-win32-vc14-release:log.obj
 0003:00003418       ?buf@?1??pj_gethostname@@9@9 00430418     pjlib-i386-win32-vc14-release:sock_bsd.obj
 0003:00003498       ?hostname@?1??pj_gethostname@@9@9 00430498     pjlib-i386-win32-vc14-release:sock_bsd.obj
 0003:000034a0       _base_time                 004304a0     pjlib-i386-win32-vc14-release:os_time_win32.obj
 0003:000034a8       _s_hDLL                    004304a8     pjlib-i386-win32-vc14-release:ip_helper_win32.obj
 0003:000034ac       _s_pfnGetIpAddrTable       004304ac     pjlib-i386-win32-vc14-release:ip_helper_win32.obj
 0003:000034b0       _s_pfnGetAdapterAddresses  004304b0     pjlib-i386-win32-vc14-release:ip_helper_win32.obj
 0003:000034b4       _s_pfnGetIpForwardTable    004304b4     pjlib-i386-win32-vc14-release:ip_helper_win32.obj
 0003:000034b8       _s_pfnGetIfEntry           004304b8     pjlib-i386-win32-vc14-release:ip_helper_win32.obj
 0003:000034c0       _exception_id_names        004304c0     pjlib-i386-win32-vc14-release:except.obj
 0003:00003500       ?unknown_name@?1??pj_exception_id_name@@9@9 00430500     pjlib-i386-win32-vc14-release:except.obj
 0003:00003520       _stack_based_factory       00430520     pjlib-i386-win32-vc14-release:pool_buf.obj
 0003:00003544       _is_initialized            00430544     pjlib-i386-win32-vc14-release:pool_buf.obj
 0003:00003548       _GS_ExceptionRecord        00430548     MSVCRT:gs_report.obj
 0003:00003598       _GS_ContextRecord          00430598     MSVCRT:gs_report.obj
 0003:00003874       ?module_local_atexit_table@@3U_onexit_table_t@@A 00430874     MSVCRT:utility.obj
 0003:00003880       ?module_local_at_quick_exit_table@@3U_onexit_table_t@@A 00430880     MSVCRT:utility.obj
 0003:0000388c       ?module_local_atexit_table_initialized@@3_NA 0043088c     MSVCRT:utility.obj
 0003:0000388d       ?is_initialized_as_dll@@3_NA 0043088d     MSVCRT:utility.obj
