 recfile

 Timestamp is 5abb9901 (Wed Mar 28 21:30:41 2018)

 Preferred load address is 00400000

 Start         Length     Name                   Class
 0001:00000000 00021256H .text$mn                CODE
 0002:00000000 00000250H .idata$5                DATA
 0002:00000250 00000004H .00cfg                  DATA
 0002:00000254 00000004H .CRT$XCA                DATA
 0002:00000258 00000004H .CRT$XCAA               DATA
 0002:0000025c 00000004H .CRT$XCZ                DATA
 0002:00000260 00000004H .CRT$XIA                DATA
 0002:00000264 00000004H .CRT$XIAA               DATA
 0002:00000268 00000004H .CRT$XIAC               DATA
 0002:0000026c 00000004H .CRT$XIZ                DATA
 0002:00000270 00000004H .CRT$XPA                DATA
 0002:00000274 00000004H .CRT$XPZ                DATA
 0002:00000278 00000004H .CRT$XTA                DATA
 0002:0000027c 00000004H .CRT$XTZ                DATA
 0002:00000280 00000000H .gfids$y                DATA
 0002:00000280 0000fc60H .rdata                  DATA
 0002:0000fee0 00000004H .rdata$sxdata           DATA
 0002:0000fee4 0000023cH .rdata$zzzdbg           DATA
 0002:00010120 00000004H .rtc$IAA                DATA
 0002:00010124 00000004H .rtc$IZZ                DATA
 0002:00010128 00000004H .rtc$TAA                DATA
 0002:0001012c 00000004H .rtc$TZZ                DATA
 0002:00010130 0000003cH .xdata$x                DATA
 0002:0001016c 00000000H .edata                  DATA
 0002:0001016c 000000f0H .idata$2                DATA
 0002:0001025c 00000014H .idata$3                DATA
 0002:00010270 00000250H .idata$4                DATA
 0002:000104c0 000009ceH .idata$6                DATA
 0003:00000000 00000a40H .data                   DATA
 0003:00000a40 00001450H .bss                    DATA
 0004:00000000 000005e0H _RDATA                  DATA

  Address         Publics by Value              Rva+Base       Lib:Object

 0000:00000000       ___guard_longjmp_count     00000000     <absolute>
 0000:00000000       ___enclave_config          00000000     <absolute>
 0000:00000000       ___guard_longjmp_table     00000000     <absolute>
 0000:00000000       ___hybrid_code_map         00000000     <absolute>
 0000:00000000       ___guard_fids_count        00000000     <absolute>
 0000:00000000       ___guard_iat_table         00000000     <absolute>
 0000:00000000       ___guard_iat_count         00000000     <absolute>
 0000:00000000       ___hybrid_auxiliary_iat    00000000     <absolute>
 0000:00000000       ___guard_fids_table        00000000     <absolute>
 0000:00000000       ___dynamic_value_reloc_table 00000000     <absolute>
 0000:00000000       ___hybrid_code_map_count   00000000     <absolute>
 0000:00000001       ___safe_se_handler_count   00000001     <absolute>
 0000:00000100       ___guard_flags             00000100     <absolute>
 0000:00000000       ___ImageBase               00400000     <linker-defined>
 0001:00000170       _main                      00401170 f   recfile.obj
 0001:000003d0       ___local_stdio_printf_options 004013d0 f i recfile.obj
 0001:000003e0       _printf                    004013e0 f i recfile.obj
 0001:00000410       _pjmedia_aud_subsys_init   00401410 f   pjmedia-audiodev-i386-win32-vc14-release:audiodev.obj
 0001:000004b0       _pjmedia_aud_subsys_shutdown 004014b0 f   pjmedia-audiodev-i386-win32-vc14-release:audiodev.obj
 0001:000004f0       __snprintf                 004014f0 f i pjmedia-audiodev-i386-win32-vc14-release:errno.obj
 0001:00000530       _pjmedia_audiodev_strerror 00401530 f   pjmedia-audiodev-i386-win32-vc14-release:errno.obj
 0001:000018e0       _pjmedia_wmme_factory      004028e0 f   pjmedia-audiodev-i386-win32-vc14-release:wmme_dev.obj
 0001:00001e30       _pjmedia_port_destroy      00402e30 f   pjmedia-i386-win32-vc14-release:port.obj
 0001:00001e60       _pjmedia_port_get_frame    00402e60 f   pjmedia-i386-win32-vc14-release:port.obj
 0001:00001ea0       _pjmedia_port_info_init    00402ea0 f   pjmedia-i386-win32-vc14-release:port.obj
 0001:00001f30       _pjmedia_port_put_frame    00402f30 f   pjmedia-i386-win32-vc14-release:port.obj
 0001:00001f60       _pjmedia_endpt_create2     00402f60 f   pjmedia-i386-win32-vc14-release:endpoint.obj
 0001:00002130       _pjmedia_endpt_destroy2    00403130 f   pjmedia-i386-win32-vc14-release:endpoint.obj
 0001:000021f0       _sprintf                   004031f0 f i pjmedia-i386-win32-vc14-release:endpoint.obj
 0001:00002280       _pjmedia_snd_port_connect  00403280 f   pjmedia-i386-win32-vc14-release:sound_port.obj
 0001:00002340       _pjmedia_snd_port_create2  00403340 f   pjmedia-i386-win32-vc14-release:sound_port.obj
 0001:000024b0       _pjmedia_snd_port_create_rec 004034b0 f   pjmedia-i386-win32-vc14-release:sound_port.obj
 0001:00002560       _pjmedia_snd_port_destroy  00403560 f   pjmedia-i386-win32-vc14-release:sound_port.obj
 0001:000025c0       _pjmedia_snd_port_set_ec   004035c0 f   pjmedia-i386-win32-vc14-release:sound_port.obj
 0001:00002ef0       _pjmedia_wav_writer_port_create 00403ef0 f   pjmedia-i386-win32-vc14-release:wav_writer.obj
 0001:00003320       _pjmedia_aud_dev_default_param 00404320 f   pjmedia-i386-win32-vc14-release:audiodev.obj
 0001:000033a0       _pjmedia_aud_dev_get_info  004043a0 f   pjmedia-i386-win32-vc14-release:audiodev.obj
 0001:00003400       _pjmedia_aud_driver_deinit 00404400 f   pjmedia-i386-win32-vc14-release:audiodev.obj
 0001:00003460       _pjmedia_aud_driver_init   00404460 f   pjmedia-i386-win32-vc14-release:audiodev.obj
 0001:000036e0       _pjmedia_aud_stream_create 004046e0 f   pjmedia-i386-win32-vc14-release:audiodev.obj
 0001:00003890       _pjmedia_aud_stream_destroy 00404890 f   pjmedia-i386-win32-vc14-release:audiodev.obj
 0001:000038b0       _pjmedia_aud_stream_get_cap 004048b0 f   pjmedia-i386-win32-vc14-release:audiodev.obj
 0001:000038d0       _pjmedia_aud_stream_get_param 004048d0 f   pjmedia-i386-win32-vc14-release:audiodev.obj
 0001:00003930       _pjmedia_aud_stream_set_cap 00404930 f   pjmedia-i386-win32-vc14-release:audiodev.obj
 0001:00003950       _pjmedia_aud_stream_start  00404950 f   pjmedia-i386-win32-vc14-release:audiodev.obj
 0001:00003970       _pjmedia_aud_stream_stop   00404970 f   pjmedia-i386-win32-vc14-release:audiodev.obj
 0001:00003990       _pjmedia_get_aud_subsys    00404990 f   pjmedia-i386-win32-vc14-release:audiodev.obj
 0001:000039a0       _pjmedia_format_get_audio_format_detail 004049a0 f   pjmedia-i386-win32-vc14-release:format.obj
 0001:000039c0       _pjmedia_codec_mgr_destroy 004049c0 f   pjmedia-i386-win32-vc14-release:codec.obj
 0001:00003a50       _pjmedia_codec_mgr_init    00404a50 f   pjmedia-i386-win32-vc14-release:codec.obj
 0001:00003ac0       _pjmedia_sdp_attr_create   00404ac0 f   pjmedia-i386-win32-vc14-release:sdp.obj
 0001:00003b20       _pjmedia_sdp_attr_find     00404b20 f   pjmedia-i386-win32-vc14-release:sdp.obj
 0001:00003bb0       _pjmedia_sdp_media_deactivate 00404bb0 f   pjmedia-i386-win32-vc14-release:sdp.obj
 0001:00003be0       _pjmedia_sdp_media_find_attr 00404be0 f   pjmedia-i386-win32-vc14-release:sdp.obj
 0001:00003c10       _pjmedia_strerror          00404c10 f   pjmedia-i386-win32-vc14-release:errno.obj
 0001:00003d30       _pjmedia_clock_src_init    00404d30 f   pjmedia-i386-win32-vc14-release:clock_thread.obj
 0001:00003d70       _pjmedia_clock_src_update  00404d70 f   pjmedia-i386-win32-vc14-release:clock_thread.obj
 0001:00003db0       _pjmedia_echo_capture      00404db0 f   pjmedia-i386-win32-vc14-release:echo_common.obj
 0001:00003e70       _pjmedia_echo_create2      00404e70 f   pjmedia-i386-win32-vc14-release:echo_common.obj
 0001:00004030       _pjmedia_echo_destroy      00405030 f   pjmedia-i386-win32-vc14-release:echo_common.obj
 0001:00004070       _pjmedia_echo_playback     00405070 f   pjmedia-i386-win32-vc14-release:echo_common.obj
 0001:00004120       __initialize_denormal_control 00405120 f   MSVCRT:denormal_control.obj
 0001:00004120       _pjmedia_wave_hdr_host_to_file 00405120 f   pjmedia-i386-win32-vc14-release:wave.obj
 0001:00004120       @_guard_check_icall_nop@4  00405120 f   MSVCRT:guard_support.obj
 0001:00004120       __initialize_invalid_parameter_handler 00405120 f   MSVCRT:invalid_parameter_handler.obj
 0001:00005860       __matherr                  00406860 f   MSVCRT:matherr.obj
 0001:00005860       _srtp_ekt_stream_init_from_policy 00406860 f   libsrtp-i386-win32-vc14-release:ekt.obj
 0001:00005860       ___scrt_initialize_winrt   00406860 f   MSVCRT:utility_desktop.obj
 0001:00005860       __get_startup_new_mode     00406860 f   MSVCRT:new_mode.obj
 0001:00005860       __get_startup_thread_locale_mode 00406860 f   MSVCRT:thread_locale.obj
 0001:00005860       _echo_supp_destroy         00406860 f   pjmedia-i386-win32-vc14-release:echo_suppress.obj
 0001:00005860       __get_startup_commit_mode  00406860 f   MSVCRT:commit_mode.obj
 0001:00005860       _pjmedia_wsola_destroy     00406860 f   pjmedia-i386-win32-vc14-release:wsola.obj
 0001:00005ec0       _get_libsrtp_errstr        00406ec0 f   pjmedia-i386-win32-vc14-release:transport_srtp.obj
 0001:00006190       _pjmedia_transport_srtp_start 00407190 f   pjmedia-i386-win32-vc14-release:transport_srtp.obj
 0001:00006830       _pjmedia_transport_srtp_stop 00407830 f   pjmedia-i386-win32-vc14-release:transport_srtp.obj
 0001:00006cc0       _echo_supp_cancel_echo     00407cc0 f   pjmedia-i386-win32-vc14-release:echo_suppress.obj
 0001:00007040       _echo_supp_create          00408040 f   pjmedia-i386-win32-vc14-release:echo_suppress.obj
 0001:00007210       _echo_supp_reset           00408210 f   pjmedia-i386-win32-vc14-release:echo_suppress.obj
 0001:00007950       _speex_aec_cancel_echo     00408950 f   pjmedia-i386-win32-vc14-release:echo_speex.obj
 0001:000079b0       _speex_aec_capture         004089b0 f   pjmedia-i386-win32-vc14-release:echo_speex.obj
 0001:00007a00       _speex_aec_create          00408a00 f   pjmedia-i386-win32-vc14-release:echo_speex.obj
 0001:00007b20       _speex_aec_destroy         00408b20 f   pjmedia-i386-win32-vc14-release:echo_speex.obj
 0001:00007b70       _speex_aec_playback        00408b70 f   pjmedia-i386-win32-vc14-release:echo_speex.obj
 0001:00007ba0       _speex_aec_reset           00408ba0 f   pjmedia-i386-win32-vc14-release:echo_speex.obj
 0001:00007db0       _pjmedia_delay_buf_create  00408db0 f   pjmedia-i386-win32-vc14-release:delaybuf.obj
 0001:00007f10       _pjmedia_delay_buf_destroy 00408f10 f   pjmedia-i386-win32-vc14-release:delaybuf.obj
 0001:00007f70       _pjmedia_delay_buf_get     00408f70 f   pjmedia-i386-win32-vc14-release:delaybuf.obj
 0001:000080b0       _pjmedia_delay_buf_put     004090b0 f   pjmedia-i386-win32-vc14-release:delaybuf.obj
 0001:00008340       _pjmedia_calc_avg_signal   00409340 f   pjmedia-i386-win32-vc14-release:silencedet.obj
 0001:00008da0       _pjmedia_wsola_create      00409da0 f   pjmedia-i386-win32-vc14-release:wsola.obj
 0001:00008f80       _pjmedia_wsola_discard     00409f80 f   pjmedia-i386-win32-vc14-release:wsola.obj
 0001:000091c0       _pjmedia_wsola_generate    0040a1c0 f   pjmedia-i386-win32-vc14-release:wsola.obj
 0001:00009290       _pjmedia_wsola_save        0040a290 f   pjmedia-i386-win32-vc14-release:wsola.obj
 0001:00009720       _pj_base64_decode          0040a720 f   pjlib-util-i386-win32-vc14-release:base64.obj
 0001:00009910       _pj_base64_encode          0040a910 f   pjlib-util-i386-win32-vc14-release:base64.obj
 0001:00009b20       _pj_atexit                 0040ab20 f   pjlib-i386-win32-vc14-release:os_core_win32.obj
 0001:00009b50       _pj_atomic_dec_and_get     0040ab50 f   pjlib-i386-win32-vc14-release:os_core_win32.obj
 0001:00009ba0       _pj_atomic_destroy         0040aba0 f   pjlib-i386-win32-vc14-release:os_core_win32.obj
 0001:00009bc0       _pj_atomic_inc             0040abc0 f   pjlib-i386-win32-vc14-release:os_core_win32.obj
 0001:00009c10       _pj_enter_critical_section 0040ac10 f   pjlib-i386-win32-vc14-release:os_core_win32.obj
 0001:00009c70       _pj_init                   0040ac70 f   pjlib-i386-win32-vc14-release:os_core_win32.obj
 0001:00009e90       _pj_leave_critical_section 0040ae90 f   pjlib-i386-win32-vc14-release:os_core_win32.obj
 0001:00009ef0       _pj_mutex_create           0040aef0 f   pjlib-i386-win32-vc14-release:os_core_win32.obj
 0001:00009f40       _pj_mutex_create_simple    0040af40 f   pjlib-i386-win32-vc14-release:os_core_win32.obj
 0001:00009f40       _pj_mutex_create_recursive 0040af40 f   pjlib-i386-win32-vc14-release:os_core_win32.obj
 0001:00009f90       _pj_mutex_destroy          0040af90 f   pjlib-i386-win32-vc14-release:os_core_win32.obj
 0001:0000a000       _pj_mutex_lock             0040b000 f   pjlib-i386-win32-vc14-release:os_core_win32.obj
 0001:0000a070       _pj_mutex_trylock          0040b070 f   pjlib-i386-win32-vc14-release:os_core_win32.obj
 0001:0000a0f0       _pj_mutex_unlock           0040b0f0 f   pjlib-i386-win32-vc14-release:os_core_win32.obj
 0001:0000a160       _pj_sem_destroy            0040b160 f   pjlib-i386-win32-vc14-release:os_core_win32.obj
 0001:0000a1f0       _pj_sem_post               0040b1f0 f   pjlib-i386-win32-vc14-release:os_core_win32.obj
 0001:0000a290       _pj_sem_trywait            0040b290 f   pjlib-i386-win32-vc14-release:os_core_win32.obj
 0001:0000a2f0       _pj_sem_wait               0040b2f0 f   pjlib-i386-win32-vc14-release:os_core_win32.obj
 0001:0000a400       _pj_shutdown               0040b400 f   pjlib-i386-win32-vc14-release:os_core_win32.obj
 0001:0000a540       _pj_term_set_color         0040b540 f   pjlib-i386-win32-vc14-release:os_core_win32.obj
 0001:0000a610       _pj_thread_check_stack     0040b610 f   pjlib-i386-win32-vc14-release:os_core_win32.obj
 0001:0000a660       _pj_thread_create          0040b660 f   pjlib-i386-win32-vc14-release:os_core_win32.obj
 0001:0000a7b0       _pj_thread_destroy         0040b7b0 f   pjlib-i386-win32-vc14-release:os_core_win32.obj
 0001:0000a840       _pj_thread_get_name        0040b840 f   pjlib-i386-win32-vc14-release:os_core_win32.obj
 0001:0000a890       _pj_thread_join            0040b890 f   pjlib-i386-win32-vc14-release:os_core_win32.obj
 0001:0000a950       _pj_thread_local_alloc     0040b950 f   pjlib-i386-win32-vc14-release:os_core_win32.obj
 0001:0000a9a0       _pj_thread_local_free      0040b9a0 f   pjlib-i386-win32-vc14-release:os_core_win32.obj
 0001:0000a9f0       _pj_thread_local_get       0040b9f0 f   pjlib-i386-win32-vc14-release:os_core_win32.obj
 0001:0000aa00       _pj_thread_local_set       0040ba00 f   pjlib-i386-win32-vc14-release:os_core_win32.obj
 0001:0000aa40       _pj_thread_sleep           0040ba40 f   pjlib-i386-win32-vc14-release:os_core_win32.obj
 0001:0000aa90       _pj_thread_this            0040ba90 f   pjlib-i386-win32-vc14-release:os_core_win32.obj
 0001:0000ab20       _pj_errno_clear_handlers   0040bb20 f   pjlib-i386-win32-vc14-release:errno.obj
 0001:0000ab40       _pj_register_strerror      0040bb40 f   pjlib-i386-win32-vc14-release:errno.obj
 0001:0000ac20       _pj_strerror               0040bc20 f   pjlib-i386-win32-vc14-release:errno.obj
 0001:0000ad60       _pj_pool_alloc             0040bd60 f   pjlib-i386-win32-vc14-release:pool.obj
 0001:0000aed0       _pj_pool_calloc            0040bed0 f   pjlib-i386-win32-vc14-release:pool.obj
 0001:0000af00       _pj_pool_create            0040bf00 f   pjlib-i386-win32-vc14-release:pool.obj
 0001:0000af10       _pj_pool_create_int        0040bf10 f   pjlib-i386-win32-vc14-release:pool.obj
 0001:0000b020       _pj_pool_destroy_int       0040c020 f   pjlib-i386-win32-vc14-release:pool.obj
 0001:0000b060       _pj_pool_get_capacity      0040c060 f   pjlib-i386-win32-vc14-release:pool.obj
 0001:0000b070       _pj_pool_get_used_size     0040c070 f   pjlib-i386-win32-vc14-release:pool.obj
 0001:0000b0a0       _pj_pool_getobjname        0040c0a0 f   pjlib-i386-win32-vc14-release:pool.obj
 0001:0000b0b0       _pj_pool_init_int          0040c0b0 f   pjlib-i386-win32-vc14-release:pool.obj
 0001:0000b120       _pj_pool_release           0040c120 f   pjlib-i386-win32-vc14-release:pool.obj
 0001:0000b140       _pj_pool_reset             0040c140 f   pjlib-i386-win32-vc14-release:pool.obj
 0001:0000b550       _pj_caching_pool_destroy   0040c550 f   pjlib-i386-win32-vc14-release:pool_caching.obj
 0001:0000b630       _pj_caching_pool_init      0040c630 f   pjlib-i386-win32-vc14-release:pool_caching.obj
 0001:0000b7b0       _pj_str                    0040c7b0 f   pjlib-i386-win32-vc14-release:string.obj
 0001:0000b7d0       _pj_strcmp                 0040c7d0 f   pjlib-i386-win32-vc14-release:string.obj
 0001:0000b880       _pj_strdup                 0040c880 f   pjlib-i386-win32-vc14-release:string.obj
 0001:0000b8c0       _pj_strdup2                0040c8c0 f   pjlib-i386-win32-vc14-release:string.obj
 0001:0000b920       _pj_strdup_with_null       0040c920 f   pjlib-i386-win32-vc14-release:string.obj
 0001:0000b970       _pj_stricmp                0040c970 f   pjlib-i386-win32-vc14-release:string.obj
 0001:0000b9d0       _pj_stricmp2               0040c9d0 f   pjlib-i386-win32-vc14-release:string.obj
 0001:0000ba40       _pj_strncpy_with_null      0040ca40 f   pjlib-i386-win32-vc14-release:string.obj
 0001:0000ba80       _pj_strtok                 0040ca80 f   pjlib-i386-win32-vc14-release:string.obj
 0001:0000bb70       _pj_strtoul                0040cb70 f   pjlib-i386-win32-vc14-release:string.obj
 0001:0000bbd0       _pj_strtoul2               0040cbd0 f   pjlib-i386-win32-vc14-release:string.obj
 0001:0000bc80       _pj_utoa                   0040cc80 f   pjlib-i386-win32-vc14-release:string.obj
 0001:0000bd00       _pj_utoa_pad               0040cd00 f   pjlib-i386-win32-vc14-release:string.obj
 0001:0000bda0       _pj_get_netos_error        0040cda0 f   pjlib-i386-win32-vc14-release:os_error_win32.obj
 0001:0000bdc0       _pj_get_os_error           0040cdc0 f   pjlib-i386-win32-vc14-release:os_error_win32.obj
 0001:0000bde0       _platform_strerror         0040cde0 f   pjlib-i386-win32-vc14-release:os_error_win32.obj
 0001:0000bf00       _pj_log                    0040cf00 f   pjlib-i386-win32-vc14-release:log.obj
 0001:0000c400       _pj_log_1                  0040d400 f   pjlib-i386-win32-vc14-release:log.obj
 0001:0000c420       _pj_log_2                  0040d420 f   pjlib-i386-win32-vc14-release:log.obj
 0001:0000c440       _pj_log_3                  0040d440 f   pjlib-i386-win32-vc14-release:log.obj
 0001:0000c460       _pj_log_4                  0040d460 f   pjlib-i386-win32-vc14-release:log.obj
 0001:0000c480       _pj_log_5                  0040d480 f   pjlib-i386-win32-vc14-release:log.obj
 0001:0000c4a0       _pj_log_get_color          0040d4a0 f   pjlib-i386-win32-vc14-release:log.obj
 0001:0000c510       _pj_log_get_decor          0040d510 f   pjlib-i386-win32-vc14-release:log.obj
 0001:0000c520       _pj_log_get_level          0040d520 f   pjlib-i386-win32-vc14-release:log.obj
 0001:0000c530       _pj_log_init               0040d530 f   pjlib-i386-win32-vc14-release:log.obj
 0001:0000c5a0       _pj_gettimeofday           0040d5a0 f   pjlib-i386-win32-vc14-release:os_time_win32.obj
 0001:0000c650       _pj_time_decode            0040d650 f   pjlib-i386-win32-vc14-release:os_time_win32.obj
 0001:0000c700       _pj_list_erase             0040d700 f   pjlib-i386-win32-vc14-release:list.obj
 0001:0000c720       _pj_list_insert_after      0040d720 f   pjlib-i386-win32-vc14-release:list.obj
 0001:0000c740       _pj_list_insert_before     0040d740 f   pjlib-i386-win32-vc14-release:list.obj
 0001:0000c820       _ioqueue_dispatch_exception_event 0040d820 f   pjlib-i386-win32-vc14-release:ioqueue_select.obj
 0001:0000c970       _ioqueue_dispatch_read_event 0040d970 f   pjlib-i386-win32-vc14-release:ioqueue_select.obj
 0001:0000cc10       _ioqueue_dispatch_write_event 0040dc10 f   pjlib-i386-win32-vc14-release:ioqueue_select.obj
 0001:0000cf20       _pj_ioqueue_create         0040df20 f   pjlib-i386-win32-vc14-release:ioqueue_select.obj
 0001:0000d0f0       _pj_ioqueue_destroy        0040e0f0 f   pjlib-i386-win32-vc14-release:ioqueue_select.obj
 0001:0000d1b0       _pj_ioqueue_poll           0040e1b0 f   pjlib-i386-win32-vc14-release:ioqueue_select.obj
 0001:0000d570       _pj_ntohl                  0040e570 f   pjlib-i386-win32-vc14-release:sock_bsd.obj
 0001:0000d580       _pj_ntohs                  0040e580 f   pjlib-i386-win32-vc14-release:sock_bsd.obj
 0001:0000d590       _pj_sock_accept            0040e590 f   pjlib-i386-win32-vc14-release:sock_bsd.obj
 0001:0000d600       _pj_sock_getsockname       0040e600 f   pjlib-i386-win32-vc14-release:sock_bsd.obj
 0001:0000d660       _pj_sock_getsockopt        0040e660 f   pjlib-i386-win32-vc14-release:sock_bsd.obj
 0001:0000d6d0       _pj_sock_recv              0040e6d0 f   pjlib-i386-win32-vc14-release:sock_bsd.obj
 0001:0000d740       _pj_sock_recvfrom          0040e740 f   pjlib-i386-win32-vc14-release:sock_bsd.obj
 0001:0000d7b0       _pj_sock_send              0040e7b0 f   pjlib-i386-win32-vc14-release:sock_bsd.obj
 0001:0000d820       _pj_sock_sendto            0040e820 f   pjlib-i386-win32-vc14-release:sock_bsd.obj
 0001:0000d890       _pj_file_close             0040e890 f   pjlib-i386-win32-vc14-release:file_io_win32.obj
 0001:0000d8d0       _pj_file_getpos            0040e8d0 f   pjlib-i386-win32-vc14-release:file_io_win32.obj
 0001:0000d950       _pj_file_open              0040e950 f   pjlib-i386-win32-vc14-release:file_io_win32.obj
 0001:0000da90       _pj_file_setpos            0040ea90 f   pjlib-i386-win32-vc14-release:file_io_win32.obj
 0001:0000db20       _pj_file_write             0040eb20 f   pjlib-i386-win32-vc14-release:file_io_win32.obj
 0001:0000db80       _pj_array_erase            0040eb80 f   pjlib-i386-win32-vc14-release:array.obj
 0001:0000dbc0       _pj_exception_id_alloc     0040ebc0 f   pjlib-i386-win32-vc14-release:except.obj
 0001:0000dc10       _pj_exception_id_free      0040ec10 f   pjlib-i386-win32-vc14-release:except.obj
 0001:0000dc50       _pj_pop_exception_handler_ 0040ec50 f   pjlib-i386-win32-vc14-release:except.obj
 0001:0000dc80       _pj_throw_exception_       0040ec80 f   pjlib-i386-win32-vc14-release:except.obj
 0001:0000df40       _pj_grp_lock_add_ref       0040ef40 f   pjlib-i386-win32-vc14-release:lock.obj
 0001:0000df60       _pj_grp_lock_dec_ref       0040ef60 f   pjlib-i386-win32-vc14-release:lock.obj
 0001:0000df90       _pj_grp_lock_release       0040ef90 f   pjlib-i386-win32-vc14-release:lock.obj
 0001:0000dfa0       _pj_grp_lock_tryacquire    0040efa0 f   pjlib-i386-win32-vc14-release:lock.obj
 0001:0000dfb0       _pj_lock_acquire           0040efb0 f   pjlib-i386-win32-vc14-release:lock.obj
 0001:0000dfd0       _pj_lock_create_null_mutex 0040efd0 f   pjlib-i386-win32-vc14-release:lock.obj
 0001:0000dff0       _pj_lock_create_recursive_mutex 0040eff0 f   pjlib-i386-win32-vc14-release:lock.obj
 0001:0000e010       _pj_lock_create_simple_mutex 0040f010 f   pjlib-i386-win32-vc14-release:lock.obj
 0001:0000e030       _pj_lock_destroy           0040f030 f   pjlib-i386-win32-vc14-release:lock.obj
 0001:0000e050       _pj_lock_release           0040f050 f   pjlib-i386-win32-vc14-release:lock.obj
 0001:0000e070       _pj_lock_tryacquire        0040f070 f   pjlib-i386-win32-vc14-release:lock.obj
 0001:0000e090       _pj_get_timestamp          0040f090 f   pjlib-i386-win32-vc14-release:os_timestamp_win32.obj
 0001:0000e0f0       _pj_get_timestamp_freq     0040f0f0 f   pjlib-i386-win32-vc14-release:os_timestamp_win32.obj
 0001:0000e150       _pj_gettickcount           0040f150 f   pjlib-i386-win32-vc14-release:os_timestamp_common.obj
 0001:0000e220       _pj_rand                   0040f220 f   pjlib-i386-win32-vc14-release:rand.obj
 0001:0000e250       _pj_generate_unique_string 0040f250 f   pjlib-i386-win32-vc14-release:guid_win32.obj
 0001:0000e300       _pj_pool_create_on_buf     0040f300 f   pjlib-i386-win32-vc14-release:pool_buf.obj
 0001:0000e410       _pj_log_write              0040f410 f   pjlib-i386-win32-vc14-release:log_writer_stdout.obj
 0001:0000e470       _pj_time_val_normalize     0040f470 f   pjlib-i386-win32-vc14-release:types.obj
 0001:0000e500       _PJ_FD_CLR                 0040f500 f   pjlib-i386-win32-vc14-release:sock_select.obj
 0001:0000e580       _PJ_FD_COUNT               0040f580 f   pjlib-i386-win32-vc14-release:sock_select.obj
 0001:0000e580       _srtp_rdb_get_value        0040f580 f   libsrtp-i386-win32-vc14-release:rdb.obj
 0001:0000e590       _PJ_FD_ISSET               0040f590 f   pjlib-i386-win32-vc14-release:sock_select.obj
 0001:0000e5c0       _PJ_FD_ZERO                0040f5c0 f   pjlib-i386-win32-vc14-release:sock_select.obj
 0001:0000e5f0       _pj_sock_select            0040f5f0 f   pjlib-i386-win32-vc14-release:sock_select.obj
 0001:0000ea30       _speex_echo_cancellation   0040fa30 f   libspeex-i386-win32-vc14-release:mdf.obj
 0001:0000fec0       _speex_echo_capture        00410ec0 f   libspeex-i386-win32-vc14-release:mdf.obj
 0001:0000ffb0       _speex_echo_ctl            00410fb0 f   libspeex-i386-win32-vc14-release:mdf.obj
 0001:00010090       _speex_echo_get_residual   00411090 f   libspeex-i386-win32-vc14-release:mdf.obj
 0001:00010320       _speex_echo_playback       00411320 f   libspeex-i386-win32-vc14-release:mdf.obj
 0001:00010420       _speex_echo_state_destroy  00411420 f   libspeex-i386-win32-vc14-release:mdf.obj
 0001:000104d0       _speex_echo_state_init     004114d0 f   libspeex-i386-win32-vc14-release:mdf.obj
 0001:00010a10       _speex_echo_state_reset    00411a10 f   libspeex-i386-win32-vc14-release:mdf.obj
 0001:00011930       _speex_preprocess_ctl      00412930 f   libspeex-i386-win32-vc14-release:preprocess.obj
 0001:00011fc0       _speex_preprocess_run      00412fc0 f   libspeex-i386-win32-vc14-release:preprocess.obj
 0001:000138d0       _speex_preprocess_state_destroy 004148d0 f   libspeex-i386-win32-vc14-release:preprocess.obj
 0001:00013990       _speex_preprocess_state_init 00414990 f   libspeex-i386-win32-vc14-release:preprocess.obj
 0001:00014770       _spx_fft                   00415770 f   libspeex-i386-win32-vc14-release:fftwrap.obj
 0001:00014840       _spx_fft_destroy           00415840 f   libspeex-i386-win32-vc14-release:fftwrap.obj
 0001:00014860       _spx_fft_init              00415860 f   libspeex-i386-win32-vc14-release:fftwrap.obj
 0001:00014890       _spx_ifft                  00415890 f   libspeex-i386-win32-vc14-release:fftwrap.obj
 0001:00014900       _filterbank_compute_bank32 00415900 f   libspeex-i386-win32-vc14-release:filterbank.obj
 0001:00014980       _filterbank_compute_psd16  00415980 f   libspeex-i386-win32-vc14-release:filterbank.obj
 0001:000149d0       _filterbank_destroy        004159d0 f   libspeex-i386-win32-vc14-release:filterbank.obj
 0001:00014a00       _filterbank_new            00415a00 f   libspeex-i386-win32-vc14-release:filterbank.obj
 0001:00017fa0       _spx_drft_backward         00418fa0 f   libspeex-i386-win32-vc14-release:smallft.obj
 0001:00017fd0       _spx_drft_clear            00418fd0 f   libspeex-i386-win32-vc14-release:smallft.obj
 0001:00018010       _spx_drft_forward          00419010 f   libspeex-i386-win32-vc14-release:smallft.obj
 0001:00018040       _spx_drft_init             00419040 f   libspeex-i386-win32-vc14-release:smallft.obj
 0001:00018090       ___local_stdio_scanf_options 00419090 f i libsrtp-i386-win32-vc14-release:srtp.obj
 0001:000180d0       _srtp_add_stream           004190d0 f   libsrtp-i386-win32-vc14-release:srtp.obj
 0001:00018390       _srtp_create               00419390 f   libsrtp-i386-win32-vc14-release:srtp.obj
 0001:00018410       _srtp_crypto_policy_set_aes_cm_256_hmac_sha1_32 00419410 f   libsrtp-i386-win32-vc14-release:srtp.obj
 0001:00018450       _srtp_crypto_policy_set_aes_cm_256_hmac_sha1_80 00419450 f   libsrtp-i386-win32-vc14-release:srtp.obj
 0001:00018490       _srtp_dealloc              00419490 f   libsrtp-i386-win32-vc14-release:srtp.obj
 0001:00018670       _srtp_event_reporter       00419670 f   libsrtp-i386-win32-vc14-release:srtp.obj
 0001:00018810       _srtp_get_session_keys     00419810 f   libsrtp-i386-win32-vc14-release:srtp.obj
 0001:00018920       _srtp_inject_mki           00419920 f   libsrtp-i386-win32-vc14-release:srtp.obj
 0001:00018c80       _srtp_protect              00419c80 f   libsrtp-i386-win32-vc14-release:srtp.obj
 0001:00018fb0       _srtp_protect_mki          00419fb0 f   libsrtp-i386-win32-vc14-release:srtp.obj
 0001:00019560       _srtp_protect_rtcp         0041a560 f   libsrtp-i386-win32-vc14-release:srtp.obj
 0001:000197b0       _srtp_protect_rtcp_mki     0041a7b0 f   libsrtp-i386-win32-vc14-release:srtp.obj
 0001:00019b50       _srtp_stream_alloc         0041ab50 f   libsrtp-i386-win32-vc14-release:srtp.obj
 0001:00019df0       _srtp_stream_clone         0041adf0 f   libsrtp-i386-win32-vc14-release:srtp.obj
 0001:0001a010       _srtp_stream_dealloc       0041b010 f   libsrtp-i386-win32-vc14-release:srtp.obj
 0001:0001a290       _srtp_stream_init          0041b290 f   libsrtp-i386-win32-vc14-release:srtp.obj
 0001:0001a410       _srtp_stream_init_keys     0041b410 f   libsrtp-i386-win32-vc14-release:srtp.obj
 0001:0001acb0       _srtp_unprotect            0041bcb0 f   libsrtp-i386-win32-vc14-release:srtp.obj
 0001:0001afd0       _srtp_unprotect_mki        0041bfd0 f   libsrtp-i386-win32-vc14-release:srtp.obj
 0001:0001b620       _srtp_unprotect_rtcp       0041c620 f   libsrtp-i386-win32-vc14-release:srtp.obj
 0001:0001b8a0       _srtp_unprotect_rtcp_mki   0041c8a0 f   libsrtp-i386-win32-vc14-release:srtp.obj
 0001:0001bd80       _srtp_validate_policy_master_keys 0041cd80 f   libsrtp-i386-win32-vc14-release:srtp.obj
 0001:0001be30       _srtp_crypto_alloc         0041ce30 f   libsrtp-i386-win32-vc14-release:alloc.obj
 0001:0001be90       _srtp_crypto_free          0041ce90 f   libsrtp-i386-win32-vc14-release:alloc.obj
 0001:0001bec0       _bitvector_alloc           0041cec0 f   libsrtp-i386-win32-vc14-release:datatypes.obj
 0001:0001bf20       _bitvector_dealloc         0041cf20 f   libsrtp-i386-win32-vc14-release:datatypes.obj
 0001:0001bf50       _bitvector_left_shift      0041cf50 f   libsrtp-i386-win32-vc14-release:datatypes.obj
 0001:0001c0b0       _bitvector_set_to_zero     0041d0b0 f   libsrtp-i386-win32-vc14-release:datatypes.obj
 0001:0001c0d0       _octet_string_is_eq        0041d0d0 f   libsrtp-i386-win32-vc14-release:datatypes.obj
 0001:0001c1a0       _octet_string_set_to_zero  0041d1a0 f   libsrtp-i386-win32-vc14-release:datatypes.obj
 0001:0001c1c0       _srtp_octet_string_hex_string 0041d1c0 f   libsrtp-i386-win32-vc14-release:datatypes.obj
 0001:0001c260       _v128_copy_octet_string    0041d260 f   libsrtp-i386-win32-vc14-release:datatypes.obj
 0001:0001c2e0       _v128_hex_string           0041d2e0 f   libsrtp-i386-win32-vc14-release:datatypes.obj
 0001:0001c370       _v128_left_shift           0041d370 f   libsrtp-i386-win32-vc14-release:datatypes.obj
 0001:0001c450       _srtp_err_report           0041d450 f   libsrtp-i386-win32-vc14-release:srtp_err.obj
 0001:0001c480       _srtp_rdbx_add_index       0041d480 f   libsrtp-i386-win32-vc14-release:rdbx.obj
 0001:0001c4d0       _srtp_rdbx_check           0041d4d0 f   libsrtp-i386-win32-vc14-release:rdbx.obj
 0001:0001c520       _srtp_rdbx_dealloc         0041d520 f   libsrtp-i386-win32-vc14-release:rdbx.obj
 0001:0001c540       _srtp_rdbx_estimate_index  0041d540 f   libsrtp-i386-win32-vc14-release:rdbx.obj
 0001:0001c5f0       _srtp_rdbx_get_packet_index 0041d5f0 f   libsrtp-i386-win32-vc14-release:rdbx.obj
 0001:0001c600       _srtp_auth_get_tag_length  0041d600 f   libsrtp-i386-win32-vc14-release:auth.obj
 0001:0001c600       _srtp_cipher_get_key_length 0041d600 f   libsrtp-i386-win32-vc14-release:cipher.obj
 0001:0001c600       _srtp_rdbx_get_window_size 0041d600 f   libsrtp-i386-win32-vc14-release:rdbx.obj
 0001:0001c610       _srtp_rdbx_init            0041d610 f   libsrtp-i386-win32-vc14-release:rdbx.obj
 0001:0001c650       _srtp_rdbx_set_roc         0041d650 f   libsrtp-i386-win32-vc14-release:rdbx.obj
 0001:0001c6b0       _srtp_rdbx_set_roc_seq     0041d6b0 f   libsrtp-i386-win32-vc14-release:rdbx.obj
 0001:0001c710       _srtp_rdb_add_index        0041d710 f   libsrtp-i386-win32-vc14-release:rdb.obj
 0001:0001c760       _srtp_rdb_check            0041d760 f   libsrtp-i386-win32-vc14-release:rdb.obj
 0001:0001c7b0       _srtp_rdb_increment        0041d7b0 f   libsrtp-i386-win32-vc14-release:rdb.obj
 0001:0001c7d0       _srtp_rdb_init             0041d7d0 f   libsrtp-i386-win32-vc14-release:rdb.obj
 0001:0001c800       _srtp_cipher_dealloc       0041d800 f   libsrtp-i386-win32-vc14-release:cipher.obj
 0001:0001c820       _srtp_cipher_decrypt       0041d820 f   libsrtp-i386-win32-vc14-release:cipher.obj
 0001:0001c850       _srtp_cipher_encrypt       0041d850 f   libsrtp-i386-win32-vc14-release:cipher.obj
 0001:0001c880       _srtp_cipher_get_tag       0041d880 f   libsrtp-i386-win32-vc14-release:cipher.obj
 0001:0001c8c0       _srtp_cipher_init          0041d8c0 f   libsrtp-i386-win32-vc14-release:cipher.obj
 0001:0001c8f0       _srtp_cipher_output        0041d8f0 f   libsrtp-i386-win32-vc14-release:cipher.obj
 0001:0001c920       _srtp_cipher_set_aad       0041d920 f   libsrtp-i386-win32-vc14-release:cipher.obj
 0001:0001c960       _srtp_cipher_set_iv        0041d960 f   libsrtp-i386-win32-vc14-release:cipher.obj
 0001:0001c990       _srtp_auth_get_key_length  0041d990 f   libsrtp-i386-win32-vc14-release:auth.obj
 0001:0001c9a0       _srtp_auth_get_prefix_length 0041d9a0 f   libsrtp-i386-win32-vc14-release:auth.obj
 0001:0001c9b0       _srtp_key_limit_clone      0041d9b0 f   libsrtp-i386-win32-vc14-release:key.obj
 0001:0001c9d0       _srtp_key_limit_set        0041d9d0 f   libsrtp-i386-win32-vc14-release:key.obj
 0001:0001ca10       _srtp_key_limit_update     0041da10 f   libsrtp-i386-win32-vc14-release:key.obj
 0001:0001ca70       _srtp_crypto_kernel_alloc_auth 0041da70 f   libsrtp-i386-win32-vc14-release:crypto_kernel.obj
 0001:0001cac0       _srtp_crypto_kernel_alloc_cipher 0041dac0 f   libsrtp-i386-win32-vc14-release:crypto_kernel.obj
 0001:0001cb10       _srtp_ekt_alloc            0041db10 f   libsrtp-i386-win32-vc14-release:ekt.obj
 0001:0001cb20       _srtp_ekt_octets_after_base_tag 0041db20 f   libsrtp-i386-win32-vc14-release:ekt.obj
 0001:0001cb40       _srtp_ekt_write_data       0041db40 f   libsrtp-i386-win32-vc14-release:ekt.obj
 0001:0001cc90       _srtp_stream_init_from_ekt 0041dc90 f   libsrtp-i386-win32-vc14-release:ekt.obj
 0001:0001e160       _srtp_aes_decrypt          0041f160 f   libsrtp-i386-win32-vc14-release:aes.obj
 0001:0001e290       _srtp_aes_encrypt          0041f290 f   libsrtp-i386-win32-vc14-release:aes.obj
 0001:0001e3c0       _srtp_aes_expand_decryption_key 0041f3c0 f   libsrtp-i386-win32-vc14-release:aes.obj
 0001:0001e6c0       _srtp_aes_expand_encryption_key 0041f6c0 f   libsrtp-i386-win32-vc14-release:aes.obj
 0001:0001e800       _srtp_sha1_core            0041f800 f   libsrtp-i386-win32-vc14-release:sha1.obj
 0001:0001ed50       _srtp_sha1_final           0041fd50 f   libsrtp-i386-win32-vc14-release:sha1.obj
 0001:0001f390       _srtp_sha1_init            00420390 f   libsrtp-i386-win32-vc14-release:sha1.obj
 0001:0001f3d0       _srtp_sha1_update          004203d0 f   libsrtp-i386-win32-vc14-release:sha1.obj
 0001:0001f4a5       ___WSAFDIsSet@8            004204a5 f   ws2_32:WS2_32.dll
 0001:0001f4ab       @__security_check_cookie@4 004204ab f   MSVCRT:_secchk_.obj
 0001:0001f4c0       __allmul                   004204c0 f   MSVCRT:llmul.obj
 0001:0001f500       __aulldiv                  00420500 f   MSVCRT:ulldiv.obj
 0001:0001f79d       _mainCRTStartup            0042079d f   MSVCRT:exe_main.obj
 0001:0001f7a7       ___raise_securityfailure   004207a7 f   MSVCRT:gs_report.obj
 0001:0001f7cf       ___report_gsfailure        004207cf f   MSVCRT:gs_report.obj
 0001:0001f8ca       ___report_rangecheckfailure 004208ca f   MSVCRT:gs_report.obj
 0001:0001f8d6       ___report_securityfailure  004208d6 f   MSVCRT:gs_report.obj
 0001:0001f9b0       ___vdecl_cos2              004209b0 f   MSVCRT:_svml_dcos2_dispatch_.obj
 0001:0001f9c0       __alldiv                   004209c0 f   MSVCRT:lldiv.obj
 0001:0001fa70       __ftoui3                   00420a70 f   MSVCRT:_ftol3_.obj
 0001:0001fa7f       __ftoul3                   00420a7f f   MSVCRT:_ftol3_.obj
 0001:0001fa8e       __ftol3                    00420a8e f   MSVCRT:_ftol3_.obj
 0001:0001fa9b       __ftol3_NaN                00420a9b f   MSVCRT:_ftol3_.obj
 0001:0001fab3       __ftol3_work               00420ab3 f   MSVCRT:_ftol3_.obj
 0001:0001fb39       __ftol3_common             00420b39 f   MSVCRT:_ftol3_.obj
 0001:0001fbfb       __ftol3_arg_error          00420bfb f   MSVCRT:_ftol3_.obj
 0001:0001fc0d       __ftol3_except             00420c0d f   MSVCRT:_ftol3_.obj
 0001:0001fc51       __dtoui3                   00420c51 f   MSVCRT:_ftol3_.obj
 0001:0001fc60       __dtoul3                   00420c60 f   MSVCRT:_ftol3_.obj
 0001:0001fc6f       __dtol3                    00420c6f f   MSVCRT:_ftol3_.obj
 0001:0001fc7c       __dtol3_NaN                00420c7c f   MSVCRT:_ftol3_.obj
 0001:0001fc99       __dtol3_work               00420c99 f   MSVCRT:_ftol3_.obj
 0001:0001fd80       __ultod3                   00420d80 f   MSVCRT:_ftol3_.obj
 0001:0001fdc0       __ltod3                    00420dc0 f   MSVCRT:_ftol3_.obj
 0001:0001fdf0       __ftol2_sse                00420df0 f   MSVCRT:_ftol2_.obj
 0001:0001fdf9       __ftol2_pentium4           00420df9 f   MSVCRT:_ftol2_.obj
 0001:0001fe0c       __ftol2_sse_excpt          00420e0c f   MSVCRT:_ftol2_.obj
 0001:0001fe30       __ftol2                    00420e30 f   MSVCRT:_ftol2_.obj
 0001:0001fee9       ___scrt_acquire_startup_lock 00420ee9 f   MSVCRT:utility.obj
 0001:0001ff1e       ___scrt_initialize_crt     00420f1e f   MSVCRT:utility.obj
 0001:0001ff57       ___scrt_initialize_onexit_tables 00420f57 f   MSVCRT:utility.obj
 0001:00020001       ___scrt_is_nonwritable_in_current_image 00421001 f   MSVCRT:utility.obj
 0001:0002008b       ___scrt_release_startup_lock 0042108b f   MSVCRT:utility.obj
 0001:000200a8       ___scrt_uninitialize_crt   004210a8 f   MSVCRT:utility.obj
 0001:000200d0       __onexit                   004210d0 f   MSVCRT:utility.obj
 0001:0002010b       _atexit                    0042110b f   MSVCRT:utility.obj
 0001:0002016f       ___security_init_cookie    0042116f f   MSVCRT:gs_support.obj
 0001:000201ba       __get_startup_argv_mode    004211ba f   MSVCRT:argv_mode.obj
 0001:000201be       __get_startup_file_mode    004211be f   MSVCRT:file_mode.obj
 0001:000201c4       ?__scrt_initialize_type_info@@YAXXZ 004211c4 f   MSVCRT:tncleanup.obj
 0001:000201d0       ___scrt_stub_for_acrt_initialize 004211d0 f   MSVCRT:ucrt_stubs.obj
 0001:000201d0       ___vcrt_initialize         004211d0 f   MSVCRT:ucrt_stubs.obj
 0001:000201d0       ___acrt_uninitialize       004211d0 f   MSVCRT:ucrt_stubs.obj
 0001:000201d0       ___vcrt_uninitialize       004211d0 f   MSVCRT:ucrt_stubs.obj
 0001:000201d0       __should_initialize_environment 004211d0 f   MSVCRT:env_mode.obj
 0001:000201d0       ___acrt_initialize         004211d0 f   MSVCRT:ucrt_stubs.obj
 0001:000201d0       ___scrt_stub_for_acrt_uninitialize 004211d0 f   MSVCRT:ucrt_stubs.obj
 0001:000201d3       __initialize_default_precision 004211d3 f   MSVCRT:default_precision.obj
 0001:000201f4       ___scrt_initialize_default_local_stdio_options 004211f4 f   MSVCRT:default_local_stdio_options.obj
 0001:00020211       ___scrt_is_user_matherr_present 00421211 f   MSVCRT:matherr_detection.obj
 0001:0002021d       ___scrt_get_dyn_tls_init_callback 0042121d f   MSVCRT:dyn_tls_init.obj
 0001:00020223       ___scrt_get_dyn_tls_dtor_callback 00421223 f   MSVCRT:dyn_tls_dtor.obj
 0001:00020229       ___scrt_fastfail           00421229 f   MSVCRT:utility_desktop.obj
 0001:00020345       ___scrt_is_managed_app     00421345 f   MSVCRT:utility_desktop.obj
 0001:00020389       ___scrt_set_unhandled_exception_filter 00421389 f   MSVCRT:utility_desktop.obj
 0001:00020395       ___scrt_unhandled_exception_filter@4 00421395 f   MSVCRT:utility_desktop.obj
 0001:000203d6       __crt_debugger_hook        004213d6 f   MSVCRT:utility_desktop.obj
 0001:000203de       __RTC_Initialize           004213de f   MSVCRT:_initsect_.obj
 0001:00020409       __RTC_Terminate            00421409 f   MSVCRT:_initsect_.obj
 0001:00020434       @_guard_check_icall@4      00421434 f i MSVCRT:checkcfg.obj
 0001:00020440       __SEH_prolog4              00421440 f   MSVCRT:_sehprolg4_.obj
 0001:00020486       __SEH_epilog4              00421486 f   MSVCRT:_sehprolg4_.obj
 0001:0002049b       __except_handler4          0042149b f   MSVCRT:_chandler4gs_.obj
 0001:000204c0       ___sse2_cos2               004214c0 f   MSVCRT:_svml_dcos2_sse2_.obj
 0001:00020660       ___isa_available_init      00421660 f   MSVCRT:_cpu_disp_.obj
 0001:000207f9       ___scrt_is_ucrt_dll_in_use 004217f9 f   MSVCRT:ucrt_detection.obj
 0001:00020810       ___common_sin_reduction_LA 00421810 f   MSVCRT:_svml_dtrig_.obj
 0001:00020b60       ___common_cos_reduction_LA 00421b60 f   MSVCRT:_svml_dtrig_.obj
 0001:00020e50       ___common_pi04_reduction_LA 00421e50 f   MSVCRT:_svml_dtrig_.obj
 0001:00021160       _IsProcessorFeaturePresent@4 00422160 f   kernel32:KERNEL32.dll
 0001:00021166       _memcpy                    00422166 f   vcruntime:VCRUNTIME140.dll
 0001:0002116c       _memset                    0042216c f   vcruntime:VCRUNTIME140.dll
 0001:00021172       _memmove                   00422172 f   vcruntime:VCRUNTIME140.dll
 0001:00021178       _strchr                    00422178 f   vcruntime:VCRUNTIME140.dll
 0001:0002117e       _longjmp                   0042217e f   vcruntime:VCRUNTIME140.dll
 0001:00021184       __except_handler4_common   00422184 f   vcruntime:VCRUNTIME140.dll
 0001:0002118a       __libm_sse2_cos_precise    0042218a f   ucrt:api-ms-win-crt-math-l1-1-0.dll
 0001:00021190       __CIfmod                   00422190 f   ucrt:api-ms-win-crt-math-l1-1-0.dll
 0001:00021196       __libm_sse2_exp_precise    00422196 f   ucrt:api-ms-win-crt-math-l1-1-0.dll
 0001:0002119c       __libm_sse2_sqrt_precise   0042219c f   ucrt:api-ms-win-crt-math-l1-1-0.dll
 0001:000211a2       __libm_sse2_log_precise    004221a2 f   ucrt:api-ms-win-crt-math-l1-1-0.dll
 0001:000211a8       __libm_sse2_pow_precise    004221a8 f   ucrt:api-ms-win-crt-math-l1-1-0.dll
 0001:000211ae       _floor                     004221ae f   ucrt:api-ms-win-crt-math-l1-1-0.dll
 0001:000211b4       __libm_sse2_atan_precise   004221b4 f   ucrt:api-ms-win-crt-math-l1-1-0.dll
 0001:000211ba       __libm_sse2_sin_precise    004221ba f   ucrt:api-ms-win-crt-math-l1-1-0.dll
 0001:000211c0       _exit                      004221c0 f   ucrt:api-ms-win-crt-runtime-l1-1-0.dll
 0001:000211c6       __seh_filter_exe           004221c6 f   ucrt:api-ms-win-crt-runtime-l1-1-0.dll
 0001:000211cc       __set_app_type             004221cc f   ucrt:api-ms-win-crt-runtime-l1-1-0.dll
 0001:000211d2       ___setusermatherr          004221d2 f   ucrt:api-ms-win-crt-math-l1-1-0.dll
 0001:000211d8       __configure_narrow_argv    004221d8 f   ucrt:api-ms-win-crt-runtime-l1-1-0.dll
 0001:000211de       __initialize_narrow_environment 004221de f   ucrt:api-ms-win-crt-runtime-l1-1-0.dll
 0001:000211e4       __get_initial_narrow_environment 004221e4 f   ucrt:api-ms-win-crt-runtime-l1-1-0.dll
 0001:000211ea       __initterm                 004221ea f   ucrt:api-ms-win-crt-runtime-l1-1-0.dll
 0001:000211f0       __initterm_e               004221f0 f   ucrt:api-ms-win-crt-runtime-l1-1-0.dll
 0001:000211f6       __exit                     004221f6 f   ucrt:api-ms-win-crt-runtime-l1-1-0.dll
 0001:000211fc       __set_fmode                004221fc f   ucrt:api-ms-win-crt-stdio-l1-1-0.dll
 0001:00021202       ___p___argc                00422202 f   ucrt:api-ms-win-crt-runtime-l1-1-0.dll
 0001:00021208       ___p___argv                00422208 f   ucrt:api-ms-win-crt-runtime-l1-1-0.dll
 0001:0002120e       __cexit                    0042220e f   ucrt:api-ms-win-crt-runtime-l1-1-0.dll
 0001:00021214       __c_exit                   00422214 f   ucrt:api-ms-win-crt-runtime-l1-1-0.dll
 0001:0002121a       __register_thread_local_exe_atexit_callback 0042221a f   ucrt:api-ms-win-crt-runtime-l1-1-0.dll
 0001:00021220       __configthreadlocale       00422220 f   ucrt:api-ms-win-crt-locale-l1-1-0.dll
 0001:00021226       __set_new_mode             00422226 f   ucrt:api-ms-win-crt-heap-l1-1-0.dll
 0001:0002122c       ___p__commode              0042222c f   ucrt:api-ms-win-crt-stdio-l1-1-0.dll
 0001:00021232       __except1                  00422232 f   ucrt:api-ms-win-crt-math-l1-1-0.dll
 0001:00021238       __initialize_onexit_table  00422238 f   ucrt:api-ms-win-crt-runtime-l1-1-0.dll
 0001:0002123e       __register_onexit_function 0042223e f   ucrt:api-ms-win-crt-runtime-l1-1-0.dll
 0001:00021244       __crt_atexit               00422244 f   ucrt:api-ms-win-crt-runtime-l1-1-0.dll
 0001:0002124a       __controlfp_s              0042224a f   ucrt:api-ms-win-crt-runtime-l1-1-0.dll
 0001:00021250       _terminate                 00422250 f   ucrt:api-ms-win-crt-runtime-l1-1-0.dll
 0002:00000000       __imp__SystemTimeToFileTime@8 00423000     kernel32:KERNEL32.dll
 0002:00000004       __imp__GetModuleHandleW@4  00423004     kernel32:KERNEL32.dll
 0002:00000008       __imp__IsDebuggerPresent@0 00423008     kernel32:KERNEL32.dll
 0002:0000000c       __imp__InitializeSListHead@4 0042300c     kernel32:KERNEL32.dll
 0002:00000010       __imp__GetSystemTimeAsFileTime@4 00423010     kernel32:KERNEL32.dll
 0002:00000014       __imp__IsProcessorFeaturePresent@4 00423014     kernel32:KERNEL32.dll
 0002:00000018       __imp__TerminateProcess@8  00423018     kernel32:KERNEL32.dll
 0002:0000001c       __imp__GetCurrentProcess@0 0042301c     kernel32:KERNEL32.dll
 0002:00000020       __imp__SetUnhandledExceptionFilter@4 00423020     kernel32:KERNEL32.dll
 0002:00000024       __imp__UnhandledExceptionFilter@4 00423024     kernel32:KERNEL32.dll
 0002:00000028       __imp__QueryPerformanceFrequency@4 00423028     kernel32:KERNEL32.dll
 0002:0000002c       __imp__QueryPerformanceCounter@4 0042302c     kernel32:KERNEL32.dll
 0002:00000030       __imp__WriteFile@20        00423030     kernel32:KERNEL32.dll
 0002:00000034       __imp__SetFilePointer@16   00423034     kernel32:KERNEL32.dll
 0002:00000038       __imp__CreateFileA@28      00423038     kernel32:KERNEL32.dll
 0002:0000003c       __imp__FileTimeToSystemTime@8 0042303c     kernel32:KERNEL32.dll
 0002:00000040       __imp__GetLocalTime@4      00423040     kernel32:KERNEL32.dll
 0002:00000044       __imp__FormatMessageA@28   00423044     kernel32:KERNEL32.dll
 0002:00000048       __imp__SetConsoleTextAttribute@8 00423048     kernel32:KERNEL32.dll
 0002:0000004c       __imp__TlsFree@4           0042304c     kernel32:KERNEL32.dll
 0002:00000050       __imp__TlsSetValue@8       00423050     kernel32:KERNEL32.dll
 0002:00000054       __imp__TlsGetValue@4       00423054     kernel32:KERNEL32.dll
 0002:00000058       __imp__TlsAlloc@0          00423058     kernel32:KERNEL32.dll
 0002:0000005c       __imp__GetCurrentThreadId@0 0042305c     kernel32:KERNEL32.dll
 0002:00000060       __imp__CreateThread@24     00423060     kernel32:KERNEL32.dll
 0002:00000064       __imp__GetCurrentProcessId@0 00423064     kernel32:KERNEL32.dll
 0002:00000068       __imp__Sleep@4             00423068     kernel32:KERNEL32.dll
 0002:0000006c       __imp__WaitForSingleObject@8 0042306c     kernel32:KERNEL32.dll
 0002:00000070       __imp__ReleaseSemaphore@12 00423070     kernel32:KERNEL32.dll
 0002:00000074       __imp__DeleteCriticalSection@4 00423074     kernel32:KERNEL32.dll
 0002:00000078       __imp__TryEnterCriticalSection@4 00423078     kernel32:KERNEL32.dll
 0002:0000007c       __imp__LeaveCriticalSection@4 0042307c     kernel32:KERNEL32.dll
 0002:00000080       __imp__EnterCriticalSection@4 00423080     kernel32:KERNEL32.dll
 0002:00000084       __imp__InitializeCriticalSection@4 00423084     kernel32:KERNEL32.dll
 0002:00000088       __imp__GetLastError@0      00423088     kernel32:KERNEL32.dll
 0002:0000008c       __imp__GetStdHandle@4      0042308c     kernel32:KERNEL32.dll
 0002:00000090       __imp__SetThreadPriority@8 00423090     kernel32:KERNEL32.dll
 0002:00000094       __imp__GetCurrentThread@0  00423094     kernel32:KERNEL32.dll
 0002:00000098       __imp__WaitForMultipleObjects@16 00423098     kernel32:KERNEL32.dll
 0002:0000009c       __imp__CreateEventA@16     0042309c     kernel32:KERNEL32.dll
 0002:000000a0       __imp__SetEvent@4          004230a0     kernel32:KERNEL32.dll
 0002:000000a4       __imp__CloseHandle@4       004230a4     kernel32:KERNEL32.dll
 0002:000000a8       \177KERNEL32_NULL_THUNK_DATA 004230a8     kernel32:KERNEL32.dll
 0002:000000ac       __imp__longjmp             004230ac     vcruntime:VCRUNTIME140.dll
 0002:000000b0       __imp__memcpy              004230b0     vcruntime:VCRUNTIME140.dll
 0002:000000b4       __imp__memset              004230b4     vcruntime:VCRUNTIME140.dll
 0002:000000b8       __imp__strchr              004230b8     vcruntime:VCRUNTIME140.dll
 0002:000000bc       __imp__memmove             004230bc     vcruntime:VCRUNTIME140.dll
 0002:000000c0       __imp___except_handler4_common 004230c0     vcruntime:VCRUNTIME140.dll
 0002:000000c4       \177VCRUNTIME140_NULL_THUNK_DATA 004230c4     vcruntime:VCRUNTIME140.dll
 0002:000000c8       __imp__waveOutReset@4      004230c8     winmm:WINMM.dll
 0002:000000cc       __imp__waveOutRestart@4    004230cc     winmm:WINMM.dll
 0002:000000d0       __imp__waveOutPause@4      004230d0     winmm:WINMM.dll
 0002:000000d4       __imp__waveOutWrite@12     004230d4     winmm:WINMM.dll
 0002:000000d8       __imp__waveOutUnprepareHeader@12 004230d8     winmm:WINMM.dll
 0002:000000dc       __imp__waveOutPrepareHeader@12 004230dc     winmm:WINMM.dll
 0002:000000e0       __imp__waveInGetDevCapsA@12 004230e0     winmm:WINMM.dll
 0002:000000e4       __imp__waveOutOpen@24      004230e4     winmm:WINMM.dll
 0002:000000e8       __imp__waveOutSetVolume@8  004230e8     winmm:WINMM.dll
 0002:000000ec       __imp__waveOutGetVolume@8  004230ec     winmm:WINMM.dll
 0002:000000f0       __imp__waveOutGetDevCapsA@12 004230f0     winmm:WINMM.dll
 0002:000000f4       __imp__waveOutGetNumDevs@0 004230f4     winmm:WINMM.dll
 0002:000000f8       __imp__waveInGetErrorTextA@12 004230f8     winmm:WINMM.dll
 0002:000000fc       __imp__waveOutGetErrorTextA@12 004230fc     winmm:WINMM.dll
 0002:00000100       __imp__waveInGetNumDevs@0  00423100     winmm:WINMM.dll
 0002:00000104       __imp__waveInOpen@24       00423104     winmm:WINMM.dll
 0002:00000108       __imp__waveInClose@4       00423108     winmm:WINMM.dll
 0002:0000010c       __imp__waveInPrepareHeader@12 0042310c     winmm:WINMM.dll
 0002:00000110       __imp__waveInReset@4       00423110     winmm:WINMM.dll
 0002:00000114       __imp__waveInStop@4        00423114     winmm:WINMM.dll
 0002:00000118       __imp__waveInStart@4       00423118     winmm:WINMM.dll
 0002:0000011c       __imp__waveInAddBuffer@12  0042311c     winmm:WINMM.dll
 0002:00000120       __imp__waveOutClose@4      00423120     winmm:WINMM.dll
 0002:00000124       __imp__waveInUnprepareHeader@12 00423124     winmm:WINMM.dll
 0002:00000128       \177WINMM_NULL_THUNK_DATA  00423128     winmm:WINMM.dll
 0002:0000012c       __imp__sendto@24           0042312c     ws2_32:WS2_32.dll
 0002:00000130       __imp__send@16             00423130     ws2_32:WS2_32.dll
 0002:00000134       __imp__recvfrom@24         00423134     ws2_32:WS2_32.dll
 0002:00000138       __imp__recv@16             00423138     ws2_32:WS2_32.dll
 0002:0000013c       __imp__ntohs@4             0042313c     ws2_32:WS2_32.dll
 0002:00000140       __imp__ntohl@4             00423140     ws2_32:WS2_32.dll
 0002:00000144       __imp__htons@4             00423144     ws2_32:WS2_32.dll
 0002:00000148       __imp__htonl@4             00423148     ws2_32:WS2_32.dll
 0002:0000014c       __imp__getsockopt@20       0042314c     ws2_32:WS2_32.dll
 0002:00000150       __imp__getsockname@12      00423150     ws2_32:WS2_32.dll
 0002:00000154       __imp__accept@12           00423154     ws2_32:WS2_32.dll
 0002:00000158       __imp__WSAGetLastError@0   00423158     ws2_32:WS2_32.dll
 0002:0000015c       __imp__WSACleanup@0        0042315c     ws2_32:WS2_32.dll
 0002:00000160       __imp__WSAStartup@8        00423160     ws2_32:WS2_32.dll
 0002:00000164       __imp____WSAFDIsSet@8      00423164     ws2_32:WS2_32.dll
 0002:00000168       __imp__select@20           00423168     ws2_32:WS2_32.dll
 0002:0000016c       \177WS2_32_NULL_THUNK_DATA 0042316c     ws2_32:WS2_32.dll
 0002:00000170       __imp__free                00423170     ucrt:api-ms-win-crt-heap-l1-1-0.dll
 0002:00000174       __imp___set_new_mode       00423174     ucrt:api-ms-win-crt-heap-l1-1-0.dll
 0002:00000178       __imp__malloc              00423178     ucrt:api-ms-win-crt-heap-l1-1-0.dll
 0002:0000017c       __imp__calloc              0042317c     ucrt:api-ms-win-crt-heap-l1-1-0.dll
 0002:00000180       \177api-ms-win-crt-heap-l1-1-0_NULL_THUNK_DATA 00423180     ucrt:api-ms-win-crt-heap-l1-1-0.dll
 0002:00000184       __imp___configthreadlocale 00423184     ucrt:api-ms-win-crt-locale-l1-1-0.dll
 0002:00000188       \177api-ms-win-crt-locale-l1-1-0_NULL_THUNK_DATA 00423188     ucrt:api-ms-win-crt-locale-l1-1-0.dll
 0002:0000018c       __imp____setusermatherr    0042318c     ucrt:api-ms-win-crt-math-l1-1-0.dll
 0002:00000190       __imp___libm_sse2_atan_precise 00423190     ucrt:api-ms-win-crt-math-l1-1-0.dll
 0002:00000194       __imp__floor               00423194     ucrt:api-ms-win-crt-math-l1-1-0.dll
 0002:00000198       __imp___libm_sse2_cos_precise 00423198     ucrt:api-ms-win-crt-math-l1-1-0.dll
 0002:0000019c       __imp___libm_sse2_pow_precise 0042319c     ucrt:api-ms-win-crt-math-l1-1-0.dll
 0002:000001a0       __imp___libm_sse2_log_precise 004231a0     ucrt:api-ms-win-crt-math-l1-1-0.dll
 0002:000001a4       __imp___libm_sse2_sqrt_precise 004231a4     ucrt:api-ms-win-crt-math-l1-1-0.dll
 0002:000001a8       __imp___libm_sse2_exp_precise 004231a8     ucrt:api-ms-win-crt-math-l1-1-0.dll
 0002:000001ac       __imp___CIfmod             004231ac     ucrt:api-ms-win-crt-math-l1-1-0.dll
 0002:000001b0       __imp___except1            004231b0     ucrt:api-ms-win-crt-math-l1-1-0.dll
 0002:000001b4       __imp___libm_sse2_sin_precise 004231b4     ucrt:api-ms-win-crt-math-l1-1-0.dll
 0002:000001b8       \177api-ms-win-crt-math-l1-1-0_NULL_THUNK_DATA 004231b8     ucrt:api-ms-win-crt-math-l1-1-0.dll
 0002:000001bc       __imp___register_thread_local_exe_atexit_callback 004231bc     ucrt:api-ms-win-crt-runtime-l1-1-0.dll
 0002:000001c0       __imp___c_exit             004231c0     ucrt:api-ms-win-crt-runtime-l1-1-0.dll
 0002:000001c4       __imp___initialize_onexit_table 004231c4     ucrt:api-ms-win-crt-runtime-l1-1-0.dll
 0002:000001c8       __imp___register_onexit_function 004231c8     ucrt:api-ms-win-crt-runtime-l1-1-0.dll
 0002:000001cc       __imp___crt_atexit         004231cc     ucrt:api-ms-win-crt-runtime-l1-1-0.dll
 0002:000001d0       __imp___controlfp_s        004231d0     ucrt:api-ms-win-crt-runtime-l1-1-0.dll
 0002:000001d4       __imp___cexit              004231d4     ucrt:api-ms-win-crt-runtime-l1-1-0.dll
 0002:000001d8       __imp____p___argv          004231d8     ucrt:api-ms-win-crt-runtime-l1-1-0.dll
 0002:000001dc       __imp__exit                004231dc     ucrt:api-ms-win-crt-runtime-l1-1-0.dll
 0002:000001e0       __imp___seh_filter_exe     004231e0     ucrt:api-ms-win-crt-runtime-l1-1-0.dll
 0002:000001e4       __imp___set_app_type       004231e4     ucrt:api-ms-win-crt-runtime-l1-1-0.dll
 0002:000001e8       __imp___get_initial_narrow_environment 004231e8     ucrt:api-ms-win-crt-runtime-l1-1-0.dll
 0002:000001ec       __imp___configure_narrow_argv 004231ec     ucrt:api-ms-win-crt-runtime-l1-1-0.dll
 0002:000001f0       __imp___initialize_narrow_environment 004231f0     ucrt:api-ms-win-crt-runtime-l1-1-0.dll
 0002:000001f4       __imp____p___argc          004231f4     ucrt:api-ms-win-crt-runtime-l1-1-0.dll
 0002:000001f8       __imp___initterm           004231f8     ucrt:api-ms-win-crt-runtime-l1-1-0.dll
 0002:000001fc       __imp___initterm_e         004231fc     ucrt:api-ms-win-crt-runtime-l1-1-0.dll
 0002:00000200       __imp___exit               00423200     ucrt:api-ms-win-crt-runtime-l1-1-0.dll
 0002:00000204       __imp__terminate           00423204     ucrt:api-ms-win-crt-runtime-l1-1-0.dll
 0002:00000208       \177api-ms-win-crt-runtime-l1-1-0_NULL_THUNK_DATA 00423208     ucrt:api-ms-win-crt-runtime-l1-1-0.dll
 0002:0000020c       __imp__puts                0042320c     ucrt:api-ms-win-crt-stdio-l1-1-0.dll
 0002:00000210       __imp____stdio_common_vfprintf 00423210     ucrt:api-ms-win-crt-stdio-l1-1-0.dll
 0002:00000214       __imp____stdio_common_vsprintf 00423214     ucrt:api-ms-win-crt-stdio-l1-1-0.dll
 0002:00000218       __imp__fgets               00423218     ucrt:api-ms-win-crt-stdio-l1-1-0.dll
 0002:0000021c       __imp____acrt_iob_func     0042321c     ucrt:api-ms-win-crt-stdio-l1-1-0.dll
 0002:00000220       __imp____p__commode        00423220     ucrt:api-ms-win-crt-stdio-l1-1-0.dll
 0002:00000224       __imp___set_fmode          00423224     ucrt:api-ms-win-crt-stdio-l1-1-0.dll
 0002:00000228       \177api-ms-win-crt-stdio-l1-1-0_NULL_THUNK_DATA 00423228     ucrt:api-ms-win-crt-stdio-l1-1-0.dll
 0002:0000022c       __imp___strnicmp           0042322c     ucrt:api-ms-win-crt-string-l1-1-0.dll
 0002:00000230       __imp__isxdigit            00423230     ucrt:api-ms-win-crt-string-l1-1-0.dll
 0002:00000234       __imp__isdigit             00423234     ucrt:api-ms-win-crt-string-l1-1-0.dll
 0002:00000238       __imp__strncpy             00423238     ucrt:api-ms-win-crt-string-l1-1-0.dll
 0002:0000023c       \177api-ms-win-crt-string-l1-1-0_NULL_THUNK_DATA 0042323c     ucrt:api-ms-win-crt-string-l1-1-0.dll
 0002:00000240       __imp__rand                00423240     ucrt:api-ms-win-crt-utility-l1-1-0.dll
 0002:00000244       \177api-ms-win-crt-utility-l1-1-0_NULL_THUNK_DATA 00423244     ucrt:api-ms-win-crt-utility-l1-1-0.dll
 0002:00000248       __imp__CoCreateGuid@4      00423248     ole32:ole32.dll
 0002:0000024c       \177ole32_NULL_THUNK_DATA  0042324c     ole32:ole32.dll
 0002:00000250       ___guard_check_icall_fptr  00423250     MSVCRT:guard_support.obj
 0002:00000254       ___xc_a                    00423254     MSVCRT:initializers.obj
 0002:0000025c       ___xc_z                    0042325c     MSVCRT:initializers.obj
 0002:00000260       ___xi_a                    00423260     MSVCRT:initializers.obj
 0002:0000026c       ___xi_z                    0042326c     MSVCRT:initializers.obj
 0002:00000270       ___xp_a                    00423270     MSVCRT:initializers.obj
 0002:00000274       ___xp_z                    00423274     MSVCRT:initializers.obj
 0002:00000278       ___xt_a                    00423278     MSVCRT:initializers.obj
 0002:0000027c       ___xt_z                    0042327c     MSVCRT:initializers.obj
 0002:000002e0       ??_C@_0DC@MHBBCDGM@Unspecified?5audio?5device?5error?5?$CI@ 004232e0     pjmedia-audiodev-i386-win32-vc14-release:errno.obj
 0002:00000314       ??_C@_0DG@FEDKLOFB@Unknown?5error?5from?5audio?5driver?5@ 00423314     pjmedia-audiodev-i386-win32-vc14-release:errno.obj
 0002:0000034c       ??_C@_0DE@DOHCBKFK@Audio?5subsystem?5not?5initialized?5@ 0042334c     pjmedia-audiodev-i386-win32-vc14-release:errno.obj
 0002:00000380       ??_C@_0CL@NCBJPCNF@Invalid?5audio?5device?5?$CIPJMEDIA_EA@ 00423380     pjmedia-audiodev-i386-win32-vc14-release:errno.obj
 0002:000003ac       ??_C@_0CM@LOPLLMHO@Found?5no?5audio?5devices?5?$CIPJMEDIA_@ 004233ac     pjmedia-audiodev-i386-win32-vc14-release:errno.obj
 0002:000003d8       ??_C@_0DM@DPDKGMIE@Unable?5to?5find?5default?5audio?5dev@ 004233d8     pjmedia-audiodev-i386-win32-vc14-release:errno.obj
 0002:00000414       ??_C@_0CP@JIPJOIMB@Audio?5device?5not?5ready?5?$CIPJMEDIA_@ 00423414     pjmedia-audiodev-i386-win32-vc14-release:errno.obj
 0002:00000444       ??_C@_0DO@NMIGLFFA@Invalid?5or?5unsupported?5audio?5cap@ 00423444     pjmedia-audiodev-i386-win32-vc14-release:errno.obj
 0002:00000488       ??_C@_0ED@PLJALPOA@Invalid?5or?5unsupported?5audio?5dev@ 00423488     pjmedia-audiodev-i386-win32-vc14-release:errno.obj
 0002:000004cc       ??_C@_0DM@JKDJGBNG@Bad?5or?5invalid?5audio?5device?5form@ 004234cc     pjmedia-audiodev-i386-win32-vc14-release:errno.obj
 0002:00000508       ??_C@_0DN@BLAJILEA@Invalid?5audio?5device?5sample?5form@ 00423508     pjmedia-audiodev-i386-win32-vc14-release:errno.obj
 0002:00000548       ??_C@_0DE@LJJGJIEF@Bad?5audio?5latency?5setting?5?$CIPJMED@ 00423548     pjmedia-audiodev-i386-win32-vc14-release:errno.obj
 0002:0000057c       ??_C@_0BJ@GMHLEOAL@MMSYSTEM?5native?5error?5?$CFd?$AA@ 0042357c     pjmedia-audiodev-i386-win32-vc14-release:errno.obj
 0002:00000598       ??_C@_0CC@MFOJNIAN@Unknown?5pjmedia?9audiodev?5error?5?$CF@ 00423598     pjmedia-audiodev-i386-win32-vc14-release:errno.obj
 0002:000005bc       ??_C@_0M@KBHHDDLP@Wave?5mapper?$AA@ 004235bc     pjmedia-audiodev-i386-win32-vc14-release:wmme_dev.obj
 0002:000005c8       ??_C@_04CPNMDOAK@WMME?$AA@ 004235c8     pjmedia-audiodev-i386-win32-vc14-release:wmme_dev.obj
 0002:000005d0       ??_C@_0BB@EOKKHGLD@WMME?5initialized?$AA@ 004235d0     pjmedia-audiodev-i386-win32-vc14-release:wmme_dev.obj
 0002:000005e4       ??_C@_0L@HHCCMOGO@wmme_dev?4c?$AA@ 004235e4     pjmedia-audiodev-i386-win32-vc14-release:wmme_dev.obj
 0002:000005f0       ??_C@_0BM@OMJMEAMB@WMME?5found?5no?5sound?5devices?$AA@ 004235f0     pjmedia-audiodev-i386-win32-vc14-release:wmme_dev.obj
 0002:0000060c       ??_C@_11LOCGONAA@?$AA?$AA@ 0042360c     pjmedia-audiodev-i386-win32-vc14-release:wmme_dev.obj
 0002:00000610       ??_C@_0BH@GEMAAOCL@WMME?5found?5?$CFd?5devices?3?$AA@ 00423610     pjmedia-audiodev-i386-win32-vc14-release:wmme_dev.obj
 0002:00000628       ??_C@_0CA@NLJGEGOG@?5dev_id?5?$CFd?3?5?$CFs?5?5?$CIin?$DN?$CFd?0?5out?$DN?$CFd?$CJ?$AA@ 00423628     pjmedia-audiodev-i386-win32-vc14-release:wmme_dev.obj
 0002:00000648       ??_C@_03CCLNCNJA@PCM?$AA@  00423648     pjmedia-audiodev-i386-win32-vc14-release:wmme_dev.obj
 0002:00000650       ??_C@_0HB@MKIBCFPJ@?5WaveAPI?5Sound?5player?5?$CC?$CFs?$CC?5initi@ 00423650     pjmedia-audiodev-i386-win32-vc14-release:wmme_dev.obj
 0002:000006c8       ??_C@_0HD@PIICIPL@?5WaveAPI?5Sound?5recorder?5?$CC?$CFs?$CC?5ini@ 004236c8     pjmedia-audiodev-i386-win32-vc14-release:wmme_dev.obj
 0002:0000073c       ??_C@_0BI@BEJPJEBJ@WMME?3?5thread?5stopping?4?4?$AA@ 0042373c     pjmedia-audiodev-i386-win32-vc14-release:wmme_dev.obj
 0002:00000754       ??_C@_08MOOOBPLB@wmme?9dev?$AA@ 00423754     pjmedia-audiodev-i386-win32-vc14-release:wmme_dev.obj
 0002:00000760       ??_C@_04ODOGNMHC@wmme?$AA@ 00423760     pjmedia-audiodev-i386-win32-vc14-release:wmme_dev.obj
 0002:00000768       ??_C@_0BN@MNACKNIN@WMME?5playback?5stream?5started?$AA@ 00423768     pjmedia-audiodev-i386-win32-vc14-release:wmme_dev.obj
 0002:00000788       ??_C@_0BM@NKDLICNM@WMME?5capture?5stream?5started?$AA@ 00423788     pjmedia-audiodev-i386-win32-vc14-release:wmme_dev.obj
 0002:000007a4       ??_C@_0BN@FMJNHCPG@Stopped?5WMME?5playback?5stream?$AA@ 004237a4     pjmedia-audiodev-i386-win32-vc14-release:wmme_dev.obj
 0002:000007c4       ??_C@_0BM@KCHDOGNE@Stopped?5WMME?5capture?5stream?$AA@ 004237c4     pjmedia-audiodev-i386-win32-vc14-release:wmme_dev.obj
 0002:000007e0       ??_C@_09OFDCJLJM@WMME?5base?$AA@ 004237e0     pjmedia-audiodev-i386-win32-vc14-release:wmme_dev.obj
 0002:0000081c       ??_C@_07OEHJJJKF@RTP?1AVP?$AA@ 0042381c     pjmedia-i386-win32-vc14-release:endpoint.obj
 0002:00000824       ??_C@_02BBAPPCCJ@IN?$AA@   00423824     pjmedia-i386-win32-vc14-release:endpoint.obj
 0002:00000828       ??_C@_03OPDBOKBD@IP4?$AA@  00423828     pjmedia-i386-win32-vc14-release:endpoint.obj
 0002:0000082c       ??_C@_03NNAHIIJB@IP6?$AA@  0042382c     pjmedia-i386-win32-vc14-release:endpoint.obj
 0002:00000830       ??_C@_07HDFHIMAJ@pjmedia?$AA@ 00423830     pjmedia-i386-win32-vc14-release:endpoint.obj
 0002:00000838       ??_C@_08LMCBNPPN@sendrecv?$AA@ 00423838     pjmedia-i386-win32-vc14-release:endpoint.obj
 0002:00000844       ??_C@_07LBNDIDNE@med?9ept?$AA@ 00423844     pjmedia-i386-win32-vc14-release:endpoint.obj
 0002:00000850       ??_C@_0EL@BIFHLACC@Warning?3?5no?5worker?5thread?5is?5cre@ 00423850     pjmedia-i386-win32-vc14-release:endpoint.obj
 0002:0000089c       ??_C@_0L@DLFDMOGF@endpoint?4c?$AA@ 0042389c     pjmedia-i386-win32-vc14-release:endpoint.obj
 0002:000008a8       ??_C@_05CECBHAPI@media?$AA@ 004238a8     pjmedia-i386-win32-vc14-release:endpoint.obj
 0002:000008ae       ??_C@_00CNPNBAHC@?$AA@     004238ae     pjmedia-i386-win32-vc14-release:endpoint.obj
 0002:000008b0       ??_C@_01CLKCMJKC@?5?$AA@   004238b0     pjmedia-i386-win32-vc14-release:endpoint.obj
 0002:000008b4       ??_C@_0N@COEOBFOD@EC?5activated?$AA@ 004238b4     pjmedia-i386-win32-vc14-release:sound_port.obj
 0002:000008c4       ??_C@_0N@GOCHBLLA@sound_port?4c?$AA@ 004238c4     pjmedia-i386-win32-vc14-release:sound_port.obj
 0002:000008d4       ??_C@_0CD@IGHBIGGN@EC?5suspended?5because?5of?5inactivi@ 004238d4     pjmedia-i386-win32-vc14-release:sound_port.obj
 0002:000008f8       ??_C@_0CB@KICGINBD@AEC?5tail?5is?5set?5to?5default?5?$CFu?5ms@ 004238f8     pjmedia-i386-win32-vc14-release:sound_port.obj
 0002:0000091c       ??_C@_0DJ@PNINHBGM@pjmedia_snd_port_set_ec?$CI?$CJ?5ignore@ 0042391c     pjmedia-i386-win32-vc14-release:sound_port.obj
 0002:00000958       ??_C@_0DB@KDEIEFDK@Echo?5canceller?5is?5now?5disabled?5i@ 00423958     pjmedia-i386-win32-vc14-release:sound_port.obj
 0002:0000098c       ??_C@_0DH@EDIEAILI@File?5writer?5?8?$CF?4?$CKs?8?5created?3?5samp@ 0042398c     pjmedia-i386-win32-vc14-release:wav_writer.obj
 0002:000009c4       ??_C@_0N@MCLOBLAH@wav_writer?4c?$AA@ 004239c4     pjmedia-i386-win32-vc14-release:wav_writer.obj
 0002:000009d4       ??_C@_07GBKCPIDJ@ext?9fmt?$AA@ 004239d4     pjmedia-i386-win32-vc14-release:audiodev.obj
 0002:000009dc       ??_C@_0BI@GGHCECPI@Extended?1non?9PCM?5format?$AA@ 004239dc     pjmedia-i386-win32-vc14-release:audiodev.obj
 0002:000009f4       ??_C@_0L@IKNMBADD@latency?9in?$AA@ 004239f4     pjmedia-i386-win32-vc14-release:audiodev.obj
 0002:00000a00       ??_C@_0CC@LIGOHOJN@Input?5latency?1buffer?5size?5settin@ 00423a00     pjmedia-i386-win32-vc14-release:audiodev.obj
 0002:00000a24       ??_C@_0M@MBBBBCLJ@latency?9out?$AA@ 00423a24     pjmedia-i386-win32-vc14-release:audiodev.obj
 0002:00000a30       ??_C@_0CD@GAINMBC@Output?5latency?1buffer?5size?5setti@ 00423a30     pjmedia-i386-win32-vc14-release:audiodev.obj
 0002:00000a54       ??_C@_06KGGLCDDG@vol?9in?$AA@ 00423a54     pjmedia-i386-win32-vc14-release:audiodev.obj
 0002:00000a5c       ??_C@_0BF@CCEKOJAN@Input?5volume?5setting?$AA@ 00423a5c     pjmedia-i386-win32-vc14-release:audiodev.obj
 0002:00000a74       ??_C@_07LBFHFBAF@vol?9out?$AA@ 00423a74     pjmedia-i386-win32-vc14-release:audiodev.obj
 0002:00000a7c       ??_C@_0BG@IBEHJHAD@Output?5volume?5setting?$AA@ 00423a7c     pjmedia-i386-win32-vc14-release:audiodev.obj
 0002:00000a94       ??_C@_08BPNDLGG@meter?9in?$AA@ 00423a94     pjmedia-i386-win32-vc14-release:audiodev.obj
 0002:00000aa0       ??_C@_0M@NCGIGNPG@Input?5meter?$AA@ 00423aa0     pjmedia-i386-win32-vc14-release:audiodev.obj
 0002:00000aac       ??_C@_09NKJLJGOJ@meter?9out?$AA@ 00423aac     pjmedia-i386-win32-vc14-release:audiodev.obj
 0002:00000ab8       ??_C@_0N@GBEOEOEP@Output?5meter?$AA@ 00423ab8     pjmedia-i386-win32-vc14-release:audiodev.obj
 0002:00000ac8       ??_C@_08FPHJDLBG@route?9in?$AA@ 00423ac8     pjmedia-i386-win32-vc14-release:audiodev.obj
 0002:00000ad4       ??_C@_0O@JDPFDDM@Input?5routing?$AA@ 00423ad4     pjmedia-i386-win32-vc14-release:audiodev.obj
 0002:00000ae4       ??_C@_09IKMAGDNF@route?9out?$AA@ 00423ae4     pjmedia-i386-win32-vc14-release:audiodev.obj
 0002:00000af0       ??_C@_0P@JOFPIEJJ@Output?5routing?$AA@ 00423af0     pjmedia-i386-win32-vc14-release:audiodev.obj
 0002:00000b00       ??_C@_03FNONIBCK@aec?$AA@  00423b00     pjmedia-i386-win32-vc14-release:audiodev.obj
 0002:00000b04       ??_C@_0BM@HPDLGLFJ@Accoustic?5echo?5cancellation?$AA@ 00423b04     pjmedia-i386-win32-vc14-release:audiodev.obj
 0002:00000b20       ??_C@_08MKAPJCJE@aec?9tail?$AA@ 00423b20     pjmedia-i386-win32-vc14-release:audiodev.obj
 0002:00000b2c       ??_C@_0BM@PBLLADJD@Tail?5length?5setting?5for?5AEC?$AA@ 00423b2c     pjmedia-i386-win32-vc14-release:audiodev.obj
 0002:00000b48       ??_C@_03NIGLNABH@vad?$AA@  00423b48     pjmedia-i386-win32-vc14-release:audiodev.obj
 0002:00000b4c       ??_C@_0BJ@PEELNNPF@Voice?5activity?5detection?$AA@ 00423b4c     pjmedia-i386-win32-vc14-release:audiodev.obj
 0002:00000b68       ??_C@_03JPNNGDEE@cng?$AA@  00423b68     pjmedia-i386-win32-vc14-release:audiodev.obj
 0002:00000b6c       ??_C@_0BJ@MNDOFJGN@Comfort?5noise?5generation?$AA@ 00423b6c     pjmedia-i386-win32-vc14-release:audiodev.obj
 0002:00000b88       ??_C@_03NOPFEPFL@plg?$AA@  00423b88     pjmedia-i386-win32-vc14-release:audiodev.obj
 0002:00000b8c       ??_C@_0BI@OMEMKBHH@Packet?5loss?5concealment?$AA@ 00423b8c     pjmedia-i386-win32-vc14-release:audiodev.obj
 0002:00000ba8       ??_C@_0EF@NLCNMHAD@?$CFd?5device?$CIs?$CJ?5cannot?5be?5registere@ 00423ba8     pjmedia-i386-win32-vc14-release:audiodev.obj
 0002:00000bf0       ??_C@_0L@FGHHAHLM@audiodev?4c?$AA@ 00423bf0     pjmedia-i386-win32-vc14-release:audiodev.obj
 0002:00000bfc       ??_C@_09GLMNEMC@codec?9mgr?$AA@ 00423bfc     pjmedia-i386-win32-vc14-release:codec.obj
 0002:00000c18       ??_C@_08MPIAKENM@RTP?1SAVP?$AA@ 00423c18     pjmedia-i386-win32-vc14-release:sdp.obj
 0002:00000c24       ??_C@_08INHMCBAE@inactive?$AA@ 00423c24     pjmedia-i386-win32-vc14-release:sdp.obj
 0002:00000f60       ??_C@_0CK@HBHLALIF@Unspecified?5PJMEDIA?5error?5?$CIPJMED@ 00423f60     pjmedia-i386-win32-vc14-release:errno.obj
 0002:00000f8c       ??_C@_0CM@KFAONKNJ@Invalid?5SDP?5descriptor?5?$CIPJMEDIA_@ 00423f8c     pjmedia-i386-win32-vc14-release:errno.obj
 0002:00000fb8       ??_C@_0CO@ONPCFICA@Invalid?5SDP?5version?5line?5?$CIPJMEDI@ 00423fb8     pjmedia-i386-win32-vc14-release:errno.obj
 0002:00000fe8       ??_C@_0DA@DIKNJOEJ@Invalid?5SDP?5origin?5line?5?$CIPJMEDIA@ 00423fe8     pjmedia-i386-win32-vc14-release:errno.obj
 0002:00001018       ??_C@_0CM@DLEAGODI@Invalid?5SDP?5time?5line?5?$CIPJMEDIA_S@ 00424018     pjmedia-i386-win32-vc14-release:errno.obj
 0002:00001044       ??_C@_0DF@HNDCDPJF@SDP?5name?1subject?5line?5is?5empty?5?$CI@ 00424044     pjmedia-i386-win32-vc14-release:errno.obj
 0002:0000107c       ??_C@_0DC@KNNPDHKA@Invalid?5SDP?5connection?5line?5?$CIPJM@ 0042407c     pjmedia-i386-win32-vc14-release:errno.obj
 0002:000010b0       ??_C@_0DM@NEDHCJGL@Missing?5SDP?5connection?5info?5line@ 004240b0     pjmedia-i386-win32-vc14-release:errno.obj
 0002:000010ec       ??_C@_0CN@JHLMEODJ@Invalid?5SDP?5attributes?5?$CIPJMEDIA_@ 004240ec     pjmedia-i386-win32-vc14-release:errno.obj
 0002:0000111c       ??_C@_0DF@BJAALDOM@Invalid?5SDP?5rtpmap?5attribute?5?$CIPJ@ 0042411c     pjmedia-i386-win32-vc14-release:errno.obj
 0002:00001154       ??_C@_0DL@HCOGNPAF@SDP?5rtpmap?5attribute?5too?5long?5?$CIP@ 00424154     pjmedia-i386-win32-vc14-release:errno.obj
 0002:00001190       ??_C@_0EJ@IDNJACOO@Missing?5SDP?5rtpmap?5for?5dynamic?5p@ 00424190     pjmedia-i386-win32-vc14-release:errno.obj
 0002:000011dc       ??_C@_0CO@DIKFNJOF@Invalid?5SDP?5media?5line?5?$CIPJMEDIA_@ 004241dc     pjmedia-i386-win32-vc14-release:errno.obj
 0002:0000120c       ??_C@_0DN@GADAENKO@No?5SDP?5payload?5format?5in?5the?5med@ 0042420c     pjmedia-i386-win32-vc14-release:errno.obj
 0002:0000124c       ??_C@_0DL@KAILPDC@Invalid?5SDP?5payload?5type?5in?5medi@ 0042424c     pjmedia-i386-win32-vc14-release:errno.obj
 0002:00001288       ??_C@_0DB@BJCACDID@Invalid?5SDP?5fmtp?5attribute?5?$CIPJME@ 00424288     pjmedia-i386-win32-vc14-release:errno.obj
 0002:000012bc       ??_C@_0DB@BKKJGGKM@Invalid?5SDP?5rtcp?5attribyte?5?$CIPJME@ 004242bc     pjmedia-i386-win32-vc14-release:errno.obj
 0002:000012f0       ??_C@_0DM@JFGCNJLM@Invalid?5SDP?5media?5transport?5prot@ 004242f0     pjmedia-i386-win32-vc14-release:errno.obj
 0002:0000132c       ??_C@_0DH@PCNCDMKM@Invalid?5SDP?5bandwidth?5info?5line?5@ 0042432c     pjmedia-i386-win32-vc14-release:errno.obj
 0002:00001368       ??_C@_0EF@CJNFLCEL@Invalid?5SDP?5negotiator?5state?5for@ 00424368     pjmedia-i386-win32-vc14-release:errno.obj
 0002:000013b0       ??_C@_0ED@IFOJJHNO@No?5initial?5local?5SDP?5in?5SDP?5nego@ 004243b0     pjmedia-i386-win32-vc14-release:errno.obj
 0002:000013f4       ??_C@_0DL@MFMHOMBE@No?5active?5SDP?5in?5SDP?5negotiator?5@ 004243f4     pjmedia-i386-win32-vc14-release:errno.obj
 0002:00001430       ??_C@_0DN@JGPGLEOH@No?5current?5local?1remote?5offer?1an@ 00424430     pjmedia-i386-win32-vc14-release:errno.obj
 0002:00001470       ??_C@_0EE@BLNHOMNC@SDP?5media?5count?5mismatch?5in?5offe@ 00424470     pjmedia-i386-win32-vc14-release:errno.obj
 0002:000014b8       ??_C@_0EG@MJOIPNIH@SDP?5media?5type?5mismatch?5in?5offer@ 004244b8     pjmedia-i386-win32-vc14-release:errno.obj
 0002:00001500       ??_C@_0EN@OPFCIOMP@SDP?5media?5transport?5type?5mismatc@ 00424500     pjmedia-i386-win32-vc14-release:errno.obj
 0002:00001550       ??_C@_0ED@NGHPALDD@No?5common?5SDP?5media?5payload?5in?5a@ 00424550     pjmedia-i386-win32-vc14-release:errno.obj
 0002:00001598       ??_C@_0ED@HELGJJGO@No?5active?5media?5stream?5after?5neg@ 00424598     pjmedia-i386-win32-vc14-release:errno.obj
 0002:000015dc       ??_C@_0DP@KIMEPBPF@No?5suitable?5codec?5for?5remote?5off@ 004245dc     pjmedia-i386-win32-vc14-release:errno.obj
 0002:00001620       ??_C@_0EM@LLMPLGCO@No?5suitable?5telephone?9event?5for?5@ 00424620     pjmedia-i386-win32-vc14-release:errno.obj
 0002:00001670       ??_C@_0EK@LPNBCGHG@No?5suitable?5answer?5for?5unknown?5r@ 00424670     pjmedia-i386-win32-vc14-release:errno.obj
 0002:000016bc       ??_C@_0DM@JMBBJEKO@SDP?5media?5descriptor?5not?5equal?5?$CI@ 004246bc     pjmedia-i386-win32-vc14-release:errno.obj
 0002:000016f8       ??_C@_0ED@KAALGBMF@Port?5in?5SDP?5media?5descriptor?5not@ 004246f8     pjmedia-i386-win32-vc14-release:errno.obj
 0002:00001740       ??_C@_0EJ@FJOJLJDF@Transport?5in?5SDP?5media?5descripto@ 00424740     pjmedia-i386-win32-vc14-release:errno.obj
 0002:00001790       ??_C@_0EH@FMIFCFBA@Format?5in?5SDP?5media?5descriptor?5n@ 00424790     pjmedia-i386-win32-vc14-release:errno.obj
 0002:000017d8       ??_C@_0DK@MAHAOAHF@SDP?5connection?5line?5not?5equal?5?$CIP@ 004247d8     pjmedia-i386-win32-vc14-release:errno.obj
 0002:00001814       ??_C@_0DF@HHCJAGLJ@SDP?5attributes?5not?5equal?5?$CIPJMEDI@ 00424814     pjmedia-i386-win32-vc14-release:errno.obj
 0002:0000184c       ??_C@_0DJ@GGABIHGL@SDP?5media?5direction?5not?5equal?5?$CIP@ 0042484c     pjmedia-i386-win32-vc14-release:errno.obj
 0002:00001888       ??_C@_0DJ@FFGHKCEG@SDP?5fmtp?5attribute?5not?5equal?5?$CIPJ@ 00424888     pjmedia-i386-win32-vc14-release:errno.obj
 0002:000018c4       ??_C@_0DN@HLKACHFN@SDP?5rtpmap?5attribute?5not?5equal?5?$CI@ 004248c4     pjmedia-i386-win32-vc14-release:errno.obj
 0002:00001904       ??_C@_0DN@EALGPLFN@SDP?5session?5descriptor?5not?5equal@ 00424904     pjmedia-i386-win32-vc14-release:errno.obj
 0002:00001944       ??_C@_0DI@BLKBMMGO@SDP?5origin?5line?5not?5equal?5?$CIPJMED@ 00424944     pjmedia-i386-win32-vc14-release:errno.obj
 0002:0000197c       ??_C@_0DM@HCOBINN@SDP?5name?1subject?5line?5not?5equal?5@ 0042497c     pjmedia-i386-win32-vc14-release:errno.obj
 0002:000019b8       ??_C@_0DE@PFJJJNGL@SDP?5time?5line?5not?5equal?5?$CIPJMEDIA@ 004249b8     pjmedia-i386-win32-vc14-release:errno.obj
 0002:000019ec       ??_C@_0CP@ODMIIAEN@Unsupported?5media?5codec?5?$CIPJMEDIA@ 004249ec     pjmedia-i386-win32-vc14-release:errno.obj
 0002:00001a1c       ??_C@_0DG@KJBEJCIE@Codec?5internal?5creation?5error?5?$CIP@ 00424a1c     pjmedia-i386-win32-vc14-release:errno.obj
 0002:00001a54       ??_C@_0DG@FOGENKNL@Codec?5frame?5is?5too?5short?5?$CIPJMEDI@ 00424a54     pjmedia-i386-win32-vc14-release:errno.obj
 0002:00001a8c       ??_C@_0DE@OLKJHMCL@PCM?5frame?5is?5too?5short?5?$CIPJMEDIA_@ 00424a8c     pjmedia-i386-win32-vc14-release:errno.obj
 0002:00001ac0       ??_C@_0DF@JDAOLAOM@Invalid?5codec?5frame?5length?5?$CIPJME@ 00424ac0     pjmedia-i386-win32-vc14-release:errno.obj
 0002:00001af8       ??_C@_0DG@LLBBCNCG@Invalid?5PCM?5frame?5length?5?$CIPJMEDI@ 00424af8     pjmedia-i386-win32-vc14-release:errno.obj
 0002:00001b30       ??_C@_0DG@EKMGLMFL@Invalid?5codec?5mode?5?$CIno?5fmtp?$DP?$CJ?5?$CIP@ 00424b30     pjmedia-i386-win32-vc14-release:errno.obj
 0002:00001b68       ??_C@_0DJ@NJFBGAOC@Bad?5or?5corrupted?5bitstream?5?$CIPJME@ 00424b68     pjmedia-i386-win32-vc14-release:errno.obj
 0002:00001ba4       ??_C@_0DH@KOBKDDJI@Invalid?5remote?5media?5?$CIIP?$CJ?5addres@ 00424ba4     pjmedia-i386-win32-vc14-release:errno.obj
 0002:00001bdc       ??_C@_0DM@GBJMMNCF@Asymetric?5media?5codec?5is?5not?5sup@ 00424bdc     pjmedia-i386-win32-vc14-release:errno.obj
 0002:00001c18       ??_C@_0DA@DKJJFGPE@Invalid?5media?5payload?5type?5?$CIPJME@ 00424c18     pjmedia-i386-win32-vc14-release:errno.obj
 0002:00001c48       ??_C@_0DN@IGGOEBDI@Missing?5rtpmap?5in?5media?5descript@ 00424c48     pjmedia-i386-win32-vc14-release:errno.obj
 0002:00001c88       ??_C@_0CO@MJBLNMMI@Invalid?5media?5type?5?$CIPJMEDIA_EINV@ 00424c88     pjmedia-i386-win32-vc14-release:errno.obj
 0002:00001cb8       ??_C@_0DF@NNKPPHHC@Remote?5does?5not?5support?5DTMF?5?$CIPJ@ 00424cb8     pjmedia-i386-win32-vc14-release:errno.obj
 0002:00001cf0       ??_C@_0CJ@ECIKMCPH@Invalid?5DTMF?5digit?5?$CIPJMEDIA_RTP_@ 00424cf0     pjmedia-i386-win32-vc14-release:errno.obj
 0002:00001d1c       ??_C@_0DN@EHCPFJJN@Remote?5does?5not?5support?5RFC?52833@ 00424d1c     pjmedia-i386-win32-vc14-release:errno.obj
 0002:00001d5c       ??_C@_0BN@LMCOIKH@Bad?5format?5?$CIPJMEDIA_EBADFMT?$CJ?$AA@ 00424d5c     pjmedia-i386-win32-vc14-release:errno.obj
 0002:00001d7c       ??_C@_0DB@GBKLBGPK@Unsupported?5media?5type?5?$CIPJMEDIA_@ 00424d7c     pjmedia-i386-win32-vc14-release:errno.obj
 0002:00001db0       ??_C@_0CI@KDAMKHEL@Invalid?5RTP?5packet?5?$CIPJMEDIA_RTP_@ 00424db0     pjmedia-i386-win32-vc14-release:errno.obj
 0002:00001dd8       ??_C@_0DL@KLDJIJLI@Invalid?5RTP?5packing?5?$CIinternal?5er@ 00424dd8     pjmedia-i386-win32-vc14-release:errno.obj
 0002:00001e14       ??_C@_0CJ@NGKNCMFA@Invalid?5RTP?5version?5?$CIPJMEDIA_RTP@ 00424e14     pjmedia-i386-win32-vc14-release:errno.obj
 0002:00001e40       ??_C@_0DC@PFPAEINL@RTP?5packet?5SSRC?5id?5mismatch?5?$CIPJM@ 00424e40     pjmedia-i386-win32-vc14-release:errno.obj
 0002:00001e74       ??_C@_0DF@KDOADJLK@RTP?5packet?5payload?5type?5mismatch@ 00424e74     pjmedia-i386-win32-vc14-release:errno.obj
 0002:00001eac       ??_C@_0CP@OBFABIAL@Invalid?5RTP?5packet?5length?5?$CIPJMED@ 00424eac     pjmedia-i386-win32-vc14-release:errno.obj
 0002:00001edc       ??_C@_0DB@HLHLKEBJ@RTP?5session?5restarted?5?$CIPJMEDIA_R@ 00424edc     pjmedia-i386-win32-vc14-release:errno.obj
 0002:00001f10       ??_C@_0DG@OPPFJBGL@RTP?5session?5in?5probation?5?$CIPJMEDI@ 00424f10     pjmedia-i386-win32-vc14-release:errno.obj
[...]
 0001:0001f626       ?__scrt_common_main_seh@@YAHXZ 00420626 f   MSVCRT:exe_main.obj
 0001:0001f9b0       $$000000                   004209b0     MSVCRT:_svml_dcos2_dispatch_.obj
 0001:0001f9c0       $$000000                   004209c0     MSVCRT:lldiv.obj
 0001:0001fa70       $$000000                   00420a70     MSVCRT:_ftol3_.obj
 0001:0001fdf0       $$000000                   00420df0     MSVCRT:_ftol2_.obj
 0001:0001fea5       ?find_pe_section@@YAPAU_IMAGE_SECTION_HEADER@@QAEI@Z 00420ea5 f   MSVCRT:utility.obj
 0001:00020120       ___get_entropy             00421120 f   MSVCRT:gs_support.obj
 0001:00020440       $$000000                   00421440     MSVCRT:_sehprolg4_.obj
 0001:000204c0       $$000000                   004214c0     MSVCRT:_svml_dcos2_sse2_.obj
 0001:00020810       $$000000                   00421810     MSVCRT:_svml_dtrig_.obj
 0001:00020b00       ___common_srl              00421b00 f   MSVCRT:_svml_dtrig_.obj
 0001:00020b30       ___common_sll              00421b30 f   MSVCRT:_svml_dtrig_.obj
 0002:00000258       ?pre_cpp_initializer@@3P6AXXZA 00423258     MSVCRT:exe_main.obj
 0002:00000264       ?pre_c_initializer@@3P6AHXZA 00423264     MSVCRT:exe_main.obj
 0002:00000268       ?post_pgo_initializer@@3P6AHXZA 00423268     MSVCRT:exe_main.obj
 0002:00000280       _err_str                   00423280     pjmedia-audiodev-i386-win32-vc14-release:errno.obj
 0002:000007ec       _STR_RTP_AVP               004237ec     pjmedia-i386-win32-vc14-release:endpoint.obj
 0002:000007f4       _STR_IN                    004237f4     pjmedia-i386-win32-vc14-release:endpoint.obj
 0002:000007fc       _STR_IP4                   004237fc     pjmedia-i386-win32-vc14-release:endpoint.obj
 0002:00000804       _STR_IP6                   00423804     pjmedia-i386-win32-vc14-release:endpoint.obj
 0002:0000080c       _STR_SDP_NAME              0042380c     pjmedia-i386-win32-vc14-release:endpoint.obj
 0002:00000814       _STR_SENDRECV              00423814     pjmedia-i386-win32-vc14-release:endpoint.obj
 0002:00000c08       ?ID_RTP_AVP@?1??pjmedia_sdp_transport_cmp@@9@9 00423c08     pjmedia-i386-win32-vc14-release:sdp.obj
 0002:00000c10       ?ID_RTP_SAVP@?1??pjmedia_sdp_transport_cmp@@9@9 00423c10     pjmedia-i386-win32-vc14-release:sdp.obj
 0002:00000c30       _err_str                   00423c30     pjmedia-i386-win32-vc14-release:errno.obj
 0002:0000ad38       _ID_RTP_AVP                0042dd38     pjmedia-i386-win32-vc14-release:transport_srtp.obj
 0002:0000ad40       _ID_RTP_SAVP               0042dd40     pjmedia-i386-win32-vc14-release:transport_srtp.obj
 0002:0000ad48       _ID_INACTIVE               0042dd48     pjmedia-i386-win32-vc14-release:transport_srtp.obj
 0002:0000ad50       _ID_CRYPTO                 0042dd50     pjmedia-i386-win32-vc14-release:transport_srtp.obj
 0002:0000b5e0       _base64_char               0042e5e0     pjlib-util-i386-win32-vc14-release:base64.obj
 0002:0000b708       _err_str                   0042e708     pjlib-i386-win32-vc14-release:errno.obj
 0002:0000bd58       _gaErrorList               0042ed58     pjlib-i386-win32-vc14-release:os_error_win32.obj
 0002:0000ccb0       ?table@?1??hypergeom_gain@@9@9 0042fcb0     libspeex-i386-win32-vc14-release:preprocess.obj
 0002:0000d648       _srtp_null_cipher_description 00430648     libsrtp-i386-win32-vc14-release:null_cipher.obj
 0002:0000d654       _srtp_null_cipher_test_0   00430654     libsrtp-i386-win32-vc14-release:null_cipher.obj
 0002:0000d70c       _srtp_aes_icm_128_description 0043070c     libsrtp-i386-win32-vc14-release:aes_icm.obj
 0002:0000d72c       _srtp_aes_icm_256_description 0043072c     libsrtp-i386-win32-vc14-release:aes_icm.obj
 0002:0000d74c       _srtp_aes_icm_128_test_case_0_key 0043074c     libsrtp-i386-win32-vc14-release:aes_icm.obj
 0002:0000d76c       _srtp_aes_icm_128_test_case_0_plaintext 0043076c     libsrtp-i386-win32-vc14-release:aes_icm.obj
 0002:0000d78c       _srtp_aes_icm_128_test_case_0_ciphertext 0043078c     libsrtp-i386-win32-vc14-release:aes_icm.obj
 0002:0000d7ac       _srtp_aes_icm_128_test_case_0 004307ac     libsrtp-i386-win32-vc14-release:aes_icm.obj
 0002:0000d7d8       _srtp_aes_icm_256_test_case_0_key 004307d8     libsrtp-i386-win32-vc14-release:aes_icm.obj
 0002:0000d808       _srtp_aes_icm_256_test_case_0_plaintext 00430808     libsrtp-i386-win32-vc14-release:aes_icm.obj
 0002:0000d828       _srtp_aes_icm_256_test_case_0_ciphertext 00430828     libsrtp-i386-win32-vc14-release:aes_icm.obj
 0002:0000d848       _srtp_aes_icm_256_test_case_0 00430848     libsrtp-i386-win32-vc14-release:aes_icm.obj
 0002:0000d960       _srtp_null_auth_test_case_0 00430960     libsrtp-i386-win32-vc14-release:null_auth.obj
 0002:0000d97c       _srtp_null_auth_description 0043097c     libsrtp-i386-win32-vc14-release:null_auth.obj
 0002:0000da18       _srtp_hmac_test_case_0_key 00430a18     libsrtp-i386-win32-vc14-release:hmac.obj
 0002:0000da2c       _srtp_hmac_test_case_0_data 00430a2c     libsrtp-i386-win32-vc14-release:hmac.obj
 0002:0000da34       _srtp_hmac_test_case_0_tag 00430a34     libsrtp-i386-win32-vc14-release:hmac.obj
 0002:0000da48       _srtp_hmac_test_case_0     00430a48     libsrtp-i386-win32-vc14-release:hmac.obj
 0002:0000da64       _srtp_hmac_description     00430a64     libsrtp-i386-win32-vc14-release:hmac.obj
 0002:0000dad0       _T0                        00430ad0     libsrtp-i386-win32-vc14-release:aes.obj
 0002:0000ded0       _T1                        00430ed0     libsrtp-i386-win32-vc14-release:aes.obj
 0002:0000e2d0       _T2                        004312d0     libsrtp-i386-win32-vc14-release:aes.obj
 0002:0000e6d0       _T3                        004316d0     libsrtp-i386-win32-vc14-release:aes.obj
 0002:0000ead0       _U0                        00431ad0     libsrtp-i386-win32-vc14-release:aes.obj
 0002:0000eed0       _U1                        00431ed0     libsrtp-i386-win32-vc14-release:aes.obj
 0002:0000f2d0       _U2                        004322d0     libsrtp-i386-win32-vc14-release:aes.obj
 0002:0000f6d0       _U3                        004326d0     libsrtp-i386-win32-vc14-release:aes.obj
 0002:0000fad0       _aes_sbox                  00432ad0     libsrtp-i386-win32-vc14-release:aes.obj
 0002:0000fbd0       _aes_inv_sbox              00432bd0     libsrtp-i386-win32-vc14-release:aes.obj
 0002:0000fd80       _GS_ExceptionPointers      00432d80     MSVCRT:gs_report.obj
 0002:0000fd90       _Int32ToUInt32             00432d90     MSVCRT:_ftol3_.obj
 0002:0000fd98       _DP2to32                   00432d98     MSVCRT:_ftol3_.obj
 0002:0000fda0       _MantissaMask              00432da0     MSVCRT:_ftol3_.obj
 0002:0000fda8       _IntegerBit                00432da8     MSVCRT:_ftol3_.obj
 0002:0000fdb0       _SignBit64                 00432db0     MSVCRT:_ftol3_.obj
 0002:0000fdb8       _MinFP64                   00432db8     MSVCRT:_ftol3_.obj
 0002:0000fdc0       _MinInt64                  00432dc0     MSVCRT:_ftol3_.obj
 0002:0000fdc8       _MaxInt64                  00432dc8     MSVCRT:_ftol3_.obj
 0002:0000fdd0       _MaxUInt64                 00432dd0     MSVCRT:_ftol3_.obj
 0002:0000fdd8       _MaxFP32                   00432dd8     MSVCRT:_ftol3_.obj
 0002:0000fde0       _MinFP32                   00432de0     MSVCRT:_ftol3_.obj
 0002:0000fde8       _MinSubInexact             00432de8     MSVCRT:_ftol3_.obj
 0002:0000fdf0       _FpExcptTable              00432df0     MSVCRT:_ftol3_.obj
 0002:0000fe00       _i1075                     00432e00     MSVCRT:_ftol3_.obj
 0002:0000fe04       _i1087                     00432e04     MSVCRT:_ftol3_.obj
 0002:0000fe08       _x0800                     00432e08     MSVCRT:_ftol3_.obj
 0002:0000fe0c       _x17FF                     00432e0c     MSVCRT:_ftol3_.obj
 0002:0000fe10       _CWMask                    00432e10     MSVCRT:_ftol3_.obj
 0002:00010130       __sehtable$?__scrt_common_main_seh@@YAHXZ 00433130     MSVCRT:exe_main.obj
 0002:00010150       __sehtable$___scrt_is_nonwritable_in_current_image 00433150     MSVCRT:utility.obj
 0002:000104d0       .idata$6                   004334d0     ole32:ole32.dll
 0002:000104da       .idata$6                   004334da     ws2_32:WS2_32.dll
 0002:000106a6       .idata$6                   004336a6     winmm:WINMM.dll
 0002:000109fe       .idata$6                   004339fe     kernel32:KERNEL32.dll
 0002:00010a58       .idata$6                   00433a58     vcruntime:VCRUNTIME140.dll
 0002:00010da6       .idata$6                   00433da6     ucrt:api-ms-win-crt-stdio-l1-1-0.dll
 0002:00010dc6       .idata$6                   00433dc6     ucrt:api-ms-win-crt-string-l1-1-0.dll
 0002:00010de8       .idata$6                   00433de8     ucrt:api-ms-win-crt-math-l1-1-0.dll
 0002:00010e08       .idata$6                   00433e08     ucrt:api-ms-win-crt-heap-l1-1-0.dll
 0002:00010e28       .idata$6                   00433e28     ucrt:api-ms-win-crt-utility-l1-1-0.dll
 0002:00010e4a       .idata$6                   00433e4a     ucrt:api-ms-win-crt-runtime-l1-1-0.dll
 0002:00010e6c       .idata$6                   00433e6c     ucrt:api-ms-win-crt-locale-l1-1-0.dll
 0003:00000000       _desc                      00434000     recfile.obj
 0003:00000004       $SG22795                   00434004     recfile.obj
 0003:00000018       $SG22784                   00434018     recfile.obj
 0003:000000b4       $SG22836                   004340b4     recfile.obj
 0003:000000b8       $SG22838                   004340b8     recfile.obj
 0003:000000dc       $SG22839                   004340dc     recfile.obj
 0003:000000e8       $SG22841                   004340e8     recfile.obj
 0003:00000104       $SG22842                   00434104     recfile.obj
 0003:00000110       $SG22844                   00434110     recfile.obj
 0003:00000120       $SG22846                   00434120     recfile.obj
 0003:0000014c       $SG22848                   0043414c     recfile.obj
 0003:00000178       $SG21754                   00434178     recfile.obj
 0003:0000018c       $SG21755                   0043418c     recfile.obj
 0003:000001a0       $SG17988                   004341a0     recfile.obj
 0003:000001b0       _factory_op                004341b0     pjmedia-audiodev-i386-win32-vc14-release:wmme_dev.obj
 0003:000001cc       _stream_op                 004341cc     pjmedia-audiodev-i386-win32-vc14-release:wmme_dev.obj
 0003:000001f0       _cap_infos                 004341f0     pjmedia-i386-win32-vc14-release:audiodev.obj
 0003:00000260       _echo_supp_op              00434260     pjmedia-i386-win32-vc14-release:echo_common.obj
 0003:0000027c       _speex_aec_op              0043427c     pjmedia-i386-win32-vc14-release:echo_common.obj
 0003:00000298       _crypto_suites             00434298     pjmedia-i386-win32-vc14-release:transport_srtp.obj
 0003:00000374       _transport_srtp_op         00434374     pjmedia-i386-win32-vc14-release:transport_srtp.obj
 0003:000003a8       _sdes_op                   004343a8     pjmedia-i386-win32-vc14-release:transport_srtp.obj
 0003:000003e0       ?liberr@?1??get_libsrtp_errstr@@9@9 004343e0     pjmedia-i386-win32-vc14-release:transport_srtp.obj
 0003:00000444       _thread_tls_id             00434444     pjlib-i386-win32-vc14-release:os_core_win32.obj
 0003:00000448       _pool_sizes                00434448     pjlib-i386-win32-vc14-release:pool_caching.obj
 0003:00000498       _thread_suspended_tls_id   00434498     pjlib-i386-win32-vc14-release:log.obj
 0003:0000049c       _thread_indent_tls_id      0043449c     pjlib-i386-win32-vc14-release:log.obj
 0003:000004a0       _pj_log_max_level          004344a0     pjlib-i386-win32-vc14-release:log.obj
 0003:000004a4       _log_writer                004344a4     pjlib-i386-win32-vc14-release:log.obj
 0003:000004a8       _log_decor                 004344a8     pjlib-i386-win32-vc14-release:log.obj
 0003:000004ac       _PJ_LOG_COLOR_0            004344ac     pjlib-i386-win32-vc14-release:log.obj
 0003:000004b0       _PJ_LOG_COLOR_1            004344b0     pjlib-i386-win32-vc14-release:log.obj
 0003:000004b4       _PJ_LOG_COLOR_2            004344b4     pjlib-i386-win32-vc14-release:log.obj
 0003:000004b8       _PJ_LOG_COLOR_3            004344b8     pjlib-i386-win32-vc14-release:log.obj
 0003:000004bc       _PJ_LOG_COLOR_4            004344bc     pjlib-i386-win32-vc14-release:log.obj
 0003:000004c0       _PJ_LOG_COLOR_5            004344c0     pjlib-i386-win32-vc14-release:log.obj
 0003:000004c4       _PJ_LOG_COLOR_6            004344c4     pjlib-i386-win32-vc14-release:log.obj
 0003:000004c8       _PJ_LOG_COLOR_77           004344c8     pjlib-i386-win32-vc14-release:log.obj
 0003:000004cc       ?ltexts@?2??pj_log@@9@9    004344cc     pjlib-i386-win32-vc14-release:log.obj
 0003:000004e8       ?wdays@?3??pj_log@@9@9     004344e8     pjlib-i386-win32-vc14-release:log.obj
 0003:00000504       _thread_local_id           00434504     pjlib-i386-win32-vc14-release:except.obj
 0003:00000508       _mutex_lock_template       00434508     pjlib-i386-win32-vc14-release:lock.obj
 0003:0000051c       _null_lock_template        0043451c     pjlib-i386-win32-vc14-release:lock.obj
 0003:00000530       _sem_lock_template         00434530     pjlib-i386-win32-vc14-release:lock.obj
 0003:00000544       ?hex@?1??hex2digit@@9@9    00434544     pjlib-i386-win32-vc14-release:guid_win32.obj
 0003:00000558       _id                        00434558     pjlib-i386-win32-vc14-release:config.obj
 0003:0000055c       _tls                       0043455c     pjlib-i386-win32-vc14-release:pool_buf.obj
 0003:00000560       ?ntryh@?1??drfti1@@9@9     00434560     libspeex-i386-win32-vc14-release:smallft.obj
 0003:00000570       ?tpi@?1??drfti1@@9@9       00434570     libspeex-i386-win32-vc14-release:smallft.obj
 0003:00000574       ?hsqt2@?1??dradf4@@9@9     00434574     libspeex-i386-win32-vc14-release:smallft.obj
 0003:00000578       ?tpi@?1??dradfg@@9@9       00434578     libspeex-i386-win32-vc14-release:smallft.obj
 0003:0000057c       ?taur@?1??dradb3@@9@9      0043457c     libspeex-i386-win32-vc14-release:smallft.obj
 0003:00000580       ?taui@?1??dradb3@@9@9      00434580     libspeex-i386-win32-vc14-release:smallft.obj
 0003:00000584       ?sqrt2@?1??dradb4@@9@9     00434584     libspeex-i386-win32-vc14-release:smallft.obj
 0003:00000588       ?tpi@?1??dradbg@@9@9       00434588     libspeex-i386-win32-vc14-release:smallft.obj
 0003:00000594       _srtp_event_handler        00434594     libsrtp-i386-win32-vc14-release:srtp.obj
 0003:00000a40       $SG22833                   00434a40     recfile.obj
 0003:00000a41       $SG22845                   00434a41     recfile.obj
 0003:00000a44       ?name@?1??get_fmt_name@@9@9 00434a44     pjmedia-audiodev-i386-win32-vc14-release:wmme_dev.obj
 0003:00000a4c       ?rec_cnt@?1??wmme_dev_thread@@9@9 00434a4c     pjmedia-audiodev-i386-win32-vc14-release:wmme_dev.obj
 0003:00000a50       ?play_cnt@?1??wmme_dev_thread@@9@9 00434a50     pjmedia-audiodev-i386-win32-vc14-release:wmme_dev.obj
 0003:00000a58       _aud_subsys                00434a58     pjmedia-i386-win32-vc14-release:audiodev.obj
 0003:00000f28       _is_initialized            00434f28     pjmedia-i386-win32-vc14-release:sdp.obj
 0003:00000f30       _cis_buf                   00434f30     pjmedia-i386-win32-vc14-release:sdp.obj
 0003:00001334       _cs_digit                  00435334     pjmedia-i386-win32-vc14-release:sdp.obj
 0003:0000133c       _cs_token                  0043533c     pjmedia-i386-win32-vc14-release:sdp.obj
 0003:00001344       ?msg@?3??get_libsrtp_errstr@@9@9 00435344     pjmedia-i386-win32-vc14-release:transport_srtp.obj
 0003:00001364       _libsrtp_initialized       00435364     pjmedia-i386-win32-vc14-release:transport_srtp.obj
 0003:00001368       _initialized               00435368     pjlib-i386-win32-vc14-release:os_core_win32.obj
 0003:0000136c       _atexit_count              0043536c     pjlib-i386-win32-vc14-release:os_core_win32.obj
 0003:00001370       _main_thread               00435370     pjlib-i386-win32-vc14-release:os_core_win32.obj
 0003:00001470       _critical_section_mutex    00435470     pjlib-i386-win32-vc14-release:os_core_win32.obj
 0003:000014a8       _atexit_func               004354a8     pjlib-i386-win32-vc14-release:os_core_win32.obj
 0003:00001528       _err_msg_hnd_cnt           00435528     pjlib-i386-win32-vc14-release:errno.obj
 0003:00001530       _err_msg_hnd               00435530     pjlib-i386-win32-vc14-release:errno.obj
 0003:000015a8       _g_last_thread             004355a8     pjlib-i386-win32-vc14-release:log.obj
 0003:000015b0       _base_time                 004355b0     pjlib-i386-win32-vc14-release:os_time_win32.obj
 0003:000015b8       ?buf@?1??pj_gethostname@@9@9 004355b8     pjlib-i386-win32-vc14-release:sock_bsd.obj
 0003:00001638       ?hostname@?1??pj_gethostname@@9@9 00435638     pjlib-i386-win32-vc14-release:sock_bsd.obj
 0003:00001640       _exception_id_names        00435640     pjlib-i386-win32-vc14-release:except.obj
 0003:00001680       ?unknown_name@?1??pj_exception_id_name@@9@9 00435680     pjlib-i386-win32-vc14-release:except.obj
 0003:000016a0       _stack_based_factory       004356a0     pjlib-i386-win32-vc14-release:pool_buf.obj
 0003:000016c4       _is_initialized            004356c4     pjlib-i386-win32-vc14-release:pool_buf.obj
 0003:000016c8       _s_hDLL                    004356c8     pjlib-i386-win32-vc14-release:ip_helper_win32.obj
 0003:000016cc       _s_pfnGetIpAddrTable       004356cc     pjlib-i386-win32-vc14-release:ip_helper_win32.obj
 0003:000016d0       _s_pfnGetAdapterAddresses  004356d0     pjlib-i386-win32-vc14-release:ip_helper_win32.obj
 0003:000016d4       _s_pfnGetIpForwardTable    004356d4     pjlib-i386-win32-vc14-release:ip_helper_win32.obj
 0003:000016d8       _s_pfnGetIfEntry           004356d8     pjlib-i386-win32-vc14-release:ip_helper_win32.obj
 0003:000016dc       _srtp_log_handler          004356dc     libsrtp-i386-win32-vc14-release:srtp.obj
 0003:000016e0       _srtp_log_handler_data     004356e0     libsrtp-i386-win32-vc14-release:srtp.obj
 0003:000016f8       _srtp_aes_icm_128_test_case_0_nonce 004356f8     libsrtp-i386-win32-vc14-release:aes_icm.obj
 0003:00001708       _srtp_aes_icm_256_test_case_0_nonce 00435708     libsrtp-i386-win32-vc14-release:aes_icm.obj
 0003:00001718       _GS_ExceptionRecord        00435718     MSVCRT:gs_report.obj
 0003:00001768       _GS_ContextRecord          00435768     MSVCRT:gs_report.obj
 0003:00001a3c       ?module_local_atexit_table@@3U_onexit_table_t@@A 00435a3c     MSVCRT:utility.obj
 0003:00001a48       ?module_local_at_quick_exit_table@@3U_onexit_table_t@@A 00435a48     MSVCRT:utility.obj
 0003:00001a54       ?module_local_atexit_table_initialized@@3_NA 00435a54     MSVCRT:utility.obj
 0003:00001a55       ?is_initialized_as_dll@@3_NA 00435a55     MSVCRT:utility.obj
 0004:00000000       _static_const_table        00436000     MSVCRT:_svml_dcos2_sse2_.obj
 0004:00000200       __e02PI                    00436200     MSVCRT:_svml_dtrig_.obj
 0004:000003a0       __e04PI                    004363a0     MSVCRT:_svml_dtrig_.obj
 0004:00000530       _2il0floatpacket_2         00436530     MSVCRT:_svml_dtrig_.obj
 0004:00000540       _2il0floatpacket_9         00436540     MSVCRT:_svml_dtrig_.obj
 0004:00000550       _2il0floatpacket_12        00436550     MSVCRT:_svml_dtrig_.obj
 0004:00000560       __dPI02                    00436560     MSVCRT:_svml_dtrig_.obj
 0004:00000570       __d02PI                    00436570     MSVCRT:_svml_dtrig_.obj
 0004:00000580       __DP4                      00436580     MSVCRT:_svml_dtrig_.obj
 0004:000005a0       __dPI04                    004365a0     MSVCRT:_svml_dtrig_.obj
 0004:000005b0       __d04PI                    004365b0     MSVCRT:_svml_dtrig_.obj
 0004:000005c0       __QP4                      004365c0     MSVCRT:_svml_dtrig_.obj
