 simpleua

 Timestamp is 5abb990b (Wed Mar 28 21:30:51 2018)

 Preferred load address is 00400000

 Start         Length     Name                   Class
 0001:00000000 00054c12H .text$mn                CODE
 0002:00000000 0000029cH .idata$5                DATA
 0002:0000029c 00000004H .00cfg                  DATA
 0002:000002a0 00000004H .CRT$XCA                DATA
 0002:000002a4 00000004H .CRT$XCAA               DATA
 0002:000002a8 00000004H .CRT$XCZ                DATA
 0002:000002ac 00000004H .CRT$XIA                DATA
 0002:000002b0 00000004H .CRT$XIAA               DATA
 0002:000002b4 00000004H .CRT$XIAC               DATA
 0002:000002b8 00000004H .CRT$XIZ                DATA
 0002:000002bc 00000004H .CRT$XPA                DATA
 0002:000002c0 00000004H .CRT$XPZ                DATA
 0002:000002c4 00000004H .CRT$XTA                DATA
 0002:000002c8 00000008H .CRT$XTZ                DATA
 0002:000002cc 00000000H .gfids$y                DATA
 0002:000002d0 00015f30H .rdata                  DATA
 0002:00016200 00000004H .rdata$sxdata           DATA
 0002:00016204 0000023cH .rdata$zzzdbg           DATA
 0002:00016440 00000004H .rtc$IAA                DATA
 0002:00016444 00000004H .rtc$IZZ                DATA
 0002:00016448 00000004H .rtc$TAA                DATA
 0002:0001644c 00000004H .rtc$TZZ                DATA
 0002:00016450 0000003cH .xdata$x                DATA
 0002:0001648c 00000000H .edata                  DATA
 0002:0001648c 00000104H .idata$2                DATA
 0002:00016590 00000014H .idata$3                DATA
 0002:000165a4 0000029cH .idata$4                DATA
 0002:00016840 00000a92H .idata$6                DATA
 0003:00000000 00001760H .data                   DATA
 0003:00001760 00005a10H .bss                    DATA
 0004:00000000 000005e0H _RDATA                  DATA

  Address         Publics by Value              Rva+Base       Lib:Object

 0000:00000000       ___guard_fids_table        00000000     <absolute>
 0000:00000000       ___hybrid_code_map         00000000     <absolute>
 0000:00000000       ___hybrid_auxiliary_iat    00000000     <absolute>
 0000:00000000       ___hybrid_code_map_count   00000000     <absolute>
 0000:00000000       ___guard_iat_count         00000000     <absolute>
 0000:00000000       ___guard_iat_table         00000000     <absolute>
 0000:00000000       ___guard_fids_count        00000000     <absolute>
 0000:00000000       ___dynamic_value_reloc_table 00000000     <absolute>
 0000:00000000       ___guard_longjmp_count     00000000     <absolute>
 0000:00000000       ___guard_longjmp_table     00000000     <absolute>
 0000:00000000       ___enclave_config          00000000     <absolute>
 0000:00000001       ___safe_se_handler_count   00000001     <absolute>
 0000:00000100       ___guard_flags             00000100     <absolute>
 0000:00000000       ___ImageBase               00400000     <linker-defined>
 0001:00000240       _get_snd_options           00401240 f   simpleua.obj
 0001:00000630       _dump_pool_usage           00401630 f   simpleua.obj
 0001:00000cd0       _main                      00401cd0 f   simpleua.obj
 0001:000011f0       ___local_stdio_printf_options 004021f0 f i simpleua.obj
 0001:00001200       _sprintf                   00402200 f i simpleua.obj
 0001:000012f0       __get_startup_thread_locale_mode 004022f0 f   MSVCRT:thread_locale.obj
 0001:000012f0       __matherr                  004022f0 f   MSVCRT:matherr.obj
 0001:000012f0       _echo_supp_destroy         004022f0 f   pjmedia-i386-win32-vc14-release:echo_suppress.obj
 0001:000012f0       ___scrt_initialize_winrt   004022f0 f   MSVCRT:utility_desktop.obj
 0001:000012f0       __get_startup_commit_mode  004022f0 f   MSVCRT:commit_mode.obj
 0001:000012f0       _srtp_ekt_stream_init_from_policy 004022f0 f   libsrtp-i386-win32-vc14-release:ekt.obj
 0001:000012f0       __get_startup_new_mode     004022f0 f   MSVCRT:new_mode.obj
 0001:000012f0       _pjmedia_wsola_destroy     004022f0 f   pjmedia-i386-win32-vc14-release:wsola.obj
 0001:00002950       __snprintf                 00403950 f i pjsip-ua-i386-win32-vc14-release:sip_inv.obj
 0001:00004280       _pjsip_create_sdp_body     00405280 f   pjsip-ua-i386-win32-vc14-release:sip_inv.obj
 0001:00004300       _pjsip_inv_answer          00405300 f   pjsip-ua-i386-win32-vc14-release:sip_inv.obj
 0001:000043d0       _pjsip_inv_create_uac      004053d0 f   pjsip-ua-i386-win32-vc14-release:sip_inv.obj
 0001:00004580       _pjsip_inv_create_uas      00405580 f   pjsip-ua-i386-win32-vc14-release:sip_inv.obj
 0001:000047d0       _pjsip_inv_end_session     004057d0 f   pjsip-ua-i386-win32-vc14-release:sip_inv.obj
 0001:00004a10       _pjsip_inv_initial_answer  00405a10 f   pjsip-ua-i386-win32-vc14-release:sip_inv.obj
 0001:00004b50       _pjsip_inv_invite          00405b50 f   pjsip-ua-i386-win32-vc14-release:sip_inv.obj
 0001:00004db0       _pjsip_inv_process_redirect 00405db0 f   pjsip-ua-i386-win32-vc14-release:sip_inv.obj
 0001:000050e0       _pjsip_inv_send_msg        004060e0 f   pjsip-ua-i386-win32-vc14-release:sip_inv.obj
 0001:00005340       _pjsip_inv_state_name      00406340 f   pjsip-ua-i386-win32-vc14-release:sip_inv.obj
 0001:00005360       _pjsip_inv_uac_restart     00406360 f   pjsip-ua-i386-win32-vc14-release:sip_inv.obj
 0001:000053d0       _pjsip_inv_update          004063d0 f   pjsip-ua-i386-win32-vc14-release:sip_inv.obj
 0001:000055e0       _pjsip_inv_usage_init      004065e0 f   pjsip-ua-i386-win32-vc14-release:sip_inv.obj
 0001:00005640       _pjsip_inv_verify_request  00406640 f   pjsip-ua-i386-win32-vc14-release:sip_inv.obj
 0001:00005670       _pjsip_inv_verify_request3 00406670 f   pjsip-ua-i386-win32-vc14-release:sip_inv.obj
 0001:000060b0       _pjsip_rdata_get_sdp_info  004070b0 f   pjsip-ua-i386-win32-vc14-release:sip_inv.obj
 0001:000066a0       _pjsip_100rel_attach       004076a0 f   pjsip-ua-i386-win32-vc14-release:sip_100rel.obj
 0001:00006710       _pjsip_100rel_create_prack 00407710 f   pjsip-ua-i386-win32-vc14-release:sip_100rel.obj
 0001:00006a10       _pjsip_100rel_end_session  00407a10 f   pjsip-ua-i386-win32-vc14-release:sip_100rel.obj
 0001:00006a70       _pjsip_100rel_init_module  00407a70 f   pjsip-ua-i386-win32-vc14-release:sip_100rel.obj
 0001:00006aa0       _pjsip_100rel_is_reliable  00407aa0 f   pjsip-ua-i386-win32-vc14-release:sip_100rel.obj
 0001:00006ae0       _pjsip_100rel_on_rx_prack  00407ae0 f   pjsip-ua-i386-win32-vc14-release:sip_100rel.obj
 0001:00006d20       _pjsip_100rel_send_prack   00407d20 f   pjsip-ua-i386-win32-vc14-release:sip_100rel.obj
 0001:00006d60       _pjsip_100rel_tx_response  00407d60 f   pjsip-ua-i386-win32-vc14-release:sip_100rel.obj
 0001:00007620       _pjsip_sess_expires_hdr_create 00408620 f   pjsip-ua-i386-win32-vc14-release:sip_timer.obj
 0001:00007680       _pjsip_timer_end_session   00408680 f   pjsip-ua-i386-win32-vc14-release:sip_timer.obj
 0001:000076b0       _pjsip_timer_handle_refresh_error 004086b0 f   pjsip-ua-i386-win32-vc14-release:sip_timer.obj
 0001:00007830       _pjsip_timer_init_session  00408830 f   pjsip-ua-i386-win32-vc14-release:sip_timer.obj
 0001:000078c0       _pjsip_timer_process_req   004088c0 f   pjsip-ua-i386-win32-vc14-release:sip_timer.obj
 0001:00007ad0       _pjsip_timer_process_resp  00408ad0 f   pjsip-ua-i386-win32-vc14-release:sip_timer.obj
 0001:00007e30       _pjsip_timer_update_req    00408e30 f   pjsip-ua-i386-win32-vc14-release:sip_timer.obj
 0001:00007ec0       _pjsip_timer_update_resp   00408ec0 f   pjsip-ua-i386-win32-vc14-release:sip_timer.obj
 0001:00009cc0       _pjsip_accept_hdr_create   0040acc0 f   pjsip-core-i386-win32-vc14-release:sip_msg.obj
 0001:00009d10       _pjsip_allow_hdr_create    0040ad10 f   pjsip-core-i386-win32-vc14-release:sip_msg.obj
 0001:00009d60       _pjsip_cid_hdr_create      0040ad60 f   pjsip-core-i386-win32-vc14-release:sip_msg.obj
 0001:00009dd0       _pjsip_clen_hdr_create     0040add0 f   pjsip-core-i386-win32-vc14-release:sip_msg.obj
 0001:00009e30       _pjsip_clone_text_data     0040ae30 f   pjsip-core-i386-win32-vc14-release:sip_msg.obj
 0001:00009e70       _pjsip_contact_hdr_create  0040ae70 f   pjsip-core-i386-win32-vc14-release:sip_msg.obj
 0001:00009ef0       _pjsip_cseq_hdr_create     0040aef0 f   pjsip-core-i386-win32-vc14-release:sip_msg.obj
 0001:00009f50       _pjsip_ctype_hdr_create    0040af50 f   pjsip-core-i386-win32-vc14-release:sip_msg.obj
 0001:00009fd0       _pjsip_expires_hdr_create  0040afd0 f   pjsip-core-i386-win32-vc14-release:sip_msg.obj
 0001:0000a020       _pjsip_from_hdr_create     0040b020 f   pjsip-core-i386-win32-vc14-release:sip_msg.obj
 0001:0000a090       _pjsip_fromto_hdr_set_from 0040b090 f   pjsip-core-i386-win32-vc14-release:sip_msg.obj
 0001:0000a0c0       _pjsip_fromto_hdr_set_to   0040b0c0 f   pjsip-core-i386-win32-vc14-release:sip_msg.obj
 0001:0000a0f0       _pjsip_generic_array_hdr_init 0040b0f0 f   pjsip-core-i386-win32-vc14-release:sip_msg.obj
 0001:0000a160       _pjsip_generic_string_hdr_create 0040b160 f   pjsip-core-i386-win32-vc14-release:sip_msg.obj
 0001:0000a1f0       _pjsip_get_ack_method      0040b1f0 f   pjsip-core-i386-win32-vc14-release:sip_msg.obj
 0001:0000a200       _pjsip_get_bye_method      0040b200 f   pjsip-core-i386-win32-vc14-release:sip_msg.obj
 0001:0000a210       _pjsip_get_cancel_method   0040b210 f   pjsip-core-i386-win32-vc14-release:sip_msg.obj
 0001:0000a220       _pjsip_get_invite_method   0040b220 f   pjsip-core-i386-win32-vc14-release:sip_msg.obj
 0001:0000a230       _pjsip_get_status_text     0040b230 f   pjsip-core-i386-win32-vc14-release:sip_msg.obj
 0001:0000a270       _pjsip_hdr_clone           0040b270 f   pjsip-core-i386-win32-vc14-release:sip_msg.obj
 0001:0000a290       _pjsip_hdr_print_on        0040b290 f   pjsip-core-i386-win32-vc14-release:sip_msg.obj
 0001:0000a2b0       _pjsip_hdr_shallow_clone   0040b2b0 f   pjsip-core-i386-win32-vc14-release:sip_msg.obj
 0001:0000a2d0       _pjsip_max_fwd_hdr_create  0040b2d0 f   pjsip-core-i386-win32-vc14-release:sip_msg.obj
 0001:0000a320       _pjsip_media_type_cmp      0040b320 f   pjsip-core-i386-win32-vc14-release:sip_msg.obj
 0001:0000a380       _pjsip_media_type_cp       0040b380 f   pjsip-core-i386-win32-vc14-release:sip_msg.obj
 0001:0000a3d0       _pjsip_media_type_init     0040b3d0 f   pjsip-core-i386-win32-vc14-release:sip_msg.obj
 0001:0000a420       _pjsip_media_type_init2    0040b420 f   pjsip-core-i386-win32-vc14-release:sip_msg.obj
 0001:0000a490       _pjsip_media_type_print    0040b490 f   pjsip-core-i386-win32-vc14-release:sip_msg.obj
 0001:0000a4a0       _pjsip_method_cmp          0040b4a0 f   pjsip-core-i386-win32-vc14-release:sip_msg.obj
 0001:0000a4e0       _pjsip_method_copy         0040b4e0 f   pjsip-core-i386-win32-vc14-release:sip_msg.obj
 0001:0000a520       _pjsip_method_init_np      0040b520 f   pjsip-core-i386-win32-vc14-release:sip_msg.obj
 0001:0000a590       _pjsip_min_expires_hdr_create 0040b590 f   pjsip-core-i386-win32-vc14-release:sip_msg.obj
 0001:0000a5e0       _pjsip_msg_body_clone      0040b5e0 f   pjsip-core-i386-win32-vc14-release:sip_msg.obj
 0001:0000a680       _pjsip_msg_create          0040b680 f   pjsip-core-i386-win32-vc14-release:sip_msg.obj
 0001:0000a6b0       _pjsip_msg_find_hdr        0040b6b0 f   pjsip-core-i386-win32-vc14-release:sip_msg.obj
 0001:0000a6e0       _pjsip_msg_find_hdr_by_name 0040b6e0 f   pjsip-core-i386-win32-vc14-release:sip_msg.obj
 0001:0000a730       _pjsip_msg_find_hdr_by_names 0040b730 f   pjsip-core-i386-win32-vc14-release:sip_msg.obj
 0001:0000a790       _pjsip_msg_print           0040b790 f   pjsip-core-i386-win32-vc14-release:sip_msg.obj
 0001:0000aa40       _pjsip_print_text_body     0040ba40 f   pjsip-core-i386-win32-vc14-release:sip_msg.obj
 0001:0000aa70       _pjsip_require_hdr_create  0040ba70 f   pjsip-core-i386-win32-vc14-release:sip_msg.obj
 0001:0000aac0       _pjsip_retry_after_hdr_create 0040bac0 f   pjsip-core-i386-win32-vc14-release:sip_msg.obj
 0001:0000ab20       _pjsip_route_hdr_create    0040bb20 f   pjsip-core-i386-win32-vc14-release:sip_msg.obj
 0001:0000ab80       _pjsip_routing_hdr_set_route 0040bb80 f   pjsip-core-i386-win32-vc14-release:sip_msg.obj
 0001:0000abb0       _pjsip_rr_hdr_create       0040bbb0 f   pjsip-core-i386-win32-vc14-release:sip_msg.obj
 0001:0000ac10       _pjsip_supported_hdr_create 0040bc10 f   pjsip-core-i386-win32-vc14-release:sip_msg.obj
 0001:0000ac80       _pjsip_to_hdr_create       0040bc80 f   pjsip-core-i386-win32-vc14-release:sip_msg.obj
 0001:0000acf0       _pjsip_unsupported_hdr_create 0040bcf0 f   pjsip-core-i386-win32-vc14-release:sip_msg.obj
 0001:0000ad40       _pjsip_via_hdr_create      0040bd40 f   pjsip-core-i386-win32-vc14-release:sip_msg.obj
 0001:0000adc0       _pjsip_warning_hdr_create  0040bdc0 f   pjsip-core-i386-win32-vc14-release:sip_msg.obj
 0001:0000ae80       _pjsip_warning_hdr_create_from_status 0040be80 f   pjsip-core-i386-win32-vc14-release:sip_msg.obj
 0001:0000b190       _pjsip_rx_data_get_info    0040c190 f   pjsip-core-i386-win32-vc14-release:sip_transport.obj
 0001:0000b220       _pjsip_tpmgr_acquire_transport2 0040c220 f   pjsip-core-i386-win32-vc14-release:sip_transport.obj
 0001:0000b530       _pjsip_tpmgr_create        0040c530 f   pjsip-core-i386-win32-vc14-release:sip_transport.obj
 0001:0000b620       _pjsip_tpmgr_destroy       0040c620 f   pjsip-core-i386-win32-vc14-release:sip_transport.obj
 0001:0000b760       _pjsip_tpmgr_receive_packet 0040c760 f   pjsip-core-i386-win32-vc14-release:sip_transport.obj
 0001:0000bc40       _pjsip_tpselector_add_ref  0040cc40 f   pjsip-core-i386-win32-vc14-release:sip_transport.obj
 0001:0000bc60       _pjsip_tpselector_dec_ref  0040cc60 f   pjsip-core-i386-win32-vc14-release:sip_transport.obj
 0001:0000bc80       _pjsip_transport_add_ref   0040cc80 f   pjsip-core-i386-win32-vc14-release:sip_transport.obj
 0001:0000bd50       _pjsip_transport_add_state_listener 0040cd50 f   pjsip-core-i386-win32-vc14-release:sip_transport.obj
 0001:0000be10       _pjsip_transport_dec_ref   0040ce10 f   pjsip-core-i386-win32-vc14-release:sip_transport.obj
 0001:0000bf10       _pjsip_transport_destroy   0040cf10 f   pjsip-core-i386-win32-vc14-release:sip_transport.obj
 0001:0000bf80       _pjsip_transport_get_default_port_for_type 0040cf80 f   pjsip-core-i386-win32-vc14-release:sip_transport.obj
 0001:0000bfc0       _pjsip_transport_get_flag_from_type 0040cfc0 f   pjsip-core-i386-win32-vc14-release:sip_transport.obj
 0001:0000c000       _pjsip_transport_get_type_desc 0040d000 f   pjsip-core-i386-win32-vc14-release:sip_transport.obj
 0001:0000c040       _pjsip_transport_get_type_from_flag 0040d040 f   pjsip-core-i386-win32-vc14-release:sip_transport.obj
 0001:0000c080       _pjsip_transport_get_type_from_name 0040d080 f   pjsip-core-i386-win32-vc14-release:sip_transport.obj
 0001:0000c0e0       _pjsip_transport_get_type_name 0040d0e0 f   pjsip-core-i386-win32-vc14-release:sip_transport.obj
 0001:0000c120       _pjsip_transport_register  0040d120 f   pjsip-core-i386-win32-vc14-release:sip_transport.obj
 0001:0000c1f0       _pjsip_transport_remove_state_listener 0040d1f0 f   pjsip-core-i386-win32-vc14-release:sip_transport.obj
 0001:0000c290       _pjsip_transport_send      0040d290 f   pjsip-core-i386-win32-vc14-release:sip_transport.obj
 0001:0000c3f0       _pjsip_tx_data_add_ref     0040d3f0 f   pjsip-core-i386-win32-vc14-release:sip_transport.obj
 0001:0000c410       _pjsip_tx_data_create      0040d410 f   pjsip-core-i386-win32-vc14-release:sip_transport.obj
 0001:0000c520       _pjsip_tx_data_dec_ref     0040d520 f   pjsip-core-i386-win32-vc14-release:sip_transport.obj
 0001:0000c560       _pjsip_tx_data_encode      0040d560 f   pjsip-core-i386-win32-vc14-release:sip_transport.obj
 0001:0000c650       _pjsip_tx_data_get_info    0040d650 f   pjsip-core-i386-win32-vc14-release:sip_transport.obj
 0001:0000c6b0       _pjsip_tx_data_invalidate_msg 0040d6b0 f   pjsip-core-i386-win32-vc14-release:sip_transport.obj
 0001:0000c6d0       _pjsip_tx_data_set_transport 0040d6d0 f   pjsip-core-i386-win32-vc14-release:sip_transport.obj
 0001:0000cbf0       _pjsip_endpt_acquire_transport2 0040dbf0 f   pjsip-core-i386-win32-vc14-release:sip_endpoint.obj
 0001:0000cc20       _pjsip_endpt_add_capability 0040dc20 f   pjsip-core-i386-win32-vc14-release:sip_endpoint.obj
 0001:0000cd10       _pjsip_endpt_atexit        0040dd10 f   pjsip-core-i386-win32-vc14-release:sip_endpoint.obj
 0001:0000cd70       _pjsip_endpt_cancel_timer  0040dd70 f   pjsip-core-i386-win32-vc14-release:sip_endpoint.obj
 0001:0000cda0       _pjsip_endpt_create        0040dda0 f   pjsip-core-i386-win32-vc14-release:sip_endpoint.obj
 0001:0000d060       _pjsip_endpt_create_pool   0040e060 f   pjsip-core-i386-win32-vc14-release:sip_endpoint.obj
 0001:0000d0b0       _pjsip_endpt_create_tdata  0040e0b0 f   pjsip-core-i386-win32-vc14-release:sip_endpoint.obj
 0001:0000d0d0       _pjsip_endpt_destroy       0040e0d0 f   pjsip-core-i386-win32-vc14-release:sip_endpoint.obj
 0001:0000d210       _pjsip_endpt_get_capability 0040e210 f   pjsip-core-i386-win32-vc14-release:sip_endpoint.obj
 0001:0000d240       _pjsip_endpt_get_ioqueue   0040e240 f   pjsip-core-i386-win32-vc14-release:sip_endpoint.obj
 0001:0000d250       _pjsip_endpt_get_request_headers 0040e250 f   pjsip-core-i386-win32-vc14-release:sip_endpoint.obj
 0001:0000d260       _pjsip_endpt_get_timer_heap 0040e260 f   pjsip-core-i386-win32-vc14-release:sip_endpoint.obj
 0001:0000d270       _pjsip_endpt_get_tpmgr     0040e270 f   pjsip-core-i386-win32-vc14-release:sip_endpoint.obj
 0001:0000d280       _pjsip_endpt_handle_events 0040e280 f   pjsip-core-i386-win32-vc14-release:sip_endpoint.obj
 0001:0000d350       _pjsip_endpt_has_capability 0040e350 f   pjsip-core-i386-win32-vc14-release:sip_endpoint.obj
 0001:0000d3d0       _pjsip_endpt_log_error     0040e3d0 f   pjsip-core-i386-win32-vc14-release:sip_endpoint.obj
 0001:0000d4b0       _pjsip_endpt_name          0040e4b0 f   pjsip-core-i386-win32-vc14-release:sip_endpoint.obj
 0001:0000d4c0       _pjsip_endpt_process_rx_data 0040e4c0 f   pjsip-core-i386-win32-vc14-release:sip_endpoint.obj
 0001:0000d650       _pjsip_endpt_register_module 0040e650 f   pjsip-core-i386-win32-vc14-release:sip_endpoint.obj
 0001:0000d770       _pjsip_endpt_release_pool  0040e770 f   pjsip-core-i386-win32-vc14-release:sip_endpoint.obj
 0001:0000d790       _pjsip_endpt_resolve       0040e790 f   pjsip-core-i386-win32-vc14-release:sip_endpoint.obj
 0001:0000d7b0       _pjsip_endpt_schedule_timer 0040e7b0 f   pjsip-core-i386-win32-vc14-release:sip_endpoint.obj
 0001:0000d7d0       _pjsip_endpt_unregister_module 0040e7d0 f   pjsip-core-i386-win32-vc14-release:sip_endpoint.obj
 0001:0000daf0       _pjsip_endpt_create_ack    0040eaf0 f   pjsip-core-i386-win32-vc14-release:sip_util.obj
 0001:0000dca0       _pjsip_endpt_create_cancel 0040eca0 f   pjsip-core-i386-win32-vc14-release:sip_util.obj
 0001:0000deb0       _pjsip_endpt_create_request_from_hdr 0040eeb0 f   pjsip-core-i386-win32-vc14-release:sip_util.obj
 0001:0000e0d0       _pjsip_endpt_create_response 0040f0d0 f   pjsip-core-i386-win32-vc14-release:sip_util.obj
 0001:0000e330       _pjsip_endpt_respond_stateless 0040f330 f   pjsip-core-i386-win32-vc14-release:sip_util.obj
 0001:0000e4b0       _pjsip_endpt_send_request_stateless 0040f4b0 f   pjsip-core-i386-win32-vc14-release:sip_util.obj
 0001:0000e590       _pjsip_endpt_send_response 0040f590 f   pjsip-core-i386-win32-vc14-release:sip_util.obj
 0001:0000e680       _pjsip_event_str           0040f680 f   pjsip-core-i386-win32-vc14-release:sip_util.obj
 0001:0000e690       _pjsip_get_dest_info       0040f690 f   pjsip-core-i386-win32-vc14-release:sip_util.obj
 0001:0000e830       _pjsip_get_request_dest    0040f830 f   pjsip-core-i386-win32-vc14-release:sip_util.obj
 0001:0000e8a0       _pjsip_get_response_addr   0040f8a0 f   pjsip-core-i386-win32-vc14-release:sip_util.obj
 0001:0000e9d0       _pjsip_process_route_set   0040f9d0 f   pjsip-core-i386-win32-vc14-release:sip_util.obj
 0001:0000ec10       _pjsip_restore_strict_route_set 0040fc10 f   pjsip-core-i386-win32-vc14-release:sip_util.obj
 0001:0000ecb0       _pjsip_target_assign_status 0040fcb0 f   pjsip-core-i386-win32-vc14-release:sip_util.obj
 0001:0000ecf0       _pjsip_target_set_add_from_msg 0040fcf0 f   pjsip-core-i386-win32-vc14-release:sip_util.obj
 0001:0000ee30       _pjsip_target_set_add_uri  0040fe30 f   pjsip-core-i386-win32-vc14-release:sip_util.obj
 0001:0000ef00       _pjsip_target_set_get_next 0040ff00 f   pjsip-core-i386-win32-vc14-release:sip_util.obj
 0001:0000ef50       _pjsip_target_set_set_current 0040ff50 f   pjsip-core-i386-win32-vc14-release:sip_util.obj
 0001:0000f7c0       _pjsip_udp_transport_start 004107c0 f   pjsip-core-i386-win32-vc14-release:sip_transport_udp.obj
 0001:0000f880       _pjsip_udp_transport_start2 00410880 f   pjsip-core-i386-win32-vc14-release:sip_transport_udp.obj
 0001:00010b90       _pjsip_rdata_get_tsx       00411b90 f   pjsip-core-i386-win32-vc14-release:sip_transaction.obj
 0001:00010bb0       _pjsip_tsx_create_key      00411bb0 f   pjsip-core-i386-win32-vc14-release:sip_transaction.obj
 0001:00010c20       _pjsip_tsx_create_uac      00411c20 f   pjsip-core-i386-win32-vc14-release:sip_transaction.obj
 0001:00010c40       _pjsip_tsx_create_uac2     00411c40 f   pjsip-core-i386-win32-vc14-release:sip_transaction.obj
 0001:00010e90       _pjsip_tsx_create_uas      00411e90 f   pjsip-core-i386-win32-vc14-release:sip_transaction.obj
 0001:00010eb0       _pjsip_tsx_create_uas2     00411eb0 f   pjsip-core-i386-win32-vc14-release:sip_transaction.obj
 0001:000110e0       _pjsip_tsx_layer_find_tsx2 004120e0 f   pjsip-core-i386-win32-vc14-release:sip_transaction.obj
 0001:00011150       _pjsip_tsx_layer_init_module 00412150 f   pjsip-core-i386-win32-vc14-release:sip_transaction.obj
 0001:000112d0       _pjsip_tsx_recv_msg        004122d0 f   pjsip-core-i386-win32-vc14-release:sip_transaction.obj
 0001:00011350       _pjsip_tsx_retransmit_no_state 00412350 f   pjsip-core-i386-win32-vc14-release:sip_transaction.obj
 0001:000113b0       _pjsip_tsx_send_msg        004123b0 f   pjsip-core-i386-win32-vc14-release:sip_transaction.obj
 0001:00011460       _pjsip_tsx_set_timeout     00412460 f   pjsip-core-i386-win32-vc14-release:sip_transaction.obj
 0001:00011530       _pjsip_tsx_set_transport   00412530 f   pjsip-core-i386-win32-vc14-release:sip_transaction.obj
 0001:00011590       _pjsip_tsx_state_str       00412590 f   pjsip-core-i386-win32-vc14-release:sip_transaction.obj
 0001:000115a0       _pjsip_tsx_terminate       004125a0 f   pjsip-core-i386-win32-vc14-release:sip_transaction.obj
 0001:00014100       _pjsip_rdata_get_dlg       00415100 f   pjsip-core-i386-win32-vc14-release:sip_ua_layer.obj
 0001:00014120       _pjsip_tsx_get_dlg         00415120 f   pjsip-core-i386-win32-vc14-release:sip_ua_layer.obj
 0001:00014140       _pjsip_ua_get_endpt        00415140 f   pjsip-core-i386-win32-vc14-release:sip_ua_layer.obj
 0001:00014150       _pjsip_ua_init_module      00415150 f   pjsip-core-i386-win32-vc14-release:sip_ua_layer.obj
 0001:00014180       _pjsip_ua_instance         00415180 f   pjsip-core-i386-win32-vc14-release:sip_ua_layer.obj
 0001:00014190       _pjsip_ua_register_dlg     00415190 f   pjsip-core-i386-win32-vc14-release:sip_ua_layer.obj
 0001:00014280       _pjsip_ua_unregister_dlg   00415280 f   pjsip-core-i386-win32-vc14-release:sip_ua_layer.obj
 0001:00014480       _create_uas_dialog         00415480 f   pjsip-core-i386-win32-vc14-release:sip_dialog.obj
 0001:00014c80       _pjsip_dlg_add_usage       00415c80 f   pjsip-core-i386-win32-vc14-release:sip_dialog.obj
 0001:00014db0       _pjsip_dlg_create_request  00415db0 f   pjsip-core-i386-win32-vc14-release:sip_dialog.obj
 0001:00014f80       _pjsip_dlg_create_response 00415f80 f   pjsip-core-i386-win32-vc14-release:sip_dialog.obj
 0001:00015040       _pjsip_dlg_create_uac      00416040 f   pjsip-core-i386-win32-vc14-release:sip_dialog.obj
 0001:00015410       _pjsip_dlg_create_uas_and_inc_lock 00416410 f   pjsip-core-i386-win32-vc14-release:sip_dialog.obj
 0001:00015430       _pjsip_dlg_dec_lock        00416430 f   pjsip-core-i386-win32-vc14-release:sip_dialog.obj
 0001:00015490       _pjsip_dlg_dec_session     00416490 f   pjsip-core-i386-win32-vc14-release:sip_dialog.obj
 0001:00015510       _pjsip_dlg_get_remote_cap_hdr 00416510 f   pjsip-core-i386-win32-vc14-release:sip_dialog.obj
 0001:000155c0       _pjsip_dlg_inc_lock        004165c0 f   pjsip-core-i386-win32-vc14-release:sip_dialog.obj
 0001:000155f0       _pjsip_dlg_inc_session     004165f0 f   pjsip-core-i386-win32-vc14-release:sip_dialog.obj
 0001:00015670       _pjsip_dlg_modify_response 00416670 f   pjsip-core-i386-win32-vc14-release:sip_dialog.obj
 0001:00015770       _pjsip_dlg_on_rx_request   00416770 f   pjsip-core-i386-win32-vc14-release:sip_dialog.obj
 0001:00015a60       _pjsip_dlg_on_rx_response  00416a60 f   pjsip-core-i386-win32-vc14-release:sip_dialog.obj
 0001:00015e00       _pjsip_dlg_on_tsx_state    00416e00 f   pjsip-core-i386-win32-vc14-release:sip_dialog.obj
 0001:00015f10       _pjsip_dlg_remote_has_cap  00416f10 f   pjsip-core-i386-win32-vc14-release:sip_dialog.obj
 0001:00016000       _pjsip_dlg_send_request    00417000 f   pjsip-core-i386-win32-vc14-release:sip_dialog.obj
 0001:000161f0       _pjsip_dlg_send_response   004171f0 f   pjsip-core-i386-win32-vc14-release:sip_dialog.obj
 0001:00016300       _pjsip_dlg_try_inc_lock    00417300 f   pjsip-core-i386-win32-vc14-release:sip_dialog.obj
 0001:00016340       _pjsip_dlg_update_remote_cap 00417340 f   pjsip-core-i386-win32-vc14-release:sip_dialog.obj
 0001:000166a0       _pjsip_method_creates_dialog 004176a0 f   pjsip-core-i386-win32-vc14-release:sip_dialog.obj
 0001:00016b10       _pjsip_auth_clt_deinit     00417b10 f   pjsip-core-i386-win32-vc14-release:sip_auth_client.obj
 0001:00016b60       _pjsip_auth_clt_init       00417b60 f   pjsip-core-i386-win32-vc14-release:sip_auth_client.obj
 0001:00016bb0       _pjsip_auth_clt_init_req   00417bb0 f   pjsip-core-i386-win32-vc14-release:sip_auth_client.obj
 0001:00016da0       _pjsip_auth_clt_reinit_req 00417da0 f   pjsip-core-i386-win32-vc14-release:sip_auth_client.obj
 0001:00017070       _pjsip_auth_create_digest  00418070 f   pjsip-core-i386-win32-vc14-release:sip_auth_client.obj
 0001:000177f0       _deinit_sip_parser         004187f0 f   pjsip-core-i386-win32-vc14-release:sip_parser.obj
 0001:000180d0       _init_sip_parser           004190d0 f   pjsip-core-i386-win32-vc14-release:sip_parser.obj
 0001:0001a7d0       _pjsip_find_msg            0041b7d0 f   pjsip-core-i386-win32-vc14-release:sip_parser.obj
 0001:0001aaa0       _pjsip_parse_end_hdr_imp   0041baa0 f   pjsip-core-i386-win32-vc14-release:sip_parser.obj
 0001:0001aad0       _pjsip_parse_hdr           0041bad0 f   pjsip-core-i386-win32-vc14-release:sip_parser.obj
 0001:0001abc0       _pjsip_parse_headers       0041bbc0 f   pjsip-core-i386-win32-vc14-release:sip_parser.obj
 0001:0001aea0       _pjsip_parse_param_imp     0041bea0 f   pjsip-core-i386-win32-vc14-release:sip_parser.obj
 0001:0001aed0       _pjsip_parse_rdata         0041bed0 f   pjsip-core-i386-win32-vc14-release:sip_parser.obj
 0001:0001af30       _pjsip_parse_uri           0041bf30 f   pjsip-core-i386-win32-vc14-release:sip_parser.obj
 0001:0001aff0       _pjsip_parser_const        0041bff0 f   pjsip-core-i386-win32-vc14-release:sip_parser.obj
 0001:0001b000       _pjsip_register_hdr_parser 0041c000 f   pjsip-core-i386-win32-vc14-release:sip_parser.obj
 0001:0001b0f0       _pjsip_register_uri_parser 0041c0f0 f   pjsip-core-i386-win32-vc14-release:sip_parser.obj
 0001:0001b670       _pjsip_multipart_find_part 0041c670 f   pjsip-core-i386-win32-vc14-release:sip_multipart.obj
 0001:0001b6e0       _pjsip_multipart_parse     0041c6e0 f   pjsip-core-i386-win32-vc14-release:sip_multipart.obj
 0001:0001c590       _pjsip_name_addr_assign    0041d590 f   pjsip-core-i386-win32-vc14-release:sip_uri.obj
 0001:0001c5d0       _pjsip_name_addr_create    0041d5d0 f   pjsip-core-i386-win32-vc14-release:sip_uri.obj
 0001:0001c600       _pjsip_name_addr_init      0041d600 f   pjsip-core-i386-win32-vc14-release:sip_uri.obj
 0001:0001c630       _pjsip_other_uri_create    0041d630 f   pjsip-core-i386-win32-vc14-release:sip_uri.obj
 0001:0001c650       _pjsip_param_clone         0041d650 f   pjsip-core-i386-win32-vc14-release:sip_uri.obj
 0001:0001c6c0       _pjsip_param_cmp           0041d6c0 f   pjsip-core-i386-win32-vc14-release:sip_uri.obj
 0001:0001c770       _pjsip_param_find          0041d770 f   pjsip-core-i386-win32-vc14-release:sip_uri.obj
 0001:0001c7b0       _pjsip_param_print_on      0041d7b0 f   pjsip-core-i386-win32-vc14-release:sip_uri.obj
 0001:0001c8b0       _pjsip_param_shallow_clone 0041d8b0 f   pjsip-core-i386-win32-vc14-release:sip_uri.obj
 0001:0001c910       _pjsip_sip_uri_create      0041d910 f   pjsip-core-i386-win32-vc14-release:sip_uri.obj
 0001:0001cc40       _pjsip_resolve             0041dc40 f   pjsip-core-i386-win32-vc14-release:sip_resolve.obj
 0001:0001d2a0       _pjsip_resolver_create     0041e2a0 f   pjsip-core-i386-win32-vc14-release:sip_resolve.obj
 0001:0001d2d0       _pjsip_resolver_destroy    0041e2d0 f   pjsip-core-i386-win32-vc14-release:sip_resolve.obj
 0001:0001d4e0       _pjsip_strerror            0041e4e0 f   pjsip-core-i386-win32-vc14-release:sip_errno.obj
 0001:0001d950       _pjsip_tel_nb_cmp          0041e950 f   pjsip-core-i386-win32-vc14-release:sip_tel_uri.obj
 0001:0001da70       _pjsip_tel_uri_subsys_init 0041ea70 f   pjsip-core-i386-win32-vc14-release:sip_tel_uri.obj
 0001:0001e3f0       _pjsip_authorization_hdr_create 0041f3f0 f   pjsip-core-i386-win32-vc14-release:sip_auth_msg.obj
 0001:0001e460       _pjsip_proxy_authenticate_hdr_create 0041f460 f   pjsip-core-i386-win32-vc14-release:sip_auth_msg.obj
 0001:0001e4d0       _pjsip_proxy_authorization_hdr_create 0041f4d0 f   pjsip-core-i386-win32-vc14-release:sip_auth_msg.obj
 0001:0001e540       _pjsip_www_authenticate_hdr_create 0041f540 f   pjsip-core-i386-win32-vc14-release:sip_auth_msg.obj
 0001:0001f2c0       _pjsip_auth_init_parser    004202c0 f   pjsip-core-i386-win32-vc14-release:sip_auth_parser.obj
 0001:0001f320       _pjmedia_aud_subsys_init   00420320 f   pjmedia-audiodev-i386-win32-vc14-release:audiodev.obj
 0001:0001f3c0       _pjmedia_aud_subsys_shutdown 004203c0 f   pjmedia-audiodev-i386-win32-vc14-release:audiodev.obj
 0001:0001f400       _pjmedia_audiodev_strerror 00420400 f   pjmedia-audiodev-i386-win32-vc14-release:errno.obj
 0001:000207a0       _pjmedia_wmme_factory      004217a0 f   pjmedia-audiodev-i386-win32-vc14-release:wmme_dev.obj
 0001:00020cf0       _pjmedia_endpt_create2     00421cf0 f   pjmedia-i386-win32-vc14-release:endpoint.obj
 0001:00020ec0       _pjmedia_endpt_create_audio_sdp 00421ec0 f   pjmedia-i386-win32-vc14-release:endpoint.obj
 0001:00021480       _pjmedia_endpt_create_pool 00422480 f   pjmedia-i386-win32-vc14-release:endpoint.obj
 0001:000214a0       _pjmedia_endpt_create_sdp  004224a0 f   pjmedia-i386-win32-vc14-release:endpoint.obj
 0001:00021640       _pjmedia_endpt_destroy2    00422640 f   pjmedia-i386-win32-vc14-release:endpoint.obj
 0001:00021700       _pjmedia_endpt_get_codec_mgr 00422700 f   pjmedia-i386-win32-vc14-release:endpoint.obj
 0001:00021700       _pj_pool_getobjname        00422700 f   pjlib-i386-win32-vc14-release:pool.obj
 0001:00021710       _pjmedia_endpt_get_ioqueue 00422710 f   pjmedia-i386-win32-vc14-release:endpoint.obj
 0001:00021780       _pjmedia_codec_g711_deinit 00422780 f   pjmedia-i386-win32-vc14-release:g711.obj
 0001:00021e60       _pjmedia_codec_g711_init   00422e60 f   pjmedia-i386-win32-vc14-release:g711.obj
 0001:00022900       _pjmedia_sdp_neg_cancel_offer 00423900 f   pjmedia-i386-win32-vc14-release:sdp_neg.obj
 0001:00022970       _pjmedia_sdp_neg_create_w_local_offer 00423970 f   pjmedia-i386-win32-vc14-release:sdp_neg.obj
 0001:00022a00       _pjmedia_sdp_neg_create_w_remote_offer 00423a00 f   pjmedia-i386-win32-vc14-release:sdp_neg.obj
 0001:00022ad0       _pjmedia_sdp_neg_fmt_match 00423ad0 f   pjmedia-i386-win32-vc14-release:sdp_neg.obj
 0001:00022c00       _pjmedia_sdp_neg_get_active_local 00423c00 f   pjmedia-i386-win32-vc14-release:sdp_neg.obj
 0001:00022c30       _pjmedia_sdp_neg_get_active_remote 00423c30 f   pjmedia-i386-win32-vc14-release:sdp_neg.obj
 0001:00022c60       _pjmedia_sdp_neg_get_neg_local 00423c60 f   pjmedia-i386-win32-vc14-release:sdp_neg.obj
 0001:00022c90       _pjmedia_sdp_neg_get_state 00423c90 f   pjmedia-i386-win32-vc14-release:sdp_neg.obj
 0001:00022ca0       _pjmedia_sdp_neg_has_local_answer 00423ca0 f   pjmedia-i386-win32-vc14-release:sdp_neg.obj
 0001:00022cb0       _pjmedia_sdp_neg_modify_local_offer2 00423cb0 f   pjmedia-i386-win32-vc14-release:sdp_neg.obj
 0001:00022ed0       _pjmedia_sdp_neg_negotiate 00423ed0 f   pjmedia-i386-win32-vc14-release:sdp_neg.obj
 0001:00023280       _pjmedia_sdp_neg_send_local_offer 00424280 f   pjmedia-i386-win32-vc14-release:sdp_neg.obj
 0001:00023310       _pjmedia_sdp_neg_set_local_answer 00424310 f   pjmedia-i386-win32-vc14-release:sdp_neg.obj
 0001:000233a0       _pjmedia_sdp_neg_set_remote_answer 004243a0 f   pjmedia-i386-win32-vc14-release:sdp_neg.obj
 0001:000233f0       _pjmedia_sdp_neg_set_remote_offer 004243f0 f   pjmedia-i386-win32-vc14-release:sdp_neg.obj
 0001:00023440       _pjmedia_sdp_neg_state_str 00424440 f   pjmedia-i386-win32-vc14-release:sdp_neg.obj
 0001:00023b90       _pjmedia_snd_port_connect  00424b90 f   pjmedia-i386-win32-vc14-release:sound_port.obj
 0001:00023c50       _pjmedia_snd_port_create   00424c50 f   pjmedia-i386-win32-vc14-release:sound_port.obj
 0001:00023d10       _pjmedia_snd_port_create2  00424d10 f   pjmedia-i386-win32-vc14-release:sound_port.obj
 0001:00023e80       _pjmedia_snd_port_destroy  00424e80 f   pjmedia-i386-win32-vc14-release:sound_port.obj
 0001:00023ee0       _pjmedia_snd_port_set_ec   00424ee0 f   pjmedia-i386-win32-vc14-release:sound_port.obj
 0001:00024c00       _pjmedia_stream_info_from_sdp 00425c00 f   pjmedia-i386-win32-vc14-release:stream_info.obj
 0001:000266e0       _pjmedia_stream_create     004276e0 f   pjmedia-i386-win32-vc14-release:stream.obj
 0001:000270a0       _pjmedia_stream_destroy    004280a0 f   pjmedia-i386-win32-vc14-release:stream.obj
 0001:00027250       _pjmedia_stream_get_port   00428250 f   pjmedia-i386-win32-vc14-release:stream.obj
 0001:00027270       _pjmedia_stream_start      00428270 f   pjmedia-i386-win32-vc14-release:stream.obj
 0001:000284f0       _pjmedia_transport_udp_attach 004294f0 f   pjmedia-i386-win32-vc14-release:transport_udp.obj
 0001:000288d0       _pjmedia_transport_udp_create3 004298d0 f   pjmedia-i386-win32-vc14-release:transport_udp.obj
 0001:00028b50       _pjmedia_sdp_attr_add      00429b50 f   pjmedia-i386-win32-vc14-release:sdp.obj
 0001:00028b90       _pjmedia_sdp_attr_create   00429b90 f   pjmedia-i386-win32-vc14-release:sdp.obj
 0001:00028bf0       _pjmedia_sdp_attr_create_rtcp 00429bf0 f   pjmedia-i386-win32-vc14-release:sdp.obj
 0001:00028cc0       _pjmedia_sdp_attr_find     00429cc0 f   pjmedia-i386-win32-vc14-release:sdp.obj
 0001:00028d50       _pjmedia_sdp_attr_find2    00429d50 f   pjmedia-i386-win32-vc14-release:sdp.obj
 0001:00028d90       _pjmedia_sdp_attr_get_fmtp 00429d90 f   pjmedia-i386-win32-vc14-release:sdp.obj
 0001:00028e30       _pjmedia_sdp_attr_get_rtcp 00429e30 f   pjmedia-i386-win32-vc14-release:sdp.obj
 0001:00028f70       _pjmedia_sdp_attr_get_rtpmap 00429f70 f   pjmedia-i386-win32-vc14-release:sdp.obj
 0001:00029130       _pjmedia_sdp_attr_remove   0042a130 f   pjmedia-i386-win32-vc14-release:sdp.obj
 0001:000291c0       _pjmedia_sdp_attr_to_rtpmap 0042a1c0 f   pjmedia-i386-win32-vc14-release:sdp.obj
 0001:00029210       _pjmedia_sdp_conn_clone    0042a210 f   pjmedia-i386-win32-vc14-release:sdp.obj
 0001:00029280       _pjmedia_sdp_media_add_attr 0042a280 f   pjmedia-i386-win32-vc14-release:sdp.obj
 0001:000292c0       _pjmedia_sdp_media_clone   0042a2c0 f   pjmedia-i386-win32-vc14-release:sdp.obj
 0001:000294b0       _pjmedia_sdp_media_clone_deactivate 0042a4b0 f   pjmedia-i386-win32-vc14-release:sdp.obj
 0001:00029610       _pjmedia_sdp_media_deactivate 0042a610 f   pjmedia-i386-win32-vc14-release:sdp.obj
 0001:00029640       _pjmedia_sdp_media_find_attr 0042a640 f   pjmedia-i386-win32-vc14-release:sdp.obj
 0001:00029670       _pjmedia_sdp_media_find_attr2 0042a670 f   pjmedia-i386-win32-vc14-release:sdp.obj
 0001:000296d0       _pjmedia_sdp_media_remove_all_attr 0042a6d0 f   pjmedia-i386-win32-vc14-release:sdp.obj
 0001:00029770       _pjmedia_sdp_media_remove_attr 0042a770 f   pjmedia-i386-win32-vc14-release:sdp.obj
 0001:000297a0       _pjmedia_sdp_parse         0042a7a0 f   pjmedia-i386-win32-vc14-release:sdp.obj
 0001:0002a360       _pjmedia_sdp_print         0042b360 f   pjmedia-i386-win32-vc14-release:sdp.obj
 0001:0002a370       _pjmedia_sdp_rtpmap_to_attr 0042b370 f   pjmedia-i386-win32-vc14-release:sdp.obj
 0001:0002a4c0       _pjmedia_sdp_session_clone 0042b4c0 f   pjmedia-i386-win32-vc14-release:sdp.obj
 0001:0002a6c0       _pjmedia_sdp_transport_cmp 0042b6c0 f   pjmedia-i386-win32-vc14-release:sdp.obj
 0001:0002a730       _pjmedia_sdp_validate      0042b730 f   pjmedia-i386-win32-vc14-release:sdp.obj
 0001:0002a750       _pjmedia_sdp_validate2     0042b750 f   pjmedia-i386-win32-vc14-release:sdp.obj
 0001:0002b040       _pjmedia_aud_dev_default_param 0042c040 f   pjmedia-i386-win32-vc14-release:audiodev.obj
 0001:0002b0c0       _pjmedia_aud_dev_get_info  0042c0c0 f   pjmedia-i386-win32-vc14-release:audiodev.obj
 0001:0002b120       _pjmedia_aud_driver_deinit 0042c120 f   pjmedia-i386-win32-vc14-release:audiodev.obj
 0001:0002b180       _pjmedia_aud_driver_init   0042c180 f   pjmedia-i386-win32-vc14-release:audiodev.obj
 0001:0002b400       _pjmedia_aud_stream_create 0042c400 f   pjmedia-i386-win32-vc14-release:audiodev.obj
 0001:0002b5b0       _pjmedia_aud_stream_destroy 0042c5b0 f   pjmedia-i386-win32-vc14-release:audiodev.obj
 0001:0002b5d0       _pjmedia_aud_stream_get_cap 0042c5d0 f   pjmedia-i386-win32-vc14-release:audiodev.obj
 0001:0002b5f0       _pjmedia_aud_stream_get_param 0042c5f0 f   pjmedia-i386-win32-vc14-release:audiodev.obj
 0001:0002b650       _pjmedia_aud_stream_set_cap 0042c650 f   pjmedia-i386-win32-vc14-release:audiodev.obj
 0001:0002b670       _pjmedia_aud_stream_start  0042c670 f   pjmedia-i386-win32-vc14-release:audiodev.obj
 0001:0002b690       _pjmedia_aud_stream_stop   0042c690 f   pjmedia-i386-win32-vc14-release:audiodev.obj
 0001:0002b6b0       _pjmedia_get_aud_subsys    0042c6b0 f   pjmedia-i386-win32-vc14-release:audiodev.obj
 0001:0002b6c0       _pjmedia_codec_info_to_id  0042c6c0 f   pjmedia-i386-win32-vc14-release:codec.obj
 0001:0002b710       _pjmedia_codec_mgr_alloc_codec 0042c710 f   pjmedia-i386-win32-vc14-release:codec.obj
 0001:0002b7b0       _pjmedia_codec_mgr_dealloc_codec 0042c7b0 f   pjmedia-i386-win32-vc14-release:codec.obj
 0001:0002b7e0       _pjmedia_codec_mgr_destroy 0042c7e0 f   pjmedia-i386-win32-vc14-release:codec.obj
 0001:0002b870       _pjmedia_codec_mgr_find_codecs_by_id 0042c870 f   pjmedia-i386-win32-vc14-release:codec.obj
 0001:0002b950       _pjmedia_codec_mgr_get_codec_info 0042c950 f   pjmedia-i386-win32-vc14-release:codec.obj
 0001:0002b9d0       _pjmedia_codec_mgr_get_default_param 0042c9d0 f   pjmedia-i386-win32-vc14-release:codec.obj
 0001:0002bb40       _pjmedia_codec_mgr_init    0042cb40 f   pjmedia-i386-win32-vc14-release:codec.obj
 0001:0002bbb0       _pjmedia_codec_mgr_register_factory 0042cbb0 f   pjmedia-i386-win32-vc14-release:codec.obj
 0001:0002bd70       _pjmedia_codec_mgr_unregister_factory 0042cd70 f   pjmedia-i386-win32-vc14-release:codec.obj
 0001:0002be30       _pjmedia_codec_param_clone 0042ce30 f   pjmedia-i386-win32-vc14-release:codec.obj
 0001:0002c010       _pjmedia_strerror          0042d010 f   pjmedia-i386-win32-vc14-release:errno.obj
 0001:0002c1c0       _pjmedia_plc_create        0042d1c0 f   pjmedia-i386-win32-vc14-release:plc_common.obj
 0001:0002c220       _pjmedia_plc_generate      0042d220 f   pjmedia-i386-win32-vc14-release:plc_common.obj
 0001:0002c250       _pjmedia_plc_save          0042d250 f   pjmedia-i386-win32-vc14-release:plc_common.obj
 0001:0002c280       _pjmedia_calc_avg_signal   0042d280 f   pjmedia-i386-win32-vc14-release:silencedet.obj
 0001:0002c2d0       _pjmedia_silence_det_apply 0042d2d0 f   pjmedia-i386-win32-vc14-release:silencedet.obj
 0001:0002c4b0       _pjmedia_silence_det_create 0042d4b0 f   pjmedia-i386-win32-vc14-release:silencedet.obj
 0001:0002c530       _pjmedia_silence_det_detect 0042d530 f   pjmedia-i386-win32-vc14-release:silencedet.obj
 0001:0002c590       _pjmedia_format_get_audio_format_detail 0042d590 f   pjmedia-i386-win32-vc14-release:format.obj
 0001:0002c5b0       _pjmedia_clock_src_init    0042d5b0 f   pjmedia-i386-win32-vc14-release:clock_thread.obj
 0001:0002c5f0       _pjmedia_clock_src_update  0042d5f0 f   pjmedia-i386-win32-vc14-release:clock_thread.obj
 0001:0002c630       _pjmedia_port_get_frame    0042d630 f   pjmedia-i386-win32-vc14-release:port.obj
 0001:0002c670       _pjmedia_port_info_init    0042d670 f   pjmedia-i386-win32-vc14-release:port.obj
 0001:0002c700       _pjmedia_port_put_frame    0042d700 f   pjmedia-i386-win32-vc14-release:port.obj
 0001:0002c730       _pjmedia_echo_capture      0042d730 f   pjmedia-i386-win32-vc14-release:echo_common.obj
 0001:0002c7f0       _pjmedia_echo_create2      0042d7f0 f   pjmedia-i386-win32-vc14-release:echo_common.obj
 0001:0002c9b0       _pjmedia_echo_destroy      0042d9b0 f   pjmedia-i386-win32-vc14-release:echo_common.obj
 0001:0002c9f0       _pjmedia_echo_playback     0042d9f0 f   pjmedia-i386-win32-vc14-release:echo_common.obj
 0001:0002caa0       _pjmedia_stream_info_parse_fmtp 0042daa0 f   pjmedia-i386-win32-vc14-release:stream_common.obj
 0001:0002d1d0       _pjmedia_jbuf_create       0042e1d0 f   pjmedia-i386-win32-vc14-release:jbuf.obj
 0001:0002d3c0       _pjmedia_jbuf_destroy      0042e3c0 f   pjmedia-i386-win32-vc14-release:jbuf.obj
 0001:0002d500       _pjmedia_jbuf_get_frame2   0042e500 f   pjmedia-i386-win32-vc14-release:jbuf.obj
 0001:0002d520       _pjmedia_jbuf_get_frame3   0042e520 f   pjmedia-i386-win32-vc14-release:jbuf.obj
 0001:0002d740       _pjmedia_jbuf_get_state    0042e740 f   pjmedia-i386-win32-vc14-release:jbuf.obj
 0001:0002d7e0       _pjmedia_jbuf_put_frame2   0042e7e0 f   pjmedia-i386-win32-vc14-release:jbuf.obj
 0001:0002d810       _pjmedia_jbuf_put_frame3   0042e810 f   pjmedia-i386-win32-vc14-release:jbuf.obj
 0001:0002d920       _pjmedia_jbuf_reset        0042e920 f   pjmedia-i386-win32-vc14-release:jbuf.obj
 0001:0002d9b0       _pjmedia_jbuf_set_adaptive 0042e9b0 f   pjmedia-i386-win32-vc14-release:jbuf.obj
 0001:0002da00       _pjmedia_rtp_decode_rtp    0042ea00 f   pjmedia-i386-win32-vc14-release:rtp.obj
 0001:0002da90       _pjmedia_rtp_encode_rtp    0042ea90 f   pjmedia-i386-win32-vc14-release:rtp.obj
 0001:0002db20       _pjmedia_rtp_seq_init      0042eb20 f   pjmedia-i386-win32-vc14-release:rtp.obj
 0001:0002db50       _pjmedia_rtp_seq_update    0042eb50 f   pjmedia-i386-win32-vc14-release:rtp.obj
 0001:0002dc50       _pjmedia_rtp_session_init  0042ec50 f   pjmedia-i386-win32-vc14-release:rtp.obj
 0001:0002dcf0       _pjmedia_rtp_session_init2 0042ecf0 f   pjmedia-i386-win32-vc14-release:rtp.obj
 0001:0002dde0       _pjmedia_rtp_session_update2 0042ede0 f   pjmedia-i386-win32-vc14-release:rtp.obj
 0001:0002e2a0       _pjmedia_rtcp_build_rtcp   0042f2a0 f   pjmedia-i386-win32-vc14-release:rtcp.obj
 0001:0002e4e0       _pjmedia_rtcp_build_rtcp_bye 0042f4e0 f   pjmedia-i386-win32-vc14-release:rtcp.obj
 0001:0002e5d0       _pjmedia_rtcp_build_rtcp_sdes 0042f5d0 f   pjmedia-i386-win32-vc14-release:rtcp.obj
 0001:0002e840       _pjmedia_rtcp_get_ntp_time 0042f840 f   pjmedia-i386-win32-vc14-release:rtcp.obj
 0001:0002e9c0       _pjmedia_rtcp_init2        0042f9c0 f   pjmedia-i386-win32-vc14-release:rtcp.obj
 0001:0002eab0       _pjmedia_rtcp_rx_rtcp      0042fab0 f   pjmedia-i386-win32-vc14-release:rtcp.obj
 0001:0002ece0       _pjmedia_rtcp_rx_rtp2      0042fce0 f   pjmedia-i386-win32-vc14-release:rtcp.obj
 0001:0002eeb0       _pjmedia_rtcp_session_setting_default 0042feb0 f   pjmedia-i386-win32-vc14-release:rtcp.obj
 0001:0002eed0       _pjmedia_rtcp_tx_rtp       0042fed0 f   pjmedia-i386-win32-vc14-release:rtcp.obj
 0001:00030c70       _get_libsrtp_errstr        00431c70 f   pjmedia-i386-win32-vc14-release:transport_srtp.obj
 0001:00030f30       _pjmedia_transport_srtp_start 00431f30 f   pjmedia-i386-win32-vc14-release:transport_srtp.obj
 0001:000315d0       _pjmedia_transport_srtp_stop 004325d0 f   pjmedia-i386-win32-vc14-release:transport_srtp.obj
 0001:000324c0       _pjmedia_wsola_create      004334c0 f   pjmedia-i386-win32-vc14-release:wsola.obj
 0001:000326a0       _pjmedia_wsola_discard     004336a0 f   pjmedia-i386-win32-vc14-release:wsola.obj
 0001:000328e0       _pjmedia_wsola_generate    004338e0 f   pjmedia-i386-win32-vc14-release:wsola.obj
 0001:000329b0       _pjmedia_wsola_save        004339b0 f   pjmedia-i386-win32-vc14-release:wsola.obj
 0001:00032e40       _echo_supp_cancel_echo     00433e40 f   pjmedia-i386-win32-vc14-release:echo_suppress.obj
 0001:000331c0       _echo_supp_create          004341c0 f   pjmedia-i386-win32-vc14-release:echo_suppress.obj
 0001:00033390       _echo_supp_reset           00434390 f   pjmedia-i386-win32-vc14-release:echo_suppress.obj
 0001:00033ad0       _speex_aec_cancel_echo     00434ad0 f   pjmedia-i386-win32-vc14-release:echo_speex.obj
 0001:00033b30       _speex_aec_capture         00434b30 f   pjmedia-i386-win32-vc14-release:echo_speex.obj
 0001:00033b80       _speex_aec_create          00434b80 f   pjmedia-i386-win32-vc14-release:echo_speex.obj
 0001:00033ca0       _speex_aec_destroy         00434ca0 f   pjmedia-i386-win32-vc14-release:echo_speex.obj
 0001:00033cf0       _speex_aec_playback        00434cf0 f   pjmedia-i386-win32-vc14-release:echo_speex.obj
 0001:00033d20       _speex_aec_reset           00434d20 f   pjmedia-i386-win32-vc14-release:echo_speex.obj
 0001:00033ee0       _pjmedia_delay_buf_create  00434ee0 f   pjmedia-i386-win32-vc14-release:delaybuf.obj
 0001:00034040       _pjmedia_delay_buf_destroy 00435040 f   pjmedia-i386-win32-vc14-release:delaybuf.obj
 0001:000340a0       _pjmedia_delay_buf_get     004350a0 f   pjmedia-i386-win32-vc14-release:delaybuf.obj
 0001:000341e0       _pjmedia_delay_buf_put     004351e0 f   pjmedia-i386-win32-vc14-release:delaybuf.obj
 0001:00034470       _pjlib_util_init           00435470 f   pjlib-util-i386-win32-vc14-release:errno.obj
 0001:00034490       _pjlib_util_strerror       00435490 f   pjlib-util-i386-win32-vc14-release:errno.obj
 0001:00034db0       _pj_getopt_long            00435db0 f   pjlib-util-i386-win32-vc14-release:getopt.obj
 0001:00034dd0       _pj_cis_add_alpha          00435dd0 f   pjlib-util-i386-win32-vc14-release:scanner.obj
 0001:00034e20       _pj_cis_add_cis            00435e20 f   pjlib-util-i386-win32-vc14-release:scanner.obj
 0001:00034e60       _pj_cis_add_num            00435e60 f   pjlib-util-i386-win32-vc14-release:scanner.obj
 0001:00034e90       _pj_cis_add_str            00435e90 f   pjlib-util-i386-win32-vc14-release:scanner.obj
 0001:00034ec0       _pj_cis_buf_init           00435ec0 f   pjlib-util-i386-win32-vc14-release:scanner.obj
 0001:00034ef0       _pj_cis_del_str            00435ef0 f   pjlib-util-i386-win32-vc14-release:scanner.obj
 0001:00034f20       _pj_cis_dup                00435f20 f   pjlib-util-i386-win32-vc14-release:scanner.obj
 0001:00034fb0       _pj_cis_init               00435fb0 f   pjlib-util-i386-win32-vc14-release:scanner.obj
 0001:00035000       _pj_cis_invert             00436000 f   pjlib-util-i386-win32-vc14-release:scanner.obj
 0001:00035040       _pj_scan_advance_n         00436040 f   pjlib-util-i386-win32-vc14-release:scanner.obj
 0001:00035080       _pj_scan_fini              00436080 f   pjlib-util-i386-win32-vc14-release:scanner.obj
 0001:000350a0       _pj_scan_get               004360a0 f   pjlib-util-i386-win32-vc14-release:scanner.obj
 0001:00035110       _pj_scan_get_char          00436110 f   pjlib-util-i386-win32-vc14-release:scanner.obj
 0001:00035150       _pj_scan_get_n             00436150 f   pjlib-util-i386-win32-vc14-release:scanner.obj
 0001:000351a0       _pj_scan_get_newline       004361a0 f   pjlib-util-i386-win32-vc14-release:scanner.obj
 0001:000351e0       _pj_scan_get_quote         004361e0 f   pjlib-util-i386-win32-vc14-release:scanner.obj
 0001:000352b0       _pj_scan_get_until_ch      004362b0 f   pjlib-util-i386-win32-vc14-release:scanner.obj
 0001:00035310       _pj_scan_get_until_chr     00436310 f   pjlib-util-i386-win32-vc14-release:scanner.obj
 0001:00035390       _pj_scan_init              00436390 f   pjlib-util-i386-win32-vc14-release:scanner.obj
 0001:000353e0       _pj_scan_peek              004363e0 f   pjlib-util-i386-win32-vc14-release:scanner.obj
 0001:00035440       _pj_scan_skip_line         00436440 f   pjlib-util-i386-win32-vc14-release:scanner.obj
 0001:00035470       _pj_scan_skip_whitespace   00436470 f   pjlib-util-i386-win32-vc14-release:scanner.obj
 0001:00035560       _pj_str_unescape           00436560 f   pjlib-util-i386-win32-vc14-release:string.obj
 0001:00035640       _pj_strncpy2_escape        00436640 f   pjlib-util-i386-win32-vc14-release:string.obj
 0001:00035990       _pj_dns_parse_addr_response 00436990 f   pjlib-util-i386-win32-vc14-release:resolver.obj
 0001:00035c70       _pj_dns_resolver_cancel_query 00436c70 f   pjlib-util-i386-win32-vc14-release:resolver.obj
 0001:00035cd0       _pj_dns_resolver_destroy   00436cd0 f   pjlib-util-i386-win32-vc14-release:resolver.obj
 0001:00035e90       _pj_dns_resolver_start_query 00436e90 f   pjlib-util-i386-win32-vc14-release:resolver.obj
 0001:00036d70       _pj_md5_final              00437d70 f   pjlib-util-i386-win32-vc14-release:md5.obj
 0001:00036e00       _pj_md5_init               00437e00 f   pjlib-util-i386-win32-vc14-release:md5.obj
 0001:00036e40       _pj_md5_update             00437e40 f   pjlib-util-i386-win32-vc14-release:md5.obj
 0001:00036f10       _pj_dns_get_type_name      00437f10 f   pjlib-util-i386-win32-vc14-release:dns.obj
 0001:00036fc0       _pj_dns_make_query         00437fc0 f   pjlib-util-i386-win32-vc14-release:dns.obj
 0001:00037f50       _pj_dns_srv_resolve        00438f50 f   pjlib-util-i386-win32-vc14-release:srv_resolver.obj
 0001:000380d0       _pj_base64_decode          004390d0 f   pjlib-util-i386-win32-vc14-release:base64.obj
 0001:000382c0       _pj_base64_encode          004392c0 f   pjlib-util-i386-win32-vc14-release:base64.obj
 0001:000384d0       _pj_atexit                 004394d0 f   pjlib-i386-win32-vc14-release:os_core_win32.obj
 0001:00038500       _pj_atomic_create          00439500 f   pjlib-i386-win32-vc14-release:os_core_win32.obj
 0001:00038530       _pj_atomic_dec_and_get     00439530 f   pjlib-i386-win32-vc14-release:os_core_win32.obj
 0001:00038580       _pj_atomic_destroy         00439580 f   pjlib-i386-win32-vc14-release:os_core_win32.obj
 0001:000385a0       _pj_atomic_get             004395a0 f   pjlib-i386-win32-vc14-release:os_core_win32.obj
 0001:000385f0       _pj_atomic_inc             004395f0 f   pjlib-i386-win32-vc14-release:os_core_win32.obj
 0001:00038640       _pj_atomic_inc_and_get     00439640 f   pjlib-i386-win32-vc14-release:os_core_win32.obj
 0001:00038690       _pj_atomic_set             00439690 f   pjlib-i386-win32-vc14-release:os_core_win32.obj
 0001:000386e0       _pj_enter_critical_section 004396e0 f   pjlib-i386-win32-vc14-release:os_core_win32.obj
 0001:00038740       _pj_init                   00439740 f   pjlib-i386-win32-vc14-release:os_core_win32.obj
 0001:00038960       _pj_leave_critical_section 00439960 f   pjlib-i386-win32-vc14-release:os_core_win32.obj
 0001:000389c0       _pj_mutex_create           004399c0 f   pjlib-i386-win32-vc14-release:os_core_win32.obj
 0001:00038a10       _pj_mutex_create_simple    00439a10 f   pjlib-i386-win32-vc14-release:os_core_win32.obj
 0001:00038a10       _pj_mutex_create_recursive 00439a10 f   pjlib-i386-win32-vc14-release:os_core_win32.obj
 0001:00038a60       _pj_mutex_destroy          00439a60 f   pjlib-i386-win32-vc14-release:os_core_win32.obj
 0001:00038ad0       _pj_mutex_lock             00439ad0 f   pjlib-i386-win32-vc14-release:os_core_win32.obj
 0001:00038b40       _pj_mutex_trylock          00439b40 f   pjlib-i386-win32-vc14-release:os_core_win32.obj
 0001:00038bc0       _pj_mutex_unlock           00439bc0 f   pjlib-i386-win32-vc14-release:os_core_win32.obj
 0001:00038c30       _pj_rwmutex_create         00439c30 f   pjlib-i386-win32-vc14-release:os_core_win32.obj
 0001:00038dd0       _pj_rwmutex_destroy        00439dd0 f   pjlib-i386-win32-vc14-release:os_core_win32.obj
 0001:00038e60       _pj_rwmutex_lock_read      00439e60 f   pjlib-i386-win32-vc14-release:os_core_win32.obj
 0001:00038ef0       _pj_rwmutex_lock_write     00439ef0 f   pjlib-i386-win32-vc14-release:os_core_win32.obj
 0001:00038f70       _pj_rwmutex_unlock_read    00439f70 f   pjlib-i386-win32-vc14-release:os_core_win32.obj
 0001:00038fb0       _pj_rwmutex_unlock_write   00439fb0 f   pjlib-i386-win32-vc14-release:os_core_win32.obj
 0001:00038fd0       _pj_sem_destroy            00439fd0 f   pjlib-i386-win32-vc14-release:os_core_win32.obj
 0001:00039060       _pj_sem_post               0043a060 f   pjlib-i386-win32-vc14-release:os_core_win32.obj
 0001:00039100       _pj_sem_trywait            0043a100 f   pjlib-i386-win32-vc14-release:os_core_win32.obj
 0001:00039160       _pj_sem_wait               0043a160 f   pjlib-i386-win32-vc14-release:os_core_win32.obj
 0001:00039270       _pj_term_set_color         0043a270 f   pjlib-i386-win32-vc14-release:os_core_win32.obj
 0001:00039340       _pj_thread_check_stack     0043a340 f   pjlib-i386-win32-vc14-release:os_core_win32.obj
 0001:00039390       _pj_thread_create          0043a390 f   pjlib-i386-win32-vc14-release:os_core_win32.obj
 0001:000394e0       _pj_thread_destroy         0043a4e0 f   pjlib-i386-win32-vc14-release:os_core_win32.obj
 0001:00039570       _pj_thread_get_name        0043a570 f   pjlib-i386-win32-vc14-release:os_core_win32.obj
 0001:000395c0       _pj_thread_join            0043a5c0 f   pjlib-i386-win32-vc14-release:os_core_win32.obj
 0001:00039680       _pj_thread_local_alloc     0043a680 f   pjlib-i386-win32-vc14-release:os_core_win32.obj
 0001:000396d0       _pj_thread_local_free      0043a6d0 f   pjlib-i386-win32-vc14-release:os_core_win32.obj
 0001:00039720       _pj_thread_local_get       0043a720 f   pjlib-i386-win32-vc14-release:os_core_win32.obj
 0001:00039730       _pj_thread_local_set       0043a730 f   pjlib-i386-win32-vc14-release:os_core_win32.obj
 0001:00039770       _pj_thread_sleep           0043a770 f   pjlib-i386-win32-vc14-release:os_core_win32.obj
 0001:000397c0       _pj_thread_this            0043a7c0 f   pjlib-i386-win32-vc14-release:os_core_win32.obj
 0001:00039870       _pj_perror                 0043a870 f   pjlib-i386-win32-vc14-release:errno.obj
 0001:00039890       _pj_perror_1               0043a890 f   pjlib-i386-win32-vc14-release:errno.obj
 0001:000398b0       _pj_perror_2               0043a8b0 f   pjlib-i386-win32-vc14-release:errno.obj
 0001:000398d0       _pj_perror_3               0043a8d0 f   pjlib-i386-win32-vc14-release:errno.obj
 0001:000398f0       _pj_perror_4               0043a8f0 f   pjlib-i386-win32-vc14-release:errno.obj
 0001:00039ae0       _pj_register_strerror      0043aae0 f   pjlib-i386-win32-vc14-release:errno.obj
 0001:00039bc0       _pj_strerror               0043abc0 f   pjlib-i386-win32-vc14-release:errno.obj
 0001:00039d00       _pj_gethostip              0043ad00 f   pjlib-i386-win32-vc14-release:sock_common.obj
 0001:0003a6c0       _pj_getipinterface         0043b6c0 f   pjlib-i386-win32-vc14-release:sock_common.obj
 0001:0003a8d0       _pj_sockaddr_cmp           0043b8d0 f   pjlib-i386-win32-vc14-release:sock_common.obj
 0001:0003aa40       _pj_sockaddr_copy_addr     0043ba40 f   pjlib-i386-win32-vc14-release:sock_common.obj
 0001:0003aac0       _pj_sockaddr_cp            0043bac0 f   pjlib-i386-win32-vc14-release:sock_common.obj
 0001:0003ab20       _pj_sockaddr_get_addr      0043bb20 f   pjlib-i386-win32-vc14-release:sock_common.obj
 0001:0003ab60       _pj_sockaddr_get_addr_len  0043bb60 f   pjlib-i386-win32-vc14-release:sock_common.obj
 0001:0003aba0       _pj_sockaddr_get_len       0043bba0 f   pjlib-i386-win32-vc14-release:sock_common.obj
 0001:0003abe0       _pj_sockaddr_get_port      0043bbe0 f   pjlib-i386-win32-vc14-release:sock_common.obj
 0001:0003ac10       _pj_sockaddr_has_addr      0043bc10 f   pjlib-i386-win32-vc14-release:sock_common.obj
 0001:0003acc0       _pj_sockaddr_in_init       0043bcc0 f   pjlib-i386-win32-vc14-release:sock_common.obj
 0001:0003ad10       _pj_sockaddr_in_set_str_addr 0043bd10 f   pjlib-i386-win32-vc14-release:sock_common.obj
 0001:0003ae00       _pj_sockaddr_init          0043be00 f   pjlib-i386-win32-vc14-release:sock_common.obj
 0001:0003afa0       _pj_sockaddr_print         0043bfa0 f   pjlib-i386-win32-vc14-release:sock_common.obj
 0001:0003b0b0       _pj_sockaddr_set_port      0043c0b0 f   pjlib-i386-win32-vc14-release:sock_common.obj
 0001:0003b0f0       _pj_sockaddr_synthesize    0043c0f0 f   pjlib-i386-win32-vc14-release:sock_common.obj
 0001:0003b2b0       _pj_gethostname            0043c2b0 f   pjlib-i386-win32-vc14-release:sock_bsd.obj
 0001:0003b330       _pj_htonl                  0043c330 f   pjlib-i386-win32-vc14-release:sock_bsd.obj
 0001:0003b340       _pj_htons                  0043c340 f   pjlib-i386-win32-vc14-release:sock_bsd.obj
 0001:0003b350       _pj_inet_aton              0043c350 f   pjlib-i386-win32-vc14-release:sock_bsd.obj
 0001:0003b3e0       _pj_inet_ntop              0043c3e0 f   pjlib-i386-win32-vc14-release:sock_bsd.obj
 0001:0003b4f0       _pj_inet_pton              0043c4f0 f   pjlib-i386-win32-vc14-release:sock_bsd.obj
 0001:0003b650       _pj_ntohl                  0043c650 f   pjlib-i386-win32-vc14-release:sock_bsd.obj
 0001:0003b660       _pj_ntohs                  0043c660 f   pjlib-i386-win32-vc14-release:sock_bsd.obj
 0001:0003b670       _pj_sock_accept            0043c670 f   pjlib-i386-win32-vc14-release:sock_bsd.obj
 0001:0003b6e0       _pj_sock_bind              0043c6e0 f   pjlib-i386-win32-vc14-release:sock_bsd.obj
 0001:0003b750       _pj_sock_close             0043c750 f   pjlib-i386-win32-vc14-release:sock_bsd.obj
 0001:0003b7a0       _pj_sock_connect           0043c7a0 f   pjlib-i386-win32-vc14-release:sock_bsd.obj
 0001:0003b800       _pj_sock_getsockname       0043c800 f   pjlib-i386-win32-vc14-release:sock_bsd.obj
 0001:0003b860       _pj_sock_getsockopt        0043c860 f   pjlib-i386-win32-vc14-release:sock_bsd.obj
 0001:0003b8d0       _pj_sock_recv              0043c8d0 f   pjlib-i386-win32-vc14-release:sock_bsd.obj
 0001:0003b940       _pj_sock_recvfrom          0043c940 f   pjlib-i386-win32-vc14-release:sock_bsd.obj
 0001:0003b9b0       _pj_sock_send              0043c9b0 f   pjlib-i386-win32-vc14-release:sock_bsd.obj
 0001:0003ba20       _pj_sock_sendto            0043ca20 f   pjlib-i386-win32-vc14-release:sock_bsd.obj
 0001:0003ba90       _pj_sock_setsockopt        0043ca90 f   pjlib-i386-win32-vc14-release:sock_bsd.obj
 0001:0003bb10       _pj_sock_setsockopt_params 0043cb10 f   pjlib-i386-win32-vc14-release:sock_bsd.obj
 0001:0003bc20       _pj_sock_socket            0043cc20 f   pjlib-i386-win32-vc14-release:sock_bsd.obj
 0001:0003bcd0       _pj_NO_MEMORY_EXCEPTION    0043ccd0 f   pjlib-i386-win32-vc14-release:pool.obj
 0001:0003bce0       _pj_pool_alloc             0043cce0 f   pjlib-i386-win32-vc14-release:pool.obj
 0001:0003be50       _pj_pool_calloc            0043ce50 f   pjlib-i386-win32-vc14-release:pool.obj
 0001:0003be80       _pj_pool_create            0043ce80 f   pjlib-i386-win32-vc14-release:pool.obj
 0001:0003be90       _pj_pool_create_int        0043ce90 f   pjlib-i386-win32-vc14-release:pool.obj
 0001:0003bfa0       _pj_pool_destroy_int       0043cfa0 f   pjlib-i386-win32-vc14-release:pool.obj
 0001:0003bfe0       _pj_pool_get_capacity      0043cfe0 f   pjlib-i386-win32-vc14-release:pool.obj
 0001:0003bff0       _pj_pool_get_used_size     0043cff0 f   pjlib-i386-win32-vc14-release:pool.obj
 0001:0003c020       _pj_pool_init_int          0043d020 f   pjlib-i386-win32-vc14-release:pool.obj
 0001:0003c090       _pj_pool_release           0043d090 f   pjlib-i386-win32-vc14-release:pool.obj
 0001:0003c0b0       _pj_pool_reset             0043d0b0 f   pjlib-i386-win32-vc14-release:pool.obj
 0001:0003c0c0       _pj_pool_safe_release      0043d0c0 f   pjlib-i386-win32-vc14-release:pool.obj
 0001:0003c4f0       _pj_caching_pool_init      0043d4f0 f   pjlib-i386-win32-vc14-release:pool_caching.obj
 0001:0003c5b0       _pj_create_random_string   0043d5b0 f   pjlib-i386-win32-vc14-release:string.obj
 0001:0003c6c0       _pj_str                    0043d6c0 f   pjlib-i386-win32-vc14-release:string.obj
 0001:0003c6e0       _pj_strassign              0043d6e0 f   pjlib-i386-win32-vc14-release:string.obj
 0001:0003c700       _pj_strcat                 0043d700 f   pjlib-i386-win32-vc14-release:string.obj
 0001:0003c730       _pj_strcat2                0043d730 f   pjlib-i386-win32-vc14-release:string.obj
 0001:0003c770       _pj_strcmp                 0043d770 f   pjlib-i386-win32-vc14-release:string.obj
 0001:0003c820       _pj_strcmp2                0043d820 f   pjlib-i386-win32-vc14-release:string.obj
 0001:0003c880       _pj_strcpy                 0043d880 f   pjlib-i386-win32-vc14-release:string.obj
 0001:0003c8b0       _pj_strcpy2                0043d8b0 f   pjlib-i386-win32-vc14-release:string.obj
 0001:0003c8f0       _pj_strdup                 0043d8f0 f   pjlib-i386-win32-vc14-release:string.obj
 0001:0003c930       _pj_strdup2                0043d930 f   pjlib-i386-win32-vc14-release:string.obj
 0001:0003c990       _pj_strdup2_with_null      0043d990 f   pjlib-i386-win32-vc14-release:string.obj
 0001:0003c9f0       _pj_strdup3                0043d9f0 f   pjlib-i386-win32-vc14-release:string.obj
 0001:0003ca40       _pj_strdup_with_null       0043da40 f   pjlib-i386-win32-vc14-release:string.obj
 0001:0003ca90       _pj_stricmp                0043da90 f   pjlib-i386-win32-vc14-release:string.obj
 0001:0003caf0       _pj_stricmp2               0043daf0 f   pjlib-i386-win32-vc14-release:string.obj
 0001:0003cb60       _pj_stristr                0043db60 f   pjlib-i386-win32-vc14-release:string.obj
 0001:0003cbb0       _pj_strltrim               0043dbb0 f   pjlib-i386-win32-vc14-release:string.obj
 0001:0003cbf0       _pj_strncpy                0043dbf0 f   pjlib-i386-win32-vc14-release:string.obj
 0001:0003cc30       _pj_strncpy_with_null      0043dc30 f   pjlib-i386-win32-vc14-release:string.obj
 0001:0003cc70       _pj_strnicmp               0043dc70 f   pjlib-i386-win32-vc14-release:string.obj
 0001:0003ccb0       _pj_strnicmp2              0043dcb0 f   pjlib-i386-win32-vc14-release:string.obj
 0001:0003cd20       _pj_strstr                 0043dd20 f   pjlib-i386-win32-vc14-release:string.obj
 0001:0003cd70       _pj_strtok                 0043dd70 f   pjlib-i386-win32-vc14-release:string.obj
 0001:0003ce60       _pj_strtol2                0043de60 f   pjlib-i386-win32-vc14-release:string.obj
 0001:0003cf70       _pj_strtoul                0043df70 f   pjlib-i386-win32-vc14-release:string.obj
 0001:0003cfd0       _pj_strtoul2               0043dfd0 f   pjlib-i386-win32-vc14-release:string.obj
 0001:0003d080       _pj_strtoul3               0043e080 f   pjlib-i386-win32-vc14-release:string.obj
 0001:0003d200       _pj_strtrim                0043e200 f   pjlib-i386-win32-vc14-release:string.obj
 0001:0003d280       _pj_utoa                   0043e280 f   pjlib-i386-win32-vc14-release:string.obj
 0001:0003d300       _pj_utoa_pad               0043e300 f   pjlib-i386-win32-vc14-release:string.obj
 0001:0003d3e0       _pj_log                    0043e3e0 f   pjlib-i386-win32-vc14-release:log.obj
 0001:0003d8e0       _pj_log_1                  0043e8e0 f   pjlib-i386-win32-vc14-release:log.obj
 0001:0003d900       _pj_log_2                  0043e900 f   pjlib-i386-win32-vc14-release:log.obj
 0001:0003d920       _pj_log_3                  0043e920 f   pjlib-i386-win32-vc14-release:log.obj
 0001:0003d940       _pj_log_4                  0043e940 f   pjlib-i386-win32-vc14-release:log.obj
 0001:0003d960       _pj_log_5                  0043e960 f   pjlib-i386-win32-vc14-release:log.obj
 0001:0003d980       _pj_log_get_color          0043e980 f   pjlib-i386-win32-vc14-release:log.obj
 0001:0003d9f0       _pj_log_get_decor          0043e9f0 f   pjlib-i386-win32-vc14-release:log.obj
 0001:0003da00       _pj_log_get_level          0043ea00 f   pjlib-i386-win32-vc14-release:log.obj
 0001:0003da10       _pj_log_init               0043ea10 f   pjlib-i386-win32-vc14-release:log.obj
 0001:0003da80       _pj_log_pop_indent         0043ea80 f   pjlib-i386-win32-vc14-release:log.obj
 0001:0003dab0       _pj_log_push_indent        0043eab0 f   pjlib-i386-win32-vc14-release:log.obj
 0001:0003dae0       _pj_log_set_level          0043eae0 f   pjlib-i386-win32-vc14-release:log.obj
 0001:0003dbb0       _pj_list_erase             0043ebb0 f   pjlib-i386-win32-vc14-release:list.obj
 0001:0003dbd0       _pj_list_find_node         0043ebd0 f   pjlib-i386-win32-vc14-release:list.obj
 0001:0003dc00       _pj_list_insert_after      0043ec00 f   pjlib-i386-win32-vc14-release:list.obj
 0001:0003dc20       _pj_list_insert_before     0043ec20 f   pjlib-i386-win32-vc14-release:list.obj
 0001:0003dc40       _pj_list_insert_nodes_before 0043ec40 f   pjlib-i386-win32-vc14-release:list.obj
 0001:0003dc60       _pj_list_search            0043ec60 f   pjlib-i386-win32-vc14-release:list.obj
 0001:0003dca0       _pj_list_size              0043eca0 f   pjlib-i386-win32-vc14-release:list.obj
 0001:0003df70       _pj_grp_lock_acquire       0043ef70 f   pjlib-i386-win32-vc14-release:lock.obj
 0001:0003df80       _pj_grp_lock_add_handler   0043ef80 f   pjlib-i386-win32-vc14-release:lock.obj
 0001:0003dfd0       _pj_grp_lock_add_ref       0043efd0 f   pjlib-i386-win32-vc14-release:lock.obj
 0001:0003dff0       _pj_grp_lock_create        0043eff0 f   pjlib-i386-win32-vc14-release:lock.obj
 0001:0003e0e0       _pj_grp_lock_create_w_handler 0043f0e0 f   pjlib-i386-win32-vc14-release:lock.obj
 0001:0003e200       _pj_grp_lock_dec_ref       0043f200 f   pjlib-i386-win32-vc14-release:lock.obj
 0001:0003e230       _pj_grp_lock_release       0043f230 f   pjlib-i386-win32-vc14-release:lock.obj
 0001:0003e240       _pj_grp_lock_tryacquire    0043f240 f   pjlib-i386-win32-vc14-release:lock.obj
 0001:0003e250       _pj_lock_acquire           0043f250 f   pjlib-i386-win32-vc14-release:lock.obj
 0001:0003e270       _pj_lock_create_null_mutex 0043f270 f   pjlib-i386-win32-vc14-release:lock.obj
 0001:0003e290       _pj_lock_create_recursive_mutex 0043f290 f   pjlib-i386-win32-vc14-release:lock.obj
 0001:0003e2b0       _pj_lock_create_simple_mutex 0043f2b0 f   pjlib-i386-win32-vc14-release:lock.obj
 0001:0003e2d0       _pj_lock_destroy           0043f2d0 f   pjlib-i386-win32-vc14-release:lock.obj
 0001:0003e2f0       _pj_lock_release           0043f2f0 f   pjlib-i386-win32-vc14-release:lock.obj
 0001:0003e310       _pj_lock_tryacquire        0043f310 f   pjlib-i386-win32-vc14-release:lock.obj
 0001:0003e330       _pj_array_erase            0043f330 f   pjlib-i386-win32-vc14-release:array.obj
 0001:0003e370       _pj_array_insert           0043f370 f   pjlib-i386-win32-vc14-release:array.obj
 0001:0003e3c0       _pj_rand                   0043f3c0 f   pjlib-i386-win32-vc14-release:rand.obj
 0001:0003e3f0       _pj_time_val_normalize     0043f3f0 f   pjlib-i386-win32-vc14-release:types.obj
 0001:0003e540       _pj_timer_entry_init       0043f540 f   pjlib-i386-win32-vc14-release:timer.obj
 0001:0003e570       _pj_timer_entry_running    0043f570 f   pjlib-i386-win32-vc14-release:timer.obj
 0001:0003e590       _pj_timer_heap_cancel      0043f590 f   pjlib-i386-win32-vc14-release:timer.obj
 0001:0003e5b0       _pj_timer_heap_cancel_if_active 0043f5b0 f   pjlib-i386-win32-vc14-release:timer.obj
 0001:0003e5d0       _pj_timer_heap_create      0043f5d0 f   pjlib-i386-win32-vc14-release:timer.obj
 0001:0003e760       _pj_timer_heap_destroy     0043f760 f   pjlib-i386-win32-vc14-release:timer.obj
 0001:0003e790       _pj_timer_heap_poll        0043f790 f   pjlib-i386-win32-vc14-release:timer.obj
 0001:0003e920       _pj_timer_heap_schedule    0043f920 f   pjlib-i386-win32-vc14-release:timer.obj
 0001:0003e940       _pj_timer_heap_schedule_w_grp_lock 0043f940 f   pjlib-i386-win32-vc14-release:timer.obj
 0001:0003e960       _pj_timer_heap_set_lock    0043f960 f   pjlib-i386-win32-vc14-release:timer.obj
 0001:0003e990       _pj_timer_heap_set_max_timed_out_per_poll 0043f990 f   pjlib-i386-win32-vc14-release:timer.obj
 0001:0003eda0       _pj_gettimeofday           0043fda0 f   pjlib-i386-win32-vc14-release:os_time_win32.obj
 0001:0003ee50       _pj_time_decode            0043fe50 f   pjlib-i386-win32-vc14-release:os_time_win32.obj
 0001:0003efc0       _ioqueue_dispatch_exception_event 0043ffc0 f   pjlib-i386-win32-vc14-release:ioqueue_select.obj
 0001:0003f110       _ioqueue_dispatch_read_event 00440110 f   pjlib-i386-win32-vc14-release:ioqueue_select.obj
 0001:0003f3b0       _ioqueue_dispatch_write_event 004403b0 f   pjlib-i386-win32-vc14-release:ioqueue_select.obj
 0001:0003f6c0       _pj_ioqueue_create         004406c0 f   pjlib-i386-win32-vc14-release:ioqueue_select.obj
 0001:0003f890       _pj_ioqueue_destroy        00440890 f   pjlib-i386-win32-vc14-release:ioqueue_select.obj
 0001:0003f950       _pj_ioqueue_get_user_data  00440950 f   pjlib-i386-win32-vc14-release:ioqueue_select.obj
 0001:0003f970       _pj_ioqueue_is_pending     00440970 f   pjlib-i386-win32-vc14-release:ioqueue_select.obj
 0001:0003f980       _pj_ioqueue_lock_key       00440980 f   pjlib-i386-win32-vc14-release:ioqueue_select.obj
 0001:0003f9b0       _pj_ioqueue_op_key_init    004409b0 f   pjlib-i386-win32-vc14-release:ioqueue_select.obj
 0001:0003f9d0       _pj_ioqueue_poll           004409d0 f   pjlib-i386-win32-vc14-release:ioqueue_select.obj
 0001:0003fd10       _pj_ioqueue_post_completion 00440d10 f   pjlib-i386-win32-vc14-release:ioqueue_select.obj
 0001:0003fe80       _pj_ioqueue_recvfrom       00440e80 f   pjlib-i386-win32-vc14-release:ioqueue_select.obj
 0001:00040000       _pj_ioqueue_register_sock  00441000 f   pjlib-i386-win32-vc14-release:ioqueue_select.obj
 0001:00040030       _pj_ioqueue_register_sock2 00441030 f   pjlib-i386-win32-vc14-release:ioqueue_select.obj
 0001:000401c0       _pj_ioqueue_sendto         004411c0 f   pjlib-i386-win32-vc14-release:ioqueue_select.obj
 0001:000403a0       _pj_ioqueue_set_concurrency 004413a0 f   pjlib-i386-win32-vc14-release:ioqueue_select.obj
 0001:000403c0       _pj_ioqueue_unlock_key     004413c0 f   pjlib-i386-win32-vc14-release:ioqueue_select.obj
 0001:000403f0       _pj_ioqueue_unregister     004413f0 f   pjlib-i386-win32-vc14-release:ioqueue_select.obj
 0001:000405d0       _pj_exception_id_alloc     004415d0 f   pjlib-i386-win32-vc14-release:except.obj
 0001:00040620       _pj_exception_id_free      00441620 f   pjlib-i386-win32-vc14-release:except.obj
 0001:00040660       _pj_exception_id_name      00441660 f   pjlib-i386-win32-vc14-release:except.obj
 0001:000406a0       _pj_pop_exception_handler_ 004416a0 f   pjlib-i386-win32-vc14-release:except.obj
 0001:000406d0       _pj_push_exception_handler_ 004416d0 f   pjlib-i386-win32-vc14-release:except.obj
 0001:00040720       _pj_throw_exception_       00441720 f   pjlib-i386-win32-vc14-release:except.obj
 0001:000407a0       _pj_get_timestamp          004417a0 f   pjlib-i386-win32-vc14-release:os_timestamp_win32.obj
 0001:00040800       _pj_get_timestamp_freq     00441800 f   pjlib-i386-win32-vc14-release:os_timestamp_win32.obj
 0001:00040a80       _pj_hash_calc              00441a80 f   pjlib-i386-win32-vc14-release:hash.obj
 0001:00040b10       _pj_hash_calc_tolower      00441b10 f   pjlib-i386-win32-vc14-release:hash.obj
 0001:00040b60       _pj_hash_count             00441b60 f   pjlib-i386-win32-vc14-release:hash.obj
 0001:00040b70       _pj_hash_create            00441b70 f   pjlib-i386-win32-vc14-release:hash.obj
 0001:00040bc0       _pj_hash_first             00441bc0 f   pjlib-i386-win32-vc14-release:hash.obj
 0001:00040c00       _pj_hash_get               00441c00 f   pjlib-i386-win32-vc14-release:hash.obj
 0001:00040c30       _pj_hash_get_lower         00441c30 f   pjlib-i386-win32-vc14-release:hash.obj
 0001:00040c60       _pj_hash_next              00441c60 f   pjlib-i386-win32-vc14-release:hash.obj
 0001:00040cb0       _pj_hash_set               00441cb0 f   pjlib-i386-win32-vc14-release:hash.obj
 0001:00040d10       _pj_hash_set_lower         00441d10 f   pjlib-i386-win32-vc14-release:hash.obj
 0001:00040d70       _pj_hash_set_np            00441d70 f   pjlib-i386-win32-vc14-release:hash.obj
 0001:00040dd0       _pj_hash_set_np_lower      00441dd0 f   pjlib-i386-win32-vc14-release:hash.obj
 0001:00040e30       _pj_hash_this              00441e30 f   pjlib-i386-win32-vc14-release:hash.obj
 0001:00040e50       _pj_get_netos_error        00441e50 f   pjlib-i386-win32-vc14-release:os_error_win32.obj
 0001:00040e70       _pj_get_os_error           00441e70 f   pjlib-i386-win32-vc14-release:os_error_win32.obj
 0001:00040e90       _platform_strerror         00441e90 f   pjlib-i386-win32-vc14-release:os_error_win32.obj
 0001:00040f70       _pj_GUID_STRING_LENGTH     00441f70 f   pjlib-i386-win32-vc14-release:guid_win32.obj
 0001:00040f80       _pj_generate_unique_string 00441f80 f   pjlib-i386-win32-vc14-release:guid_win32.obj
 0001:00041030       _pj_create_unique_string   00442030 f   pjlib-i386-win32-vc14-release:guid.obj
 0001:00041060       _pj_qos_get_params         00442060 f   pjlib-i386-win32-vc14-release:sock_qos_common.obj
 0001:00041090       _pj_sock_apply_qos2        00442090 f   pjlib-i386-win32-vc14-release:sock_qos_common.obj
 0001:00041160       _pj_getaddrinfo            00442160 f   pjlib-i386-win32-vc14-release:addr_resolv_sock.obj
 0001:00041320       _pj_gettickcount           00442320 f   pjlib-i386-win32-vc14-release:os_timestamp_common.obj
 0001:000413f0       _pj_pool_create_on_buf     004423f0 f   pjlib-i386-win32-vc14-release:pool_buf.obj
 0001:00041840       _pj_enum_ip_interface      00442840 f   pjlib-i386-win32-vc14-release:ip_helper_win32.obj
 0001:00041ad0       _pj_log_write              00442ad0 f   pjlib-i386-win32-vc14-release:log_writer_stdout.obj
 0001:00041b30       _printf                    00442b30 f i pjlib-i386-win32-vc14-release:log_writer_stdout.obj
 0001:00041b60       _PJ_FD_CLR                 00442b60 f   pjlib-i386-win32-vc14-release:sock_select.obj
 0001:00041be0       _srtp_rdb_get_value        00442be0 f   libsrtp-i386-win32-vc14-release:rdb.obj
 0001:00041be0       _PJ_FD_COUNT               00442be0 f   pjlib-i386-win32-vc14-release:sock_select.obj
 0001:00041bf0       _PJ_FD_ISSET               00442bf0 f   pjlib-i386-win32-vc14-release:sock_select.obj
 0001:00041c20       _PJ_FD_SET                 00442c20 f   pjlib-i386-win32-vc14-release:sock_select.obj
 0001:00041c90       _PJ_FD_ZERO                00442c90 f   pjlib-i386-win32-vc14-release:sock_select.obj
 0001:00041cc0       _pj_sock_select            00442cc0 f   pjlib-i386-win32-vc14-release:sock_select.obj
 0001:00041d30       _pj_sock_set_qos_params    00442d30 f   pjlib-i386-win32-vc14-release:sock_qos_bsd.obj
 0001:00041e50       _pj_sock_set_qos_type      00442e50 f   pjlib-i386-win32-vc14-release:sock_qos_bsd.obj
 0001:00042360       _speex_echo_cancellation   00443360 f   libspeex-i386-win32-vc14-release:mdf.obj
 0001:000437f0       _speex_echo_capture        004447f0 f   libspeex-i386-win32-vc14-release:mdf.obj
 0001:000438e0       _speex_echo_ctl            004448e0 f   libspeex-i386-win32-vc14-release:mdf.obj
 0001:000439c0       _speex_echo_get_residual   004449c0 f   libspeex-i386-win32-vc14-release:mdf.obj
 0001:00043c50       _speex_echo_playback       00444c50 f   libspeex-i386-win32-vc14-release:mdf.obj
 0001:00043d50       _speex_echo_state_destroy  00444d50 f   libspeex-i386-win32-vc14-release:mdf.obj
 0001:00043e20       _speex_echo_state_init     00444e20 f   libspeex-i386-win32-vc14-release:mdf.obj
 0001:00044360       _speex_echo_state_reset    00445360 f   libspeex-i386-win32-vc14-release:mdf.obj
 0001:00045280       _speex_preprocess_ctl      00446280 f   libspeex-i386-win32-vc14-release:preprocess.obj
 0001:00045910       _speex_preprocess_run      00446910 f   libspeex-i386-win32-vc14-release:preprocess.obj
 0001:00047220       _speex_preprocess_state_destroy 00448220 f   libspeex-i386-win32-vc14-release:preprocess.obj
 0001:000472e0       _speex_preprocess_state_init 004482e0 f   libspeex-i386-win32-vc14-release:preprocess.obj
 0001:000480c0       _spx_fft                   004490c0 f   libspeex-i386-win32-vc14-release:fftwrap.obj
 0001:00048190       _spx_fft_destroy           00449190 f   libspeex-i386-win32-vc14-release:fftwrap.obj
 0001:000481b0       _spx_fft_init              004491b0 f   libspeex-i386-win32-vc14-release:fftwrap.obj
 0001:000481e0       _spx_ifft                  004491e0 f   libspeex-i386-win32-vc14-release:fftwrap.obj
 0001:00048250       _filterbank_compute_bank32 00449250 f   libspeex-i386-win32-vc14-release:filterbank.obj
 0001:000482d0       _filterbank_compute_psd16  004492d0 f   libspeex-i386-win32-vc14-release:filterbank.obj
 0001:00048320       _filterbank_destroy        00449320 f   libspeex-i386-win32-vc14-release:filterbank.obj
 0001:00048350       _filterbank_new            00449350 f   libspeex-i386-win32-vc14-release:filterbank.obj
 0001:0004b8f0       _spx_drft_backward         0044c8f0 f   libspeex-i386-win32-vc14-release:smallft.obj
 0001:0004b920       _spx_drft_clear            0044c920 f   libspeex-i386-win32-vc14-release:smallft.obj
 0001:0004b960       _spx_drft_forward          0044c960 f   libspeex-i386-win32-vc14-release:smallft.obj
 0001:0004b990       _spx_drft_init             0044c990 f   libspeex-i386-win32-vc14-release:smallft.obj
 0001:0004b9e0       ___local_stdio_scanf_options 0044c9e0 f i libsrtp-i386-win32-vc14-release:srtp.obj
 0001:0004ba20       _srtp_add_stream           0044ca20 f   libsrtp-i386-win32-vc14-release:srtp.obj
 0001:0004bce0       _srtp_create               0044cce0 f   libsrtp-i386-win32-vc14-release:srtp.obj
 0001:0004bd60       _srtp_crypto_policy_set_aes_cm_256_hmac_sha1_32 0044cd60 f   libsrtp-i386-win32-vc14-release:srtp.obj
 0001:0004bda0       _srtp_crypto_policy_set_aes_cm_256_hmac_sha1_80 0044cda0 f   libsrtp-i386-win32-vc14-release:srtp.obj
 0001:0004bde0       _srtp_dealloc              0044cde0 f   libsrtp-i386-win32-vc14-release:srtp.obj
 0001:0004bfc0       _srtp_event_reporter       0044cfc0 f   libsrtp-i386-win32-vc14-release:srtp.obj
 0001:0004c160       _srtp_get_session_keys     0044d160 f   libsrtp-i386-win32-vc14-release:srtp.obj
 0001:0004c270       _srtp_inject_mki           0044d270 f   libsrtp-i386-win32-vc14-release:srtp.obj
[...]
 0003:00000578       $SG30025                   0046e578     simpleua.obj
 0003:00000598       $SG30026                   0046e598     simpleua.obj
 0003:000005a4       $SG30028                   0046e5a4     simpleua.obj
 0003:000005c0       $SG30029                   0046e5c0     simpleua.obj
 0003:000005cc       $SG30031                   0046e5cc     simpleua.obj
 0003:000005d8       $SG30032                   0046e5d8     simpleua.obj
 0003:000005e8       _inv_state_handler         0046e5e8     pjsip-ua-i386-win32-vc14-release:sip_inv.obj
 0003:00000608       _mod_inv                   0046e608     pjsip-ua-i386-win32-vc14-release:sip_inv.obj
 0003:00000670       _inv_state_names           0046e670     pjsip-ua-i386-win32-vc14-release:sip_inv.obj
 0003:00000690       _mod_100rel                0046e690     pjsip-ua-i386-win32-vc14-release:sip_100rel.obj
 0003:000006d0       _se_hdr_vptr               0046e6d0     pjsip-ua-i386-win32-vc14-release:sip_timer.obj
 0003:000006dc       _min_se_hdr_vptr           0046e6dc     pjsip-ua-i386-win32-vc14-release:sip_timer.obj
 0003:000006e8       _generic_hdr_vptr          0046e6e8     pjsip-core-i386-win32-vc14-release:sip_msg.obj
 0003:000006f4       _generic_int_hdr_vptr      0046e6f4     pjsip-core-i386-win32-vc14-release:sip_msg.obj
 0003:00000700       _generic_array_hdr_vptr    0046e700     pjsip-core-i386-win32-vc14-release:sip_msg.obj
 0003:0000070c       _clen_hdr_vptr             0046e70c     pjsip-core-i386-win32-vc14-release:sip_msg.obj
 0003:00000718       _cseq_hdr_vptr             0046e718     pjsip-core-i386-win32-vc14-release:sip_msg.obj
 0003:00000724       _contact_hdr_vptr          0046e724     pjsip-core-i386-win32-vc14-release:sip_msg.obj
 0003:00000730       _ctype_hdr_vptr            0046e730     pjsip-core-i386-win32-vc14-release:sip_msg.obj
 0003:0000073c       _fromto_hdr_vptr           0046e73c     pjsip-core-i386-win32-vc14-release:sip_msg.obj
 0003:00000748       _routing_hdr_vptr          0046e748     pjsip-core-i386-win32-vc14-release:sip_msg.obj
 0003:00000754       _retry_after_hdr_vptr      0046e754     pjsip-core-i386-win32-vc14-release:sip_msg.obj
 0003:00000760       _via_hdr_vptr              0046e760     pjsip-core-i386-win32-vc14-release:sip_msg.obj
 0003:0000076c       _method_names              0046e76c     pjsip-core-i386-win32-vc14-release:sip_msg.obj
 0003:00000788       _mod_msg_print             0046e788     pjsip-core-i386-win32-vc14-release:sip_transport.obj
 0003:000007c8       _transport_names           0046e7c8     pjsip-core-i386-win32-vc14-release:sip_transport.obj
 0003:00000a48       _event_str                 0046ea48     pjsip-core-i386-win32-vc14-release:sip_util.obj
 0003:00000a64       _str_TEXT                  0046ea64     pjsip-core-i386-win32-vc14-release:sip_util.obj
 0003:00000a6c       _str_PLAIN                 0046ea6c     pjsip-core-i386-win32-vc14-release:sip_util.obj
 0003:00000a78       _mod_tsx_layer             0046ea78     pjsip-core-i386-win32-vc14-release:sip_transaction.obj
 0003:00000ac4       _t1_timer_val              0046eac4     pjsip-core-i386-win32-vc14-release:sip_transaction.obj
 0003:00000acc       _t2_timer_val              0046eacc     pjsip-core-i386-win32-vc14-release:sip_transaction.obj
 0003:00000ad4       _timeout_timer_val         0046ead4     pjsip-core-i386-win32-vc14-release:sip_transaction.obj
 0003:00000adc       _state_str                 0046eadc     pjsip-core-i386-win32-vc14-release:sip_transaction.obj
 0003:00000afc       _role_name                 0046eafc     pjsip-core-i386-win32-vc14-release:sip_transaction.obj
 0003:00000b04       _t4_timer_val              0046eb04     pjsip-core-i386-win32-vc14-release:sip_transaction.obj
 0003:00000b0c       _td_timer_val              0046eb0c     pjsip-core-i386-win32-vc14-release:sip_transaction.obj
 0003:00000b14       _tsx_state_handler_uac     0046eb14     pjsip-core-i386-win32-vc14-release:sip_transaction.obj
 0003:00000b34       _tsx_state_handler_uas     0046eb34     pjsip-core-i386-win32-vc14-release:sip_transaction.obj
 0003:00000b58       _mod_ua                    0046eb58     pjsip-core-i386-win32-vc14-release:sip_ua_layer.obj
 0003:00000bd0       _pconst                    0046ebd0     pjsip-core-i386-win32-vc14-release:sip_parser.obj
 0003:00000d5c       _sip_str                   0046ed5c     pjsip-core-i386-win32-vc14-release:sip_uri.obj
 0003:00000d64       _sips_str                  0046ed64     pjsip-core-i386-win32-vc14-release:sip_uri.obj
 0003:00000d6c       _sip_url_vptr              0046ed6c     pjsip-core-i386-win32-vc14-release:sip_uri.obj
 0003:00000d80       _sips_url_vptr             0046ed80     pjsip-core-i386-win32-vc14-release:sip_uri.obj
 0003:00000d94       _name_addr_vptr            0046ed94     pjsip-core-i386-win32-vc14-release:sip_uri.obj
 0003:00000da8       _other_uri_vptr            0046eda8     pjsip-core-i386-win32-vc14-release:sip_uri.obj
 0003:00000dbc       _pjsip_ISUB_STR            0046edbc     pjsip-core-i386-win32-vc14-release:sip_tel_uri.obj
 0003:00000dc4       _pjsip_EXT_STR             0046edc4     pjsip-core-i386-win32-vc14-release:sip_tel_uri.obj
 0003:00000dcc       _pjsip_PH_CTX_STR          0046edcc     pjsip-core-i386-win32-vc14-release:sip_tel_uri.obj
 0003:00000dd4       _tel_uri_vptr              0046edd4     pjsip-core-i386-win32-vc14-release:sip_tel_uri.obj
 0003:00000e24       _www_authenticate_hdr_vptr 0046ee24     pjsip-core-i386-win32-vc14-release:sip_auth_msg.obj
 0003:00000e30       _authorization_hdr_vptr    0046ee30     pjsip-core-i386-win32-vc14-release:sip_auth_msg.obj
 0003:00000e3c       _factory_op                0046ee3c     pjmedia-audiodev-i386-win32-vc14-release:wmme_dev.obj
 0003:00000e58       _stream_op                 0046ee58     pjmedia-audiodev-i386-win32-vc14-release:wmme_dev.obj
 0003:00000e78       _g711_op                   0046ee78     pjmedia-i386-win32-vc14-release:g711.obj
 0003:00000e98       _g711_factory_op           0046ee98     pjmedia-i386-win32-vc14-release:g711.obj
 0003:00000eb0       _state_str                 0046eeb0     pjmedia-i386-win32-vc14-release:sdp_neg.obj
 0003:00000ec4       _transport_udp_op          0046eec4     pjmedia-i386-win32-vc14-release:transport_udp.obj
 0003:00000ef8       _cap_infos                 0046eef8     pjmedia-i386-win32-vc14-release:audiodev.obj
 0003:00000f68       _plc_wsola                 0046ef68     pjmedia-i386-win32-vc14-release:plc_common.obj
 0003:00000f74       _echo_supp_op              0046ef74     pjmedia-i386-win32-vc14-release:echo_common.obj
 0003:00000f90       _speex_aec_op              0046ef90     pjmedia-i386-win32-vc14-release:echo_common.obj
 0003:00000fb0       _crypto_suites             0046efb0     pjmedia-i386-win32-vc14-release:transport_srtp.obj
 0003:0000108c       _transport_srtp_op         0046f08c     pjmedia-i386-win32-vc14-release:transport_srtp.obj
 0003:000010c0       _sdes_op                   0046f0c0     pjmedia-i386-win32-vc14-release:transport_srtp.obj
 0003:000010f8       ?liberr@?1??get_libsrtp_errstr@@9@9 0046f0f8     pjmedia-i386-win32-vc14-release:transport_srtp.obj
 0003:00001164       _state_names               0046f164     pjlib-util-i386-win32-vc14-release:resolver.obj
 0003:00001170       _thread_tls_id             0046f170     pjlib-i386-win32-vc14-release:os_core_win32.obj
 0003:00001178       _pool_sizes                0046f178     pjlib-i386-win32-vc14-release:pool_caching.obj
 0003:000011b8       _thread_suspended_tls_id   0046f1b8     pjlib-i386-win32-vc14-release:log.obj
 0003:000011bc       _thread_indent_tls_id      0046f1bc     pjlib-i386-win32-vc14-release:log.obj
 0003:000011c0       _pj_log_max_level          0046f1c0     pjlib-i386-win32-vc14-release:log.obj
 0003:000011c4       _log_writer                0046f1c4     pjlib-i386-win32-vc14-release:log.obj
 0003:000011c8       _log_decor                 0046f1c8     pjlib-i386-win32-vc14-release:log.obj
 0003:000011cc       _PJ_LOG_COLOR_0            0046f1cc     pjlib-i386-win32-vc14-release:log.obj
 0003:000011d0       _PJ_LOG_COLOR_1            0046f1d0     pjlib-i386-win32-vc14-release:log.obj
 0003:000011d4       _PJ_LOG_COLOR_2            0046f1d4     pjlib-i386-win32-vc14-release:log.obj
 0003:000011d8       _PJ_LOG_COLOR_3            0046f1d8     pjlib-i386-win32-vc14-release:log.obj
 0003:000011dc       _PJ_LOG_COLOR_4            0046f1dc     pjlib-i386-win32-vc14-release:log.obj
 0003:000011e0       _PJ_LOG_COLOR_5            0046f1e0     pjlib-i386-win32-vc14-release:log.obj
 0003:000011e4       _PJ_LOG_COLOR_6            0046f1e4     pjlib-i386-win32-vc14-release:log.obj
 0003:000011e8       _PJ_LOG_COLOR_77           0046f1e8     pjlib-i386-win32-vc14-release:log.obj
 0003:000011ec       ?ltexts@?2??pj_log@@9@9    0046f1ec     pjlib-i386-win32-vc14-release:log.obj
 0003:00001208       ?wdays@?3??pj_log@@9@9     0046f208     pjlib-i386-win32-vc14-release:log.obj
 0003:00001234       _mutex_lock_template       0046f234     pjlib-i386-win32-vc14-release:lock.obj
 0003:00001248       _null_lock_template        0046f248     pjlib-i386-win32-vc14-release:lock.obj
 0003:0000125c       _sem_lock_template         0046f25c     pjlib-i386-win32-vc14-release:lock.obj
 0003:00001270       _thread_local_id           0046f270     pjlib-i386-win32-vc14-release:except.obj
 0003:00001274       ?hex@?1??hex2digit@@9@9    0046f274     pjlib-i386-win32-vc14-release:guid_win32.obj
 0003:00001284       _tls                       0046f284     pjlib-i386-win32-vc14-release:pool_buf.obj
 0003:0000128c       _id                        0046f28c     pjlib-i386-win32-vc14-release:config.obj
 0003:00001290       ?ntryh@?1??drfti1@@9@9     0046f290     libspeex-i386-win32-vc14-release:smallft.obj
 0003:000012a0       ?tpi@?1??drfti1@@9@9       0046f2a0     libspeex-i386-win32-vc14-release:smallft.obj
 0003:000012a4       ?hsqt2@?1??dradf4@@9@9     0046f2a4     libspeex-i386-win32-vc14-release:smallft.obj
 0003:000012a8       ?tpi@?1??dradfg@@9@9       0046f2a8     libspeex-i386-win32-vc14-release:smallft.obj
 0003:000012ac       ?taur@?1??dradb3@@9@9      0046f2ac     libspeex-i386-win32-vc14-release:smallft.obj
 0003:000012b0       ?taui@?1??dradb3@@9@9      0046f2b0     libspeex-i386-win32-vc14-release:smallft.obj
 0003:000012b4       ?sqrt2@?1??dradb4@@9@9     0046f2b4     libspeex-i386-win32-vc14-release:smallft.obj
 0003:000012b8       ?tpi@?1??dradbg@@9@9       0046f2b8     libspeex-i386-win32-vc14-release:smallft.obj
 0003:000012c4       _srtp_event_handler        0046f2c4     libsrtp-i386-win32-vc14-release:srtp.obj
 0003:00001760       _g_complete                0046f760     simpleua.obj
 0003:00001764       _g_endpt                   0046f764     simpleua.obj
 0003:00001768       _cp                        0046f768     simpleua.obj
 0003:0000192c       _g_med_endpt               0046f92c     simpleua.obj
 0003:00001930       _g_med_tpinfo              0046f930     simpleua.obj
 0003:00001ee8       _g_med_transport           0046fee8     simpleua.obj
 0003:00001ef0       _g_sock_info               0046fef0     simpleua.obj
 0003:00001f70       _g_inv                     0046ff70     simpleua.obj
 0003:00001f74       _g_med_stream              0046ff74     simpleua.obj
 0003:00001f78       _g_snd_port                0046ff78     simpleua.obj
 0003:00001f7c       _is_initialized            0046ff7c     pjsip-ua-i386-win32-vc14-release:sip_timer.obj
 0003:00001f84       ?is_initialized@?1??pjsip_get_status_text@@9@9 0046ff84     pjsip-core-i386-win32-vc14-release:sip_msg.obj
 0003:00001f88       _status_phrase             0046ff88     pjsip-core-i386-win32-vc14-release:sip_msg.obj
 0003:000035b8       _handler                   004715b8     pjsip-core-i386-win32-vc14-release:sip_parser.obj
 0003:00004c38       _handler_count             00472c38     pjsip-core-i386-win32-vc14-release:sip_parser.obj
 0003:00004c3c       _parser_is_initialized     00472c3c     pjsip-core-i386-win32-vc14-release:sip_parser.obj
 0003:00004c40       _uri_handler               00472c40     pjsip-core-i386-win32-vc14-release:sip_parser.obj
 0003:00004c70       _uri_handler_count         00472c70     pjsip-core-i386-win32-vc14-release:sip_parser.obj
 0003:00004c78       _cis_buf                   00472c78     pjsip-core-i386-win32-vc14-release:sip_parser.obj
 0003:00005080       _pjsip_TEL_NUMBER_SPEC     00473080     pjsip-core-i386-win32-vc14-release:sip_tel_uri.obj
 0003:00005088       _pjsip_TEL_EXT_VALUE_SPEC  00473088     pjsip-core-i386-win32-vc14-release:sip_tel_uri.obj
 0003:00005090       _pjsip_TEL_PHONE_CONTEXT_SPEC 00473090     pjsip-core-i386-win32-vc14-release:sip_tel_uri.obj
 0003:00005098       _pjsip_TEL_URIC_SPEC       00473098     pjsip-core-i386-win32-vc14-release:sip_tel_uri.obj
 0003:000050a0       _pjsip_TEL_PNAME_SPEC      004730a0     pjsip-core-i386-win32-vc14-release:sip_tel_uri.obj
 0003:000050a8       _pjsip_TEL_PVALUE_SPEC     004730a8     pjsip-core-i386-win32-vc14-release:sip_tel_uri.obj
 0003:000050b0       _cis_buf                   004730b0     pjsip-core-i386-win32-vc14-release:sip_tel_uri.obj
 0003:000054b4       _pjsip_TEL_VISUAL_SEP_SPEC 004734b4     pjsip-core-i386-win32-vc14-release:sip_tel_uri.obj
 0003:000054bc       _pjsip_TEL_PVALUE_SPEC_ESC 004734bc     pjsip-core-i386-win32-vc14-release:sip_tel_uri.obj
 0003:000054c4       _pjsip_TEL_PARSING_PVALUE_SPEC 004734c4     pjsip-core-i386-win32-vc14-release:sip_tel_uri.obj
 0003:000054cc       _pjsip_TEL_PARSING_PVALUE_SPEC_ESC 004734cc     pjsip-core-i386-win32-vc14-release:sip_tel_uri.obj
 0003:000054d4       ?name@?1??get_fmt_name@@9@9 004734d4     pjmedia-audiodev-i386-win32-vc14-release:wmme_dev.obj
 0003:000054dc       ?rec_cnt@?1??wmme_dev_thread@@9@9 004734dc     pjmedia-audiodev-i386-win32-vc14-release:wmme_dev.obj
 0003:000054e0       ?play_cnt@?1??wmme_dev_thread@@9@9 004734e0     pjmedia-audiodev-i386-win32-vc14-release:wmme_dev.obj
 0003:000054e4       _g711_factory              004734e4     pjmedia-i386-win32-vc14-release:g711.obj
 0003:00005518       _fmt_match_cb_cnt          00473518     pjmedia-i386-win32-vc14-release:sdp_neg.obj
 0003:00005520       _fmt_match_cb              00473520     pjmedia-i386-win32-vc14-release:sdp_neg.obj
 0003:00005580       _zero_frame                00473580     pjmedia-i386-win32-vc14-release:stream.obj
 0003:00005d00       _is_initialized            00473d00     pjmedia-i386-win32-vc14-release:sdp.obj
 0003:00005d08       _cis_buf                   00473d08     pjmedia-i386-win32-vc14-release:sdp.obj
 0003:0000610c       _cs_digit                  0047410c     pjmedia-i386-win32-vc14-release:sdp.obj
 0003:00006114       _cs_token                  00474114     pjmedia-i386-win32-vc14-release:sdp.obj
 0003:00006120       _aud_subsys                00474120     pjmedia-i386-win32-vc14-release:audiodev.obj
 0003:000065f0       ?msg@?3??get_libsrtp_errstr@@9@9 004745f0     pjmedia-i386-win32-vc14-release:transport_srtp.obj
 0003:00006610       _libsrtp_initialized       00474610     pjmedia-i386-win32-vc14-release:transport_srtp.obj
 0003:00006618       ___getopt_initialized      00474618     pjlib-util-i386-win32-vc14-release:getopt.obj
 0003:0000661c       _nextchar                  0047461c     pjlib-util-i386-win32-vc14-release:getopt.obj
 0003:00006620       _ordering                  00474620     pjlib-util-i386-win32-vc14-release:getopt.obj
 0003:00006624       _posixly_correct           00474624     pjlib-util-i386-win32-vc14-release:getopt.obj
 0003:00006628       _first_nonopt              00474628     pjlib-util-i386-win32-vc14-release:getopt.obj
 0003:0000662c       _last_nonopt               0047462c     pjlib-util-i386-win32-vc14-release:getopt.obj
 0003:00006630       _initialized               00474630     pjlib-i386-win32-vc14-release:os_core_win32.obj
 0003:00006634       _atexit_count              00474634     pjlib-i386-win32-vc14-release:os_core_win32.obj
 0003:00006638       _main_thread               00474638     pjlib-i386-win32-vc14-release:os_core_win32.obj
 0003:00006738       _critical_section_mutex    00474738     pjlib-i386-win32-vc14-release:os_core_win32.obj
 0003:00006770       _atexit_func               00474770     pjlib-i386-win32-vc14-release:os_core_win32.obj
 0003:000067f0       _err_msg_hnd_cnt           004747f0     pjlib-i386-win32-vc14-release:errno.obj
 0003:000067f8       _err_msg_hnd               004747f8     pjlib-i386-win32-vc14-release:errno.obj
 0003:00006870       ?buf@?1??pj_gethostname@@9@9 00474870     pjlib-i386-win32-vc14-release:sock_bsd.obj
 0003:000068f0       ?hostname@?1??pj_gethostname@@9@9 004748f0     pjlib-i386-win32-vc14-release:sock_bsd.obj
 0003:000068f8       _g_last_thread             004748f8     pjlib-i386-win32-vc14-release:log.obj
 0003:00006900       _base_time                 00474900     pjlib-i386-win32-vc14-release:os_time_win32.obj
 0003:00006908       _exception_id_names        00474908     pjlib-i386-win32-vc14-release:except.obj
 0003:00006948       ?unknown_name@?1??pj_exception_id_name@@9@9 00474948     pjlib-i386-win32-vc14-release:except.obj
 0003:00006968       _stack_based_factory       00474968     pjlib-i386-win32-vc14-release:pool_buf.obj
 0003:0000698c       _is_initialized            0047498c     pjlib-i386-win32-vc14-release:pool_buf.obj
 0003:00006990       _s_hDLL                    00474990     pjlib-i386-win32-vc14-release:ip_helper_win32.obj
 0003:00006994       _s_pfnGetIpAddrTable       00474994     pjlib-i386-win32-vc14-release:ip_helper_win32.obj
 0003:00006998       _s_pfnGetAdapterAddresses  00474998     pjlib-i386-win32-vc14-release:ip_helper_win32.obj
 0003:0000699c       _s_pfnGetIpForwardTable    0047499c     pjlib-i386-win32-vc14-release:ip_helper_win32.obj
 0003:000069a0       _s_pfnGetIfEntry           004749a0     pjlib-i386-win32-vc14-release:ip_helper_win32.obj
 0003:000069a4       _srtp_log_handler          004749a4     libsrtp-i386-win32-vc14-release:srtp.obj
 0003:000069a8       _srtp_log_handler_data     004749a8     libsrtp-i386-win32-vc14-release:srtp.obj
 0003:000069c0       _srtp_aes_icm_128_test_case_0_nonce 004749c0     libsrtp-i386-win32-vc14-release:aes_icm.obj
 0003:000069d0       _srtp_aes_icm_256_test_case_0_nonce 004749d0     libsrtp-i386-win32-vc14-release:aes_icm.obj
 0003:000069e0       _GS_ExceptionRecord        004749e0     MSVCRT:gs_report.obj
 0003:00006a30       _GS_ContextRecord          00474a30     MSVCRT:gs_report.obj
 0003:00006d0c       ?module_local_atexit_table@@3U_onexit_table_t@@A 00474d0c     MSVCRT:utility.obj
 0003:00006d18       ?module_local_at_quick_exit_table@@3U_onexit_table_t@@A 00474d18     MSVCRT:utility.obj
 0003:00006d24       ?module_local_atexit_table_initialized@@3_NA 00474d24     MSVCRT:utility.obj
 0003:00006d25       ?is_initialized_as_dll@@3_NA 00474d25     MSVCRT:utility.obj
 0004:00000000       _static_const_table        00476000     MSVCRT:_svml_dcos2_sse2_.obj
 0004:00000200       __e02PI                    00476200     MSVCRT:_svml_dtrig_.obj
 0004:000003a0       __e04PI                    004763a0     MSVCRT:_svml_dtrig_.obj
 0004:00000530       _2il0floatpacket_2         00476530     MSVCRT:_svml_dtrig_.obj
 0004:00000540       _2il0floatpacket_9         00476540     MSVCRT:_svml_dtrig_.obj
 0004:00000550       _2il0floatpacket_12        00476550     MSVCRT:_svml_dtrig_.obj
 0004:00000560       __dPI02                    00476560     MSVCRT:_svml_dtrig_.obj
 0004:00000570       __d02PI                    00476570     MSVCRT:_svml_dtrig_.obj
 0004:00000580       __DP4                      00476580     MSVCRT:_svml_dtrig_.obj
 0004:000005a0       __dPI04                    004765a0     MSVCRT:_svml_dtrig_.obj
 0004:000005b0       __d04PI                    004765b0     MSVCRT:_svml_dtrig_.obj
 0004:000005c0       __QP4                      004765c0     MSVCRT:_svml_dtrig_.obj
