 confbench

 Timestamp is 5abcec74 (Thu Mar 29 21:39:00 2018)

 Preferred load address is 0000000140000000

 Start         Length     Name                   Class
 0001:00000000 0003e3d0H .text$mn                CODE
 0001:0003e3d0 000002a0H .text$mn$00             CODE
 0001:0003e670 00000210H .text$x                 CODE
 0002:00000000 00000410H .idata$5                DATA
 0002:00000410 00000020H .00cfg                  DATA
 0002:00000430 00000008H .CRT$XCA                DATA
 0002:00000438 00000008H .CRT$XCAA               DATA
 0002:00000440 00000008H .CRT$XCZ                DATA
 0002:00000448 00000008H .CRT$XIA                DATA
 0002:00000450 00000008H .CRT$XIAA               DATA
 0002:00000458 00000008H .CRT$XIAC               DATA
 0002:00000460 00000020H .CRT$XIC                DATA
 0002:00000480 00000008H .CRT$XIZ                DATA
 0002:00000488 00000008H .CRT$XPA                DATA
 0002:00000490 00000010H .CRT$XPX                DATA
 0002:000004a0 00000008H .CRT$XPXA               DATA
 0002:000004a8 00000008H .CRT$XPZ                DATA
 0002:000004b0 00000008H .CRT$XTA                DATA
 0002:000004b8 00000008H .CRT$XTZ                DATA
 0002:000004c0 00000000H .gfids$y                DATA
 0002:000004c0 00025a40H .rdata                  DATA
 0002:00025f00 00000000H .rdata$r                DATA
 0002:00025f00 00000290H .rdata$zzzdbg           DATA
 0002:00026190 00000008H .rtc$IAA                DATA
 0002:00026198 00000008H .rtc$IZZ                DATA
 0002:000261a0 00000008H .rtc$TAA                DATA
 0002:000261a8 00000008H .rtc$TZZ                DATA
 0002:000261b0 00003e20H .xdata                  DATA
 0002:00029fd0 00000000H .xdata$x                DATA
 0002:00029fd0 00000000H .edata                  DATA
 0002:00029fd0 00000050H .idata$2                DATA
 0002:0002a020 00000018H .idata$3                DATA
 0002:0002a038 00000410H .idata$4                DATA
 0002:0002a448 00000866H .idata$6                DATA
 0003:00000000 00001640H .data                   DATA
 0003:00001640 00000000H .data$r                 DATA
 0003:00001640 00002520H .bss                    DATA
 0004:00000000 000036e4H .pdata                  DATA
 0005:00000000 00000b50H _RDATA                  DATA

  Address         Publics by Value              Rva+Base               Lib:Object

 0000:00000000       __dynamic_value_reloc_table 0000000000000000     <absolute>
 0000:00000000       __guard_iat_count          0000000000000000     <absolute>
 0000:00000000       __hybrid_code_map          0000000000000000     <absolute>
 0000:00000000       __hybrid_code_map_count    0000000000000000     <absolute>
 0000:00000000       __guard_iat_table          0000000000000000     <absolute>
 0000:00000000       __hybrid_auxiliary_iat     0000000000000000     <absolute>
 0000:00000000       __guard_longjmp_table      0000000000000000     <absolute>
 0000:00000000       __guard_longjmp_count      0000000000000000     <absolute>
 0000:00000000       __guard_fids_count         0000000000000000     <absolute>
 0000:00000000       __enclave_config           0000000000000000     <absolute>
 0000:00000000       ___safe_se_handler_table   0000000000000000     <absolute>
 0000:00000000       ___safe_se_handler_count   0000000000000000     <absolute>
 0000:00000000       __guard_fids_table         0000000000000000     <absolute>
 0000:00000100       __guard_flags              0000000000000100     <absolute>
 0000:00000000       __ImageBase                0000000140000000     <linker-defined>
 0001:00000680       main                       0000000140001680 f   confbench.obj
 0001:00000df0       __local_stdio_printf_options 0000000140001df0 f i confbench.obj
 0001:00000e00       printf                     0000000140001e00 f i confbench.obj
 0001:00000e60       pjmedia_aud_subsys_init    0000000140001e60 f   pjmedia-audiodev-x86_64-x64-vc14-release-static:audiodev.obj
 0001:00000f20       pjmedia_aud_subsys_shutdown 0000000140001f20 f   pjmedia-audiodev-x86_64-x64-vc14-release-static:audiodev.obj
 0001:00000f70       _snprintf                  0000000140001f70 f i pjmedia-audiodev-x86_64-x64-vc14-release-static:errno.obj
 0001:00000fd0       pjmedia_audiodev_strerror  0000000140001fd0 f   pjmedia-audiodev-x86_64-x64-vc14-release-static:errno.obj
 0001:000027b0       pjmedia_wmme_factory       00000001400037b0 f   pjmedia-audiodev-x86_64-x64-vc14-release-static:wmme_dev.obj
 0001:00002d90       pjmedia_port_get_frame     0000000140003d90 f   pjmedia-x86_64-x64-vc14-release-static:port.obj
 0001:00002dc0       pjmedia_port_info_init     0000000140003dc0 f   pjmedia-x86_64-x64-vc14-release-static:port.obj
 0001:00002e60       pjmedia_port_put_frame     0000000140003e60 f   pjmedia-x86_64-x64-vc14-release-static:port.obj
 0001:000036c0       pjmedia_conf_add_port      00000001400046c0 f   pjmedia-x86_64-x64-vc14-release-static:conference.obj
 0001:000037f0       pjmedia_conf_connect_port  00000001400047f0 f   pjmedia-x86_64-x64-vc14-release-static:conference.obj
 0001:00003910       pjmedia_conf_create        0000000140004910 f   pjmedia-x86_64-x64-vc14-release-static:conference.obj
 0001:00003b00       pjmedia_conf_destroy       0000000140004b00 f   pjmedia-x86_64-x64-vc14-release-static:conference.obj
 0001:00003bb0       pjmedia_conf_get_master_port 0000000140004bb0 f   pjmedia-x86_64-x64-vc14-release-static:conference.obj
 0001:00004630       pjmedia_endpt_create2      0000000140005630 f   pjmedia-x86_64-x64-vc14-release-static:endpoint.obj
 0001:00004830       sprintf                    0000000140005830 f i pjmedia-x86_64-x64-vc14-release-static:endpoint.obj
 0001:000049c0       pjmedia_master_port_create 00000001400059c0 f   pjmedia-x86_64-x64-vc14-release-static:master_port.obj
 0001:00004be0       pjmedia_master_port_start  0000000140005be0 f   pjmedia-x86_64-x64-vc14-release-static:master_port.obj
 0001:00004ca0       __scrt_initialize_winrt    0000000140005ca0 f   LIBCMT:utility_desktop.obj
 0001:00004ca0       _get_startup_commit_mode   0000000140005ca0 f   LIBCMT:commit_mode.obj
 0001:00004ca0       _get_startup_thread_locale_mode 0000000140005ca0 f   LIBCMT:thread_locale.obj
 0001:00004ca0       echo_supp_destroy          0000000140005ca0 f   pjmedia-x86_64-x64-vc14-release-static:echo_suppress.obj
 0001:00004ca0       _matherr                   0000000140005ca0 f   LIBCMT:matherr.obj
 0001:00004ca0       srtp_ekt_stream_init_from_policy 0000000140005ca0 f   libsrtp-x86_64-x64-vc14-release-static:ekt.obj
 0001:00004ca0       _get_startup_new_mode      0000000140005ca0 f   LIBCMT:new_mode.obj
 0001:00004ca0       pjmedia_wsola_destroy      0000000140005ca0 f   pjmedia-x86_64-x64-vc14-release-static:wsola.obj
 0001:00004cb0       pjmedia_null_port_create   0000000140005cb0 f   pjmedia-x86_64-x64-vc14-release-static:null_port.obj
 0001:00004ec0       pjmedia_aud_dev_default_param 0000000140005ec0 f   pjmedia-x86_64-x64-vc14-release-static:audiodev.obj
 0001:00004f50       pjmedia_aud_dev_get_info   0000000140005f50 f   pjmedia-x86_64-x64-vc14-release-static:audiodev.obj
 0001:00004fb0       pjmedia_aud_driver_deinit  0000000140005fb0 f   pjmedia-x86_64-x64-vc14-release-static:audiodev.obj
 0001:00005020       pjmedia_aud_driver_init    0000000140006020 f   pjmedia-x86_64-x64-vc14-release-static:audiodev.obj
 0001:00005270       pjmedia_aud_stream_create  0000000140006270 f   pjmedia-x86_64-x64-vc14-release-static:audiodev.obj
 0001:00005410       pjmedia_aud_stream_destroy 0000000140006410 f   pjmedia-x86_64-x64-vc14-release-static:audiodev.obj
 0001:00005420       pjmedia_aud_stream_get_cap 0000000140006420 f   pjmedia-x86_64-x64-vc14-release-static:audiodev.obj
 0001:00005430       pjmedia_aud_stream_get_param 0000000140006430 f   pjmedia-x86_64-x64-vc14-release-static:audiodev.obj
 0001:000054f0       pjmedia_aud_stream_set_cap 00000001400064f0 f   pjmedia-x86_64-x64-vc14-release-static:audiodev.obj
 0001:00005500       pjmedia_aud_stream_start   0000000140006500 f   pjmedia-x86_64-x64-vc14-release-static:audiodev.obj
 0001:00005510       pjmedia_aud_stream_stop    0000000140006510 f   pjmedia-x86_64-x64-vc14-release-static:audiodev.obj
 0001:00005520       pjmedia_get_aud_subsys     0000000140006520 f   pjmedia-x86_64-x64-vc14-release-static:audiodev.obj
 0001:00005530       pjmedia_format_get_audio_format_detail 0000000140006530 f   pjmedia-x86_64-x64-vc14-release-static:format.obj
 0001:00005770       pjmedia_delay_buf_create   0000000140006770 f   pjmedia-x86_64-x64-vc14-release-static:delaybuf.obj
 0001:00005930       pjmedia_delay_buf_destroy  0000000140006930 f   pjmedia-x86_64-x64-vc14-release-static:delaybuf.obj
 0001:000059a0       pjmedia_delay_buf_get      00000001400069a0 f   pjmedia-x86_64-x64-vc14-release-static:delaybuf.obj
 0001:00005b20       pjmedia_delay_buf_put      0000000140006b20 f   pjmedia-x86_64-x64-vc14-release-static:delaybuf.obj
 0001:00005e00       pjmedia_resample_create    0000000140006e00 f   pjmedia-x86_64-x64-vc14-release-static:resample_resample.obj
 0001:00006060       pjmedia_resample_run       0000000140007060 f   pjmedia-x86_64-x64-vc14-release-static:resample_resample.obj
 0001:00006250       pjmedia_snd_port_connect   0000000140007250 f   pjmedia-x86_64-x64-vc14-release-static:sound_port.obj
 0001:00006330       pjmedia_snd_port_create    0000000140007330 f   pjmedia-x86_64-x64-vc14-release-static:sound_port.obj
 0001:00006420       pjmedia_snd_port_create2   0000000140007420 f   pjmedia-x86_64-x64-vc14-release-static:sound_port.obj
 0001:00006600       pjmedia_snd_port_create_player 0000000140007600 f   pjmedia-x86_64-x64-vc14-release-static:sound_port.obj
 0001:000066e0       pjmedia_snd_port_destroy   00000001400076e0 f   pjmedia-x86_64-x64-vc14-release-static:sound_port.obj
 0001:00006750       pjmedia_snd_port_get_snd_stream 0000000140007750 f   pjmedia-x86_64-x64-vc14-release-static:sound_port.obj
 0001:00006760       pjmedia_snd_port_set_ec    0000000140007760 f   pjmedia-x86_64-x64-vc14-release-static:sound_port.obj
 0001:00006e40       pjmedia_codec_mgr_destroy  0000000140007e40 f   pjmedia-x86_64-x64-vc14-release-static:codec.obj
 0001:00006ef0       pjmedia_codec_mgr_init     0000000140007ef0 f   pjmedia-x86_64-x64-vc14-release-static:codec.obj
 0001:00006f80       pjmedia_sdp_attr_create    0000000140007f80 f   pjmedia-x86_64-x64-vc14-release-static:sdp.obj
 0001:00007030       pjmedia_sdp_attr_find      0000000140008030 f   pjmedia-x86_64-x64-vc14-release-static:sdp.obj
 0001:000070e0       pjmedia_sdp_media_deactivate 00000001400080e0 f   pjmedia-x86_64-x64-vc14-release-static:sdp.obj
 0001:00007100       pjmedia_sdp_media_find_attr 0000000140008100 f   pjmedia-x86_64-x64-vc14-release-static:sdp.obj
 0001:00007130       pjmedia_strerror           0000000140008130 f   pjmedia-x86_64-x64-vc14-release-static:errno.obj
 0001:000073b0       pjmedia_clock_create       00000001400083b0 f   pjmedia-x86_64-x64-vc14-release-static:clock_thread.obj
 0001:00007530       pjmedia_clock_src_init     0000000140008530 f   pjmedia-x86_64-x64-vc14-release-static:clock_thread.obj
 0001:00007570       pjmedia_clock_src_update   0000000140008570 f   pjmedia-x86_64-x64-vc14-release-static:clock_thread.obj
 0001:000075b0       pjmedia_clock_start        00000001400085b0 f   pjmedia-x86_64-x64-vc14-release-static:clock_thread.obj
 0001:000083b0       pjmedia_wsola_create       00000001400093b0 f   pjmedia-x86_64-x64-vc14-release-static:wsola.obj
 0001:000085d0       pjmedia_wsola_discard      00000001400095d0 f   pjmedia-x86_64-x64-vc14-release-static:wsola.obj
 0001:00008840       pjmedia_wsola_generate     0000000140009840 f   pjmedia-x86_64-x64-vc14-release-static:wsola.obj
 0001:00008920       pjmedia_wsola_save         0000000140009920 f   pjmedia-x86_64-x64-vc14-release-static:wsola.obj
 0001:00008de0       pjmedia_echo_capture       0000000140009de0 f   pjmedia-x86_64-x64-vc14-release-static:echo_common.obj
 0001:00008ef0       pjmedia_echo_create2       0000000140009ef0 f   pjmedia-x86_64-x64-vc14-release-static:echo_common.obj
 0001:00009150       pjmedia_echo_destroy       000000014000a150 f   pjmedia-x86_64-x64-vc14-release-static:echo_common.obj
 0001:00009190       pjmedia_echo_playback      000000014000a190 f   pjmedia-x86_64-x64-vc14-release-static:echo_common.obj
 0001:0000b210       get_libsrtp_errstr         000000014000c210 f   pjmedia-x86_64-x64-vc14-release-static:transport_srtp.obj
 0001:0000b530       pjmedia_transport_srtp_start 000000014000c530 f   pjmedia-x86_64-x64-vc14-release-static:transport_srtp.obj
 0001:0000bae0       pjmedia_transport_srtp_stop 000000014000cae0 f   pjmedia-x86_64-x64-vc14-release-static:transport_srtp.obj
 0001:0000bfc0       echo_supp_cancel_echo      000000014000cfc0 f   pjmedia-x86_64-x64-vc14-release-static:echo_suppress.obj
 0001:0000c3b0       echo_supp_create           000000014000d3b0 f   pjmedia-x86_64-x64-vc14-release-static:echo_suppress.obj
 0001:0000c5a0       echo_supp_reset            000000014000d5a0 f   pjmedia-x86_64-x64-vc14-release-static:echo_suppress.obj
 0001:0000cd00       speex_aec_cancel_echo      000000014000dd00 f   pjmedia-x86_64-x64-vc14-release-static:echo_speex.obj
 0001:0000cd80       speex_aec_capture          000000014000dd80 f   pjmedia-x86_64-x64-vc14-release-static:echo_speex.obj
 0001:0000cdf0       speex_aec_create           000000014000ddf0 f   pjmedia-x86_64-x64-vc14-release-static:echo_speex.obj
 0001:0000cf50       speex_aec_destroy          000000014000df50 f   pjmedia-x86_64-x64-vc14-release-static:echo_speex.obj
 0001:0000cfa0       speex_aec_playback         000000014000dfa0 f   pjmedia-x86_64-x64-vc14-release-static:echo_speex.obj
 0001:0000cfd0       speex_aec_reset            000000014000dfd0 f   pjmedia-x86_64-x64-vc14-release-static:echo_speex.obj
 0001:0000cfe0       pjmedia_calc_avg_signal    000000014000dfe0 f   pjmedia-x86_64-x64-vc14-release-static:silencedet.obj
 0001:0000d030       pj_base64_decode           000000014000e030 f   pjlib-util-x86_64-x64-vc14-release-static:base64.obj
 0001:0000d210       pj_base64_encode           000000014000e210 f   pjlib-util-x86_64-x64-vc14-release-static:base64.obj
 0001:0000d460       pj_atexit                  000000014000e460 f   pjlib-x86_64-x64-vc14-release-static:os_core_win32.obj
 0001:0000d490       pj_atomic_dec_and_get      000000014000e490 f   pjlib-x86_64-x64-vc14-release-static:os_core_win32.obj
 0001:0000d500       pj_atomic_destroy          000000014000e500 f   pjlib-x86_64-x64-vc14-release-static:os_core_win32.obj
 0001:0000d510       pj_atomic_inc              000000014000e510 f   pjlib-x86_64-x64-vc14-release-static:os_core_win32.obj
 0001:0000d570       pj_enter_critical_section  000000014000e570 f   pjlib-x86_64-x64-vc14-release-static:os_core_win32.obj
 0001:0000d5e0       pj_init                    000000014000e5e0 f   pjlib-x86_64-x64-vc14-release-static:os_core_win32.obj
 0001:0000d8f0       pj_leave_critical_section  000000014000e8f0 f   pjlib-x86_64-x64-vc14-release-static:os_core_win32.obj
 0001:0000d960       pj_mutex_create            000000014000e960 f   pjlib-x86_64-x64-vc14-release-static:os_core_win32.obj
 0001:0000d9e0       pj_mutex_create_recursive  000000014000e9e0 f   pjlib-x86_64-x64-vc14-release-static:os_core_win32.obj
 0001:0000d9f0       pj_mutex_create_simple     000000014000e9f0 f   pjlib-x86_64-x64-vc14-release-static:os_core_win32.obj
 0001:0000da00       pj_mutex_destroy           000000014000ea00 f   pjlib-x86_64-x64-vc14-release-static:os_core_win32.obj
 0001:0000da80       pj_mutex_lock              000000014000ea80 f   pjlib-x86_64-x64-vc14-release-static:os_core_win32.obj
 0001:0000db00       pj_mutex_trylock           000000014000eb00 f   pjlib-x86_64-x64-vc14-release-static:os_core_win32.obj
 0001:0000db90       pj_mutex_unlock            000000014000eb90 f   pjlib-x86_64-x64-vc14-release-static:os_core_win32.obj
 0001:0000dc10       pj_sem_destroy             000000014000ec10 f   pjlib-x86_64-x64-vc14-release-static:os_core_win32.obj
 0001:0000dcc0       pj_sem_post                000000014000ecc0 f   pjlib-x86_64-x64-vc14-release-static:os_core_win32.obj
 0001:0000dd80       pj_sem_trywait             000000014000ed80 f   pjlib-x86_64-x64-vc14-release-static:os_core_win32.obj
 0001:0000de00       pj_sem_wait                000000014000ee00 f   pjlib-x86_64-x64-vc14-release-static:os_core_win32.obj
 0001:0000df70       pj_term_set_color          000000014000ef70 f   pjlib-x86_64-x64-vc14-release-static:os_core_win32.obj
 0001:0000e060       pj_thread_check_stack      000000014000f060 f   pjlib-x86_64-x64-vc14-release-static:os_core_win32.obj
 0001:0000e0c0       pj_thread_create           000000014000f0c0 f   pjlib-x86_64-x64-vc14-release-static:os_core_win32.obj
 0001:0000e280       pj_thread_destroy          000000014000f280 f   pjlib-x86_64-x64-vc14-release-static:os_core_win32.obj
 0001:0000e330       pj_thread_get_name         000000014000f330 f   pjlib-x86_64-x64-vc14-release-static:os_core_win32.obj
 0001:0000e3a0       pj_thread_get_prio_max     000000014000f3a0 f   pjlib-x86_64-x64-vc14-release-static:os_core_win32.obj
 0001:0000e3b0       pj_thread_join             000000014000f3b0 f   pjlib-x86_64-x64-vc14-release-static:os_core_win32.obj
 0001:0000e4b0       pj_thread_local_alloc      000000014000f4b0 f   pjlib-x86_64-x64-vc14-release-static:os_core_win32.obj
 0001:0000e520       pj_thread_local_free       000000014000f520 f   pjlib-x86_64-x64-vc14-release-static:os_core_win32.obj
 0001:0000e580       pj_thread_local_get        000000014000f580 f   pjlib-x86_64-x64-vc14-release-static:os_core_win32.obj
 0001:0000e590       pj_thread_local_set        000000014000f590 f   pjlib-x86_64-x64-vc14-release-static:os_core_win32.obj
 0001:0000e5e0       pj_thread_set_prio         000000014000f5e0 f   pjlib-x86_64-x64-vc14-release-static:os_core_win32.obj
 0001:0000e640       pj_thread_sleep            000000014000f640 f   pjlib-x86_64-x64-vc14-release-static:os_core_win32.obj
 0001:0000e6b0       pj_thread_this             000000014000f6b0 f   pjlib-x86_64-x64-vc14-release-static:os_core_win32.obj
 0001:0000e750       pj_str                     000000014000f750 f   pjlib-x86_64-x64-vc14-release-static:string.obj
 0001:0000e780       pj_strcmp                  000000014000f780 f   pjlib-x86_64-x64-vc14-release-static:string.obj
 0001:0000e800       pj_strdup                  000000014000f800 f   pjlib-x86_64-x64-vc14-release-static:string.obj
 0001:0000e850       pj_strdup2                 000000014000f850 f   pjlib-x86_64-x64-vc14-release-static:string.obj
 0001:0000e8d0       pj_strdup2_with_null       000000014000f8d0 f   pjlib-x86_64-x64-vc14-release-static:string.obj
 0001:0000e940       pj_strdup_with_null        000000014000f940 f   pjlib-x86_64-x64-vc14-release-static:string.obj
 0001:0000e9a0       pj_stricmp                 000000014000f9a0 f   pjlib-x86_64-x64-vc14-release-static:string.obj
 0001:0000ea30       pj_stricmp2                000000014000fa30 f   pjlib-x86_64-x64-vc14-release-static:string.obj
 0001:0000eae0       pj_strncpy_with_null       000000014000fae0 f   pjlib-x86_64-x64-vc14-release-static:string.obj
 0001:0000eb30       pj_strtok                  000000014000fb30 f   pjlib-x86_64-x64-vc14-release-static:string.obj
 0001:0000ec40       pj_strtoul                 000000014000fc40 f   pjlib-x86_64-x64-vc14-release-static:string.obj
 0001:0000ece0       pj_strtoul2                000000014000fce0 f   pjlib-x86_64-x64-vc14-release-static:string.obj
 0001:0000edd0       pj_utoa                    000000014000fdd0 f   pjlib-x86_64-x64-vc14-release-static:string.obj
 0001:0000ee80       pj_utoa_pad                000000014000fe80 f   pjlib-x86_64-x64-vc14-release-static:string.obj
 0001:0000ef40       pj_register_strerror       000000014000ff40 f   pjlib-x86_64-x64-vc14-release-static:errno.obj
 0001:0000f060       pj_strerror                0000000140010060 f   pjlib-x86_64-x64-vc14-release-static:errno.obj
 0001:0000f1e0       pj_pool_alloc              00000001400101e0 f   pjlib-x86_64-x64-vc14-release-static:pool.obj
 0001:0000f3a0       pj_pool_calloc             00000001400103a0 f   pjlib-x86_64-x64-vc14-release-static:pool.obj
 0001:0000f3e0       pj_pool_create             00000001400103e0 f   pjlib-x86_64-x64-vc14-release-static:pool.obj
 0001:0000f3f0       pj_pool_create_int         00000001400103f0 f   pjlib-x86_64-x64-vc14-release-static:pool.obj
 0001:0000f530       pj_pool_destroy_int        0000000140010530 f   pjlib-x86_64-x64-vc14-release-static:pool.obj
 0001:0000f570       pj_pool_get_capacity       0000000140010570 f   pjlib-x86_64-x64-vc14-release-static:pool.obj
 0001:0000f580       pj_pool_get_used_size      0000000140010580 f   pjlib-x86_64-x64-vc14-release-static:pool.obj
 0001:0000f5c0       pj_pool_getobjname         00000001400105c0 f   pjlib-x86_64-x64-vc14-release-static:pool.obj
 0001:0000f5d0       pj_pool_init_int           00000001400105d0 f   pjlib-x86_64-x64-vc14-release-static:pool.obj
 0001:0000f670       pj_pool_release            0000000140010670 f   pjlib-x86_64-x64-vc14-release-static:pool.obj
 0001:0000f690       pj_pool_reset              0000000140010690 f   pjlib-x86_64-x64-vc14-release-static:pool.obj
 0001:0000fba0       pj_caching_pool_init       0000000140010ba0 f   pjlib-x86_64-x64-vc14-release-static:pool_caching.obj
 0001:0000fda0       pj_log                     0000000140010da0 f   pjlib-x86_64-x64-vc14-release-static:log.obj
 0001:000103d0       pj_log_1                   00000001400113d0 f   pjlib-x86_64-x64-vc14-release-static:log.obj
 0001:00010400       pj_log_2                   0000000140011400 f   pjlib-x86_64-x64-vc14-release-static:log.obj
 0001:00010430       pj_log_3                   0000000140011430 f   pjlib-x86_64-x64-vc14-release-static:log.obj
 0001:00010460       pj_log_4                   0000000140011460 f   pjlib-x86_64-x64-vc14-release-static:log.obj
 0001:00010490       pj_log_5                   0000000140011490 f   pjlib-x86_64-x64-vc14-release-static:log.obj
 0001:000104c0       pj_log_get_color           00000001400114c0 f   pjlib-x86_64-x64-vc14-release-static:log.obj
 0001:00010530       pj_log_get_decor           0000000140011530 f   pjlib-x86_64-x64-vc14-release-static:log.obj
 0001:00010540       pj_log_get_level           0000000140011540 f   pjlib-x86_64-x64-vc14-release-static:log.obj
 0001:00010550       pj_log_init                0000000140011550 f   pjlib-x86_64-x64-vc14-release-static:log.obj
 0001:000105c0       pj_log_set_level           00000001400115c0 f   pjlib-x86_64-x64-vc14-release-static:log.obj
 0001:000106e0       pj_get_netos_error         00000001400116e0 f   pjlib-x86_64-x64-vc14-release-static:os_error_win32.obj
 0001:00010710       pj_get_os_error            0000000140011710 f   pjlib-x86_64-x64-vc14-release-static:os_error_win32.obj
 0001:00010740       platform_strerror          0000000140011740 f   pjlib-x86_64-x64-vc14-release-static:os_error_win32.obj
 0001:00010870       pj_array_erase             0000000140011870 f   pjlib-x86_64-x64-vc14-release-static:array.obj
 0001:000108b0       pj_gettimeofday            00000001400118b0 f   pjlib-x86_64-x64-vc14-release-static:os_time_win32.obj
 0001:000109c0       pj_time_decode             00000001400119c0 f   pjlib-x86_64-x64-vc14-release-static:os_time_win32.obj
 0001:00010a70       pj_list_erase              0000000140011a70 f   pjlib-x86_64-x64-vc14-release-static:list.obj
 0001:00010a90       pj_list_insert_after       0000000140011a90 f   pjlib-x86_64-x64-vc14-release-static:list.obj
 0001:00010ab0       pj_list_insert_before      0000000140011ab0 f   pjlib-x86_64-x64-vc14-release-static:list.obj
 0001:00010bc0       ioqueue_dispatch_exception_event 0000000140011bc0 f   pjlib-x86_64-x64-vc14-release-static:ioqueue_select.obj
 0001:00010d20       ioqueue_dispatch_read_event 0000000140011d20 f   pjlib-x86_64-x64-vc14-release-static:ioqueue_select.obj
 0001:00010fb0       ioqueue_dispatch_write_event 0000000140011fb0 f   pjlib-x86_64-x64-vc14-release-static:ioqueue_select.obj
 0001:000112e0       pj_ioqueue_create          00000001400122e0 f   pjlib-x86_64-x64-vc14-release-static:ioqueue_select.obj
 0001:000114f0       pj_ioqueue_destroy         00000001400124f0 f   pjlib-x86_64-x64-vc14-release-static:ioqueue_select.obj
 0001:000115d0       pj_ioqueue_poll            00000001400125d0 f   pjlib-x86_64-x64-vc14-release-static:ioqueue_select.obj
 0001:00011b00       pj_ntohl                   0000000140012b00 f   pjlib-x86_64-x64-vc14-release-static:sock_bsd.obj
 0001:00011b10       pj_ntohs                   0000000140012b10 f   pjlib-x86_64-x64-vc14-release-static:sock_bsd.obj
 0001:00011b20       pj_sock_accept             0000000140012b20 f   pjlib-x86_64-x64-vc14-release-static:sock_bsd.obj
 0001:00011bc0       pj_sock_getsockname        0000000140012bc0 f   pjlib-x86_64-x64-vc14-release-static:sock_bsd.obj
 0001:00011c60       pj_sock_getsockopt         0000000140012c60 f   pjlib-x86_64-x64-vc14-release-static:sock_bsd.obj
 0001:00011d10       pj_sock_recv               0000000140012d10 f   pjlib-x86_64-x64-vc14-release-static:sock_bsd.obj
 0001:00011db0       pj_sock_recvfrom           0000000140012db0 f   pjlib-x86_64-x64-vc14-release-static:sock_bsd.obj
 0001:00011e70       pj_sock_send               0000000140012e70 f   pjlib-x86_64-x64-vc14-release-static:sock_bsd.obj
 0001:00011f10       pj_sock_sendto             0000000140012f10 f   pjlib-x86_64-x64-vc14-release-static:sock_bsd.obj
 0001:000122a0       pj_grp_lock_add_ref        00000001400132a0 f   pjlib-x86_64-x64-vc14-release-static:lock.obj
 0001:000122c0       pj_grp_lock_dec_ref        00000001400132c0 f   pjlib-x86_64-x64-vc14-release-static:lock.obj
 0001:00012300       pj_grp_lock_release        0000000140013300 f   pjlib-x86_64-x64-vc14-release-static:lock.obj
 0001:00012310       pj_grp_lock_tryacquire     0000000140013310 f   pjlib-x86_64-x64-vc14-release-static:lock.obj
 0001:00012320       pj_lock_acquire            0000000140013320 f   pjlib-x86_64-x64-vc14-release-static:lock.obj
 0001:00012340       pj_lock_create_null_mutex  0000000140013340 f   pjlib-x86_64-x64-vc14-release-static:lock.obj
 0001:00012360       pj_lock_create_recursive_mutex 0000000140013360 f   pjlib-x86_64-x64-vc14-release-static:lock.obj
 0001:00012370       pj_lock_create_simple_mutex 0000000140013370 f   pjlib-x86_64-x64-vc14-release-static:lock.obj
 0001:00012380       pj_lock_destroy            0000000140013380 f   pjlib-x86_64-x64-vc14-release-static:lock.obj
 0001:000123a0       pj_lock_release            00000001400133a0 f   pjlib-x86_64-x64-vc14-release-static:lock.obj
 0001:000123c0       pj_lock_tryacquire         00000001400133c0 f   pjlib-x86_64-x64-vc14-release-static:lock.obj
 0001:000123e0       pj_exception_id_alloc      00000001400133e0 f   pjlib-x86_64-x64-vc14-release-static:except.obj
 0001:00012450       pj_pop_exception_handler_  0000000140013450 f   pjlib-x86_64-x64-vc14-release-static:except.obj
 0001:00012490       pj_throw_exception_        0000000140013490 f   pjlib-x86_64-x64-vc14-release-static:except.obj
 0001:00012530       pj_get_timestamp           0000000140013530 f   pjlib-x86_64-x64-vc14-release-static:os_timestamp_win32.obj
 0001:00012590       pj_get_timestamp_freq      0000000140013590 f   pjlib-x86_64-x64-vc14-release-static:os_timestamp_win32.obj
 0001:000125f0       pj_elapsed_msec            00000001400135f0 f   pjlib-x86_64-x64-vc14-release-static:os_timestamp_common.obj
 0001:00012660       pj_gettickcount            0000000140013660 f   pjlib-x86_64-x64-vc14-release-static:os_timestamp_common.obj
 0001:00012720       pj_rand                    0000000140013720 f   pjlib-x86_64-x64-vc14-release-static:rand.obj
 0001:00012970       pj_generate_unique_string  0000000140013970 f   pjlib-x86_64-x64-vc14-release-static:guid_win32.obj
 0001:000129d0       pj_pool_create_on_buf      00000001400139d0 f   pjlib-x86_64-x64-vc14-release-static:pool_buf.obj
 0001:00012b40       pj_log_write               0000000140013b40 f   pjlib-x86_64-x64-vc14-release-static:log_writer_stdout.obj
 0001:00012bc0       pj_time_val_normalize      0000000140013bc0 f   pjlib-x86_64-x64-vc14-release-static:types.obj
 0001:00012c70       PJ_FD_CLR                  0000000140013c70 f   pjlib-x86_64-x64-vc14-release-static:sock_select.obj
 0001:00012d30       srtp_rdbx_get_packet_index 0000000140013d30 f   libsrtp-x86_64-x64-vc14-release-static:rdbx.obj
 0001:00012d30       PJ_FD_COUNT                0000000140013d30 f   pjlib-x86_64-x64-vc14-release-static:sock_select.obj
 0001:00012d40       PJ_FD_ISSET                0000000140013d40 f   pjlib-x86_64-x64-vc14-release-static:sock_select.obj
 0001:00012d80       PJ_FD_ZERO                 0000000140013d80 f   pjlib-x86_64-x64-vc14-release-static:sock_select.obj
 0001:00012db0       pj_sock_select             0000000140013db0 f   pjlib-x86_64-x64-vc14-release-static:sock_select.obj
 0001:00012e50       res_GetXOFF                0000000140013e50 f   libresample-x86_64-x64-vc14-release-static:resamplesubs.obj
 0001:00012ea0       res_Resample               0000000140013ea0 f   libresample-x86_64-x64-vc14-release-static:resamplesubs.obj
 0001:00013950       res_SrcLinear              0000000140014950 f   libresample-x86_64-x64-vc14-release-static:resamplesubs.obj
 0001:00014140       speex_echo_cancellation    0000000140015140 f   libspeex-x86_64-x64-vc14-release-static:mdf.obj
 0001:000159f0       speex_echo_capture         00000001400169f0 f   libspeex-x86_64-x64-vc14-release-static:mdf.obj
 0001:00015b10       speex_echo_ctl             0000000140016b10 f   libspeex-x86_64-x64-vc14-release-static:mdf.obj
 0001:00015c10       speex_echo_get_residual    0000000140016c10 f   libspeex-x86_64-x64-vc14-release-static:mdf.obj
 0001:00015f10       speex_echo_playback        0000000140016f10 f   libspeex-x86_64-x64-vc14-release-static:mdf.obj
 0001:00016050       speex_echo_state_destroy   0000000140017050 f   libspeex-x86_64-x64-vc14-release-static:mdf.obj
 0001:00016160       speex_echo_state_init      0000000140017160 f   libspeex-x86_64-x64-vc14-release-static:mdf.obj
 0001:00016740       speex_echo_state_reset     0000000140017740 f   libspeex-x86_64-x64-vc14-release-static:mdf.obj
 0001:00017a10       speex_preprocess_ctl       0000000140018a10 f   libspeex-x86_64-x64-vc14-release-static:preprocess.obj
 0001:000180f0       speex_preprocess_run       00000001400190f0 f   libspeex-x86_64-x64-vc14-release-static:preprocess.obj
 0001:0001a000       speex_preprocess_state_destroy 000000014001b000 f   libspeex-x86_64-x64-vc14-release-static:preprocess.obj
 0001:0001a130       speex_preprocess_state_init 000000014001b130 f   libspeex-x86_64-x64-vc14-release-static:preprocess.obj
 0001:0001b440       spx_fft                    000000014001c440 f   libspeex-x86_64-x64-vc14-release-static:fftwrap.obj
 0001:0001b520       spx_fft_destroy            000000014001c520 f   libspeex-x86_64-x64-vc14-release-static:fftwrap.obj
 0001:0001b540       spx_fft_init               000000014001c540 f   libspeex-x86_64-x64-vc14-release-static:fftwrap.obj
 0001:0001b580       spx_ifft                   000000014001c580 f   libspeex-x86_64-x64-vc14-release-static:fftwrap.obj
 0001:0001b600       filterbank_compute_bank32  000000014001c600 f   libspeex-x86_64-x64-vc14-release-static:filterbank.obj
 0001:0001b6a0       filterbank_compute_psd16   000000014001c6a0 f   libspeex-x86_64-x64-vc14-release-static:filterbank.obj
 0001:0001b700       filterbank_destroy         000000014001c700 f   libspeex-x86_64-x64-vc14-release-static:filterbank.obj
 0001:0001b750       filterbank_new             000000014001c750 f   libspeex-x86_64-x64-vc14-release-static:filterbank.obj
 0001:000216b0       spx_drft_backward          00000001400226b0 f   libspeex-x86_64-x64-vc14-release-static:smallft.obj
 0001:000216e0       spx_drft_clear             00000001400226e0 f   libspeex-x86_64-x64-vc14-release-static:smallft.obj
 0001:00021710       spx_drft_forward           0000000140022710 f   libspeex-x86_64-x64-vc14-release-static:smallft.obj
 0001:00021740       spx_drft_init              0000000140022740 f   libspeex-x86_64-x64-vc14-release-static:smallft.obj
 0001:000217a0       __local_stdio_scanf_options 00000001400227a0 f i libsrtp-x86_64-x64-vc14-release-static:srtp.obj
 0001:000217f0       srtp_add_stream            00000001400227f0 f   libsrtp-x86_64-x64-vc14-release-static:srtp.obj
 0001:00021b80       srtp_create                0000000140022b80 f   libsrtp-x86_64-x64-vc14-release-static:srtp.obj
 0001:00021c40       srtp_crypto_policy_set_aes_cm_256_hmac_sha1_32 0000000140022c40 f   libsrtp-x86_64-x64-vc14-release-static:srtp.obj
 0001:00021c70       srtp_crypto_policy_set_aes_cm_256_hmac_sha1_80 0000000140022c70 f   libsrtp-x86_64-x64-vc14-release-static:srtp.obj
 0001:00021ca0       srtp_dealloc               0000000140022ca0 f   libsrtp-x86_64-x64-vc14-release-static:srtp.obj
 0001:00021ec0       srtp_event_reporter        0000000140022ec0 f   libsrtp-x86_64-x64-vc14-release-static:srtp.obj
 0001:00022050       srtp_get_session_keys      0000000140023050 f   libsrtp-x86_64-x64-vc14-release-static:srtp.obj
 0001:00022130       srtp_inject_mki            0000000140023130 f   libsrtp-x86_64-x64-vc14-release-static:srtp.obj
 0001:000224d0       srtp_protect               00000001400234d0 f   libsrtp-x86_64-x64-vc14-release-static:srtp.obj
 0001:000227e0       srtp_protect_mki           00000001400237e0 f   libsrtp-x86_64-x64-vc14-release-static:srtp.obj
 0001:00022d20       srtp_protect_rtcp          0000000140023d20 f   libsrtp-x86_64-x64-vc14-release-static:srtp.obj
 0001:00022f30       srtp_protect_rtcp_mki      0000000140023f30 f   libsrtp-x86_64-x64-vc14-release-static:srtp.obj
 0001:000232c0       srtp_stream_alloc          00000001400242c0 f   libsrtp-x86_64-x64-vc14-release-static:srtp.obj
 0001:00023540       srtp_stream_clone          0000000140024540 f   libsrtp-x86_64-x64-vc14-release-static:srtp.obj
 0001:00023780       srtp_stream_dealloc        0000000140024780 f   libsrtp-x86_64-x64-vc14-release-static:srtp.obj
 0001:00023a30       srtp_stream_init           0000000140024a30 f   libsrtp-x86_64-x64-vc14-release-static:srtp.obj
 0001:00023bc0       srtp_stream_init_keys      0000000140024bc0 f   libsrtp-x86_64-x64-vc14-release-static:srtp.obj
 0001:00024580       srtp_unprotect             0000000140025580 f   libsrtp-x86_64-x64-vc14-release-static:srtp.obj
 0001:00024890       srtp_unprotect_mki         0000000140025890 f   libsrtp-x86_64-x64-vc14-release-static:srtp.obj
 0001:00024ea0       srtp_unprotect_rtcp        0000000140025ea0 f   libsrtp-x86_64-x64-vc14-release-static:srtp.obj
 0001:00025110       srtp_unprotect_rtcp_mki    0000000140026110 f   libsrtp-x86_64-x64-vc14-release-static:srtp.obj
 0001:00025640       srtp_crypto_alloc          0000000140026640 f   libsrtp-x86_64-x64-vc14-release-static:alloc.obj
 0001:000256b0       srtp_crypto_free           00000001400266b0 f   libsrtp-x86_64-x64-vc14-release-static:alloc.obj
 0001:000256f0       bitvector_alloc            00000001400266f0 f   libsrtp-x86_64-x64-vc14-release-static:datatypes.obj
 0001:00025760       bitvector_dealloc          0000000140026760 f   libsrtp-x86_64-x64-vc14-release-static:datatypes.obj
 0001:00025790       bitvector_left_shift       0000000140026790 f   libsrtp-x86_64-x64-vc14-release-static:datatypes.obj
 0001:00025970       bitvector_set_to_zero      0000000140026970 f   libsrtp-x86_64-x64-vc14-release-static:datatypes.obj
 0001:00025990       octet_string_is_eq         0000000140026990 f   libsrtp-x86_64-x64-vc14-release-static:datatypes.obj
 0001:00025a90       octet_string_set_to_zero   0000000140026a90 f   libsrtp-x86_64-x64-vc14-release-static:datatypes.obj
 0001:00025ab0       srtp_octet_string_hex_string 0000000140026ab0 f   libsrtp-x86_64-x64-vc14-release-static:datatypes.obj
 0001:00025b70       v128_copy_octet_string     0000000140026b70 f   libsrtp-x86_64-x64-vc14-release-static:datatypes.obj
 0001:00025be0       v128_hex_string            0000000140026be0 f   libsrtp-x86_64-x64-vc14-release-static:datatypes.obj
 0001:00025dc0       v128_left_shift            0000000140026dc0 f   libsrtp-x86_64-x64-vc14-release-static:datatypes.obj
 0001:00025ef0       srtp_err_report            0000000140026ef0 f   libsrtp-x86_64-x64-vc14-release-static:srtp_err.obj
 0001:00025f30       srtp_rdbx_add_index        0000000140026f30 f   libsrtp-x86_64-x64-vc14-release-static:rdbx.obj
 0001:00025fc0       srtp_rdbx_check            0000000140026fc0 f   libsrtp-x86_64-x64-vc14-release-static:rdbx.obj
 0001:00026000       srtp_rdbx_dealloc          0000000140027000 f   libsrtp-x86_64-x64-vc14-release-static:rdbx.obj
 0001:00026020       srtp_rdbx_estimate_index   0000000140027020 f   libsrtp-x86_64-x64-vc14-release-static:rdbx.obj
 0001:000260d0       srtp_rdbx_get_window_size  00000001400270d0 f   libsrtp-x86_64-x64-vc14-release-static:rdbx.obj
 0001:000260e0       srtp_rdbx_init             00000001400270e0 f   libsrtp-x86_64-x64-vc14-release-static:rdbx.obj
 0001:00026120       srtp_rdbx_set_roc          0000000140027120 f   libsrtp-x86_64-x64-vc14-release-static:rdbx.obj
 0001:00026180       srtp_rdbx_set_roc_seq      0000000140027180 f   libsrtp-x86_64-x64-vc14-release-static:rdbx.obj
 0001:000261c0       srtp_rdb_add_index         00000001400271c0 f   libsrtp-x86_64-x64-vc14-release-static:rdb.obj
 0001:00026230       srtp_rdb_check             0000000140027230 f   libsrtp-x86_64-x64-vc14-release-static:rdb.obj
 0001:00026270       srtp_rdb_get_value         0000000140027270 f   libsrtp-x86_64-x64-vc14-release-static:rdb.obj
 0001:00026280       srtp_rdb_increment         0000000140027280 f   libsrtp-x86_64-x64-vc14-release-static:rdb.obj
 0001:000262a0       srtp_rdb_init              00000001400272a0 f   libsrtp-x86_64-x64-vc14-release-static:rdb.obj
 0001:000262b0       srtp_cipher_dealloc        00000001400272b0 f   libsrtp-x86_64-x64-vc14-release-static:cipher.obj
 0001:000262d0       srtp_cipher_decrypt        00000001400272d0 f   libsrtp-x86_64-x64-vc14-release-static:cipher.obj
 0001:000262f0       srtp_cipher_encrypt        00000001400272f0 f   libsrtp-x86_64-x64-vc14-release-static:cipher.obj
 0001:00026310       srtp_cipher_get_key_length 0000000140027310 f   libsrtp-x86_64-x64-vc14-release-static:cipher.obj
 0001:00026310       srtp_auth_get_tag_length   0000000140027310 f   libsrtp-x86_64-x64-vc14-release-static:auth.obj
 0001:00026320       srtp_cipher_get_tag        0000000140027320 f   libsrtp-x86_64-x64-vc14-release-static:cipher.obj
 0001:00026350       srtp_cipher_init           0000000140027350 f   libsrtp-x86_64-x64-vc14-release-static:cipher.obj
 0001:00026370       srtp_cipher_output         0000000140027370 f   libsrtp-x86_64-x64-vc14-release-static:cipher.obj
 0001:000263c0       srtp_cipher_set_aad        00000001400273c0 f   libsrtp-x86_64-x64-vc14-release-static:cipher.obj
 0001:000263f0       srtp_cipher_set_iv         00000001400273f0 f   libsrtp-x86_64-x64-vc14-release-static:cipher.obj
 0001:00026410       srtp_auth_get_key_length   0000000140027410 f   libsrtp-x86_64-x64-vc14-release-static:auth.obj
 0001:00026420       srtp_auth_get_prefix_length 0000000140027420 f   libsrtp-x86_64-x64-vc14-release-static:auth.obj
 0001:00026430       srtp_key_limit_clone       0000000140027430 f   libsrtp-x86_64-x64-vc14-release-static:key.obj
 0001:00026450       srtp_key_limit_set         0000000140027450 f   libsrtp-x86_64-x64-vc14-release-static:key.obj
 0001:00026470       srtp_key_limit_update      0000000140027470 f   libsrtp-x86_64-x64-vc14-release-static:key.obj
 0001:000264b0       srtp_crypto_kernel_alloc_auth 00000001400274b0 f   libsrtp-x86_64-x64-vc14-release-static:crypto_kernel.obj
 0001:00026510       srtp_crypto_kernel_alloc_cipher 0000000140027510 f   libsrtp-x86_64-x64-vc14-release-static:crypto_kernel.obj
 0001:00026570       srtp_ekt_alloc             0000000140027570 f   libsrtp-x86_64-x64-vc14-release-static:ekt.obj
 0001:00026580       srtp_ekt_octets_after_base_tag 0000000140027580 f   libsrtp-x86_64-x64-vc14-release-static:ekt.obj
 0001:000265a0       srtp_ekt_write_data        00000001400275a0 f   libsrtp-x86_64-x64-vc14-release-static:ekt.obj
 0001:00026750       srtp_stream_init_from_ekt  0000000140027750 f   libsrtp-x86_64-x64-vc14-release-static:ekt.obj
 0001:00027af0       srtp_aes_decrypt           0000000140028af0 f   libsrtp-x86_64-x64-vc14-release-static:aes.obj
 0001:00027c40       srtp_aes_encrypt           0000000140028c40 f   libsrtp-x86_64-x64-vc14-release-static:aes.obj
 0001:00027d90       srtp_aes_expand_decryption_key 0000000140028d90 f   libsrtp-x86_64-x64-vc14-release-static:aes.obj
 0001:00027fc0       srtp_aes_expand_encryption_key 0000000140028fc0 f   libsrtp-x86_64-x64-vc14-release-static:aes.obj
 0001:000281d0       srtp_sha1_core             00000001400291d0 f   libsrtp-x86_64-x64-vc14-release-static:sha1.obj
 0001:000286e0       srtp_sha1_final            00000001400296e0 f   libsrtp-x86_64-x64-vc14-release-static:sha1.obj
 0001:00028d10       srtp_sha1_init             0000000140029d10 f   libsrtp-x86_64-x64-vc14-release-static:sha1.obj
 0001:00028d40       srtp_sha1_update           0000000140029d40 f   libsrtp-x86_64-x64-vc14-release-static:sha1.obj
 0001:00028e5e       __WSAFDIsSet               0000000140029e5e f   ws2_32:WS2_32.dll
 0001:00028e64       __GSHandlerCheck           0000000140029e64 f   LIBCMT:_gshandler_.obj
 0001:00028e84       __GSHandlerCheckCommon     0000000140029e84 f   LIBCMT:_gshandler_.obj
 0001:00028ef0       __security_check_cookie    0000000140029ef0 f   LIBCMT:_amdsecgs_.obj
 0001:0002917c       mainCRTStartup             000000014002a17c f   LIBCMT:exe_main.obj
 0001:00029190       __vdecl_cos2               000000014002a190 f   LIBCMT:_svml_dcos2_dispatch_.obj
 0001:00029198       __raise_securityfailure    000000014002a198 f   LIBCMT:gs_report.obj
 0001:000291cc       __report_gsfailure         000000014002a1cc f   LIBCMT:gs_report.obj
 0001:000292a0       __report_rangecheckfailure 000000014002a2a0 f   LIBCMT:gs_report.obj
 0001:000292b4       __report_securityfailure   000000014002a2b4 f   LIBCMT:gs_report.obj
 0001:00029450       __chkstk                   000000014002a450 f   LIBCMT:_chkstk_.obj
 0001:00029450       _alloca_probe              000000014002a450 f   LIBCMT:_chkstk_.obj
 0001:000294a4       __scrt_acquire_startup_lock 000000014002a4a4 f   LIBCMT:utility.obj
 0001:000294e0       __scrt_initialize_crt      000000014002a4e0 f   LIBCMT:utility.obj
 0001:0002952c       __scrt_initialize_onexit_tables 000000014002a52c f   LIBCMT:utility.obj
 0001:0002960c       __scrt_is_nonwritable_in_current_image 000000014002a60c f   LIBCMT:utility.obj
 0001:000296a8       __scrt_release_startup_lock 000000014002a6a8 f   LIBCMT:utility.obj
 0001:000296cc       __scrt_uninitialize_crt    000000014002a6cc f   LIBCMT:utility.obj
 0001:000296f8       _onexit                    000000014002a6f8 f   LIBCMT:utility.obj
 0001:00029748       atexit                     000000014002a748 f   LIBCMT:utility.obj
 0001:00029760       __security_init_cookie     000000014002a760 f   LIBCMT:gs_support.obj
 0001:00029810       _get_startup_argv_mode     000000014002a810 f   LIBCMT:argv_mode.obj
 0001:00029818       _get_startup_file_mode     000000014002a818 f   LIBCMT:file_mode.obj
 0001:00029820       ?__scrt_initialize_type_info@@YAXXZ 000000014002a820 f   LIBCMT:tncleanup.obj
 0001:00029830       _should_initialize_environment 000000014002a830 f   LIBCMT:env_mode.obj
 0001:00029830       __acrt_uninitialize_command_line 000000014002a830 f   libucrt:argv_data.obj
 0001:00029834       _initialize_invalid_parameter_handler 000000014002a834 f   LIBCMT:invalid_parameter_handler.obj
 0001:00029834       _initialize_denormal_control 000000014002a834 f   LIBCMT:denormal_control.obj
 0001:00029834       _guard_check_icall_nop     000000014002a834 f   LIBCMT:guard_support.obj
 0001:00029838       __scrt_initialize_default_local_stdio_options 000000014002a838 f   LIBCMT:default_local_stdio_options.obj
 0001:00029854       __scrt_is_user_matherr_present 000000014002a854 f   LIBCMT:matherr_detection.obj
 0001:00029860       __scrt_get_dyn_tls_init_callback 000000014002a860 f   LIBCMT:dyn_tls_init.obj
 0001:00029868       __scrt_get_dyn_tls_dtor_callback 000000014002a868 f   LIBCMT:dyn_tls_dtor.obj
 0001:00029870       __crt_debugger_hook        000000014002a870 f   LIBCMT:utility_desktop.obj
 0001:00029878       __scrt_fastfail            000000014002a878 f   LIBCMT:utility_desktop.obj
 0001:000299c4       __scrt_is_managed_app      000000014002a9c4 f   LIBCMT:utility_desktop.obj
 0001:00029a18       __scrt_set_unhandled_exception_filter 000000014002aa18 f   LIBCMT:utility_desktop.obj
 0001:00029a28       __scrt_unhandled_exception_filter 000000014002aa28 f   LIBCMT:utility_desktop.obj
 0001:00029a60       _RTC_Initialize            000000014002aa60 f   LIBCMT:_initsect_.obj
 0001:00029aac       _RTC_Terminate             000000014002aaac f   LIBCMT:_initsect_.obj
 0001:00029af8       _guard_check_icall         000000014002aaf8 f i LIBCMT:checkcfg.obj
 0001:0002a000       __sse2_cos2                000000014002b000 f   LIBCMT:_svml_dcos2_sse2_.obj
 0001:0002a4a0       __isa_available_init       000000014002b4a0 f   LIBCMT:_cpu_disp_.obj
 0001:0002a65c       __scrt_is_ucrt_dll_in_use  000000014002b65c f   LIBCMT:ucrt_detection.obj
 0001:0002a670       IsProcessorFeaturePresent  000000014002b670 f   kernel32:KERNEL32.dll
 0001:0002a690       memcpy                     000000014002b690 f   libvcruntime:memcpy.obj
 0001:0002a690       memmove                    000000014002b690 f   libvcruntime:memcpy.obj
 0001:0002aaf0       memset                     000000014002baf0 f   libvcruntime:memset.obj
 0001:0002acb0       memchr                     000000014002bcb0 f   libvcruntime:memchr.obj
 0001:0002ad20       strchr                     000000014002bd20 f   libvcruntime:strchr.obj
 0001:0002adc0       memcmp                     000000014002bdc0 f   libvcruntime:memcmp.obj
 0001:0002ae88       longjmp                    000000014002be88 f   libvcruntime:longjmpc.obj
 0001:0002aeb0       __C_specific_handler       000000014002beb0 f   libvcruntime:_riscchandler_.obj
 0001:0002b0c0       __vcrt_initialize          000000014002c0c0 f   libvcruntime:initialization.obj
 0001:0002b0f4       __vcrt_uninitialize        000000014002c0f4 f   libvcruntime:initialization.obj
 0001:0002b120       __except_validate_context_record 000000014002c120 f   libvcruntime:jbcxrval.obj
 0001:0002b158       __except_validate_jump_buffer 000000014002c158 f   libvcruntime:jbcxrval.obj
 0001:0002b1b0       _local_unwind              000000014002c1b0 f   libvcruntime:_jmpuwind_.obj
 0001:0002b1e0       _NLG_Notify                000000014002c1e0 f   libvcruntime:_jmpuwind_.obj
 0001:0002b200       __NLG_Dispatch2            000000014002c200 f   libvcruntime:_jmpuwind_.obj
 0001:0002b210       __NLG_Return2              000000014002c210 f   libvcruntime:_jmpuwind_.obj
 0001:0002b214       __vcrt_freefls             000000014002c214 f   libvcruntime:per_thread_data.obj
 0001:0002b234       __vcrt_initialize_ptd      000000014002c234 f   libvcruntime:per_thread_data.obj
 0001:0002b288       __vcrt_uninitialize_ptd    000000014002c288 f   libvcruntime:per_thread_data.obj
 0001:0002b2ac       __vcrt_initialize_locks    000000014002c2ac f   libvcruntime:locks.obj
 0001:0002b2f4       __vcrt_uninitialize_locks  000000014002c2f4 f   libvcruntime:locks.obj
 0001:0002b504       __vcrt_FlsAlloc            000000014002c504 f   libvcruntime:winapi_downlevel.obj
 0001:0002b558       __vcrt_FlsFree             000000014002c558 f   libvcruntime:winapi_downlevel.obj
 0001:0002b5ac       __vcrt_FlsSetValue         000000014002c5ac f   libvcruntime:winapi_downlevel.obj
 0001:0002b614       __vcrt_InitializeCriticalSectionEx 000000014002c614 f   libvcruntime:winapi_downlevel.obj
 0001:0002b68c       __vcrt_initialize_winapi_thunks 000000014002c68c f   libvcruntime:winapi_downlevel.obj
 0001:0002b6d0       __vcrt_uninitialize_winapi_thunks 000000014002c6d0 f   libvcruntime:winapi_downlevel.obj
 0001:0002b710       __vcrt_initialize_pure_virtual_call_handler 000000014002c710 f   libvcruntime:purevirt_data.obj
 0001:0002b750       _CallSettingFrame          000000014002c750 f   libvcruntime:handlers.obj
 0001:0002b790       __DestructExceptionObject  000000014002c790 f   libvcruntime:ehhelpers.obj
 0001:0002b814       ?_CallMemberFunction0@@YAXQEAX0@Z 000000014002c814 f i libvcruntime:ehhelpers.obj
 0001:0002b818       __acrt_initialize_stdio    000000014002c818 f   libucrt:_file.obj
 0001:0002b938       __acrt_iob_func            000000014002c938 f   libucrt:_file.obj
 0001:0002b94c       __acrt_uninitialize_stdio  000000014002c94c f   libucrt:_file.obj
 0001:0002b9a8       _lock_file                 000000014002c9a8 f   libucrt:_file.obj
 0001:0002b9b4       _unlock_file               000000014002c9b4 f   libucrt:_file.obj
 0001:0002bbe4       __acrt_stdio_flush_nolock  000000014002cbe4 f   libucrt:fflush.obj
 0001:0002bc60       _fflush_nolock             000000014002cc60 f   libucrt:fflush.obj
 0001:0002bcac       _flushall                  000000014002ccac f   libucrt:fflush.obj
 0001:0002bcb4       fflush                     000000014002ccb4 f   libucrt:fflush.obj
 0001:0002bde4       puts                       000000014002cde4 f   libucrt:puts.obj
 0001:0002c0f4       ??$ensure_buffer_is_big_enough@D@formatting_buffer@__crt_stdio_output@@QEAA_N_K@Z 000000014002d0f4 f i libucrt:output.obj
 0001:0002c19c       ??$type_case_integer_parse_into_buffer@I@?$output_processor@DV?$stream_output_adapter@D@__crt_stdio_output@@V?$standard_base@DV?$stream_output_adapter@D@__crt_stdio_output@@@2@@__crt_stdio_output@@AEAAXII_N@Z 000000014002d19c f i libucrt:output.obj
 0001:0002c19c       ??$type_case_integer_parse_into_buffer@I@?$output_processor@DV?$string_output_adapter@D@__crt_stdio_output@@V?$standard_base@DV?$string_output_adapter@D@__crt_stdio_output@@@2@@__crt_stdio_output@@AEAAXII_N@Z 000000014002d19c f i libucrt:output.obj
 0001:0002c224       ??$type_case_integer_parse_into_buffer@_K@?$output_processor@DV?$string_output_adapter@D@__crt_stdio_output@@V?$standard_base@DV?$string_output_adapter@D@__crt_stdio_output@@@2@@__crt_stdio_output@@AEAAX_KI_N@Z 000000014002d224 f i libucrt:output.obj
 0001:0002c224       ??$type_case_integer_parse_into_buffer@_K@?$output_processor@DV?$stream_output_adapter@D@__crt_stdio_output@@V?$standard_base@DV?$stream_output_adapter@D@__crt_stdio_output@@@2@@__crt_stdio_output@@AEAAX_KI_N@Z 000000014002d224 f i libucrt:output.obj
 0001:0002c2b4       ??$write_multiple_characters@V?$stream_output_adapter@D@__crt_stdio_output@@D@__crt_stdio_output@@YAXAEBV?$stream_output_adapter@D@0@DHQEAH@Z 000000014002d2b4 f i libucrt:output.obj
 0001:0002c338       ??$write_multiple_characters@V?$string_output_adapter@D@__crt_stdio_output@@D@__crt_stdio_output@@YAXAEBV?$string_output_adapter@D@0@DHQEAH@Z 000000014002d338 f i libucrt:output.obj
 0001:0002c394       ??0_LocaleUpdate@@QEAA@QEAU__crt_locale_pointers@@@Z 000000014002d394 f i libucrt:output.obj
 0001:0002c554       ?force_decimal_point@__crt_stdio_output@@YAXPEADQEAU__crt_locale_pointers@@@Z 000000014002d554 f i libucrt:output.obj
 0001:0002c5c4       ?parse_int_from_format_string@?$output_processor@DV?$string_output_adapter@D@__crt_stdio_output@@V?$standard_base@DV?$string_output_adapter@D@__crt_stdio_output@@@2@@__crt_stdio_output@@AEAA_NQEAH@Z 000000014002d5c4 f i libucrt:output.obj
 0001:0002c5c4       ?parse_int_from_format_string@?$output_processor@DV?$stream_output_adapter@D@__crt_stdio_output@@V?$standard_base@DV?$stream_output_adapter@D@__crt_stdio_output@@@2@@__crt_stdio_output@@AEAA_NQEAH@Z 000000014002d5c4 f i libucrt:output.obj
 0001:0002c668       ?process@?$output_processor@DV?$stream_output_adapter@D@__crt_stdio_output@@V?$standard_base@DV?$stream_output_adapter@D@__crt_stdio_output@@@2@@__crt_stdio_output@@QEAAHXZ 000000014002d668 f i libucrt:output.obj
 0001:0002c87c       ?process@?$output_processor@DV?$string_output_adapter@D@__crt_stdio_output@@V?$standard_base@DV?$string_output_adapter@D@__crt_stdio_output@@@2@@__crt_stdio_output@@QEAAHXZ 000000014002d87c f i libucrt:output.obj
 0001:0002ca84       ?state_case_normal@?$output_processor@DV?$stream_output_adapter@D@__crt_stdio_output@@V?$standard_base@DV?$stream_output_adapter@D@__crt_stdio_output@@@2@@__crt_stdio_output@@AEAA_NXZ 000000014002da84 f i libucrt:output.obj
 0001:0002caf4       ?state_case_normal@?$output_processor@DV?$string_output_adapter@D@__crt_stdio_output@@V?$standard_base@DV?$string_output_adapter@D@__crt_stdio_output@@@2@@__crt_stdio_output@@AEAA_NXZ 000000014002daf4 f i libucrt:output.obj
 0001:0002cb68       ?state_case_normal_tchar@?$output_processor@DV?$stream_output_adapter@D@__crt_stdio_output@@V?$standard_base@DV?$stream_output_adapter@D@__crt_stdio_output@@@2@@__crt_stdio_output@@AEAA_ND@Z 000000014002db68 f i libucrt:output.obj
 0001:0002cc04       ?state_case_normal_tchar@?$output_processor@DV?$string_output_adapter@D@__crt_stdio_output@@V?$standard_base@DV?$string_output_adapter@D@__crt_stdio_output@@@2@@__crt_stdio_output@@AEAA_ND@Z 000000014002dc04 f i libucrt:output.obj
 0001:0002cc9c       ?state_case_size@?$output_processor@DV?$stream_output_adapter@D@__crt_stdio_output@@V?$standard_base@DV?$stream_output_adapter@D@__crt_stdio_output@@@2@@__crt_stdio_output@@AEAA_NXZ 000000014002dc9c f i libucrt:output.obj
 0001:0002ce18       ?state_case_size@?$output_processor@DV?$string_output_adapter@D@__crt_stdio_output@@V?$standard_base@DV?$string_output_adapter@D@__crt_stdio_output@@@2@@__crt_stdio_output@@AEAA_NXZ 000000014002de18 f i libucrt:output.obj
 0001:0002cf94       ?state_case_type@?$output_processor@DV?$stream_output_adapter@D@__crt_stdio_output@@V?$standard_base@DV?$stream_output_adapter@D@__crt_stdio_output@@@2@@__crt_stdio_output@@AEAA_NXZ 000000014002df94 f i libucrt:output.obj
 0001:0002d22c       ?state_case_type@?$output_processor@DV?$string_output_adapter@D@__crt_stdio_output@@V?$standard_base@DV?$string_output_adapter@D@__crt_stdio_output@@@2@@__crt_stdio_output@@AEAA_NXZ 000000014002e22c f i libucrt:output.obj
 0001:0002d4a0       ?type_case_Z@?$output_processor@DV?$string_output_adapter@D@__crt_stdio_output@@V?$standard_base@DV?$string_output_adapter@D@__crt_stdio_output@@@2@@__crt_stdio_output@@AEAA_NXZ 000000014002e4a0 f i libucrt:output.obj
 0001:0002d4a0       ?type_case_Z@?$output_processor@DV?$stream_output_adapter@D@__crt_stdio_output@@V?$standard_base@DV?$stream_output_adapter@D@__crt_stdio_output@@@2@@__crt_stdio_output@@AEAA_NXZ 000000014002e4a0 f i libucrt:output.obj
 0001:0002d520       ?type_case_a@?$output_processor@DV?$stream_output_adapter@D@__crt_stdio_output@@V?$standard_base@DV?$stream_output_adapter@D@__crt_stdio_output@@@2@@__crt_stdio_output@@AEAA_NXZ 000000014002e520 f i libucrt:output.obj
 0001:0002d520       ?type_case_a@?$output_processor@DV?$string_output_adapter@D@__crt_stdio_output@@V?$standard_base@DV?$string_output_adapter@D@__crt_stdio_output@@@2@@__crt_stdio_output@@AEAA_NXZ 000000014002e520 f i libucrt:output.obj
 0001:0002d738       ?type_case_c_tchar@?$output_processor@DV?$string_output_adapter@D@__crt_stdio_output@@V?$standard_base@DV?$string_output_adapter@D@__crt_stdio_output@@@2@@__crt_stdio_output@@AEAA_ND@Z 000000014002e738 f i libucrt:output.obj
 0001:0002d738       ?type_case_c_tchar@?$output_processor@DV?$stream_output_adapter@D@__crt_stdio_output@@V?$standard_base@DV?$stream_output_adapter@D@__crt_stdio_output@@@2@@__crt_stdio_output@@AEAA_ND@Z 000000014002e738 f i libucrt:output.obj
 0001:0002d804       ?type_case_integer@?$output_processor@DV?$stream_output_adapter@D@__crt_stdio_output@@V?$standard_base@DV?$stream_output_adapter@D@__crt_stdio_output@@@2@@__crt_stdio_output@@AEAA_NI_N@Z 000000014002e804 f i libucrt:output.obj
 0001:0002d804       ?type_case_integer@?$output_processor@DV?$string_output_adapter@D@__crt_stdio_output@@V?$standard_base@DV?$string_output_adapter@D@__crt_stdio_output@@@2@@__crt_stdio_output@@AEAA_NI_N@Z 000000014002e804 f i libucrt:output.obj
 0001:0002d9c8       ?type_case_n@?$output_processor@DV?$stream_output_adapter@D@__crt_stdio_output@@V?$standard_base@DV?$stream_output_adapter@D@__crt_stdio_output@@@2@@__crt_stdio_output@@AEAA_NXZ 000000014002e9c8 f i libucrt:output.obj
 0001:0002d9c8       ?type_case_n@?$output_processor@DV?$string_output_adapter@D@__crt_stdio_output@@V?$standard_base@DV?$string_output_adapter@D@__crt_stdio_output@@@2@@__crt_stdio_output@@AEAA_NXZ 000000014002e9c8 f i libucrt:output.obj
 0001:0002daa4       ?type_case_s@?$output_processor@DV?$stream_output_adapter@D@__crt_stdio_output@@V?$standard_base@DV?$stream_output_adapter@D@__crt_stdio_output@@@2@@__crt_stdio_output@@AEAA_NXZ 000000014002eaa4 f i libucrt:output.obj
 0001:0002daa4       ?type_case_s@?$output_processor@DV?$string_output_adapter@D@__crt_stdio_output@@V?$standard_base@DV?$string_output_adapter@D@__crt_stdio_output@@@2@@__crt_stdio_output@@AEAA_NXZ 000000014002eaa4 f i libucrt:output.obj
 0001:0002db40       ?validate_stream_is_ansi_if_required@?$__acrt_stdio_char_traits@D@@SA_NQEAU_iobuf@@@Z 000000014002eb40 f i libucrt:output.obj
 0001:0002dbcc       ?write_stored_string_tchar@?$output_processor@DV?$stream_output_adapter@D@__crt_stdio_output@@V?$standard_base@DV?$stream_output_adapter@D@__crt_stdio_output@@@2@@__crt_stdio_output@@AEAA_ND@Z 000000014002ebcc f i libucrt:output.obj
 0001:0002dcf0       ?write_stored_string_tchar@?$output_processor@DV?$string_output_adapter@D@__crt_stdio_output@@V?$standard_base@DV?$string_output_adapter@D@__crt_stdio_output@@@2@@__crt_stdio_output@@AEAA_ND@Z 000000014002ecf0 f i libucrt:output.obj
 0001:0002ddc8       ?write_string@?$string_output_adapter@D@__crt_stdio_output@@QEBAXQEBDHQEAHAEAV__crt_deferred_errno_cache@@@Z 000000014002edc8 f i libucrt:output.obj
 0001:0002de6c       ?write_string_impl@?$output_adapter_common@DV?$stream_output_adapter@D@__crt_stdio_output@@@__crt_stdio_output@@IEBAXQEBDHQEAHAEAV__crt_deferred_errno_cache@@@Z 000000014002ee6c f i libucrt:output.obj
 0001:0002df64       __stdio_common_vfprintf    000000014002ef64 f   libucrt:output.obj
 0001:0002dff0       __stdio_common_vsprintf    000000014002eff0 f   libucrt:output.obj
 0001:0002e000       sin                        000000014002f000 f   libucrt:sin.obj
 0001:0002e580       strncpy                    000000014002f580 f   libucrt:strncpy.obj
 0001:0002e6e4       isdigit                    000000014002f6e4 f i libucrt:_ctype.obj
 0001:0002e758       isxdigit                   000000014002f758 f i libucrt:_ctype.obj
 0001:0002e7e0       cos                        000000014002f7e0 f   libucrt:cos.obj
 0001:0002ed70       strncmp                    000000014002fd70 f   libucrt:strncmp.obj
 0001:0002edf0       __ascii_strnicmp           000000014002fdf0 f   libucrt:strnicmp.obj
 0001:0002ee4c       _strnicmp                  000000014002fe4c f   libucrt:strnicmp.obj
 0001:0002ee9c       _strnicmp_l                000000014002fe9c f   libucrt:strnicmp.obj
 0001:0002ef78       free                       000000014002ff78 f   libucrt:free.obj
 0001:0002ef8c       malloc                     000000014002ff8c f   libucrt:malloc.obj
 0001:0002ef94       fmod                       000000014002ff94 f   libucrt:fmod.obj
 0001:0002f460       rand                       0000000140030460 f   libucrt:rand.obj
 0001:0002f48c       calloc                     000000014003048c f   libucrt:calloc.obj
 0001:0002f4a0       exp                        00000001400304a0 f   libucrt:exp.obj
 0001:0002f898       sqrt                       0000000140030898 f   libucrt:sqrt.obj
 0001:0002f964       floor                      0000000140030964 f   libucrt:floor.obj
 0001:0002fa20       log                        0000000140030a20 f   libucrt:log.obj
 0001:0002ff50       pow                        0000000140030f50 f   libucrt:pow.obj
 0001:000315e4       atan                       00000001400325e4 f   libucrt:atan.obj
 0001:00031800       ?divide@__crt_strtox@@YA_KAEAUbig_integer@1@AEBU21@@Z 0000000140032800 f i libucrt:input.obj
 0001:00031d1c       __acrt_initialize_clock    0000000140032d1c f   libucrt:clock.obj
 0001:00031ff0       __acrt_initialize_thread_local_exit_callback 0000000140032ff0 f   libucrt:exit.obj
 0001:00031ff8       _c_exit                    0000000140032ff8 f   libucrt:exit.obj
 0001:00032008       _cexit                     0000000140033008 f   libucrt:exit.obj
 0001:00032018       _exit                      0000000140033018 f   libucrt:exit.obj
 0001:00032024       _register_thread_local_exe_atexit_callback 0000000140033024 f   libucrt:exit.obj
 0001:00032068       exit                       0000000140033068 f   libucrt:exit.obj
 0001:00032074       _seh_filter_exe            0000000140033074 f   libucrt:exception_filter.obj
 0001:00032200       _query_app_type            0000000140033200 f   libucrt:report_runtime_error.obj
 0001:00032208       _set_app_type              0000000140033208 f   libucrt:report_runtime_error.obj
 0001:00032210       __acrt_has_user_matherr    0000000140033210 f   libucrt:matherr.obj
 0001:00032230       __acrt_initialize_user_matherr 0000000140033230 f   libucrt:matherr.obj
 0001:00032238       __acrt_invoke_user_matherr 0000000140033238 f   libucrt:matherr.obj
 0001:00032268       __setusermatherr           0000000140033268 f   libucrt:matherr.obj
 0001:0003244c       __acrt_allocate_buffer_for_argv 000000014003344c f   libucrt:argv_parsing.obj
 0001:000324ac       _configure_narrow_argv     00000001400334ac f   libucrt:argv_parsing.obj
 0001:000328fc       __dcrt_get_or_create_narrow_environment_nolock 00000001400338fc f   libucrt:environment_initialization.obj
 0001:00032938       __dcrt_uninitialize_environments_nolock 0000000140033938 f   libucrt:environment_initialization.obj
 0001:00032970       _get_initial_narrow_environment 0000000140033970 f   libucrt:environment_initialization.obj
 0001:000329c0       _initialize_narrow_environment 00000001400339c0 f   libucrt:environment_initialization.obj
 0001:000329c8       _initterm                  00000001400339c8 f   libucrt:initterm.obj
 0001:00032a2c       _initterm_e                0000000140033a2c f   libucrt:initterm.obj
 0001:00032a6c       _set_fmode                 0000000140033a6c f   libucrt:setmode.obj
 0001:00032aac       __acrt_initialize_command_line 0000000140033aac f   libucrt:argv_data.obj
 0001:00032ad4       __p___argc                 0000000140033ad4 f   libucrt:argv_data.obj
 0001:00032adc       __p___argv                 0000000140033adc f   libucrt:argv_data.obj
 0001:00032b54       __acrt_set_locale_changed  0000000140033b54 f   libucrt:wsetlocale.obj
 0001:00032b60       __acrt_uninitialize_locale 0000000140033b60 f   libucrt:wsetlocale.obj
 0001:00032b90       _configthreadlocale        0000000140033b90 f   libucrt:wsetlocale.obj
 0001:00032bfc       _query_new_mode            0000000140033bfc f   libucrt:new_mode.obj
 0001:00032c04       _set_new_mode              0000000140033c04 f   libucrt:new_mode.obj
 0001:00032c30       __p__commode               0000000140033c30 f   libucrt:ncommode.obj
 0001:00032fc0       _crt_atexit                0000000140033fc0 f   libucrt:onexit.obj
 0001:00032fd0       _execute_onexit_table      0000000140033fd0 f   libucrt:onexit.obj
 0001:0003300c       _initialize_onexit_table   000000014003400c f   libucrt:onexit.obj
 0001:0003304c       _register_onexit_function  000000014003404c f   libucrt:onexit.obj
 0001:000331d4       __acrt_initialize          00000001400341d4 f   libucrt:initialization.obj
 0001:000331e8       __acrt_uninitialize        00000001400341e8 f   libucrt:initialization.obj
 0001:00033220       terminate                  0000000140034220 f   libucrt:terminate.obj
 0001:00033240       _free_base                 0000000140034240 f   libucrt:free_base.obj
 0001:00033280       _malloc_base               0000000140034280 f   libucrt:malloc_base.obj
 0001:000332e0       strcpy_s                   00000001400342e0 f   libucrt:strcpy_s.obj
 0001:00033340       abort                      0000000140034340 f   libucrt:abort.obj
 0001:00033398       _calloc_base               0000000140034398 f   libucrt:calloc_base.obj
 0001:00033410       wcsncmp                    0000000140034410 f   libucrt:wcsncmp.obj
 0001:0003343c       ??$parse_integer@KV?$c_string_character_source@D@__crt_strtox@@@__crt_strtox@@YAKQEAU__crt_locale_pointers@@V?$c_string_character_source@D@0@H_N@Z 000000014003443c f i libucrt:atox.obj
 0001:00033758       __acrt_call_reportfault    0000000140034758 f   libucrt:invalid_parameter.obj
 0001:000338b4       __acrt_initialize_invalid_parameter_handler 00000001400348b4 f   libucrt:invalid_parameter.obj
 0001:000338bc       _invalid_parameter         00000001400348bc f   libucrt:invalid_parameter.obj
 0001:0003396c       _invalid_parameter_noinfo  000000014003496c f   libucrt:invalid_parameter.obj
 0001:0003398c       _invoke_watson             000000014003498c f   libucrt:invalid_parameter.obj
 0001:000339d4       __acrt_errno_from_os_error 00000001400349d4 f   libucrt:errno.obj
 0001:00033a1c       __acrt_errno_map_os_error  0000000140034a1c f   libucrt:errno.obj
 0001:00033a6c       __doserrno                 0000000140034a6c f   libucrt:errno.obj
 0001:00033a8c       _errno                     0000000140034a8c f   libucrt:errno.obj
 0001:00033c84       __acrt_AppPolicyGetProcessTerminationMethodInternal 0000000140034c84 f   libucrt:winapi_thunks.obj
 0001:00033cd4       __acrt_CompareStringEx     0000000140034cd4 f   libucrt:winapi_thunks.obj
 0001:00033db0       __acrt_FlsAlloc            0000000140034db0 f   libucrt:winapi_thunks.obj
 0001:00033df8       __acrt_FlsFree             0000000140034df8 f   libucrt:winapi_thunks.obj
 0001:00033e40       __acrt_FlsGetValue         0000000140034e40 f   libucrt:winapi_thunks.obj
 0001:00033e88       __acrt_FlsSetValue         0000000140034e88 f   libucrt:winapi_thunks.obj
 0001:00033edc       __acrt_InitializeCriticalSectionEx 0000000140034edc f   libucrt:winapi_thunks.obj
 0001:00033f40       __acrt_LCMapStringEx       0000000140034f40 f   libucrt:winapi_thunks.obj
 0001:0003401c       __acrt_LocaleNameToLCID    000000014003501c f   libucrt:winapi_thunks.obj
 0001:0003406c       __acrt_initialize_winapi_thunks 000000014003506c f   libucrt:winapi_thunks.obj
 0001:000340b4       __acrt_uninitialize_winapi_thunks 00000001400350b4 f   libucrt:winapi_thunks.obj
 0001:000340f8       _fcloseall                 00000001400350f8 f   libucrt:closeall.obj
 0001:000341ac       __acrt_stdio_free_buffer_nolock 00000001400351ac f   libucrt:_freebuf.obj
 0001:000343d4       __acrt_initialize_lowio    00000001400353d4 f   libucrt:ioinit.obj
 0001:00034410       __acrt_uninitialize_lowio  0000000140035410 f   libucrt:ioinit.obj
 0001:00034450       __acrt_initialize_locks    0000000140035450 f   libucrt:locks.obj
 0001:00034498       __acrt_lock                0000000140035498 f   libucrt:locks.obj
 0001:000344b4       __acrt_uninitialize_locks  00000001400354b4 f   libucrt:locks.obj
 0001:000344ec       __acrt_unlock              00000001400354ec f   libucrt:locks.obj
 0001:00034594       _commit                    0000000140035594 f   libucrt:commit.obj
 0001:00034be0       _write                     0000000140035be0 f   libucrt:write.obj
 0001:00034ccc       _write_nolock              0000000140035ccc f   libucrt:write.obj
 0001:00035010       _fileno                    0000000140036010 f   libucrt:fileno.obj
 0001:00035038       _fputc_nolock              0000000140036038 f   libucrt:fputc.obj
 0001:00035050       _fwrite_nolock             0000000140036050 f   libucrt:fwrite.obj
 0001:000351e8       __acrt_stdio_begin_temporary_buffering_nolock 00000001400361e8 f   libucrt:_sftbuf.obj
 0001:000352b8       __acrt_stdio_end_temporary_buffering_nolock 00000001400362b8 f   libucrt:_sftbuf.obj
 0001:00035338       _tolower_l                 0000000140036338 f   libucrt:tolower_toupper.obj
 0001:00035478       tolower                    0000000140036478 f   libucrt:tolower_toupper.obj
 0001:000354a4       strtol                     00000001400364a4 f   libucrt:strtox.obj
 0001:000354d0       _mbtowc_l                  00000001400364d0 f   libucrt:mbtowc.obj
 0001:00035618       mbtowc                     0000000140036618 f   libucrt:mbtowc.obj
 0001:00035620       _wctomb_s_l                0000000140036620 f   libucrt:wctomb.obj
 0001:000357a4       wctomb_s                   00000001400367a4 f   libucrt:wctomb.obj
 0001:000357b8       strnlen                    00000001400367b8 f   libucrt:strnlen.obj
 0001:000358fc       wcsnlen                    00000001400368fc f   libucrt:strnlen.obj
 0001:00035e3c       __acrt_getptd              0000000140036e3c f   libucrt:per_thread_data.obj
 0001:00035f08       __acrt_getptd_head         0000000140036f08 f   libucrt:per_thread_data.obj
 0001:00035fb0       __acrt_getptd_noexit       0000000140036fb0 f   libucrt:per_thread_data.obj
 0001:00036080       __acrt_initialize_ptd      0000000140037080 f   libucrt:per_thread_data.obj
 0001:000360bc       __acrt_uninitialize_ptd    00000001400370bc f   libucrt:per_thread_data.obj
 0001:000360e0       __acrt_update_locale_info  00000001400370e0 f   libucrt:locale_update.obj
 0001:00036114       __acrt_update_multibyte_info 0000000140037114 f   libucrt:locale_update.obj
 0001:00036b04       __acrt_fp_format           0000000140037b04 f   libucrt:cvt.obj
 0001:00036d8c       _get_printf_count_output   0000000140037d8c f   libucrt:printf_count_output.obj
 0001:00036db0       __acrt_initialize_fma3     0000000140037db0 f   libucrt:fma3_available.obj
 0001:00036e20       __remainder_piby2_forAsm   0000000140037e20 f   libucrt:remainder_piby2_forasm.obj
 0001:00037030       __remainder_piby2_cw_forAsm 0000000140038030 f   libucrt:remainder_piby2_forasm.obj
 0001:00037170       __remainder_piby2_fma3     0000000140038170 f   libucrt:remainder_piby2_forfma3.obj
 0001:00037360       __remainder_piby2_fma3_bdl 0000000140038360 f   libucrt:remainder_piby2_forfma3.obj
 0001:000373d8       _cos_special               00000001400383d8 f   libucrt:sincos_special.obj
 0001:000373ec       _sin_special               00000001400383ec f   libucrt:sincos_special.obj
 0001:000374a4       __pctype_func              00000001400384a4 f   libucrt:ctype.obj
 0001:000374d4       _isctype_l                 00000001400384d4 f   libucrt:isctype.obj
 0001:00037708       _handle_error              0000000140038708 f   libucrt:libm_error.obj
 0001:00037830       _handle_nan                0000000140038830 f   libucrt:libm_error.obj
 0001:00037850       _exp_special               0000000140038850 f   libucrt:exp_special.obj
 0001:000378f0       _log10_special             00000001400388f0 f   libucrt:log_special.obj
 0001:00037910       _log_special               0000000140038910 f   libucrt:log_special.obj
 0001:000379c8       _pow_special               00000001400389c8 f   libucrt:pow_special.obj
 0001:00037aec       _clrfp                     0000000140038aec f   libucrt:fpctrl.obj
 0001:00037b0c       _ctrlfp                    0000000140038b0c f   libucrt:fpctrl.obj
 0001:00037b88       _set_statfp                0000000140038b88 f   libucrt:fpctrl.obj
 0001:00037ba8       _statfp                    0000000140038ba8 f   libucrt:fpctrl.obj
 0001:00037bbc       __acrt_get_process_end_policy 0000000140038bbc f   libucrt:win_policies.obj
 0001:0003815c       __acrt_expand_narrow_argv_wildcards 000000014003915c f   libucrt:argv_wildcards.obj
 0001:000388a4       __acrt_initialize_multibyte 00000001400398a4 f   libucrt:mbctype.obj
 0001:00038904       __acrt_update_thread_multibyte_data 0000000140039904 f   libucrt:mbctype.obj
 0001:00038920       _setmbcp_nolock            0000000140039920 f   libucrt:mbctype.obj
 0001:00038c58       _ismbblead                 0000000140039c58 f   libucrt:ismbbyte.obj
 0001:00038c6c       __dcrt_get_narrow_environment_from_os 0000000140039c6c f   libucrt:get_environment_from_os.obj
 0001:0003917c       __dcrt_set_variable_in_narrow_environment_nolock 000000014003a17c f   libucrt:setenv.obj
 0001:00039184       __acrt_lowio_create_handle_array 000000014003a184 f   libucrt:osfinfo.obj
 0001:0003921c       __acrt_lowio_destroy_handle_array 000000014003a21c f   libucrt:osfinfo.obj
 0001:0003926c       __acrt_lowio_ensure_fh_exists 000000014003a26c f   libucrt:osfinfo.obj
 0001:00039314       __acrt_lowio_lock_fh       000000014003a314 f   libucrt:osfinfo.obj
 0001:00039338       __acrt_lowio_unlock_fh     000000014003a338 f   libucrt:osfinfo.obj
 0001:0003935c       _free_osfhnd               000000014003a35c f   libucrt:osfinfo.obj
 0001:00039418       _get_osfhandle             000000014003a418 f   libucrt:osfinfo.obj
 0001:00039490       __acrt_locale_free_monetary 000000014003a490 f   libucrt:initmon.obj
 0001:0003959c       __acrt_locale_free_numeric 000000014003a59c f   libucrt:initnum.obj
 0001:0003965c       __acrt_locale_free_time    000000014003a65c f   libucrt:inittime.obj
 0001:00039764       __acrt_GetStringTypeA      000000014003a764 f   libucrt:getstringtypea.obj
 0001:000398f4       __acrt_add_locale_ref      000000014003a8f4 f   libucrt:locale_refcounting.obj
 0001:00039980       __acrt_free_locale         000000014003a980 f   libucrt:locale_refcounting.obj
 0001:00039af8       __acrt_locale_add_lc_time_reference 000000014003aaf8 f   libucrt:locale_refcounting.obj
 0001:00039b20       __acrt_locale_free_lc_time_if_unreferenced 000000014003ab20 f   libucrt:locale_refcounting.obj
 0001:00039b58       __acrt_locale_release_lc_time_reference 000000014003ab58 f   libucrt:locale_refcounting.obj
 0001:00039b80       __acrt_release_locale_ref  000000014003ab80 f   libucrt:locale_refcounting.obj
 0001:00039c28       __acrt_update_thread_locale_data 000000014003ac28 f   libucrt:locale_refcounting.obj
 0001:00039c98       _updatetlocinfoEx_nolock   000000014003ac98 f   libucrt:locale_refcounting.obj
 0001:00039d00       _recalloc                  000000014003ad00 f   libucrt:recalloc.obj
 0001:00039d08       _recalloc_base             000000014003ad08 f   libucrt:recalloc.obj
 0001:00039da0       __acrt_initialize_heap     000000014003ada0 f   libucrt:heap_handle.obj
 0001:00039dbc       __acrt_uninitialize_heap   000000014003adbc f   libucrt:heap_handle.obj
 0001:00039dc8       __acrt_execute_initializers 000000014003adc8 f   libucrt:shared_initialization.obj
 0001:00039e48       __acrt_execute_uninitializers 000000014003ae48 f   libucrt:shared_initialization.obj
 0001:00039e84       __acrt_initialize_new_handler 000000014003ae84 f   libucrt:new_handler.obj
 0001:00039e8c       _callnewh                  000000014003ae8c f   libucrt:new_handler.obj
 0001:00039ebc       _query_new_handler         000000014003aebc f   libucrt:new_handler.obj
 0001:00039f38       __acrt_get_sigabrt_handler 000000014003af38 f   libucrt:signal.obj
 0001:00039f68       __acrt_initialize_signal_handlers 000000014003af68 f   libucrt:signal.obj
 0001:00039f88       raise                      000000014003af88 f   libucrt:signal.obj
 0001:0003a2c8       __acrt_DownlevelLocaleNameToLCID 000000014003b2c8 f   libucrt:lcidtoname_downlevel.obj
 0001:0003a2fc       _fclose_nolock             000000014003b2fc f   libucrt:fclose.obj
 0001:0003a380       fclose                     000000014003b380 f   libucrt:fclose.obj
 0001:0003a3e4       _isatty                    000000014003b3e4 f   libucrt:isatty.obj
 0001:0003a5d0       _lseeki64                  000000014003b5d0 f   libucrt:lseek.obj
 0001:0003a5d8       _lseeki64_nolock           000000014003b5d8 f   libucrt:lseek.obj
 0001:0003a5e0       _putwch_nolock             000000014003b5e0 f   libucrt:putwch.obj
 0001:0003a6fc       __acrt_stdio_flush_and_write_narrow_nolock 000000014003b6fc f   libucrt:_flsbuf.obj
 0001:0003a7e4       _isleadbyte_l              000000014003b7e4 f i libucrt:_wctype.obj
 0001:0003ab3c       __acrt_LCMapStringA        000000014003bb3c f   libucrt:lcmapstringa.obj
 0001:0003abd4       __acrt_MultiByteToWideChar 000000014003bbd4 f   libucrt:multibytetowidechar.obj
 0001:0003abdc       __acrt_WideCharToMultiByte 000000014003bbdc f   libucrt:widechartomultibyte.obj
 0001:0003abe4       __acrt_fp_strflt_to_string 000000014003bbe4 f   libucrt:_fptostr.obj
 0001:0003aca4       __acrt_fltout              000000014003bca4 f   libucrt:cfout.obj
 0001:0003c000       _raise_exc                 000000014003d000 f   libucrt:fpexcept.obj
 0001:0003c028       _raise_exc_ex              000000014003d028 f   libucrt:fpexcept.obj
 0001:0003c330       _set_errno_from_matherr    000000014003d330 f   libucrt:fpexcept.obj
 0001:0003c370       _get_fpsr                  000000014003d370 f   libucrt:fpsr.obj
 0001:0003c380       _set_fpsr                  000000014003d380 f   libucrt:fpsr.obj
 0001:0003c38a       _fclrf                     000000014003d38a f   libucrt:fpsr.obj
 0001:0003c39e       _frnd                      000000014003d39e f   libucrt:fpsr.obj
 0001:0003c3c0       __acrt_stdio_allocate_buffer_nolock 000000014003d3c0 f   libucrt:_getbuf.obj
 0001:0003c424       __acrt_fenv_get_control    000000014003d424 f   libucrt:_fenvutils.obj
 0001:0003c524       __acrt_fenv_get_status     000000014003d524 f   libucrt:_fenvutils.obj
 0001:0003c57c       __acrt_fenv_set_control    000000014003d57c f   libucrt:_fenvutils.obj
 0001:0003c6c4       __acrt_fenv_set_status     000000014003d6c4 f   libucrt:_fenvutils.obj
 0001:0003c750       qsort                      000000014003d750 f   libucrt:qsort.obj
 0001:0003cb00       strncpy_s                  000000014003db00 f   libucrt:strncpy_s.obj
 0001:0003cc80       strpbrk                    000000014003dc80 f   libucrt:strpbrk.obj
 0001:0003d060       _mbsdec                    000000014003e060 f   libucrt:mbsdec.obj
 0001:0003d068       _mbsdec_l                  000000014003e068 f   libucrt:mbsdec.obj
 0001:0003d110       _strnicoll                 000000014003e110 f   libucrt:strnicol.obj
 0001:0003d128       _strnicoll_l               000000014003e128 f   libucrt:strnicol.obj
 0001:0003d228       _msize                     000000014003e228 f   libucrt:msize.obj
 0001:0003d230       _msize_base                000000014003e230 f   libucrt:msize.obj
 0001:0003d26c       _realloc_base              000000014003e26c f   libucrt:realloc_base.obj
 0001:0003d35c       _close                     000000014003e35c f   libucrt:close.obj
 0001:0003d400       _close_nolock              000000014003e400 f   libucrt:close.obj
 0001:0003d4bc       ?__acrt_stdio_free_stream@@YAXV__crt_stdio_stream@@@Z 000000014003e4bc f   libucrt:stream.obj
 0001:0003d4d8       __dcrt_lowio_ensure_console_output_initialized 000000014003e4d8 f   libucrt:initcon.obj
 0001:0003d52c       __dcrt_terminate_console_output 000000014003e52c f   libucrt:initcon.obj
 0001:0003d548       __dcrt_write_console_w     000000014003e548 f   libucrt:initcon.obj
 0001:0003d608       __strncnt                  000000014003e608 f   libucrt:strncnt.obj
 0001:0003d620       fegetenv                   000000014003e620 f   libucrt:fegetenv.obj
 0001:0003d640       fesetenv                   000000014003e640 f   libucrt:fesetenv.obj
 0001:0003d690       feholdexcept               000000014003e690 f   libucrt:feholdexcept.obj
 0001:0003d6e0       ceil                       000000014003e6e0 f   libucrt:ceil.obj
[...]
 0004:00002ed4       $pdata$?write_text_utf16le_nolock@@YA?AUwrite_result@?A0x17268360@@HQEBDI@Z 0000000140071ed4     libucrt:write.obj
 0004:00002ee0       $pdata$?write_text_utf8_nolock@@YA?AUwrite_result@?A0x17268360@@HQEBDI@Z 0000000140071ee0     libucrt:write.obj
 0004:00002f04       $pdata$_fileno             0000000140071f04     libucrt:fileno.obj
 0004:00002f10       $pdata$_fwrite_nolock      0000000140071f10     libucrt:fwrite.obj
 0004:00002f1c       $pdata$__acrt_stdio_begin_temporary_buffering_nolock 0000000140071f1c     libucrt:_sftbuf.obj
 0004:00002f28       $pdata$__acrt_stdio_end_temporary_buffering_nolock 0000000140071f28     libucrt:_sftbuf.obj
 0004:00002f4c       $pdata$tolower             0000000140071f4c     libucrt:tolower_toupper.obj
 0004:00002f40       $pdata$_tolower_l          0000000140071f40     libucrt:tolower_toupper.obj
 0004:00002f34       $pdata$?internal_isupper_l@@YA_NHQEAU__crt_locale_pointers@@@Z 0000000140071f34     libucrt:tolower_toupper.obj
 0004:00002f58       $pdata$strtol              0000000140071f58     libucrt:strtox.obj
 0004:00002f64       $pdata$_mbtowc_l           0000000140071f64     libucrt:mbtowc.obj
 0004:00002f7c       $pdata$wctomb_s            0000000140071f7c     libucrt:wctomb.obj
 0004:00002f70       $pdata$_wctomb_s_l         0000000140071f70     libucrt:wctomb.obj
 0004:0000300c       $pdata$__acrt_initialize_ptd 000000014007200c     libucrt:per_thread_data.obj
 0004:00003018       $pdata$__acrt_uninitialize_ptd 0000000140072018     libucrt:per_thread_data.obj
 0004:00002fe8       $pdata$__acrt_getptd       0000000140071fe8     libucrt:per_thread_data.obj
 0004:00002ff4       $pdata$__acrt_getptd_head  0000000140071ff4     libucrt:per_thread_data.obj
 0004:00003000       $pdata$__acrt_getptd_noexit 0000000140072000     libucrt:per_thread_data.obj
 0004:00002fc4       $pdata$?destroy_fls@@YAXPEAX@Z 0000000140071fc4     libucrt:per_thread_data.obj
 0004:00002fdc       $pdata$?replace_current_thread_locale_nolock@@YAXQEAU__acrt_ptd@@QEAU__crt_locale_data@@@Z 0000000140071fdc     libucrt:per_thread_data.obj
 0004:00002fb8       $pdata$?construct_ptd_array@@YAXQEAU__acrt_ptd@@@Z 0000000140071fb8     libucrt:per_thread_data.obj
 0004:00002fd0       $pdata$?destroy_ptd_array@@YAXQEAU__acrt_ptd@@@Z 0000000140071fd0     libucrt:per_thread_data.obj
 0004:00002f88       $pdata$??$?RV<lambda_0ae27a3a962d80f24befdcbee591983d>@@AEAV<lambda_8d0ee55de4b1038c4002e0adecdf1839>@@V<lambda_dc504788e8f1664fe9b84e20bfb512f2>@@@?$__crt_seh_guarded_call@X@@QEAAX$$QEAV<lambda_0ae27a3a962d80f24befdcbee591983d>@@AEAV<lambda_8d0ee55de4b1038c4002e0adecdf1839>@@$$QEAV<lambda_dc504788e8f1664fe9b84e20bfb512f2>@@@Z 0000000140071f88     libucrt:per_thread_data.obj
 0004:00002fa0       $pdata$??$?RV<lambda_aa87e3671a710a21b5dc78c0bdf72e11>@@AEAV<lambda_92619d2358a28f41a33ba319515a20b9>@@V<lambda_6992ecaafeb10aed2b74cb1fae11a551>@@@?$__crt_seh_guarded_call@X@@QEAAX$$QEAV<lambda_aa87e3671a710a21b5dc78c0bdf72e11>@@AEAV<lambda_92619d2358a28f41a33ba319515a20b9>@@$$QEAV<lambda_6992ecaafeb10aed2b74cb1fae11a551>@@@Z 0000000140071fa0     libucrt:per_thread_data.obj
 0004:00002fac       $pdata$??$?RV<lambda_f2e299630e499de9f9a165e60fcd3db5>@@AEAV<lambda_2ae9d31cdba2644fcbeaf08da7c24588>@@V<lambda_40d01ff24d0e7b3814fdbdcee8eab3c7>@@@?$__crt_seh_guarded_call@X@@QEAAX$$QEAV<lambda_f2e299630e499de9f9a165e60fcd3db5>@@AEAV<lambda_2ae9d31cdba2644fcbeaf08da7c24588>@@$$QEAV<lambda_40d01ff24d0e7b3814fdbdcee8eab3c7>@@@Z 0000000140071fac     libucrt:per_thread_data.obj
 0004:00002f94       $pdata$??$?RV<lambda_2d41944a1d46af3157314b8a01080d33>@@AEAV<lambda_8f455de75cd7d7f24b4096f044d8b9e6>@@V<lambda_aa500f224e6afead328df44964fe2772>@@@?$__crt_seh_guarded_call@X@@QEAAX$$QEAV<lambda_2d41944a1d46af3157314b8a01080d33>@@AEAV<lambda_8f455de75cd7d7f24b4096f044d8b9e6>@@$$QEAV<lambda_aa500f224e6afead328df44964fe2772>@@@Z 0000000140071f94     libucrt:per_thread_data.obj
 0004:00003024       $pdata$__acrt_update_locale_info 0000000140072024     libucrt:locale_update.obj
 0004:00003030       $pdata$__acrt_update_multibyte_info 0000000140072030     libucrt:locale_update.obj
 0004:00003084       $pdata$__acrt_fp_format    0000000140072084     libucrt:cvt.obj
 0004:00003078       $pdata$?fp_format_nan_or_infinity@@YAHW4__acrt_fp_class@@_NPEAD_K1@Z 0000000140072078     libucrt:cvt.obj
 0004:00003054       $pdata$?fp_format_e_internal@@YAHQEAD_KH_NIQEAU_strflt@@2QEAU__crt_locale_pointers@@@Z 0000000140072054     libucrt:cvt.obj
 0004:00003048       $pdata$?fp_format_e@@YAHQEBNQEAD_K12H_NIQEAU__crt_locale_pointers@@@Z 0000000140072048     libucrt:cvt.obj
 0004:0000303c       $pdata$?fp_format_a@@YAHQEBNPEAD_KQEAD2H_NIQEAU__crt_locale_pointers@@@Z 000000014007203c     libucrt:cvt.obj
 0004:00003060       $pdata$?fp_format_f_internal@@YAHQEAD_KHQEAU_strflt@@_NQEAU__crt_locale_pointers@@@Z 0000000140072060     libucrt:cvt.obj
 0004:0000306c       $pdata$?fp_format_g@@YAHQEBNQEAD_K12H_NIQEAU__crt_locale_pointers@@@Z 000000014007206c     libucrt:cvt.obj
 0004:00003090       $pdata$__acrt_initialize_fma3 0000000140072090     libucrt:fma3_available.obj
 0004:000030cc       $pdata$_sincos_special     00000001400720cc     libucrt:sincos_special.obj
 0004:000030d8       $pdata$__pctype_func       00000001400720d8     libucrt:ctype.obj
 0004:000030e4       $pdata$_isctype_l          00000001400720e4     libucrt:isctype.obj
 0004:000030f0       $pdata$_call_matherr       00000001400720f0     libucrt:libm_error.obj
 0004:000030fc       $pdata$_exception_enabled  00000001400720fc     libucrt:libm_error.obj
 0004:00003108       $pdata$_handle_error       0000000140072108     libucrt:libm_error.obj
 0004:00003114       $pdata$_exp_special        0000000140072114     libucrt:exp_special.obj
 0004:00003138       $pdata$_log_special_common 0000000140072138     libucrt:log_special.obj
 0004:0000312c       $pdata$_log_special        000000014007212c     libucrt:log_special.obj
 0004:00003120       $pdata$_log10_special      0000000140072120     libucrt:log_special.obj
 0004:00003144       $pdata$_pow_special        0000000140072144     libucrt:pow_special.obj
 0004:00003150       $pdata$_clrfp              0000000140072150     libucrt:fpctrl.obj
 0004:0000315c       $pdata$_ctrlfp             000000014007215c     libucrt:fpctrl.obj
 0004:00003690       $pdata$_ctrlfp$filt$0      0000000140072690     libucrt:fpctrl.obj
 0004:00003174       $pdata$_statfp             0000000140072174     libucrt:fpctrl.obj
 0004:00003168       $pdata$_set_statfp         0000000140072168     libucrt:fpctrl.obj
 0004:00003180       $pdata$__acrt_get_process_end_policy 0000000140072180     libucrt:win_policies.obj
 0004:0000318c       $pdata$??$common_expand_argv_wildcards@D@@YAHQEAPEADQEAPEAPEAD@Z 000000014007218c     libucrt:argv_wildcards.obj
 0004:00003198       $pdata$??$copy_and_add_argument_to_buffer@D@@YAHQEBD0_KAEAV?$argument_list@D@?A0x5f5c8891@@@Z 0000000140072198     libucrt:argv_wildcards.obj
 0004:000031a4       $pdata$??$expand_argument_wildcards@D@@YAHQEAD0AEAV?$argument_list@D@?A0x5f5c8891@@@Z 00000001400721a4     libucrt:argv_wildcards.obj
 0004:00003204       $pdata$__acrt_update_thread_multibyte_data 0000000140072204     libucrt:mbctype.obj
 0004:000031f8       $pdata$__acrt_initialize_multibyte 00000001400721f8     libucrt:mbctype.obj
 0004:00003210       $pdata$_setmbcp_nolock     0000000140072210     libucrt:mbctype.obj
 0004:000031bc       $pdata$?getSystemCP@@YAHH@Z 00000001400721bc     libucrt:mbctype.obj
 0004:000031c8       $pdata$?setSBCS@@YAXPEAU__crt_multibyte_data@@@Z 00000001400721c8     libucrt:mbctype.obj
 0004:000031ec       $pdata$?update_thread_multibyte_data_internal@@YAPEAU__crt_multibyte_data@@QEAU__acrt_ptd@@QEAPEAU1@@Z 00000001400721ec     libucrt:mbctype.obj
 0004:0000369c       $pdata$?fin$0@?0??update_thread_multibyte_data_internal@@YAPEAU__crt_multibyte_data@@QEAU__acrt_ptd@@QEAPEAU1@@Z@4HA 000000014007269c     libucrt:mbctype.obj
 0004:000031e0       $pdata$?setmbcp_internal@@YAHH_NQEAU__acrt_ptd@@QEAPEAU__crt_multibyte_data@@@Z 00000001400721e0     libucrt:mbctype.obj
 0004:000031d4       $pdata$?setSBUpLow@@YAXPEAU__crt_multibyte_data@@@Z 00000001400721d4     libucrt:mbctype.obj
 0004:000031b0       $pdata$??$?RV<lambda_efdfa57d1f175319df784efa44bb7b81>@@AEAV<lambda_5f0a4c1567f8adc6734073e5d1e1b35c>@@V<lambda_2e8a7d3640ea6ccb4c2413664c2db6fd>@@@?$__crt_seh_guarded_call@X@@QEAAX$$QEAV<lambda_efdfa57d1f175319df784efa44bb7b81>@@AEAV<lambda_5f0a4c1567f8adc6734073e5d1e1b35c>@@$$QEAV<lambda_2e8a7d3640ea6ccb4c2413664c2db6fd>@@@Z 00000001400721b0     libucrt:mbctype.obj
 0004:0000321c       $pdata$?x_ismbbtype_l@@YAHPEAU__crt_locale_pointers@@IHH@Z 000000014007221c     libucrt:ismbbyte.obj
 0004:00003228       $pdata$__dcrt_get_narrow_environment_from_os 0000000140072228     libucrt:get_environment_from_os.obj
 0004:00003234       $pdata$??$common_set_variable_in_environment_nolock@D@@YAHQEADH@Z 0000000140072234     libucrt:setenv.obj
 0004:00003240       $pdata$??$copy_environment@D@@YAPEAPEADQEAPEAD@Z 0000000140072240     libucrt:setenv.obj
 0004:0000327c       $pdata$_get_osfhandle      000000014007227c     libucrt:osfinfo.obj
 0004:00003270       $pdata$_free_osfhnd        0000000140072270     libucrt:osfinfo.obj
 0004:0000324c       $pdata$__acrt_lowio_create_handle_array 000000014007224c     libucrt:osfinfo.obj
 0004:00003258       $pdata$__acrt_lowio_destroy_handle_array 0000000140072258     libucrt:osfinfo.obj
 0004:00003264       $pdata$__acrt_lowio_ensure_fh_exists 0000000140072264     libucrt:osfinfo.obj
 0004:00003288       $pdata$__acrt_locale_free_monetary 0000000140072288     libucrt:initmon.obj
 0004:00003294       $pdata$__acrt_locale_free_numeric 0000000140072294     libucrt:initnum.obj
 0004:000032ac       $pdata$__acrt_locale_free_time 00000001400722ac     libucrt:inittime.obj
 0004:000032a0       $pdata$?free_crt_array_internal@@YAXQEAPEBX_K@Z 00000001400722a0     libucrt:inittime.obj
 0004:000032b8       $pdata$__acrt_GetStringTypeA 00000001400722b8     libucrt:getstringtypea.obj
 0004:000032dc       $pdata$__acrt_release_locale_ref 00000001400722dc     libucrt:locale_refcounting.obj
 0004:000032c4       $pdata$__acrt_free_locale  00000001400722c4     libucrt:locale_refcounting.obj
 0004:000032d0       $pdata$__acrt_locale_free_lc_time_if_unreferenced 00000001400722d0     libucrt:locale_refcounting.obj
 0004:000032e8       $pdata$__acrt_update_thread_locale_data 00000001400722e8     libucrt:locale_refcounting.obj
 0004:000036a8       $pdata$__acrt_update_thread_locale_data$fin$0 00000001400726a8     libucrt:locale_refcounting.obj
 0004:000032f4       $pdata$_updatetlocinfoEx_nolock 00000001400722f4     libucrt:locale_refcounting.obj
 0004:00003300       $pdata$_recalloc_base      0000000140072300     libucrt:recalloc.obj
 0004:0000330c       $pdata$__acrt_initialize_heap 000000014007230c     libucrt:heap_handle.obj
 0004:00003318       $pdata$__acrt_execute_initializers 0000000140072318     libucrt:shared_initialization.obj
 0004:00003324       $pdata$__acrt_execute_uninitializers 0000000140072324     libucrt:shared_initialization.obj
 0004:00003330       $pdata$_callnewh           0000000140072330     libucrt:new_handler.obj
 0004:0000333c       $pdata$_query_new_handler  000000014007233c     libucrt:new_handler.obj
 0004:000036b4       $pdata$_query_new_handler$fin$0 00000001400726b4     libucrt:new_handler.obj
 0004:00003354       $pdata$__acrt_get_sigabrt_handler 0000000140072354     libucrt:signal.obj
 0004:00003360       $pdata$raise               0000000140072360     libucrt:signal.obj
 0004:000036c0       $pdata$raise$fin$0         00000001400726c0     libucrt:signal.obj
 0004:00003348       $pdata$??$?RV<lambda_450d765d439847d4c735a33c368b5fc0>@@AEAV<lambda_44731a7d0e6d81c3e6aa82d741081786>@@V<lambda_601a2a7da3b7a96e9554ac7215c4b07c>@@@?$__crt_seh_guarded_call@P6AXH@Z@@QEAAP6AXH@Z$$QEAV<lambda_450d765d439847d4c735a33c368b5fc0>@@AEAV<lambda_44731a7d0e6d81c3e6aa82d741081786>@@$$QEAV<lambda_601a2a7da3b7a96e9554ac7215c4b07c>@@@Z 0000000140072348     libucrt:signal.obj
 0004:00003378       $pdata$__acrt_DownlevelLocaleNameToLCID 0000000140072378     libucrt:lcidtoname_downlevel.obj
 0004:0000336c       $pdata$?GetTableIndexFromLocaleName@@YAHPEB_W@Z 000000014007236c     libucrt:lcidtoname_downlevel.obj
 0004:00003390       $pdata$fclose              0000000140072390     libucrt:fclose.obj
 0004:000036cc       $pdata$fclose$fin$0        00000001400726cc     libucrt:fclose.obj
 0004:00003384       $pdata$_fclose_nolock      0000000140072384     libucrt:fclose.obj
 0004:0000339c       $pdata$_isatty             000000014007239c     libucrt:isatty.obj
 0004:000033a8       $pdata$??$common_lseek@_J@@YA_JH_JH@Z 00000001400723a8     libucrt:lseek.obj
 0004:000033b4       $pdata$??$common_lseek_nolock@_J@@YA_JH_JH@Z 00000001400723b4     libucrt:lseek.obj
 0004:000033c0       $pdata$_putwch_nolock      00000001400723c0     libucrt:putwch.obj
 0004:000033d8       $pdata$__acrt_stdio_flush_and_write_narrow_nolock 00000001400723d8     libucrt:_flsbuf.obj
 0004:000033cc       $pdata$??$write_buffer_nolock@D@@YA_NDV__crt_stdio_stream@@@Z 00000001400723cc     libucrt:_flsbuf.obj
 0004:000033e4       $pdata$_isleadbyte_l       00000001400723e4     libucrt:_wctype.obj
 0004:000033fc       $pdata$__acrt_LCMapStringA 00000001400723fc     libucrt:lcmapstringa.obj
 0004:000033f0       $pdata$?__acrt_LCMapStringA_stat@@YAHPEAU__crt_locale_pointers@@PEB_WKPEBDHPEADHHH@Z 00000001400723f0     libucrt:lcmapstringa.obj
 0004:00003408       $pdata$__acrt_fp_strflt_to_string 0000000140072408     libucrt:_fptostr.obj
 0004:00003414       $pdata$__acrt_fltout       0000000140072414     libucrt:cfout.obj
 0004:00003438       $pdata$_set_errno_from_matherr 0000000140072438     libucrt:fpexcept.obj
 0004:00003420       $pdata$_raise_exc          0000000140072420     libucrt:fpexcept.obj
 0004:0000342c       $pdata$_raise_exc_ex       000000014007242c     libucrt:fpexcept.obj
 0004:00003450       $pdata$__acrt_stdio_allocate_buffer_nolock 0000000140072450     libucrt:_getbuf.obj
 0004:0000345c       $pdata$__acrt_fenv_set_control 000000014007245c     libucrt:_fenvutils.obj
 0004:00003468       $pdata$qsort               0000000140072468     libucrt:qsort.obj
 0004:00003474       $pdata$4$qsort             0000000140072474     libucrt:qsort.obj
 0004:00003480       $pdata$5$qsort             0000000140072480     libucrt:qsort.obj
 0004:0000348c       $pdata$strncpy_s           000000014007248c     libucrt:strncpy_s.obj
 0004:000034a4       $pdata$strpbrk             00000001400724a4     libucrt:strpbrk.obj
 0004:00003498       $pdata$fallbackMethod      0000000140072498     libucrt:strpbrk.obj
 0004:000034b0       $pdata$_mbsdec_l           00000001400724b0     libucrt:mbsdec.obj
 0004:000034bc       $pdata$?initialize_multibyte@@YAHXZ 00000001400724bc     libucrt:multibyte_initializer.obj
 0004:000034c8       $pdata$_strnicoll_l        00000001400724c8     libucrt:strnicol.obj
 0004:000034d4       $pdata$_msize_base         00000001400724d4     libucrt:msize.obj
 0004:000034e0       $pdata$_realloc_base       00000001400724e0     libucrt:realloc_base.obj
 0004:000034f8       $pdata$_close              00000001400724f8     libucrt:close.obj
 0004:00003504       $pdata$_close_nolock       0000000140072504     libucrt:close.obj
 0004:000034ec       $pdata$??$?RV<lambda_751a882b2c74d4b022dec766aa51a29a>@@AEAV<lambda_628dfdc04ba53c8bfc02c9951375f3f5>@@V<lambda_f6c7be5f7998530c34de24c7437d6b54>@@@?$__crt_seh_guarded_call@H@@QEAAH$$QEAV<lambda_751a882b2c74d4b022dec766aa51a29a>@@AEAV<lambda_628dfdc04ba53c8bfc02c9951375f3f5>@@$$QEAV<lambda_f6c7be5f7998530c34de24c7437d6b54>@@@Z 00000001400724ec     libucrt:close.obj
 0004:00003510       $pdata$__dcrt_lowio_ensure_console_output_initialized 0000000140072510     libucrt:initcon.obj
 0004:00003528       $pdata$__dcrt_write_console_w 0000000140072528     libucrt:initcon.obj
 0004:0000351c       $pdata$__dcrt_terminate_console_output 000000014007251c     libucrt:initcon.obj
 0004:00003534       $pdata$fegetenv            0000000140072534     libucrt:fegetenv.obj
 0004:00003540       $pdata$fesetenv            0000000140072540     libucrt:fesetenv.obj
 0004:0000354c       $pdata$feholdexcept        000000014007254c     libucrt:feholdexcept.obj
 0004:00003570       $pdata$__acrt_CompareStringA 0000000140072570     libucrt:comparestringa.obj
 0004:00003564       $pdata$?InternalCompareStringA@@YAHPEAU__crt_locale_pointers@@PEB_WKPEBDH2HH@Z 0000000140072564     libucrt:comparestringa.obj
 0004:0000357c       $pdata$_clearfp            000000014007257c     libucrt:ieee.obj
 0004:00003588       $pdata$_IsNonwritableInCurrentImage 0000000140072588     LIBCMT:pesect.obj
 0004:000036d8       $pdata$_IsNonwritableInCurrentImage$filt$0 00000001400726d8     LIBCMT:pesect.obj
 0004:00003594       $pdata$strrchr             0000000140072594     libvcruntime:strrchr.obj
 0005:00000000       __spec_table               0000000140073000     LIBCMT:_svml_dcos2_sse2_.obj
 0005:00000980       dbA1                       0000000140073980     LIBCMT:_svml_dcos2_sse2_.obj
 0005:00000990       dbA2                       0000000140073990     LIBCMT:_svml_dcos2_sse2_.obj
 0005:000009a0       dbA3                       00000001400739a0     LIBCMT:_svml_dcos2_sse2_.obj
 0005:000009b0       dbA4                       00000001400739b0     LIBCMT:_svml_dcos2_sse2_.obj
 0005:000009c0       dbA5                       00000001400739c0     LIBCMT:_svml_dcos2_sse2_.obj
 0005:000009d0       dbA6                       00000001400739d0     LIBCMT:_svml_dcos2_sse2_.obj
 0005:000009e0       dbA7                       00000001400739e0     LIBCMT:_svml_dcos2_sse2_.obj
 0005:000009f0       dbA8                       00000001400739f0     LIBCMT:_svml_dcos2_sse2_.obj
 0005:00000a00       dbPi4                      0000000140073a00     LIBCMT:_svml_dcos2_sse2_.obj
 0005:00000a10       dbPi3                      0000000140073a10     LIBCMT:_svml_dcos2_sse2_.obj
 0005:00000a20       db05                       0000000140073a20     LIBCMT:_svml_dcos2_sse2_.obj
 0005:00000a30       dbHUGE                     0000000140073a30     LIBCMT:_svml_dcos2_sse2_.obj
 0005:00000a40       iABSMASK                   0000000140073a40     LIBCMT:_svml_dcos2_sse2_.obj
 0005:00000a50       dbPi2                      0000000140073a50     LIBCMT:_svml_dcos2_sse2_.obj
 0005:00000a60       dbInvPi                    0000000140073a60     LIBCMT:_svml_dcos2_sse2_.obj
 0005:00000a70       dbPi1                      0000000140073a70     LIBCMT:_svml_dcos2_sse2_.obj
 0005:00000a80       dbNegRS                    0000000140073a80     LIBCMT:_svml_dcos2_sse2_.obj
 0005:00000a90       dbPio2                     0000000140073a90     LIBCMT:_svml_dcos2_sse2_.obj
 0005:00000aa0       MMISIGNMASK                0000000140073aa0     LIBCMT:_svml_dcos2_sse2_.obj
 0005:00000ab0       PI02C_4                    0000000140073ab0     LIBCMT:_svml_dcos2_sse2_.obj
 0005:00000ac0       PI02C_3                    0000000140073ac0     LIBCMT:_svml_dcos2_sse2_.obj
 0005:00000ad0       PI02C_2                    0000000140073ad0     LIBCMT:_svml_dcos2_sse2_.obj
 0005:00000ae0       PI02C_1                    0000000140073ae0     LIBCMT:_svml_dcos2_sse2_.obj
 0005:00000af0       PI02C_0                    0000000140073af0     LIBCMT:_svml_dcos2_sse2_.obj
 0005:00000b00       RS                         0000000140073b00     LIBCMT:_svml_dcos2_sse2_.obj
 0005:00000b10       MMI_ONE                    0000000140073b10     LIBCMT:_svml_dcos2_sse2_.obj
 0005:00000b20       THE_PI02_INV               0000000140073b20     LIBCMT:_svml_dcos2_sse2_.obj
 0005:00000b30       flAllOnes                  0000000140073b30     LIBCMT:_svml_dcos2_sse2_.obj
 0005:00000b40       TWO_POW_30                 0000000140073b40     LIBCMT:_svml_dcos2_sse2_.obj
