 clidemo

 Timestamp is 5abccb03 (Thu Mar 29 19:16:19 2018)

 Preferred load address is 00400000

 Start         Length     Name                   Class
 0001:00000000 0001f547H .text$mn                CODE
 0001:0001f547 00000000H .text$x                 CODE
 0002:00000000 000001bcH .idata$5                DATA
 0002:000001bc 00000004H .00cfg                  DATA
 0002:000001c0 00000004H .CRT$XCA                DATA
 0002:000001c4 00000004H .CRT$XCAA               DATA
 0002:000001c8 00000004H .CRT$XCZ                DATA
 0002:000001cc 00000004H .CRT$XIA                DATA
 0002:000001d0 00000004H .CRT$XIAA               DATA
 0002:000001d4 00000004H .CRT$XIAC               DATA
 0002:000001d8 0000000cH .CRT$XIC                DATA
 0002:000001e4 00000004H .CRT$XIZ                DATA
 0002:000001e8 00000004H .CRT$XPA                DATA
 0002:000001ec 00000008H .CRT$XPX                DATA
 0002:000001f4 00000004H .CRT$XPXA               DATA
 0002:000001f8 00000004H .CRT$XPZ                DATA
 0002:000001fc 00000004H .CRT$XTA                DATA
 0002:00000200 00000010H .CRT$XTZ                DATA
 0002:00000204 00000000H .gfids$y                DATA
 0002:00000210 00007ef0H .rdata                  DATA
 0002:00008100 00000000H .rdata$r                DATA
 0002:00008100 0000000cH .rdata$sxdata           DATA
 0002:0000810c 00000268H .rdata$zzzdbg           DATA
 0002:00008374 00000004H .rtc$IAA                DATA
 0002:00008378 00000004H .rtc$IZZ                DATA
 0002:0000837c 00000004H .rtc$TAA                DATA
 0002:00008380 00000008H .rtc$TZZ                DATA
 0002:00008388 000004dcH .xdata$x                DATA
 0002:00008864 00000000H .edata                  DATA
 0002:00008864 0000003cH .idata$2                DATA
 0002:000088a0 00000014H .idata$3                DATA
 0002:000088b4 000001bcH .idata$4                DATA
 0002:00008a70 00000656H .idata$6                DATA
 0003:00000000 00000fe0H .data                   DATA
 0003:00000fe0 00000000H .data$r                 DATA
 0003:00000fe0 00000db0H .bss                    DATA

  Address         Publics by Value              Rva+Base       Lib:Object

 0000:00000000       __except_list              00000000     <absolute>
 0000:00000000       ___enclave_config          00000000     <absolute>
 0000:00000000       ___guard_longjmp_count     00000000     <absolute>
 0000:00000000       ___guard_fids_count        00000000     <absolute>
 0000:00000000       ___guard_longjmp_table     00000000     <absolute>
 0000:00000000       ___guard_iat_table         00000000     <absolute>
 0000:00000000       ___guard_iat_count         00000000     <absolute>
 0000:00000000       ___hybrid_code_map         00000000     <absolute>
 0000:00000000       ___hybrid_auxiliary_iat    00000000     <absolute>
 0000:00000000       ___guard_fids_table        00000000     <absolute>
 0000:00000000       ___dynamic_value_reloc_table 00000000     <absolute>
 0000:00000000       ___hybrid_code_map_count   00000000     <absolute>
 0000:00000003       ___safe_se_handler_count   00000003     <absolute>
 0000:00000100       ___guard_flags             00000100     <absolute>
 0000:00000000       ___ImageBase               00400000     <linker-defined>
 0001:00000000       _app_main                  00401000 f   clidemo.obj
 0001:00000260       _main                      00401260 f   clidemo.obj
 0001:00000460       ___local_stdio_printf_options 00401460 f i pjlib-util-i386-win32-vc14-release-static:errno.obj
 0001:00000470       __snprintf                 00401470 f i pjlib-util-i386-win32-vc14-release-static:errno.obj
 0001:000004b0       _pjlib_util_init           004014b0 f   pjlib-util-i386-win32-vc14-release-static:errno.obj
 0001:000004d0       _pjlib_util_strerror       004014d0 f   pjlib-util-i386-win32-vc14-release-static:errno.obj
 0001:00001910       _pj_cli_add_cmd_from_xml   00402910 f   pjlib-util-i386-win32-vc14-release-static:cli.obj
 0001:000019d0       _pj_cli_cfg_default        004029d0 f   pjlib-util-i386-win32-vc14-release-static:cli.obj
 0001:00001a00       _pj_cli_create             00402a00 f   pjlib-util-i386-win32-vc14-release-static:cli.obj
 0001:00001b90       _pj_cli_destroy            00402b90 f   pjlib-util-i386-win32-vc14-release-static:cli.obj
 0001:00001c30       _pj_cli_get_param          00402c30 f   pjlib-util-i386-win32-vc14-release-static:cli.obj
 0001:00001c50       _pj_cli_is_quitting        00402c50 f   pjlib-util-i386-win32-vc14-release-static:cli.obj
 0001:00001c70       _pj_cli_quit               00402c70 f   pjlib-util-i386-win32-vc14-release-static:cli.obj
 0001:00001cd0       _pj_cli_register_front_end 00402cd0 f   pjlib-util-i386-win32-vc14-release-static:cli.obj
 0001:00001ce0       _pj_cli_sess_end_session   00402ce0 f   pjlib-util-i386-win32-vc14-release-static:cli.obj
 0001:00001d00       _pj_cli_sess_exec          00402d00 f   pjlib-util-i386-win32-vc14-release-static:cli.obj
 0001:00001e10       _pj_cli_sess_parse         00402e10 f   pjlib-util-i386-win32-vc14-release-static:cli.obj
 0001:000021c0       _pj_cli_write_log          004031c0 f   pjlib-util-i386-win32-vc14-release-static:cli.obj
 0001:00002200       _sprintf                   00403200 f i pjlib-util-i386-win32-vc14-release-static:cli.obj
 0001:00002310       _pj_cli_console_cfg_default 00403310 f   pjlib-util-i386-win32-vc14-release-static:cli_console.obj
 0001:00002330       _pj_cli_console_create     00403330 f   pjlib-util-i386-win32-vc14-release-static:cli_console.obj
 0001:000024f0       _pj_cli_console_process    004034f0 f   pjlib-util-i386-win32-vc14-release-static:cli_console.obj
 0001:00002560       _printf                    00403560 f i pjlib-util-i386-win32-vc14-release-static:cli_console.obj
 0001:00003530       _pj_cli_telnet_cfg_default 00404530 f   pjlib-util-i386-win32-vc14-release-static:cli_telnet.obj
 0001:00003560       _pj_cli_telnet_create      00404560 f   pjlib-util-i386-win32-vc14-release-static:cli_telnet.obj
 0001:00004f30       _pj_scan_advance_n         00405f30 f   pjlib-util-i386-win32-vc14-release-static:scanner.obj
 0001:00004f70       _pj_scan_fini              00405f70 f   pjlib-util-i386-win32-vc14-release-static:scanner.obj
 0001:00004f90       _pj_scan_get_char          00405f90 f   pjlib-util-i386-win32-vc14-release-static:scanner.obj
 0001:00004fd0       _pj_scan_get_quotes        00405fd0 f   pjlib-util-i386-win32-vc14-release-static:scanner.obj
 0001:00005090       _pj_scan_get_until_ch      00406090 f   pjlib-util-i386-win32-vc14-release-static:scanner.obj
 0001:000050f0       _pj_scan_get_until_chr     004060f0 f   pjlib-util-i386-win32-vc14-release-static:scanner.obj
 0001:00005170       _pj_scan_init              00406170 f   pjlib-util-i386-win32-vc14-release-static:scanner.obj
 0001:000051c0       _pj_scan_skip_whitespace   004061c0 f   pjlib-util-i386-win32-vc14-release-static:scanner.obj
 0001:000052b0       _pj_scan_strcmp            004062b0 f   pjlib-util-i386-win32-vc14-release-static:scanner.obj
 0001:00005300       _pj_xml_parse              00406300 f   pjlib-util-i386-win32-vc14-release-static:xml.obj
 0001:000057a0       _pj_atexit                 004067a0 f   pjlib-i386-win32-vc14-release-static:os_core_win32.obj
 0001:000057d0       _pj_atomic_dec_and_get     004067d0 f   pjlib-i386-win32-vc14-release-static:os_core_win32.obj
 0001:00005820       _pj_atomic_destroy         00406820 f   pjlib-i386-win32-vc14-release-static:os_core_win32.obj
 0001:00005840       _pj_atomic_inc             00406840 f   pjlib-i386-win32-vc14-release-static:os_core_win32.obj
 0001:00005890       _pj_enter_critical_section 00406890 f   pjlib-i386-win32-vc14-release-static:os_core_win32.obj
 0001:000058f0       _pj_init                   004068f0 f   pjlib-i386-win32-vc14-release-static:os_core_win32.obj
 0001:00005b10       _pj_leave_critical_section 00406b10 f   pjlib-i386-win32-vc14-release-static:os_core_win32.obj
 0001:00005b70       _pj_mutex_create           00406b70 f   pjlib-i386-win32-vc14-release-static:os_core_win32.obj
 0001:00005bc0       _pj_mutex_create_recursive 00406bc0 f   pjlib-i386-win32-vc14-release-static:os_core_win32.obj
 0001:00005bc0       _pj_mutex_create_simple    00406bc0 f   pjlib-i386-win32-vc14-release-static:os_core_win32.obj
 0001:00005c10       _pj_mutex_destroy          00406c10 f   pjlib-i386-win32-vc14-release-static:os_core_win32.obj
 0001:00005c80       _pj_mutex_lock             00406c80 f   pjlib-i386-win32-vc14-release-static:os_core_win32.obj
 0001:00005cf0       _pj_mutex_trylock          00406cf0 f   pjlib-i386-win32-vc14-release-static:os_core_win32.obj
 0001:00005d70       _pj_mutex_unlock           00406d70 f   pjlib-i386-win32-vc14-release-static:os_core_win32.obj
 0001:00005de0       _pj_sem_create             00406de0 f   pjlib-i386-win32-vc14-release-static:os_core_win32.obj
 0001:00005ef0       _pj_sem_destroy            00406ef0 f   pjlib-i386-win32-vc14-release-static:os_core_win32.obj
 0001:00005f80       _pj_sem_post               00406f80 f   pjlib-i386-win32-vc14-release-static:os_core_win32.obj
 0001:00006020       _pj_sem_trywait            00407020 f   pjlib-i386-win32-vc14-release-static:os_core_win32.obj
 0001:00006080       _pj_sem_wait               00407080 f   pjlib-i386-win32-vc14-release-static:os_core_win32.obj
 0001:00006190       _pj_shutdown               00407190 f   pjlib-i386-win32-vc14-release-static:os_core_win32.obj
 0001:000062d0       _pj_term_set_color         004072d0 f   pjlib-i386-win32-vc14-release-static:os_core_win32.obj
 0001:000063a0       _pj_thread_check_stack     004073a0 f   pjlib-i386-win32-vc14-release-static:os_core_win32.obj
 0001:000063f0       _pj_thread_create          004073f0 f   pjlib-i386-win32-vc14-release-static:os_core_win32.obj
 0001:00006540       _pj_thread_destroy         00407540 f   pjlib-i386-win32-vc14-release-static:os_core_win32.obj
 0001:000065d0       _pj_thread_get_name        004075d0 f   pjlib-i386-win32-vc14-release-static:os_core_win32.obj
 0001:00006620       _pj_thread_join            00407620 f   pjlib-i386-win32-vc14-release-static:os_core_win32.obj
 0001:000066e0       _pj_thread_local_alloc     004076e0 f   pjlib-i386-win32-vc14-release-static:os_core_win32.obj
 0001:00006730       _pj_thread_local_free      00407730 f   pjlib-i386-win32-vc14-release-static:os_core_win32.obj
 0001:00006780       _pj_thread_local_get       00407780 f   pjlib-i386-win32-vc14-release-static:os_core_win32.obj
 0001:00006790       _pj_thread_local_set       00407790 f   pjlib-i386-win32-vc14-release-static:os_core_win32.obj
 0001:000067d0       _pj_thread_sleep           004077d0 f   pjlib-i386-win32-vc14-release-static:os_core_win32.obj
 0001:00006820       _pj_thread_this            00407820 f   pjlib-i386-win32-vc14-release-static:os_core_win32.obj
 0001:000068d0       _pj_errno_clear_handlers   004078d0 f   pjlib-i386-win32-vc14-release-static:errno.obj
 0001:000068f0       _pj_perror_1               004078f0 f   pjlib-i386-win32-vc14-release-static:errno.obj
 0001:00006ae0       _pj_register_strerror      00407ae0 f   pjlib-i386-win32-vc14-release-static:errno.obj
 0001:00006c00       _pj_log                    00407c00 f   pjlib-i386-win32-vc14-release-static:log.obj
 0001:00007100       _pj_log_1                  00408100 f   pjlib-i386-win32-vc14-release-static:log.obj
 0001:00007120       _pj_log_3                  00408120 f   pjlib-i386-win32-vc14-release-static:log.obj
 0001:00007140       _pj_log_4                  00408140 f   pjlib-i386-win32-vc14-release-static:log.obj
 0001:00007160       _pj_log_5                  00408160 f   pjlib-i386-win32-vc14-release-static:log.obj
 0001:00007180       _pj_log_get_color          00408180 f   pjlib-i386-win32-vc14-release-static:log.obj
 0001:000071f0       _pj_log_get_decor          004081f0 f   pjlib-i386-win32-vc14-release-static:log.obj
 0001:00007200       _pj_log_get_level          00408200 f   pjlib-i386-win32-vc14-release-static:log.obj
 0001:00007210       _pj_log_init               00408210 f   pjlib-i386-win32-vc14-release-static:log.obj
 0001:00007280       _pj_log_set_decor          00408280 f   pjlib-i386-win32-vc14-release-static:log.obj
 0001:00007290       _pj_log_set_log_func       00408290 f   pjlib-i386-win32-vc14-release-static:log.obj
 0001:000072a0       _pj_str                    004082a0 f   pjlib-i386-win32-vc14-release-static:string.obj
 0001:000072c0       _pj_strassign              004082c0 f   pjlib-i386-win32-vc14-release-static:string.obj
 0001:000072e0       _pj_strcat                 004082e0 f   pjlib-i386-win32-vc14-release-static:string.obj
 0001:00007310       _pj_strcat2                00408310 f   pjlib-i386-win32-vc14-release-static:string.obj
 0001:00007350       _pj_strcmp                 00408350 f   pjlib-i386-win32-vc14-release-static:string.obj
 0001:00007400       _pj_strcmp2                00408400 f   pjlib-i386-win32-vc14-release-static:string.obj
 0001:00007460       _pj_strcpy                 00408460 f   pjlib-i386-win32-vc14-release-static:string.obj
 0001:00007490       _pj_strdup                 00408490 f   pjlib-i386-win32-vc14-release-static:string.obj
 0001:000074d0       _pj_strdup2                004084d0 f   pjlib-i386-win32-vc14-release-static:string.obj
 0001:00007530       _pj_stricmp                00408530 f   pjlib-i386-win32-vc14-release-static:string.obj
 0001:00007590       _pj_stricmp2               00408590 f   pjlib-i386-win32-vc14-release-static:string.obj
 0001:00007600       _pj_strltrim               00408600 f   pjlib-i386-win32-vc14-release-static:string.obj
 0001:00007640       _pj_strncmp                00408640 f   pjlib-i386-win32-vc14-release-static:string.obj
 0001:00007680       _pj_strncpy_with_null      00408680 f   pjlib-i386-win32-vc14-release-static:string.obj
 0001:000076c0       _pj_strrtrim               004086c0 f   pjlib-i386-win32-vc14-release-static:string.obj
 0001:00007700       _pj_strtol                 00408700 f   pjlib-i386-win32-vc14-release-static:string.obj
 0001:00007770       _pj_strtoul                00408770 f   pjlib-i386-win32-vc14-release-static:string.obj
 0001:000077d0       _pj_strtrim                004087d0 f   pjlib-i386-win32-vc14-release-static:string.obj
 0001:00007840       _pj_utoa                   00408840 f   pjlib-i386-win32-vc14-release-static:string.obj
 0001:000078c0       _pj_utoa_pad               004088c0 f   pjlib-i386-win32-vc14-release-static:string.obj
 0001:00007ce0       _pj_caching_pool_destroy   00408ce0 f   pjlib-i386-win32-vc14-release-static:pool_caching.obj
 0001:00007dc0       _pj_caching_pool_init      00408dc0 f   pjlib-i386-win32-vc14-release-static:pool_caching.obj
 0001:00007e80       _pj_list_erase             00408e80 f   pjlib-i386-win32-vc14-release-static:list.obj
 0001:00007ea0       _pj_list_insert_after      00408ea0 f   pjlib-i386-win32-vc14-release-static:list.obj
 0001:00007ec0       _pj_list_insert_before     00408ec0 f   pjlib-i386-win32-vc14-release-static:list.obj
 0001:00007ee0       _pj_list_insert_nodes_after 00408ee0 f   pjlib-i386-win32-vc14-release-static:list.obj
 0001:00007f00       _pj_list_search            00408f00 f   pjlib-i386-win32-vc14-release-static:list.obj
 0001:00007f40       _pj_list_size              00408f40 f   pjlib-i386-win32-vc14-release-static:list.obj
 0001:00007fa0       _pj_exception_id_alloc     00408fa0 f   pjlib-i386-win32-vc14-release-static:except.obj
 0001:00007ff0       _pj_exception_id_free      00408ff0 f   pjlib-i386-win32-vc14-release-static:except.obj
 0001:00008030       _pj_pop_exception_handler_ 00409030 f   pjlib-i386-win32-vc14-release-static:except.obj
 0001:00008060       _pj_push_exception_handler_ 00409060 f   pjlib-i386-win32-vc14-release-static:except.obj
 0001:000080b0       _pj_throw_exception_       004090b0 f   pjlib-i386-win32-vc14-release-static:except.obj
 0001:00008350       _pj_hash_create            00409350 f   pjlib-i386-win32-vc14-release-static:hash.obj
 0001:000083a0       _pj_hash_first             004093a0 f   pjlib-i386-win32-vc14-release-static:hash.obj
 0001:000083e0       _pj_hash_get               004093e0 f   pjlib-i386-win32-vc14-release-static:hash.obj
 0001:00008410       _pj_hash_next              00409410 f   pjlib-i386-win32-vc14-release-static:hash.obj
 0001:00008460       _pj_hash_set               00409460 f   pjlib-i386-win32-vc14-release-static:hash.obj
 0001:000084c0       _pj_hash_this              004094c0 f   pjlib-i386-win32-vc14-release-static:hash.obj
 0001:000084e0       _pj_pool_alloc             004094e0 f   pjlib-i386-win32-vc14-release-static:pool.obj
 0001:00008650       _pj_pool_calloc            00409650 f   pjlib-i386-win32-vc14-release-static:pool.obj
 0001:00008680       _pj_pool_create            00409680 f   pjlib-i386-win32-vc14-release-static:pool.obj
 0001:00008690       _pj_pool_create_int        00409690 f   pjlib-i386-win32-vc14-release-static:pool.obj
 0001:000087a0       _pj_pool_destroy_int       004097a0 f   pjlib-i386-win32-vc14-release-static:pool.obj
 0001:000087e0       _pj_pool_get_capacity      004097e0 f   pjlib-i386-win32-vc14-release-static:pool.obj
 0001:000087f0       _pj_pool_get_used_size     004097f0 f   pjlib-i386-win32-vc14-release-static:pool.obj
 0001:00008820       _pj_pool_getobjname        00409820 f   pjlib-i386-win32-vc14-release-static:pool.obj
 0001:00008830       _pj_pool_init_int          00409830 f   pjlib-i386-win32-vc14-release-static:pool.obj
 0001:000088a0       _pj_pool_release           004098a0 f   pjlib-i386-win32-vc14-release-static:pool.obj
 0001:000088c0       _pj_pool_reset             004098c0 f   pjlib-i386-win32-vc14-release-static:pool.obj
 0001:00008a10       _ioqueue_dispatch_exception_event 00409a10 f   pjlib-i386-win32-vc14-release-static:ioqueue_select.obj
 0001:00008b60       _ioqueue_dispatch_read_event 00409b60 f   pjlib-i386-win32-vc14-release-static:ioqueue_select.obj
 0001:00008e00       _ioqueue_dispatch_write_event 00409e00 f   pjlib-i386-win32-vc14-release-static:ioqueue_select.obj
 0001:00009110       _pj_ioqueue_accept         0040a110 f   pjlib-i386-win32-vc14-release-static:ioqueue_select.obj
 0001:00009290       _pj_ioqueue_create         0040a290 f   pjlib-i386-win32-vc14-release-static:ioqueue_select.obj
 0001:00009460       _pj_ioqueue_destroy        0040a460 f   pjlib-i386-win32-vc14-release-static:ioqueue_select.obj
 0001:00009520       _pj_ioqueue_get_user_data  0040a520 f   pjlib-i386-win32-vc14-release-static:ioqueue_select.obj
 0001:00009540       _pj_ioqueue_lock_key       0040a540 f   pjlib-i386-win32-vc14-release-static:ioqueue_select.obj
 0001:00009570       _pj_ioqueue_op_key_init    0040a570 f   pjlib-i386-win32-vc14-release-static:ioqueue_select.obj
 0001:00009590       _pj_ioqueue_poll           0040a590 f   pjlib-i386-win32-vc14-release-static:ioqueue_select.obj
 0001:000098d0       _pj_ioqueue_recv           0040a8d0 f   pjlib-i386-win32-vc14-release-static:ioqueue_select.obj
 0001:00009a40       _pj_ioqueue_recvfrom       0040aa40 f   pjlib-i386-win32-vc14-release-static:ioqueue_select.obj
 0001:00009bc0       _pj_ioqueue_register_sock2 0040abc0 f   pjlib-i386-win32-vc14-release-static:ioqueue_select.obj
 0001:00009d50       _pj_ioqueue_send           0040ad50 f   pjlib-i386-win32-vc14-release-static:ioqueue_select.obj
 0001:00009ef0       _pj_ioqueue_set_concurrency 0040aef0 f   pjlib-i386-win32-vc14-release-static:ioqueue_select.obj
 0001:00009f10       _pj_ioqueue_unlock_key     0040af10 f   pjlib-i386-win32-vc14-release-static:ioqueue_select.obj
 0001:00009f40       _pj_ioqueue_unregister     0040af40 f   pjlib-i386-win32-vc14-release-static:ioqueue_select.obj
 0001:0000a0e0       _pj_sockaddr_in_get_port   0040b0e0 f   pjlib-i386-win32-vc14-release-static:sock_common.obj
 0001:0000a100       _pj_sockaddr_in_init       0040b100 f   pjlib-i386-win32-vc14-release-static:sock_common.obj
 0001:0000a150       _pj_sockaddr_in_set_str_addr 0040b150 f   pjlib-i386-win32-vc14-release-static:sock_common.obj
 0001:0000a240       _pj_gethostname            0040b240 f   pjlib-i386-win32-vc14-release-static:sock_bsd.obj
 0001:0000a2c0       _pj_htons                  0040b2c0 f   pjlib-i386-win32-vc14-release-static:sock_bsd.obj
 0001:0000a2d0       _pj_inet_aton              0040b2d0 f   pjlib-i386-win32-vc14-release-static:sock_bsd.obj
 0001:0000a360       _pj_ntohl                  0040b360 f   pjlib-i386-win32-vc14-release-static:sock_bsd.obj
 0001:0000a370       _pj_ntohs                  0040b370 f   pjlib-i386-win32-vc14-release-static:sock_bsd.obj
 0001:0000a380       _pj_sock_accept            0040b380 f   pjlib-i386-win32-vc14-release-static:sock_bsd.obj
 0001:0000a3f0       _pj_sock_bind              0040b3f0 f   pjlib-i386-win32-vc14-release-static:sock_bsd.obj
 0001:0000a460       _pj_sock_close             0040b460 f   pjlib-i386-win32-vc14-release-static:sock_bsd.obj
 0001:0000a4b0       _pj_sock_getsockname       0040b4b0 f   pjlib-i386-win32-vc14-release-static:sock_bsd.obj
 0001:0000a510       _pj_sock_getsockopt        0040b510 f   pjlib-i386-win32-vc14-release-static:sock_bsd.obj
 0001:0000a580       _pj_sock_listen            0040b580 f   pjlib-i386-win32-vc14-release-static:sock_bsd.obj
 0001:0000a5d0       _pj_sock_recv              0040b5d0 f   pjlib-i386-win32-vc14-release-static:sock_bsd.obj
 0001:0000a640       _pj_sock_recvfrom          0040b640 f   pjlib-i386-win32-vc14-release-static:sock_bsd.obj
 0001:0000a6b0       _pj_sock_send              0040b6b0 f   pjlib-i386-win32-vc14-release-static:sock_bsd.obj
 0001:0000a720       _pj_sock_sendto            0040b720 f   pjlib-i386-win32-vc14-release-static:sock_bsd.obj
 0001:0000a790       _pj_sock_setsockopt        0040b790 f   pjlib-i386-win32-vc14-release-static:sock_bsd.obj
 0001:0000a810       _pj_sock_socket            0040b810 f   pjlib-i386-win32-vc14-release-static:sock_bsd.obj
 0001:0000acb0       _pj_activesock_close       0040bcb0 f   pjlib-i386-win32-vc14-release-static:activesock.obj
 0001:0000ad00       _pj_activesock_create      0040bd00 f   pjlib-i386-win32-vc14-release-static:activesock.obj
 0001:0000ae80       _pj_activesock_get_user_data 0040be80 f   pjlib-i386-win32-vc14-release-static:activesock.obj
 0001:0000aea0       _pj_activesock_send        0040bea0 f   pjlib-i386-win32-vc14-release-static:activesock.obj
 0001:0000af70       _pj_activesock_start_accept 0040bf70 f   pjlib-i386-win32-vc14-release-static:activesock.obj
 0001:0000b040       _pj_activesock_start_read  0040c040 f   pjlib-i386-win32-vc14-release-static:activesock.obj
 0001:0000b1e0       _pj_get_timestamp          0040c1e0 f   pjlib-i386-win32-vc14-release-static:os_timestamp_win32.obj
 0001:0000b240       _pj_get_timestamp_freq     0040c240 f   pjlib-i386-win32-vc14-release-static:os_timestamp_win32.obj
 0001:0000b2a0       _pj_generate_unique_string 0040c2a0 f   pjlib-i386-win32-vc14-release-static:guid_win32.obj
 0001:0000b350       _pj_get_netos_error        0040c350 f   pjlib-i386-win32-vc14-release-static:os_error_win32.obj
 0001:0000b370       _platform_strerror         0040c370 f   pjlib-i386-win32-vc14-release-static:os_error_win32.obj
 0001:0000b450       _pj_log_write              0040c450 f   pjlib-i386-win32-vc14-release-static:log_writer_stdout.obj
 0001:0000b4b0       _pj_gettimeofday           0040c4b0 f   pjlib-i386-win32-vc14-release-static:os_time_win32.obj
 0001:0000b560       _pj_time_decode            0040c560 f   pjlib-i386-win32-vc14-release-static:os_time_win32.obj
 0001:0000b610       ___scrt_initialize_winrt   0040c610 f   LIBCMT:utility_desktop.obj
 0001:0000b610       __get_startup_new_mode     0040c610 f   LIBCMT:new_mode.obj
 0001:0000b610       __get_startup_commit_mode  0040c610 f   LIBCMT:commit_mode.obj
 0001:0000b610       __matherr                  0040c610 f   LIBCMT:matherr.obj
 0001:0000b610       __get_startup_thread_locale_mode 0040c610 f   LIBCMT:thread_locale.obj
 0001:0000b8d0       _pj_grp_lock_acquire       0040c8d0 f   pjlib-i386-win32-vc14-release-static:lock.obj
 0001:0000b8e0       _pj_grp_lock_add_ref       0040c8e0 f   pjlib-i386-win32-vc14-release-static:lock.obj
 0001:0000b900       _pj_grp_lock_dec_ref       0040c900 f   pjlib-i386-win32-vc14-release-static:lock.obj
 0001:0000b930       _pj_grp_lock_release       0040c930 f   pjlib-i386-win32-vc14-release-static:lock.obj
 0001:0000b940       _pj_grp_lock_tryacquire    0040c940 f   pjlib-i386-win32-vc14-release-static:lock.obj
 0001:0000b950       _pj_lock_acquire           0040c950 f   pjlib-i386-win32-vc14-release-static:lock.obj
 0001:0000b970       _pj_lock_create_null_mutex 0040c970 f   pjlib-i386-win32-vc14-release-static:lock.obj
 0001:0000b990       _pj_lock_create_recursive_mutex 0040c990 f   pjlib-i386-win32-vc14-release-static:lock.obj
 0001:0000b9b0       _pj_lock_create_simple_mutex 0040c9b0 f   pjlib-i386-win32-vc14-release-static:lock.obj
 0001:0000b9d0       _pj_lock_destroy           0040c9d0 f   pjlib-i386-win32-vc14-release-static:lock.obj
 0001:0000b9f0       _pj_lock_release           0040c9f0 f   pjlib-i386-win32-vc14-release-static:lock.obj
 0001:0000ba10       _pj_lock_tryacquire        0040ca10 f   pjlib-i386-win32-vc14-release-static:lock.obj
 0001:0000ba30       _pj_pool_create_on_buf     0040ca30 f   pjlib-i386-win32-vc14-release-static:pool_buf.obj
 0001:0000bc00       _pj_time_val_normalize     0040cc00 f   pjlib-i386-win32-vc14-release-static:types.obj
 0001:0000bc90       _pj_gettickcount           0040cc90 f   pjlib-i386-win32-vc14-release-static:os_timestamp_common.obj
 0001:0000bd60       _PJ_FD_CLR                 0040cd60 f   pjlib-i386-win32-vc14-release-static:sock_select.obj
 0001:0000bde0       _PJ_FD_COUNT               0040cde0 f   pjlib-i386-win32-vc14-release-static:sock_select.obj
 0001:0000bdf0       _PJ_FD_ISSET               0040cdf0 f   pjlib-i386-win32-vc14-release-static:sock_select.obj
 0001:0000be20       _PJ_FD_SET                 0040ce20 f   pjlib-i386-win32-vc14-release-static:sock_select.obj
 0001:0000be90       _PJ_FD_ZERO                0040ce90 f   pjlib-i386-win32-vc14-release-static:sock_select.obj
 0001:0000bec0       _pj_sock_select            0040cec0 f   pjlib-i386-win32-vc14-release-static:sock_select.obj
 0001:0000bf30       _pj_getaddrinfo            0040cf30 f   pjlib-i386-win32-vc14-release-static:addr_resolv_sock.obj
 0001:0000c0e6       ___WSAFDIsSet@8            0040d0e6 f   ws2_32:WS2_32.dll
 0001:0000c0ec       @__security_check_cookie@4 0040d0ec f   LIBCMT:_secchk_.obj
 0001:0000c332       _mainCRTStartup            0040d332 f   LIBCMT:exe_main.obj
 0001:0000c33c       ___raise_securityfailure   0040d33c f   LIBCMT:gs_report.obj
 0001:0000c364       ___report_gsfailure        0040d364 f   LIBCMT:gs_report.obj
 0001:0000c45f       ___report_rangecheckfailure 0040d45f f   LIBCMT:gs_report.obj
 0001:0000c46b       ___report_securityfailure  0040d46b f   LIBCMT:gs_report.obj
 0001:0000c540       __alldiv                   0040d540 f   LIBCMT:lldiv.obj
 0001:0000c5f0       __allmul                   0040d5f0 f   LIBCMT:llmul.obj
 0001:0000c630       __ftoui3                   0040d630 f   LIBCMT:_ftol3_.obj
 0001:0000c63f       __ftoul3                   0040d63f f   LIBCMT:_ftol3_.obj
 0001:0000c64e       __ftol3                    0040d64e f   LIBCMT:_ftol3_.obj
 0001:0000c65b       __ftol3_NaN                0040d65b f   LIBCMT:_ftol3_.obj
 0001:0000c673       __ftol3_work               0040d673 f   LIBCMT:_ftol3_.obj
 0001:0000c6f9       __ftol3_common             0040d6f9 f   LIBCMT:_ftol3_.obj
 0001:0000c7bb       __ftol3_arg_error          0040d7bb f   LIBCMT:_ftol3_.obj
 0001:0000c7cd       __ftol3_except             0040d7cd f   LIBCMT:_ftol3_.obj
 0001:0000c811       __dtoui3                   0040d811 f   LIBCMT:_ftol3_.obj
 0001:0000c820       __dtoul3                   0040d820 f   LIBCMT:_ftol3_.obj
 0001:0000c82f       __dtol3                    0040d82f f   LIBCMT:_ftol3_.obj
 0001:0000c83c       __dtol3_NaN                0040d83c f   LIBCMT:_ftol3_.obj
 0001:0000c859       __dtol3_work               0040d859 f   LIBCMT:_ftol3_.obj
 0001:0000c940       __ultod3                   0040d940 f   LIBCMT:_ftol3_.obj
 0001:0000c980       __ltod3                    0040d980 f   LIBCMT:_ftol3_.obj
 0001:0000c9a7       ??$__crt_fast_encode_pointer@PAX@@YAPAXQAX@Z 0040d9a7 f i libvcruntime:winapi_downlevel.obj
 0001:0000c9a7       ??$__crt_fast_encode_pointer@PAP6AXXZ@@YAPAP6AXXZQAP6AXXZ@Z 0040d9a7 f i LIBCMT:utility.obj
 0001:0000ca08       ___scrt_acquire_startup_lock 0040da08 f   LIBCMT:utility.obj
 0001:0000ca3d       ___scrt_initialize_crt     0040da3d f   LIBCMT:utility.obj
 0001:0000ca76       ___scrt_initialize_onexit_tables 0040da76 f   LIBCMT:utility.obj
 0001:0000cb20       ___scrt_is_nonwritable_in_current_image 0040db20 f   LIBCMT:utility.obj
 0001:0000cbaa       ___scrt_release_startup_lock 0040dbaa f   LIBCMT:utility.obj
 0001:0000cbc7       ___scrt_uninitialize_crt   0040dbc7 f   LIBCMT:utility.obj
 0001:0000cbef       __onexit                   0040dbef f   LIBCMT:utility.obj
 0001:0000cc2a       _atexit                    0040dc2a f   LIBCMT:utility.obj
 0001:0000cc8e       ___security_init_cookie    0040dc8e f   LIBCMT:gs_support.obj
 0001:0000ccd9       __get_startup_argv_mode    0040dcd9 f   LIBCMT:argv_mode.obj
 0001:0000ccdd       __get_startup_file_mode    0040dcdd f   LIBCMT:file_mode.obj
 0001:0000cce3       ?__scrt_initialize_type_info@@YAXXZ 0040dce3 f   LIBCMT:tncleanup.obj
 0001:0000ccef       __should_initialize_environment 0040dcef f   LIBCMT:env_mode.obj
 0001:0000ccef       ___acrt_uninitialize_command_line 0040dcef f   libucrt:argv_data.obj
 0001:0000ccf2       __initialize_default_precision 0040dcf2 f   LIBCMT:default_precision.obj
 0001:0000cd13       __initialize_denormal_control 0040dd13 f   LIBCMT:denormal_control.obj
 0001:0000cd13       @_guard_check_icall_nop@4  0040dd13 f   LIBCMT:guard_support.obj
 0001:0000cd13       __initialize_invalid_parameter_handler 0040dd13 f   LIBCMT:invalid_parameter_handler.obj
 0001:0000cd14       ___local_stdio_scanf_options 0040dd14 f i LIBCMT:default_local_stdio_options.obj
 0001:0000cd1a       ___scrt_initialize_default_local_stdio_options 0040dd1a f   LIBCMT:default_local_stdio_options.obj
 0001:0000cd37       ___scrt_is_user_matherr_present 0040dd37 f   LIBCMT:matherr_detection.obj
 0001:0000cd43       ___scrt_get_dyn_tls_init_callback 0040dd43 f   LIBCMT:dyn_tls_init.obj
 0001:0000cd49       ___scrt_get_dyn_tls_dtor_callback 0040dd49 f   LIBCMT:dyn_tls_dtor.obj
 0001:0000cd4f       ___scrt_fastfail           0040dd4f f   LIBCMT:utility_desktop.obj
 0001:0000ce6b       ___scrt_is_managed_app     0040de6b f   LIBCMT:utility_desktop.obj
 0001:0000ceaf       ___scrt_set_unhandled_exception_filter 0040deaf f   LIBCMT:utility_desktop.obj
 0001:0000cebb       ___scrt_unhandled_exception_filter@4 0040debb f   LIBCMT:utility_desktop.obj
 0001:0000cefc       __crt_debugger_hook        0040defc f   LIBCMT:utility_desktop.obj
 0001:0000cf04       __RTC_Initialize           0040df04 f   LIBCMT:_initsect_.obj
 0001:0000cf2f       __RTC_Terminate            0040df2f f   LIBCMT:_initsect_.obj
 0001:0000cf5a       @_guard_check_icall@4      0040df5a f i LIBCMT:checkcfg.obj
 0001:0000cf60       __SEH_prolog4              0040df60 f   LIBCMT:_sehprolg4_.obj
 0001:0000cfa6       __SEH_epilog4              0040dfa6 f   LIBCMT:_sehprolg4_.obj
 0001:0000cfbb       ___isa_available_init      0040dfbb f   LIBCMT:_cpu_disp_.obj
 0001:0000d154       ___scrt_is_ucrt_dll_in_use 0040e154 f   LIBCMT:ucrt_detection.obj
 0001:0000d160       _IsProcessorFeaturePresent@4 0040e160 f   kernel32:KERNEL32.dll
 0001:0000d170       __setjmp3                  0040e170 f   libvcruntime:_setjmp3_.obj
 0001:0000d1f0       _memcpy                    0040e1f0 f   libvcruntime:memcpy.obj
 0001:0000d770       _memset                    0040e770 f   libvcruntime:memset.obj
 0001:0000d8d0       _memmove                   0040e8d0 f   libvcruntime:memmove.obj
 0001:0000de50       _memchr                    0040ee50 f   libvcruntime:memchr.obj
 0001:0000df00       _strchr                    0040ef00 f   libvcruntime:strchr.obj
 0001:0000df6e       ___from_strstr_to_strchr   0040ef6e     libvcruntime:strchr.obj
 0001:0000e02b       _longjmp                   0040f02b f   libvcruntime:longjmpc.obj
 0001:0000e080       __except_handler4          0040f080 f   libvcruntime:_chandler4_.obj
 0001:0000e1dd       ___vcrt_initialize         0040f1dd f   libvcruntime:initialization.obj
 0001:0000e206       ___vcrt_uninitialize       0040f206 f   libvcruntime:initialization.obj
 0001:0000e230       __global_unwind2           0040f230 f   libvcruntime:_exsup_.obj
 0001:0000e296       __local_unwind2            0040f296 f   libvcruntime:_exsup_.obj
 0001:0000e31a       __abnormal_termination     0040f31a f   libvcruntime:_exsup_.obj
 0001:0000e340       __NLG_Notify1              0040f340 f   libvcruntime:_exsup_.obj
 0001:0000e34c       __NLG_Notify               0040f34c f   libvcruntime:_exsup_.obj
 0001:0000e363       __NLG_Dispatch             0040f363     libvcruntime:_exsup_.obj
 0001:0000e363       __NLG_Dispatch2            0040f363     libvcruntime:_exsup_.obj
 0001:0000e36b       __NLG_Call                 0040f36b f   libvcruntime:_exsup_.obj
 0001:0000e36d       __NLG_Return2              0040f36d     libvcruntime:_exsup_.obj
 0001:0000e370       ___longjmp_internal        0040f370 f   libvcruntime:_longjmp_.obj
 0001:0000e421       ___except_validate_context_record 0040f421 f   libvcruntime:jbcxrval.obj
 0001:0000e451       ___except_validate_jump_buffer 0040f451 f   libvcruntime:jbcxrval.obj
 0001:0000e480       __local_unwind4            0040f480 f   libvcruntime:_exsup4_.obj
 0001:0000e558       __seh_longjmp_unwind4@4    0040f558 f   libvcruntime:_exsup4_.obj
 0001:0000e580       @_EH4_CallFilterFunc@8     0040f580 f   libvcruntime:_exsup4_.obj
 0001:0000e598       @_EH4_TransferToHandler@8  0040f598 f   libvcruntime:_exsup4_.obj
 0001:0000e5b4       @_EH4_GlobalUnwind2@8      0040f5b4 f   libvcruntime:_exsup4_.obj
 0001:0000e5d0       @_EH4_LocalUnwind@16       0040f5d0 f   libvcruntime:_exsup4_.obj
 0001:0000e5e7       ___vcrt_freefls@4          0040f5e7 f   libvcruntime:per_thread_data.obj
 0001:0000e603       ___vcrt_initialize_ptd     0040f603 f   libvcruntime:per_thread_data.obj
 0001:0000e649       ___vcrt_uninitialize_ptd   0040f649 f   libvcruntime:per_thread_data.obj
 0001:0000e664       ___vcrt_initialize_locks   0040f664 f   libvcruntime:locks.obj
 0001:0000e6a0       ___vcrt_uninitialize_locks 0040f6a0 f   libvcruntime:locks.obj
 0001:0000e81c       ___vcrt_FlsAlloc           0040f81c f   libvcruntime:winapi_downlevel.obj
 0001:0000e856       ___vcrt_FlsFree            0040f856 f   libvcruntime:winapi_downlevel.obj
 0001:0000e890       ___vcrt_FlsSetValue        0040f890 f   libvcruntime:winapi_downlevel.obj
 0001:0000e8cd       ___vcrt_InitializeCriticalSectionEx 0040f8cd f   libvcruntime:winapi_downlevel.obj
 0001:0000e913       ___vcrt_initialize_winapi_thunks 0040f913 f   libvcruntime:winapi_downlevel.obj
 0001:0000e94d       ___vcrt_uninitialize_winapi_thunks 0040f94d f   libvcruntime:winapi_downlevel.obj
 0001:0000e97f       ___vcrt_initialize_pure_virtual_call_handler 0040f97f f   libvcruntime:purevirt_data.obj
 0001:0000e99c       __rt_probe_read4@4         0040f99c f   libvcruntime:_sehsupp_.obj
 0001:0000e9e0       __CallSettingFrame@12      0040f9e0 f   libvcruntime:lowhelpr.obj
 0001:0000ea07       __NLG_Return               0040fa07     libvcruntime:lowhelpr.obj
 0001:0000ea2c       ___DestructExceptionObject 0040fa2c f   libvcruntime:ehhelpers.obj
 0001:0000eac1       ?_CallMemberFunction0@@YGXQAX0@Z 0040fac1 f i libvcruntime:ehhelpers.obj
 0001:0000ec9f       ??$count@D@formatting_buffer@__crt_stdio_output@@QBEIXZ 0040fc9f f i libucrt:output.obj
 0001:0000ecb7       ??$ensure_buffer_is_big_enough@D@formatting_buffer@__crt_stdio_output@@QAE_NI@Z 0040fcb7 f i libucrt:output.obj
 0001:0000ed36       ??$is_wide_character_specifier@D@__crt_stdio_output@@YA_N_KDW4length_modifier@0@@Z 0040fd36 f i libucrt:output.obj
 0001:0000ed67       ??$scratch_data@D@formatting_buffer@__crt_stdio_output@@QAEPADXZ 0040fd67 f i libucrt:output.obj
 0001:0000ed85       ??$type_case_integer_parse_into_buffer@I@?$output_processor@DV?$string_output_adapter@D@__crt_stdio_output@@V?$standard_base@DV?$string_output_adapter@D@__crt_stdio_output@@@2@@__crt_stdio_output@@AAEXII_N@Z 0040fd85 f i libucrt:output.obj
 0001:0000ed85       ??$type_case_integer_parse_into_buffer@I@?$output_processor@DV?$stream_output_adapter@D@__crt_stdio_output@@V?$standard_base@DV?$stream_output_adapter@D@__crt_stdio_output@@@2@@__crt_stdio_output@@AAEXII_N@Z 0040fd85 f i libucrt:output.obj
 0001:0000edf2       ??$type_case_integer_parse_into_buffer@_K@?$output_processor@DV?$string_output_adapter@D@__crt_stdio_output@@V?$standard_base@DV?$string_output_adapter@D@__crt_stdio_output@@@2@@__crt_stdio_output@@AAEX_KI_N@Z 0040fdf2 f i libucrt:output.obj
 0001:0000edf2       ??$type_case_integer_parse_into_buffer@_K@?$output_processor@DV?$stream_output_adapter@D@__crt_stdio_output@@V?$standard_base@DV?$stream_output_adapter@D@__crt_stdio_output@@@2@@__crt_stdio_output@@AAEX_KI_N@Z 0040fdf2 f i libucrt:output.obj
 0001:0000ee74       ??$write_multiple_characters@V?$stream_output_adapter@D@__crt_stdio_output@@D@__crt_stdio_output@@YAXABV?$stream_output_adapter@D@0@DHQAH@Z 0040fe74 f i libucrt:output.obj
 0001:0000eeaa       ??$write_multiple_characters@V?$string_output_adapter@D@__crt_stdio_output@@D@__crt_stdio_output@@YAXABV?$string_output_adapter@D@0@DHQAH@Z 0040feaa f i libucrt:output.obj
 0001:0000eed6       ??0?$common_data@D@__crt_stdio_output@@IAE@XZ 0040fed6 f i libucrt:output.obj
 0001:0000ef1d       ??0?$output_adapter_data@DV?$string_output_adapter@D@__crt_stdio_output@@@__crt_stdio_output@@IAE@ABV?$string_output_adapter@D@1@_KQBDQAU__crt_locale_pointers@@QAD@Z 0040ff1d f i libucrt:output.obj
 0001:0000ef1d       ??0?$output_adapter_data@DV?$stream_output_adapter@D@__crt_stdio_output@@@__crt_stdio_output@@IAE@ABV?$stream_output_adapter@D@1@_KQBDQAU__crt_locale_pointers@@QAD@Z 0040ff1d f i libucrt:output.obj
 0001:0000ef59       ??0_LocaleUpdate@@QAE@QAU__crt_locale_pointers@@@Z 0040ff59 f i libucrt:output.obj
 0001:0000efdc       ??1formatting_buffer@__crt_stdio_output@@QAE@XZ 0040ffdc f i libucrt:output.obj
 0001:0000eff6       ??4?$__crt_unique_heap_ptr@DU__crt_internal_free_policy@@@@QAEAAV0@$$QAV0@@Z 0040fff6 f i libucrt:output.obj
 0001:0000f0db       ?crop_zeroes@__crt_stdio_output@@YAXPADQAU__crt_locale_pointers@@@Z 004100db f i libucrt:output.obj
 0001:0000f132       ?find_next_state@?$output_processor@DV?$string_output_adapter@D@__crt_stdio_output@@V?$standard_base@DV?$string_output_adapter@D@__crt_stdio_output@@@2@@__crt_stdio_output@@ABE?AW4state@2@DW432@@Z 00410132 f i libucrt:output.obj
 0001:0000f132       ?find_next_state@?$output_processor@DV?$stream_output_adapter@D@__crt_stdio_output@@V?$standard_base@DV?$stream_output_adapter@D@__crt_stdio_output@@@2@@__crt_stdio_output@@ABE?AW4state@2@DW432@@Z 00410132 f i libucrt:output.obj
 0001:0000f164       ?force_decimal_point@__crt_stdio_output@@YAXPADQAU__crt_locale_pointers@@@Z 00410164 f i libucrt:output.obj
 0001:0000f1c0       ?parse_int_from_format_string@?$output_processor@DV?$stream_output_adapter@D@__crt_stdio_output@@V?$standard_base@DV?$stream_output_adapter@D@__crt_stdio_output@@@2@@__crt_stdio_output@@AAE_NQAH@Z 004101c0 f i libucrt:output.obj
 0001:0000f1c0       ?parse_int_from_format_string@?$output_processor@DV?$string_output_adapter@D@__crt_stdio_output@@V?$standard_base@DV?$string_output_adapter@D@__crt_stdio_output@@@2@@__crt_stdio_output@@AAE_NQAH@Z 004101c0 f i libucrt:output.obj
 0001:0000f238       ?process@?$output_processor@DV?$stream_output_adapter@D@__crt_stdio_output@@V?$standard_base@DV?$stream_output_adapter@D@__crt_stdio_output@@@2@@__crt_stdio_output@@QAEHXZ 00410238 f i libucrt:output.obj
 0001:0000f354       ?process@?$output_processor@DV?$string_output_adapter@D@__crt_stdio_output@@V?$standard_base@DV?$string_output_adapter@D@__crt_stdio_output@@@2@@__crt_stdio_output@@QAEHXZ 00410354 f i libucrt:output.obj
 0001:0000f470       ?state_case_flag@?$output_processor@DV?$stream_output_adapter@D@__crt_stdio_output@@V?$standard_base@DV?$stream_output_adapter@D@__crt_stdio_output@@@2@@__crt_stdio_output@@AAE_NXZ 00410470 f i libucrt:output.obj
 0001:0000f470       ?state_case_flag@?$output_processor@DV?$string_output_adapter@D@__crt_stdio_output@@V?$standard_base@DV?$string_output_adapter@D@__crt_stdio_output@@@2@@__crt_stdio_output@@AAE_NXZ 00410470 f i libucrt:output.obj
 0001:0000f4ad       ?state_case_normal@?$output_processor@DV?$stream_output_adapter@D@__crt_stdio_output@@V?$standard_base@DV?$stream_output_adapter@D@__crt_stdio_output@@@2@@__crt_stdio_output@@AAE_NXZ 004104ad f i libucrt:output.obj
 0001:0000f4cc       ?state_case_normal@?$output_processor@DV?$string_output_adapter@D@__crt_stdio_output@@V?$standard_base@DV?$string_output_adapter@D@__crt_stdio_output@@@2@@__crt_stdio_output@@AAE_NXZ 004104cc f i libucrt:output.obj
 0001:0000f4eb       ?state_case_normal_common@?$output_processor@DV?$stream_output_adapter@D@__crt_stdio_output@@V?$standard_base@DV?$stream_output_adapter@D@__crt_stdio_output@@@2@@__crt_stdio_output@@AAE_NXZ 004104eb f i libucrt:output.obj
 0001:0000f527       ?state_case_normal_common@?$output_processor@DV?$string_output_adapter@D@__crt_stdio_output@@V?$standard_base@DV?$string_output_adapter@D@__crt_stdio_output@@@2@@__crt_stdio_output@@AAE_NXZ 00410527 f i libucrt:output.obj
 0001:0000f551       ?state_case_normal_tchar@?$output_processor@DV?$stream_output_adapter@D@__crt_stdio_output@@V?$standard_base@DV?$stream_output_adapter@D@__crt_stdio_output@@@2@@__crt_stdio_output@@AAE_ND@Z 00410551 f i libucrt:output.obj
 0001:0000f5c2       ?state_case_normal_tchar@?$output_processor@DV?$string_output_adapter@D@__crt_stdio_output@@V?$standard_base@DV?$string_output_adapter@D@__crt_stdio_output@@@2@@__crt_stdio_output@@AAE_ND@Z 004105c2 f i libucrt:output.obj
 0001:0000f61e       ?state_case_precision@?$output_processor@DV?$stream_output_adapter@D@__crt_stdio_output@@V?$standard_base@DV?$stream_output_adapter@D@__crt_stdio_output@@@2@@__crt_stdio_output@@AAE_NXZ 0041061e f i libucrt:output.obj
 0001:0000f61e       ?state_case_precision@?$output_processor@DV?$string_output_adapter@D@__crt_stdio_output@@V?$standard_base@DV?$string_output_adapter@D@__crt_stdio_output@@@2@@__crt_stdio_output@@AAE_NXZ 0041061e f i libucrt:output.obj
 0001:0000f646       ?state_case_size@?$output_processor@DV?$stream_output_adapter@D@__crt_stdio_output@@V?$standard_base@DV?$stream_output_adapter@D@__crt_stdio_output@@@2@@__crt_stdio_output@@AAE_NXZ 00410646 f i libucrt:output.obj
 0001:0000f7b7       ?state_case_size@?$output_processor@DV?$string_output_adapter@D@__crt_stdio_output@@V?$standard_base@DV?$string_output_adapter@D@__crt_stdio_output@@@2@@__crt_stdio_output@@AAE_NXZ 004107b7 f i libucrt:output.obj
 0001:0000f928       ?state_case_type@?$output_processor@DV?$stream_output_adapter@D@__crt_stdio_output@@V?$standard_base@DV?$stream_output_adapter@D@__crt_stdio_output@@@2@@__crt_stdio_output@@AAE_NXZ 00410928 f i libucrt:output.obj
 0001:0000fb50       ?state_case_type@?$output_processor@DV?$string_output_adapter@D@__crt_stdio_output@@V?$standard_base@DV?$string_output_adapter@D@__crt_stdio_output@@@2@@__crt_stdio_output@@AAE_NXZ 00410b50 f i libucrt:output.obj
 0001:0000fd78       ?state_case_width@?$output_processor@DV?$stream_output_adapter@D@__crt_stdio_output@@V?$standard_base@DV?$stream_output_adapter@D@__crt_stdio_output@@@2@@__crt_stdio_output@@AAE_NXZ 00410d78 f i libucrt:output.obj
 0001:0000fd78       ?state_case_width@?$output_processor@DV?$string_output_adapter@D@__crt_stdio_output@@V?$standard_base@DV?$string_output_adapter@D@__crt_stdio_output@@@2@@__crt_stdio_output@@AAE_NXZ 00410d78 f i libucrt:output.obj
 0001:0000fda5       ?to_integer_size@__crt_stdio_output@@YAIW4length_modifier@1@@Z 00410da5 f i libucrt:output.obj
 0001:0000fe01       ?type_case_Z@?$output_processor@DV?$stream_output_adapter@D@__crt_stdio_output@@V?$standard_base@DV?$stream_output_adapter@D@__crt_stdio_output@@@2@@__crt_stdio_output@@AAE_NXZ 00410e01 f i libucrt:output.obj
 0001:0000fe01       ?type_case_Z@?$output_processor@DV?$string_output_adapter@D@__crt_stdio_output@@V?$standard_base@DV?$string_output_adapter@D@__crt_stdio_output@@@2@@__crt_stdio_output@@AAE_NXZ 00410e01 f i libucrt:output.obj
 0001:0000fe64       ?type_case_a@?$output_processor@DV?$string_output_adapter@D@__crt_stdio_output@@V?$standard_base@DV?$string_output_adapter@D@__crt_stdio_output@@@2@@__crt_stdio_output@@AAE_NXZ 00410e64 f i libucrt:output.obj
 0001:0000fe64       ?type_case_a@?$output_processor@DV?$stream_output_adapter@D@__crt_stdio_output@@V?$standard_base@DV?$stream_output_adapter@D@__crt_stdio_output@@@2@@__crt_stdio_output@@AAE_NXZ 00410e64 f i libucrt:output.obj
 0001:0000ffc2       ?type_case_c_tchar@?$output_processor@DV?$stream_output_adapter@D@__crt_stdio_output@@V?$standard_base@DV?$stream_output_adapter@D@__crt_stdio_output@@@2@@__crt_stdio_output@@AAE_ND@Z 00410fc2 f i libucrt:output.obj
 0001:0000ffc2       ?type_case_c_tchar@?$output_processor@DV?$string_output_adapter@D@__crt_stdio_output@@V?$standard_base@DV?$string_output_adapter@D@__crt_stdio_output@@@2@@__crt_stdio_output@@AAE_ND@Z 00410fc2 f i libucrt:output.obj
 0001:00010052       ?type_case_integer@?$output_processor@DV?$string_output_adapter@D@__crt_stdio_output@@V?$standard_base@DV?$string_output_adapter@D@__crt_stdio_output@@@2@@__crt_stdio_output@@AAE_NI_N@Z 00411052 f i libucrt:output.obj
 0001:00010052       ?type_case_integer@?$output_processor@DV?$stream_output_adapter@D@__crt_stdio_output@@V?$standard_base@DV?$stream_output_adapter@D@__crt_stdio_output@@@2@@__crt_stdio_output@@AAE_NI_N@Z 00411052 f i libucrt:output.obj
 0001:000101a3       ?type_case_n@?$output_processor@DV?$stream_output_adapter@D@__crt_stdio_output@@V?$standard_base@DV?$stream_output_adapter@D@__crt_stdio_output@@@2@@__crt_stdio_output@@AAE_NXZ 004111a3 f i libucrt:output.obj
 0001:000101a3       ?type_case_n@?$output_processor@DV?$string_output_adapter@D@__crt_stdio_output@@V?$standard_base@DV?$string_output_adapter@D@__crt_stdio_output@@@2@@__crt_stdio_output@@AAE_NXZ 004111a3 f i libucrt:output.obj
 0001:00010217       ?type_case_o@?$output_processor@DV?$string_output_adapter@D@__crt_stdio_output@@V?$standard_base@DV?$string_output_adapter@D@__crt_stdio_output@@@2@@__crt_stdio_output@@AAE_NXZ 00411217 f i libucrt:output.obj
 0001:00010217       ?type_case_o@?$output_processor@DV?$stream_output_adapter@D@__crt_stdio_output@@V?$standard_base@DV?$stream_output_adapter@D@__crt_stdio_output@@@2@@__crt_stdio_output@@AAE_NXZ 00411217 f i libucrt:output.obj
 0001:00010236       ?type_case_p@?$output_processor@DV?$stream_output_adapter@D@__crt_stdio_output@@V?$standard_base@DV?$stream_output_adapter@D@__crt_stdio_output@@@2@@__crt_stdio_output@@AAE_NXZ 00411236 f i libucrt:output.obj
 0001:00010236       ?type_case_p@?$output_processor@DV?$string_output_adapter@D@__crt_stdio_output@@V?$standard_base@DV?$string_output_adapter@D@__crt_stdio_output@@@2@@__crt_stdio_output@@AAE_NXZ 00411236 f i libucrt:output.obj
 0001:0001024e       ?type_case_s@?$output_processor@DV?$string_output_adapter@D@__crt_stdio_output@@V?$standard_base@DV?$string_output_adapter@D@__crt_stdio_output@@@2@@__crt_stdio_output@@AAE_NXZ 0041124e f i libucrt:output.obj
 0001:0001024e       ?type_case_s@?$output_processor@DV?$stream_output_adapter@D@__crt_stdio_output@@V?$standard_base@DV?$stream_output_adapter@D@__crt_stdio_output@@@2@@__crt_stdio_output@@AAE_NXZ 0041124e f i libucrt:output.obj
 0001:000102c1       ?validate@?$stream_output_adapter@D@__crt_stdio_output@@QBE_NXZ 004112c1 f i libucrt:output.obj
 0001:000102e2       ?validate@?$c_string_character_source@D@__crt_strtox@@QBE_NXZ 004112e2 f i libucrt:atox.obj
 0001:000102e2       ?validate@?$string_output_adapter@D@__crt_stdio_output@@QBE_NXZ 004112e2 f i libucrt:output.obj
 0001:000102fd       ?validate_stream_is_ansi_if_required@?$__acrt_stdio_char_traits@D@@SA_NQAU_iobuf@@@Z 004112fd f i libucrt:output.obj
 0001:0001037f       ?write_character@?$string_output_adapter@D@__crt_stdio_output@@QBE_NDQAH@Z 0041137f f i libucrt:output.obj
 0001:000103c1       ?write_character_without_count_update@?$stream_output_adapter@D@__crt_stdio_output@@QBE_ND@Z 004113c1 f i libucrt:output.obj
 0001:000103f6       ?write_stored_string_tchar@?$output_processor@DV?$stream_output_adapter@D@__crt_stdio_output@@V?$standard_base@DV?$stream_output_adapter@D@__crt_stdio_output@@@2@@__crt_stdio_output@@AAE_ND@Z 004113f6 f i libucrt:output.obj
 0001:0001049f       ?write_stored_string_tchar@?$output_processor@DV?$string_output_adapter@D@__crt_stdio_output@@V?$standard_base@DV?$string_output_adapter@D@__crt_stdio_output@@@2@@__crt_stdio_output@@AAE_ND@Z 0041149f f i libucrt:output.obj
 0001:00010548       ?write_string@?$stream_output_adapter@D@__crt_stdio_output@@QBEXQBDHQAHAAV__crt_deferred_errno_cache@@@Z 00411548 f i libucrt:output.obj
 0001:00010573       ?write_string@?$string_output_adapter@D@__crt_stdio_output@@QBEXQBDHQAHAAV__crt_deferred_errno_cache@@@Z 00411573 f i libucrt:output.obj
 0001:000105da       ?write_string_impl@?$output_adapter_common@DV?$stream_output_adapter@D@__crt_stdio_output@@@__crt_stdio_output@@IBEXQBDHQAHAAV__crt_deferred_errno_cache@@@Z 004115da f i libucrt:output.obj
 0001:0001067a       ___stdio_common_vfprintf   0041167a f   libucrt:output.obj
 0001:000106ff       ___stdio_common_vsprintf   004116ff f   libucrt:output.obj
 0001:00010723       ___acrt_initialize_stdio   00411723 f   libucrt:_file.obj
 0001:000107eb       ___acrt_iob_func           004117eb f   libucrt:_file.obj
 0001:000107fb       ___acrt_uninitialize_stdio 004117fb f   libucrt:_file.obj
 0001:00010847       __lock_file                00411847 f   libucrt:_file.obj
 0001:0001085b       __unlock_file              0041185b f   libucrt:_file.obj
 0001:0001092e       _fgets                     0041192e f   libucrt:fgets.obj
 0001:00010a36       _freopen                   00411a36 f   libucrt:freopen.obj
 0001:00010b10       _puts                      00411b10 f   libucrt:puts.obj
 0001:00010c00       _strncpy                   00411c00 f   libucrt:strncpy.obj
 0001:00010d24       __chvalidchk_l             00411d24 f i libucrt:_ctype.obj
 0001:00010d4e       __ischartype_l             00411d4e f i libucrt:_ctype.obj
 0001:00010d81       __isdigit_l                00411d81 f i libucrt:_ctype.obj
 0001:00010db9       __isspace_l                00411db9 f i libucrt:_ctype.obj
 0001:00010df1       _isdigit                   00411df1 f i libucrt:_ctype.obj
 0001:00010e1e       _isspace                   00411e1e f i libucrt:_ctype.obj
 0001:00010e50       _strncmp                   00411e50 f   libucrt:strncmp.obj
 0001:00010ec8       __strnicmp                 00411ec8 f   libucrt:strnicmp.obj
 0001:00010f35       __strnicmp_l               00411f35 f   libucrt:strnicmp.obj
 0001:00011152       __tolower_l                00412152 f   libucrt:tolower_toupper.obj
 0001:0001116c       _tolower                   0041216c f   libucrt:tolower_toupper.obj
 0001:0001119c       _free                      0041219c f   libucrt:free.obj
 0001:000111b9       _malloc                    004121b9 f   libucrt:malloc.obj
 0001:000111d0       __CIfmod                   004121d0 f   libucrt:87fmod_impl.obj
 0001:000111e8       __seh_filter_exe           004121e8 f   libucrt:exception_filter.obj
 0001:0001135b       __query_app_type           0041235b f   libucrt:report_runtime_error.obj
 0001:00011361       __set_app_type             00412361 f   libucrt:report_runtime_error.obj
 0001:00011370       ??$__crt_fast_encode_pointer@P6GXPAXK0@Z@@YAP6GXPAXK0@ZQ6GX0K0@Z@Z 00412370 f i libucrt:exit.obj
 0001:00011370       ??$__crt_fast_encode_pointer@P6AHXZ@@YAP6AHXZQ6AHXZ@Z 00412370 f i libucrt:onexit.obj
 0001:00011370       ??$__crt_fast_encode_pointer@P6AHPAU_exception@@@Z@@YAP6AHPAU_exception@@@ZQ6AH0@Z@Z 00412370 f i libucrt:matherr.obj
 0001:0001138f       ___acrt_has_user_matherr   0041238f f   libucrt:matherr.obj
 0001:000113a7       ___acrt_initialize_user_matherr 004123a7 f   libucrt:matherr.obj
 0001:000113b6       ___acrt_invoke_user_matherr 004123b6 f   libucrt:matherr.obj
 0001:000113ff       ___setusermatherr          004123ff f   libucrt:matherr.obj
 0001:000116be       ___acrt_allocate_buffer_for_argv 004126be f   libucrt:argv_parsing.obj
 0001:0001170d       __configure_narrow_argv    0041270d f   libucrt:argv_parsing.obj
 0001:00011916       ??$uninitialize@A6AXAAPAPAD@Z@?$dual_state_global@PAPAD@__crt_state_management@@QAEXA6AXAAPAPAD@Z@Z 00412916 f i libucrt:environment_initialization.obj
 0001:00011916       ??$uninitialize@A6AXAAPAPA_W@Z@?$dual_state_global@PAPA_W@__crt_state_management@@QAEXA6AXAAPAPA_W@Z@Z 00412916 f i libucrt:environment_initialization.obj
 0001:0001198c       ___dcrt_get_or_create_narrow_environment_nolock 0041298c f   libucrt:environment_initialization.obj
 0001:00011991       ___dcrt_uninitialize_environments_nolock 00412991 f   libucrt:environment_initialization.obj
 0001:000119c8       __get_initial_narrow_environment 004129c8 f   libucrt:environment_initialization.obj
 0001:000119dc       __initialize_narrow_environment 004129dc f   libucrt:environment_initialization.obj
 0001:000119e1       __initterm                 004129e1 f   libucrt:initterm.obj
 0001:00011a3d       __initterm_e               00412a3d f   libucrt:initterm.obj
 0001:00011cc6       ___acrt_initialize_thread_local_exit_callback 00412cc6 f   libucrt:exit.obj
 0001:00011cd5       __c_exit                   00412cd5 f   libucrt:exit.obj
 0001:00011ce4       __cexit                    00412ce4 f   libucrt:exit.obj
 0001:00011cf3       __exit                     00412cf3 f   libucrt:exit.obj
 0001:00011d09       __register_thread_local_exe_atexit_callback 00412d09 f   libucrt:exit.obj
 0001:00011d41       _exit                      00412d41 f   libucrt:exit.obj
 0001:00011d57       __get_fmode                00412d57 f   libucrt:setmode.obj
 0001:00011d83       __set_fmode                00412d83 f   libucrt:setmode.obj
 0001:00011dc0       __setmode_nolock           00412dc0 f   libucrt:setmode.obj
 0001:00011e91       ___acrt_initialize_command_line 00412e91 f   libucrt:argv_data.obj
 0001:00011eaa       ___p___argc                00412eaa f   libucrt:argv_data.obj
 0001:00011eb0       ___p___argv                00412eb0 f   libucrt:argv_data.obj
 0001:00011f1a       ___acrt_set_locale_changed 00412f1a f   libucrt:wsetlocale.obj
 0001:00011f25       ___acrt_uninitialize_locale 00412f25 f   libucrt:wsetlocale.obj
 0001:00011f4e       __configthreadlocale       00412f4e f   libucrt:wsetlocale.obj
 0001:00011fb0       __query_new_mode           00412fb0 f   libucrt:new_mode.obj
 0001:00011fb6       __set_new_mode             00412fb6 f   libucrt:new_mode.obj
 0001:00011fe5       ___p__commode              00412fe5 f   libucrt:ncommode.obj
 0001:00011feb       __errcode                  00412feb f   libucrt:fpexcept.obj
 0001:0001201f       __except1                  0041301f f   libucrt:fpexcept.obj
 0001:000120ed       __handle_exc               004130ed f   libucrt:fpexcept.obj
 0001:000122da       __raise_exc                004132da f   libucrt:fpexcept.obj
 0001:000122fd       __raise_exc_ex             004132fd f   libucrt:fpexcept.obj
 0001:000125ee       __set_errno_from_matherr   004135ee f   libucrt:fpexcept.obj
 0001:0001261d       __umatherr                 0041361d f   libucrt:fpexcept.obj
 0001:000129c6       __crt_atexit               004139c6 f   libucrt:onexit.obj
 0001:000129dc       __execute_onexit_table     004139dc f   libucrt:onexit.obj
 0001:00012a0b       __initialize_onexit_table  00413a0b f   libucrt:onexit.obj
 0001:00012a48       __register_onexit_function 00413a48 f   libucrt:onexit.obj
 0001:00012b89       ___acrt_initialize         00413b89 f   libucrt:initialization.obj
 0001:00012b9b       ___acrt_uninitialize       00413b9b f   libucrt:initialization.obj
 0001:00012bcb       __controlfp_s              00413bcb f   libucrt:contrlfp.obj
 0001:00012c2a       _terminate                 00413c2a f   libucrt:terminate.obj
 0001:00012c66       __free_base                00413c66 f   libucrt:free_base.obj
 0001:00012ca0       __malloc_base              00413ca0 f   libucrt:malloc_base.obj
 0001:00012cee       _strcpy_s                  00413cee f   libucrt:strcpy_s.obj
 0001:00012d48       _abort                     00413d48 f   libucrt:abort.obj
 0001:00012d8c       __calloc_base              00413d8c f   libucrt:calloc_base.obj
 0001:00012de9       _wcsncmp                   00413de9 f   libucrt:wcsncmp.obj
 0001:00012e23       ??$is_overflow_condition@K@__crt_strtox@@YA_NIK@Z 00413e23 f i libucrt:atox.obj
 0001:00012e54       ??$parse_integer@KV?$c_string_character_source@D@__crt_strtox@@@__crt_strtox@@YAKQAU__crt_locale_pointers@@V?$c_string_character_source@D@0@H_N@Z 00413e54 f i libucrt:atox.obj
 0001:0001307d       ?unget@?$c_string_character_source@D@__crt_strtox@@QAEXD@Z 0041407d f i libucrt:atox.obj
 0001:000130a5       ___acrt_call_reportfault   004140a5 f   libucrt:invalid_parameter.obj
 0001:000131e0       ___acrt_initialize_invalid_parameter_handler 004141e0 f   libucrt:invalid_parameter.obj
 0001:000131ef       __invalid_parameter        004141ef f   libucrt:invalid_parameter.obj
 0001:0001326a       __invalid_parameter_noinfo 0041426a f   libucrt:invalid_parameter.obj
 0001:0001327a       __invoke_watson            0041427a f   libucrt:invalid_parameter.obj
 0001:000132ae       ___acrt_errno_from_os_error 004142ae f   libucrt:errno.obj
 0001:000132f1       ___acrt_errno_map_os_error 004142f1 f   libucrt:errno.obj
 0001:00013314       ___doserrno                00414314 f   libucrt:errno.obj
 0001:00013327       __errno                    00414327 f   libucrt:errno.obj
 0001:0001333a       ??$make_c_string_character_source@DPAPAD@__crt_strtox@@YA?AV?$c_string_character_source@D@0@QBDQAPAD@Z 0041433a f i libucrt:strtox.obj
 0001:00013355       _strtol                    00414355 f   libucrt:strtox.obj
 0001:00013381       __mbtowc_l                 00414381 f   libucrt:mbtowc.obj
 0001:0001347f       _mbtowc                    0041447f f   libucrt:mbtowc.obj
 0001:00013499       __wctomb_s_l               00414499 f   libucrt:wctomb.obj
 0001:000135bc       _wctomb_s                  004145bc f   libucrt:wctomb.obj
 0001:000135d9       _strnlen                   004145d9 f   libucrt:strnlen.obj
 0001:000136fb       _wcsnlen                   004146fb f   libucrt:strnlen.obj
 0001:00013bc0       ___acrt_getptd             00414bc0 f   libucrt:per_thread_data.obj
 0001:00013c74       ___acrt_getptd_head        00414c74 f   libucrt:per_thread_data.obj
 0001:00013d0e       ___acrt_getptd_noexit      00414d0e f   libucrt:per_thread_data.obj
 0001:00013dc1       ___acrt_initialize_ptd     00414dc1 f   libucrt:per_thread_data.obj
 0001:00013ded       ___acrt_uninitialize_ptd   00414ded f   libucrt:per_thread_data.obj
 0001:00013e07       ___acrt_update_locale_info 00414e07 f   libucrt:locale_update.obj
 0001:00013e34       ___acrt_update_multibyte_info 00414e34 f   libucrt:locale_update.obj
 0001:00013e61       ?__acrt_fp_classify@@YA?AW4__acrt_fp_class@@ABN@Z 00414e61 f i libucrt:cvt.obj
 0001:00014727       ___acrt_fp_format          00415727 f   libucrt:cvt.obj
 0001:00014860       __fileno                   00415860 f   libucrt:fileno.obj
 0001:00014886       __fputc_nolock             00415886 f   libucrt:fputc.obj
 0001:000148af       __get_printf_count_output  004158af f   libucrt:printf_count_output.obj
 0001:000148c4       ___acrt_stdio_begin_temporary_buffering_nolock 004158c4 f   libucrt:_sftbuf.obj
 0001:00014979       ___acrt_stdio_end_temporary_buffering_nolock 00415979 f   libucrt:_sftbuf.obj
 0001:00014b1e       ___acrt_initialize_lowio   00415b1e f   libucrt:ioinit.obj
 0001:00014b74       ___acrt_uninitialize_lowio 00415b74 f   libucrt:ioinit.obj
 0001:00014d52       ___acrt_AppPolicyGetProcessTerminationMethodInternal@4 00415d52 f   libucrt:winapi_thunks.obj
 0001:00014da9       ___acrt_AreFileApisANSI@0  00415da9 f   libucrt:winapi_thunks.obj
 0001:00014de3       ___acrt_CompareStringEx@36 00415de3 f   libucrt:winapi_thunks.obj
 0001:00014e57       ___acrt_FlsAlloc@4         00415e57 f   libucrt:winapi_thunks.obj
 0001:00014ead       ___acrt_FlsFree@4          00415ead f   libucrt:winapi_thunks.obj
 0001:00014f03       ___acrt_FlsGetValue@4      00415f03 f   libucrt:winapi_thunks.obj
 0001:00014f59       ___acrt_FlsSetValue@8      00415f59 f   libucrt:winapi_thunks.obj
 0001:00014fb3       ___acrt_InitializeCriticalSectionEx@12 00415fb3 f   libucrt:winapi_thunks.obj
 0001:00015015       ___acrt_LCMapStringEx@36   00416015 f   libucrt:winapi_thunks.obj
 0001:00015089       ___acrt_LocaleNameToLCID@8 00416089 f   libucrt:winapi_thunks.obj
 0001:000150d1       ___acrt_initialize_winapi_thunks 004160d1 f   libucrt:winapi_thunks.obj
 0001:0001510d       ___acrt_uninitialize_winapi_thunks 0041610d f   libucrt:winapi_thunks.obj
 0001:00015143       __fcloseall                00416143 f   libucrt:closeall.obj
 0001:000153aa       ___acrt_stdio_flush_nolock 004163aa f   libucrt:fflush.obj
 0001:0001540d       __fflush_nolock            0041640d f   libucrt:fflush.obj
 0001:00015454       __flushall                 00416454 f   libucrt:fflush.obj
 0001:0001545d       ___acrt_stdio_free_buffer_nolock 0041645d f   libucrt:_freebuf.obj
 0001:0001549b       __fgetc_nolock             0041649b f   libucrt:fgetc.obj
 0001:000154d7       __getc_nolock              004164d7 f   libucrt:fgetc.obj
 0001:000154e2       __fclose_nolock            004164e2 f   libucrt:fclose.obj
 0001:00015558       _fclose                    00416558 f   libucrt:fclose.obj
 0001:000155d1       ??$__acrt_stdio_parse_mode@D@@YA?AU__acrt_stdio_stream_mode@@QBD@Z 004165d1 f i libucrt:openfile.obj
 0001:00015883       ?__acrt_stdio_parse_mode_D@@YA_NAAU__acrt_stdio_stream_mode@@@Z 00416883 f i libucrt:openfile.obj
 0001:0001589e       ?__acrt_stdio_parse_mode_T@@YA_NAAU__acrt_stdio_stream_mode@@@Z 0041689e f i libucrt:openfile.obj
 0001:000158bd       ?__acrt_stdio_parse_mode_b@@YA_NAAU__acrt_stdio_stream_mode@@@Z 004168bd f i libucrt:openfile.obj
 0001:000158dd       ?__acrt_stdio_parse_mode_c@@YA_NAAU__acrt_stdio_stream_mode@@AA_N@Z 004168dd f i libucrt:openfile.obj
 0001:000158ff       ?__acrt_stdio_parse_mode_n@@YA_NAAU__acrt_stdio_stream_mode@@AA_N@Z 004168ff f i libucrt:openfile.obj
 0001:00015921       ?__acrt_stdio_parse_mode_plus@@YA_NAAU__acrt_stdio_stream_mode@@AA_N@Z 00416921 f i libucrt:openfile.obj
 0001:00015956       ?__acrt_stdio_parse_mode_t@@YA_NAAU__acrt_stdio_stream_mode@@@Z 00416956 f i libucrt:openfile.obj
 0001:00015976       __openfile                 00416976 f   libucrt:openfile.obj
 0001:00015981       __fwrite_nolock            00416981 f   libucrt:fwrite.obj
 0001:00015afc       ___pctype_func             00416afc f   libucrt:ctype.obj
 0001:00015b22       __isctype_l                00416b22 f   libucrt:isctype.obj
 0001:00015c00       ___ascii_strnicmp          00416c00 f   libucrt:_strnicm.obj
 0001:00015c61       __isleadbyte_l             00416c61 f i libucrt:_wctype.obj
 0001:00015e80       ___acrt_LCMapStringA       00416e80 f   libucrt:lcmapstringa.obj
 0001:00015ecb       __freea_crt                00416ecb f i libucrt:lcmapstringa.obj
 0001:00015ef0       __cintrindisp2             00416ef0 f   libucrt:87cdisp.obj
 0001:00015f40       __cintrindisp1             00416f40 f   libucrt:87cdisp.obj
 0001:00015f89       __ctrandisp2               00416f89 f   libucrt:87cdisp.obj
 0001:00016118       __ctrandisp1               00417118 f   libucrt:87cdisp.obj
 0001:0001614b       __fload                    0041714b f   libucrt:87cdisp.obj
 0001:00016190       __trandisp1                00417190 f   libucrt:87disp.obj
 0001:000161f7       __trandisp2                004171f7 f   libucrt:87disp.obj
 0001:00016283       __rttospopde               00417283     libucrt:87disp.obj
 0001:00016288       __rttospop                 00417288     libucrt:87disp.obj
 0001:0001628a       __rtnospop                 0041728a     libucrt:87disp.obj
 0001:0001628c       __rttosnpop                0041728c     libucrt:87disp.obj
 0001:0001628d       __rtnospopde               0041728d     libucrt:87disp.obj
 0001:00016294       __rtzeropop                00417294     libucrt:87disp.obj
 0001:00016296       __rtzeronpop               00417296     libucrt:87disp.obj
 0001:0001629b       __rtzerospop               0041729b     libucrt:87disp.obj
 0001:000162a8       __rtonepop                 004172a8     libucrt:87disp.obj
 0001:000162aa       __rtonenpop                004172aa     libucrt:87disp.obj
 0001:000162af       __tosnan1                  004172af     libucrt:87disp.obj
 0001:000162da       __nosnan2                  004172da     libucrt:87disp.obj
 0001:000162dc       __tosnan2                  004172dc     libucrt:87disp.obj
 0001:00016304       __nan2                     00417304     libucrt:87disp.obj
 0001:00016343       __rtindfpop                00417343     libucrt:87disp.obj
 0001:00016345       __rtindfnpop               00417345     libucrt:87disp.obj
 0001:00016356       __rttosnpopde              00417356     libucrt:87disp.obj
 0001:00016360       __rtatan2inf               00417360     libucrt:87disp.obj
 0001:0001637d       __rtchsifneg               0041737d     libucrt:87disp.obj
 0001:00016836       ___acrt_expand_narrow_argv_wildcards 00417836 f   libucrt:argv_wildcards.obj
 0001:00016d5f       ___acrt_initialize_multibyte 00417d5f f   libucrt:mbctype.obj
 0001:00016da7       ___acrt_update_thread_multibyte_data 00417da7 f   libucrt:mbctype.obj
 0001:00016dba       __setmbcp_nolock           00417dba f   libucrt:mbctype.obj
 0001:0001708e       __ismbblead                0041808e f   libucrt:ismbbyte.obj
 0001:000170dd       ___dcrt_get_narrow_environment_from_os 004180dd f   libucrt:get_environment_from_os.obj
 0001:000174be       ___dcrt_set_variable_in_narrow_environment_nolock 004184be f   libucrt:setenv.obj
 0001:000174c9       ___acrt_initialize_locks   004184c9 f   libucrt:locks.obj
 0001:0001750a       ___acrt_lock               0041850a f   libucrt:locks.obj
 0001:00017521       ___acrt_uninitialize_locks 00418521 f   libucrt:locks.obj
 0001:00017552       ___acrt_unlock             00418552 f   libucrt:locks.obj
 0001:00017569       ___acrt_get_process_end_policy 00418569 f   libucrt:win_policies.obj
 0001:0001759c       ___acrt_lowio_create_handle_array 0041859c f   libucrt:osfinfo.obj
 0001:00017616       ___acrt_lowio_destroy_handle_array 00418616 f   libucrt:osfinfo.obj
 0001:0001764b       ___acrt_lowio_ensure_fh_exists 0041864b f   libucrt:osfinfo.obj
 0001:000176df       ___acrt_lowio_lock_fh      004186df f   libucrt:osfinfo.obj
 0001:00017702       ___acrt_lowio_set_os_handle 00418702 f   libucrt:osfinfo.obj
 0001:00017796       ___acrt_lowio_unlock_fh    00418796 f   libucrt:osfinfo.obj
 0001:000177b9       __alloc_osfhnd             004187b9 f   libucrt:osfinfo.obj
 0001:000178c2       __free_osfhnd              004188c2 f   libucrt:osfinfo.obj
 0001:00017953       __get_osfhandle            00418953 f   libucrt:osfinfo.obj
 0001:000179bd       ___acrt_locale_free_monetary 004189bd f   libucrt:initmon.obj
 0001:00017abb       ___acrt_locale_free_numeric 00418abb f   libucrt:initnum.obj
 0001:00017b5c       ___acrt_locale_free_time   00418b5c f   libucrt:inittime.obj
 0001:00017c40       ___acrt_GetStringTypeA     00418c40 f   libucrt:getstringtypea.obj
 0001:00017d44       ___acrt_add_locale_ref     00418d44 f   libucrt:locale_refcounting.obj
 0001:00017dc1       ___acrt_free_locale        00418dc1 f   libucrt:locale_refcounting.obj
 0001:00017f0b       ___acrt_locale_add_lc_time_reference 00418f0b f   libucrt:locale_refcounting.obj
 0001:00017f34       ___acrt_locale_free_lc_time_if_unreferenced 00418f34 f   libucrt:locale_refcounting.obj
 0001:00017f64       ___acrt_locale_release_lc_time_reference 00418f64 f   libucrt:locale_refcounting.obj
 0001:00017f8d       ___acrt_release_locale_ref 00418f8d f   libucrt:locale_refcounting.obj
 0001:0001800e       ___acrt_update_thread_locale_data 0041900e f   libucrt:locale_refcounting.obj
 0001:00018085       __updatetlocinfoEx_nolock  00419085 f   libucrt:locale_refcounting.obj
 0001:000180d5       __decomp                   004190d5 f   libucrt:util.obj
 0001:000181a9       __set_exp                  004191a9 f   libucrt:util.obj
 0001:000181d8       __sptype                   004191d8 f   libucrt:util.obj
 0001:00018236       ___set_fpsr_sse2           00419236 f   libucrt:fpctrl.obj
 0001:000182ac       __clrfp                    004192ac f   libucrt:fpctrl.obj
 0001:000182bf       __ctrlfp                   004192bf f   libucrt:fpctrl.obj
 0001:000182eb       __set_statfp               004192eb f   libucrt:fpctrl.obj
 0001:00018346       __statfp                   00419346 f   libucrt:fpctrl.obj
 0001:00018358       __recalloc                 00419358 f   libucrt:recalloc.obj
 0001:00018363       __recalloc_base            00419363 f   libucrt:recalloc.obj
 0001:000183d0       ___acrt_initialize_heap    004193d0 f   libucrt:heap_handle.obj
 0001:000183e1       ___acrt_uninitialize_heap  004193e1 f   libucrt:heap_handle.obj
 0001:000183eb       ___acrt_execute_initializers 004193eb f   libucrt:shared_initialization.obj
 0001:0001846e       ___acrt_execute_uninitializers 0041946e f   libucrt:shared_initialization.obj
 0001:000184b6       ___acrt_initialize_new_handler 004194b6 f   libucrt:new_handler.obj
 0001:000184c5       __callnewh                 004194c5 f   libucrt:new_handler.obj
 0001:00018509       __query_new_handler        00419509 f   libucrt:new_handler.obj
 0001:0001861f       ___acrt_get_sigabrt_handler 0041961f f   libucrt:signal.obj
 0001:00018648       ___acrt_initialize_signal_handlers 00419648 f   libucrt:signal.obj
 0001:00018666       ___fpecode                 00419666 f   libucrt:signal.obj
 0001:0001866f       _raise                     0041966f f   libucrt:signal.obj
 0001:0001890c       __clearfp                  0041990c f   libucrt:ieee87.obj
 0001:000189ec       __control87                004199ec f   libucrt:ieee87.obj
 0001:00018d8a       ___acrt_MultiByteToWideChar 00419d8a f   libucrt:multibytetowidechar.obj
 0001:00018da9       ___acrt_WideCharToMultiByte 00419da9 f   libucrt:widechartomultibyte.obj
 0001:00018dce       ___acrt_fp_strflt_to_string 00419dce f   libucrt:_fptostr.obj
 0001:00018e90       ?divide@__crt_strtox@@YA_KAAUbig_integer@1@ABU21@@Z 00419e90 f i libucrt:cfout.obj
 0001:00019332       ___acrt_fltout             0041a332 f   libucrt:cfout.obj
 0001:0001a881       ___acrt_stdio_flush_and_write_narrow_nolock 0041b881 f   libucrt:_flsbuf.obj
 0001:0001a88c       __isatty                   0041b88c f   libucrt:isatty.obj
 0001:0001a996       ___acrt_DownlevelLocaleNameToLCID 0041b996 f   libucrt:lcidtoname_downlevel.obj
 0001:0001aa5a       __commit                   0041ba5a f   libucrt:commit.obj
 0001:0001b07a       __write                    0041c07a f   libucrt:write.obj
 0001:0001b162       __write_nolock             0041c162 f   libucrt:write.obj
 0001:0001b4f7       ___acrt_stdio_refill_and_read_narrow_nolock 0041c4f7 f   libucrt:_filbuf.obj
 0001:0001b584       __close                    0041c584 f   libucrt:close.obj
 0001:0001b613       __close_nolock             0041c613 f   libucrt:close.obj
 0001:0001b6af       ?__acrt_stdio_free_stream@@YAXV__crt_stdio_stream@@@Z 0041c6af f   libucrt:stream.obj
 0001:0001bcab       __sopen_nolock             0041ccab f   libucrt:open.obj
 0001:0001bcfc       __sopen_s                  0041ccfc f   libucrt:open.obj
 0001:0001bd1c       __wsopen_nolock            0041cd1c f   libucrt:open.obj
 0001:0001c045       ___strncnt                 0041d045 f   libucrt:strncnt.obj
 0001:0001c061       __87except                 0041d061 f   libucrt:87except.obj
 0001:0001c1b0       _qsort                     0041d1b0 f   libucrt:qsort.obj
 0001:0001c6a5       _strncpy_s                 0041d6a5 f   libucrt:strncpy_s.obj
 0001:0001c6b0       _strpbrk                   0041d6b0 f   libucrt:strpbrk.obj
 0001:0001c6f0       __mbsdec                   0041d6f0 f   libucrt:mbsdec.obj
 0001:0001c707       __mbsdec_l                 0041d707 f   libucrt:mbsdec.obj
 0001:0001c78d       __strnicoll                0041d78d f   libucrt:strnicol.obj
 0001:0001c7b6       __strnicoll_l              0041d7b6 f   libucrt:strnicol.obj
 0001:0001c880       __msize                    0041d880 f   libucrt:msize.obj
 0001:0001c88b       __msize_base               0041d88b f   libucrt:msize.obj
 0001:0001c8be       __realloc_base             0041d8be f   libucrt:realloc_base.obj
 0001:0001c927       _fegetenv                  0041d927 f   libucrt:fegetenv.obj
 0001:0001c944       _fesetenv                  0041d944 f   libucrt:fesetenv.obj
 0001:0001c991       _feholdexcept              0041d991 f   libucrt:feholdexcept.obj
 0001:0001c9e0       __CIlog10                  0041d9e0 f   libucrt:log10_impl.obj
 0001:0001ca1b       __CIlog10_default          0041da1b f   libucrt:log10_impl.obj
 0001:0001ca2f       __log10_default            0041da2f     libucrt:log10_impl.obj
 0001:0001caf0       _ceil                      0041daf0 f   libucrt:ceil_pentium4.obj
 0001:0001cb30       __ceil_pentium4            0041db30 f   libucrt:ceil_pentium4.obj
 0001:0001cd8d       __lseeki64                 0041dd8d f   libucrt:lseek.obj
 0001:0001cda8       __lseeki64_nolock          0041dda8 f   libucrt:lseek.obj
 0001:0001cdc3       ___acrt_stdio_allocate_buffer_nolock 0041ddc3 f   libucrt:_getbuf.obj
 0001:0001ce20       __putwch_nolock            0041de20 f   libucrt:putwch.obj
 0001:0001d315       __read                     0041e315 f   libucrt:read.obj
 0001:0001d41f       __read_nolock              0041e41f f   libucrt:read.obj
 0001:0001d7d4       ___acrt_copy_path_to_wide_string 0041e7d4 f   libucrt:string_utilities.obj
 0001:0001d89b       __chsize_nolock            0041e89b f   libucrt:chsize.obj
 0001:0001dc9f       ___acrt_CompareStringA     0041ec9f f   libucrt:comparestringa.obj
 0001:0001e067       ___acrt_fenv_get_control   0041f067 f   libucrt:_fenvutils.obj
 0001:0001e0e9       ___acrt_fenv_get_status    0041f0e9 f   libucrt:_fenvutils.obj
 0001:0001e1ac       ___acrt_fenv_set_control   0041f1ac f   libucrt:_fenvutils.obj
 0001:0001e216       ___acrt_fenv_set_status    0041f216 f   libucrt:_fenvutils.obj
 0001:0001e30f       ___acrt_initialize_sse2    0041f30f f   libucrt:mathfcns.obj
 0001:0001e320       __CIlog10_pentium4         0041f320 f   libucrt:log10_pentium4.obj
 0001:0001e338       __log10_pentium4           0041f338     libucrt:log10_pentium4.obj
 0001:0001e5c1       __fFEXP                    0041f5c1     libucrt:87tran.obj
 0001:0001e618       __rtinfpopse               0041f618     libucrt:87tran.obj
 0001:0001e61a       __rtinfnpopse              0041f61a     libucrt:87tran.obj
 0001:0001e62a       __fFLN                     0041f62a     libucrt:87tran.obj
 0001:0001e6df       __rtinfpop                 0041f6df     libucrt:87tran.obj
 0001:0001e6e1       __rtinfnpop                0041f6e1     libucrt:87tran.obj
 0001:0001e6fe       __ffexpm1                  0041f6fe     libucrt:87tran.obj
 0001:0001e7b0       __twoToTOS                 0041f7b0 f   libucrt:common.obj
 0001:0001e7c5       __load_CW                  0041f7c5 f   libucrt:common.obj
 0001:0001e7dc       __convertTOStoQNaN         0041f7dc f   libucrt:common.obj
 0001:0001e7f5       __fload_withFB             0041f7f5 f   libucrt:common.obj
 0001:0001e838       __checkTOS_withFB          0041f838 f   libucrt:common.obj
 0001:0001e84e       __fast_exit                0041f84e f   libucrt:common.obj
 0001:0001e85b       __math_exit                0041f85b f   libucrt:common.obj
 0001:0001e885       __check_overflow_exit      0041f885 f   libucrt:common.obj
 0001:0001e899       __check_range_exit         0041f899 f   libucrt:common.obj
 0001:0001e940       __startTwoArgErrorHandling 0041f940 f   libucrt:genexcep.obj
 0001:0001e957       __startOneArgErrorHandling 0041f957 f   libucrt:genexcep.obj
 0001:0001e993       ___libm_error_support      0041f993 f   libucrt:libm_error.obj
 0001:0001ebab       __ceil_default             0041fbab f   libucrt:ceil.obj
 0001:0001ec83       ___dcrt_lowio_ensure_console_output_initialized 0041fc83 f   libucrt:initcon.obj
 0001:0001eca2       ___dcrt_terminate_console_output 0041fca2 f   libucrt:initcon.obj
 0001:0001ecb9       ___dcrt_write_console_w    0041fcb9 f   libucrt:initcon.obj
 0001:0001ed0e       __d_inttype                0041fd0e f   libucrt:powhlp.obj
 0001:0001ed78       __powhlp                   0041fd78 f   libucrt:powhlp.obj
 0001:0001eea3       __frnd                     0041fea3 f   libucrt:frnd.obj
 0001:0001eeb9       __fpclass                  0041feb9 f   libucrt:ieeemisc.obj
 0001:0001ef60       __FindPESection            0041ff60 f   LIBCMT:pesect.obj
 0001:0001efc0       __IsNonwritableInCurrentImage 0041ffc0 f   LIBCMT:pesect.obj
 0001:0001f080       __ValidateImageBase        00420080 f   LIBCMT:pesect.obj
 0001:0001f0c0       __aulldvrm                 004200c0 f   LIBCMT:ulldvrm.obj
 0001:0001f160       __SEH_prolog4_GS           00420160 f   LIBCMT:_sehprolg4gs_.obj
 0001:0001f1a9       __SEH_epilog4_GS           004201a9 f   LIBCMT:_sehprolg4gs_.obj
 0001:0001f1c0       __alldvrm                  004201c0 f   LIBCMT:lldvrm.obj
 0001:0001f2a0       __aullshr                  004202a0 f   LIBCMT:ullshr.obj
 0001:0001f2c0       __alloca_probe_16          004202c0 f   LIBCMT:alloca16.obj
 0001:0001f2d6       __alloca_probe_8           004202d6     LIBCMT:alloca16.obj
 0001:0001f2f0       __allshl                   004202f0 f   LIBCMT:llshl.obj
 0001:0001f310       __ftol2_sse                00420310 f   LIBCMT:_ftol2_.obj
 0001:0001f319       __ftol2_pentium4           00420319 f   LIBCMT:_ftol2_.obj
 0001:0001f32c       __ftol2_sse_excpt          0042032c f   LIBCMT:_ftol2_.obj
 0001:0001f350       __ftol2                    00420350 f   LIBCMT:_ftol2_.obj
 0001:0001f3d0       __chkstk                   004203d0 f   LIBCMT:chkstk.obj
 0001:0001f3d0       __alloca_probe             004203d0 f   LIBCMT:chkstk.obj
 0001:0001f3fd       _RtlUnwind@16              004203fd f   kernel32:KERNEL32.dll
 0001:0001f410       _strrchr                   00420410 f   libvcruntime:strrchr.obj
 0002:00000000       __imp__FreeLibrary@4       00421000     kernel32:KERNEL32.dll
 0002:00000004       __imp__DecodePointer@4     00421004     kernel32:KERNEL32.dll
 0002:00000008       __imp__SetEndOfFile@4      00421008     kernel32:KERNEL32.dll
 0002:0000000c       __imp__ReadConsoleW@20     0042100c     kernel32:KERNEL32.dll
 0002:00000010       __imp__ReadFile@20         00421010     kernel32:KERNEL32.dll
 0002:00000014       __imp__SetFilePointerEx@20 00421014     kernel32:KERNEL32.dll
 0002:00000018       __imp__HeapReAlloc@16      00421018     kernel32:KERNEL32.dll
 0002:0000001c       __imp__HeapSize@12         0042101c     kernel32:KERNEL32.dll
 0002:00000020       __imp__CreateFileW@28      00421020     kernel32:KERNEL32.dll
[...]
 0002:000077dc       IeeeAdjU                   004287dc     libucrt:common.obj
 0002:000077e4       _infinity                  004287e4     libucrt:common.obj
 0002:000077ec       _zero                      004287ec     libucrt:common.obj
 0002:00008388       __sehtable$?__scrt_common_main_seh@@YAHXZ 00429388     LIBCMT:exe_main.obj
 0002:000083a8       __sehtable$___scrt_is_nonwritable_in_current_image 004293a8     LIBCMT:utility.obj
 0002:000083c8       __sehtable$__rt_probe_read4@4 004293c8     libvcruntime:_sehsupp_.obj
 0002:000083e8       __sehtable$___DestructExceptionObject 004293e8     libvcruntime:ehhelpers.obj
 0002:00008408       __sehtable$??$?RV<lambda_80d7abc6eae2375db70be92ccaaf9b57>@@AAV<lambda_df52180bf14694d51fdefd82613e8f07>@@V<lambda_4fa1155033dff2042363dba4e2dc3802>@@@?$__crt_seh_guarded_call@H@@QAEH$$QAV<lambda_80d7abc6eae2375db70be92ccaaf9b57>@@AAV<lambda_df52180bf14694d51fdefd82613e8f07>@@$$QAV<lambda_4fa1155033dff2042363dba4e2dc3802>@@@Z 00429408     libucrt:output.obj
 0002:00008428       __sehtable$??$common_fgets@D@@YAPADQADHV__crt_stdio_stream@@@Z 00429428     libucrt:fgets.obj
 0002:00008448       __sehtable$??$common_freopen@D@@YAHQAPAU_iobuf@@QBD1V__crt_stdio_stream@@H@Z 00429448     libucrt:freopen.obj
 0002:00008468       __sehtable$??$?RV<lambda_cd71a80a2e07be5c049dbac2d42b50cf>@@AAV<lambda_3126a0d026c48c72336a1719c85146ae>@@V<lambda_054a4245c223b8b973249f076dad6b96>@@@?$__crt_seh_guarded_call@H@@QAEH$$QAV<lambda_cd71a80a2e07be5c049dbac2d42b50cf>@@AAV<lambda_3126a0d026c48c72336a1719c85146ae>@@$$QAV<lambda_054a4245c223b8b973249f076dad6b96>@@@Z 00429468     libucrt:puts.obj
 0002:00008488       __sehtable$??R<lambda_6e4b09c48022b2350581041d5f6b0c4c>@@QBE@XZ 00429488     libucrt:exit.obj
 0002:000084a8       __sehtable$??$?RV<lambda_03b1d95aef87969028cfba75ccab2455>@@AAV<lambda_6e4b09c48022b2350581041d5f6b0c4c>@@V<lambda_22bdf7517842c4b3e53723af5aa32b9e>@@@?$__crt_seh_guarded_call@X@@QAEX$$QAV<lambda_03b1d95aef87969028cfba75ccab2455>@@AAV<lambda_6e4b09c48022b2350581041d5f6b0c4c>@@$$QAV<lambda_22bdf7517842c4b3e53723af5aa32b9e>@@@Z 004294a8     libucrt:exit.obj
 0002:000084c8       __sehtable$??$?RV<lambda_e5124f882df8998aaf41531e079ba474>@@AAV<lambda_3e16ef9562a7dcce91392c22ab16ea36>@@V<lambda_e25ca0880e6ef98be67edffd8c599615>@@@?$__crt_seh_guarded_call@X@@QAEX$$QAV<lambda_e5124f882df8998aaf41531e079ba474>@@AAV<lambda_3e16ef9562a7dcce91392c22ab16ea36>@@$$QAV<lambda_e25ca0880e6ef98be67edffd8c599615>@@@Z 004294c8     libucrt:wsetlocale.obj
 0002:000084e8       __sehtable$??$?RV<lambda_7ac4055421038abea736e08bd20712a4>@@AAV<lambda_a10e4b102d4a2c3aac6f4f48bbdf488f>@@V<lambda_1da61822885009acd1bf848af4f9644b>@@@?$__crt_seh_guarded_call@H@@QAEH$$QAV<lambda_7ac4055421038abea736e08bd20712a4>@@AAV<lambda_a10e4b102d4a2c3aac6f4f48bbdf488f>@@$$QAV<lambda_1da61822885009acd1bf848af4f9644b>@@@Z 004294e8     libucrt:onexit.obj
 0002:00008508       __sehtable$??$?RV<lambda_69a2805e680e0e292e8ba93315fe43a8>@@AAV<lambda_f03950bc5685219e0bcd2087efbe011e>@@V<lambda_03fcd07e894ec930e3f35da366ca99d6>@@@?$__crt_seh_guarded_call@H@@QAEH$$QAV<lambda_69a2805e680e0e292e8ba93315fe43a8>@@AAV<lambda_f03950bc5685219e0bcd2087efbe011e>@@$$QAV<lambda_03fcd07e894ec930e3f35da366ca99d6>@@@Z 00429508     libucrt:onexit.obj
 0002:00008528       __sehtable$_terminate      00429528     libucrt:terminate.obj
 0002:00008548       __sehtable$??$?RV<lambda_15ade71b0218206bbe3333a0c9b79046>@@AAV<lambda_da44e0f8b0f19ba52fefafb335991732>@@V<lambda_207f2d024fc103971653565357d6cd41>@@@?$__crt_seh_guarded_call@X@@QAEX$$QAV<lambda_15ade71b0218206bbe3333a0c9b79046>@@AAV<lambda_da44e0f8b0f19ba52fefafb335991732>@@$$QAV<lambda_207f2d024fc103971653565357d6cd41>@@@Z 00429548     libucrt:per_thread_data.obj
 0002:00008568       __sehtable$??$?RV<lambda_a7e850c220f1c8d1e6efeecdedd162c6>@@AAV<lambda_46720907175c18b6c9d2717bc0d2d362>@@V<lambda_9048902d66e8d99359bc9897bbb930a8>@@@?$__crt_seh_guarded_call@X@@QAEX$$QAV<lambda_a7e850c220f1c8d1e6efeecdedd162c6>@@AAV<lambda_46720907175c18b6c9d2717bc0d2d362>@@$$QAV<lambda_9048902d66e8d99359bc9897bbb930a8>@@@Z 00429568     libucrt:per_thread_data.obj
 0002:00008588       __sehtable$??$?RV<lambda_38edbb1296d33220d7e4dd0ed76b244a>@@AAV<lambda_5ce1d447e08cb34b2473517608e21441>@@V<lambda_fb385d3da700c9147fc39e65dd577a8c>@@@?$__crt_seh_guarded_call@X@@QAEX$$QAV<lambda_38edbb1296d33220d7e4dd0ed76b244a>@@AAV<lambda_5ce1d447e08cb34b2473517608e21441>@@$$QAV<lambda_fb385d3da700c9147fc39e65dd577a8c>@@@Z 00429588     libucrt:per_thread_data.obj
 0002:000085a8       __sehtable$??$?RV<lambda_6affb1475c98b40b75cdec977db92e3c>@@AAV<lambda_b8d4b9c228a6ecc3f80208dbb4b4a104>@@V<lambda_608742c3c92a14382c1684fc64f96c88>@@@?$__crt_seh_guarded_call@X@@QAEX$$QAV<lambda_6affb1475c98b40b75cdec977db92e3c>@@AAV<lambda_b8d4b9c228a6ecc3f80208dbb4b4a104>@@$$QAV<lambda_608742c3c92a14382c1684fc64f96c88>@@@Z 004295a8     libucrt:per_thread_data.obj
 0002:000085c8       __sehtable$___acrt_initialize_lowio 004295c8     libucrt:ioinit.obj
 0002:000085e8       __sehtable$__fcloseall     004295e8     libucrt:closeall.obj
 0002:00008608       __sehtable$??$?RV<lambda_2866be3712abc81a800a822484c830d8>@@AAV<lambda_39ca0ed439415581b5b15c265174cece>@@V<lambda_2b24c74d71094a6cd0cb82e44167d71b>@@@?$__crt_seh_guarded_call@X@@QAEX$$QAV<lambda_2866be3712abc81a800a822484c830d8>@@AAV<lambda_39ca0ed439415581b5b15c265174cece>@@$$QAV<lambda_2b24c74d71094a6cd0cb82e44167d71b>@@@Z 00429608     libucrt:fflush.obj
 0002:00008628       __sehtable$??$?RV<lambda_2cc53f568c5a2bb6f192f930a45d44ea>@@AAV<lambda_ab61a845afdef5b7c387490eaf3616ee>@@V<lambda_c2ffc0b7726aa6be21d5f0026187e748>@@@?$__crt_seh_guarded_call@X@@QAEX$$QAV<lambda_2cc53f568c5a2bb6f192f930a45d44ea>@@AAV<lambda_ab61a845afdef5b7c387490eaf3616ee>@@$$QAV<lambda_c2ffc0b7726aa6be21d5f0026187e748>@@@Z 00429628     libucrt:fflush.obj
 0002:00008648       __sehtable$_fclose         00429648     libucrt:fclose.obj
 0002:00008668       __sehtable$?update_thread_multibyte_data_internal@@YAPAU__crt_multibyte_data@@QAU__acrt_ptd@@QAPAU1@@Z 00429668     libucrt:mbctype.obj
 0002:00008688       __sehtable$??$?RV<lambda_ceb1ee4838e85a9d631eb091e2fbe199>@@AAV<lambda_ae742caa10f662c28703da3d2ea5e57e>@@V<lambda_cd08b5d6af4937fe54fc07d0c9bf6b37>@@@?$__crt_seh_guarded_call@X@@QAEX$$QAV<lambda_ceb1ee4838e85a9d631eb091e2fbe199>@@AAV<lambda_ae742caa10f662c28703da3d2ea5e57e>@@$$QAV<lambda_cd08b5d6af4937fe54fc07d0c9bf6b37>@@@Z 00429688     libucrt:mbctype.obj
 0002:000086a8       __sehtable$__alloc_osfhnd  004296a8     libucrt:osfinfo.obj
 0002:000086c8       __sehtable$___acrt_lowio_ensure_fh_exists 004296c8     libucrt:osfinfo.obj
 0002:000086e8       __sehtable$___acrt_update_thread_locale_data 004296e8     libucrt:locale_refcounting.obj
 0002:00008708       __sehtable$___set_fpsr_sse2 00429708     libucrt:fpctrl.obj
 0002:00008728       __sehtable$__query_new_handler 00429728     libucrt:new_handler.obj
 0002:00008748       __sehtable$_raise          00429748     libucrt:signal.obj
 0002:00008768       __sehtable$??$?RV<lambda_cbab9ec6f41b0180b23cc171c22676b0>@@AAV<lambda_44731a7d0e6d81c3e6aa82d741081786>@@V<lambda_4b292cb8dd18144e164572427af410ab>@@@?$__crt_seh_guarded_call@P6AXH@Z@@QAEP6AXH@Z$$QAV<lambda_cbab9ec6f41b0180b23cc171c22676b0>@@AAV<lambda_44731a7d0e6d81c3e6aa82d741081786>@@$$QAV<lambda_4b292cb8dd18144e164572427af410ab>@@@Z 00429768     libucrt:signal.obj
 0002:00008788       __sehtable$??$?RV<lambda_9e9de3de5fa147e2223d7db92bc10aa6>@@AAV<lambda_38ce7e780aa69e748d6df282ebc68efe>@@V<lambda_8ca6da459f0f6780f1cff60fdc3d00e5>@@@?$__crt_seh_guarded_call@H@@QAEH$$QAV<lambda_9e9de3de5fa147e2223d7db92bc10aa6>@@AAV<lambda_38ce7e780aa69e748d6df282ebc68efe>@@$$QAV<lambda_8ca6da459f0f6780f1cff60fdc3d00e5>@@@Z 00429788     libucrt:commit.obj
 0002:000087a8       __sehtable$__write         004297a8     libucrt:write.obj
 0002:000087c8       __sehtable$??$?RV<lambda_218ce3db14220d0be481dae8ef3383b6>@@AAV<lambda_628dfdc04ba53c8bfc02c9951375f3f5>@@V<lambda_57dc472bd5c9d5f3b2cbca59b8a843ae>@@@?$__crt_seh_guarded_call@H@@QAEH$$QAV<lambda_218ce3db14220d0be481dae8ef3383b6>@@AAV<lambda_628dfdc04ba53c8bfc02c9951375f3f5>@@$$QAV<lambda_57dc472bd5c9d5f3b2cbca59b8a843ae>@@@Z 004297c8     libucrt:close.obj
 0002:000087e8       __sehtable$??$common_sopen_dispatch@D@@YAHQBDHHHQAHH@Z 004297e8     libucrt:open.obj
 0002:00008808       __sehtable$??$common_lseek@_J@@YA_JH_JH@Z 00429808     libucrt:lseek.obj
 0002:00008828       __sehtable$__read          00429828     libucrt:read.obj
 0002:00008848       __sehtable$__IsNonwritableInCurrentImage 00429848     LIBCMT:pesect.obj
 0002:00008a80       .idata$6                   00429a80     ole32:ole32.dll
 0002:00008aa4       .idata$6                   00429aa4     ws2_32:WS2_32.dll
 0002:00008dde       .idata$6                   00429dde     kernel32:KERNEL32.dll
 0003:00000000       $SG14965                   0042b000     clidemo.obj
 0003:00000010       $SG14980                   0042b010     clidemo.obj
 0003:0000001c       $SG14996                   0042b01c     clidemo.obj
 0003:00000028       $SG15008                   0042b028     clidemo.obj
 0003:00000030       $SG15009                   0042b030     clidemo.obj
 0003:0000003c       $SG15010                   0042b03c     clidemo.obj
 0003:00000044       $SG15011                   0042b044     clidemo.obj
 0003:00000050       _cmd_xmls                  0042b050     clidemo.obj
 0003:00000080       $SG15015                   0042b080     clidemo.obj
 0003:00000110       $SG15016                   0042b110     clidemo.obj
 0003:00000190       $SG15017                   0042b190     clidemo.obj
 0003:00000248       $SG15018                   0042b248     clidemo.obj
 0003:00000458       $SG15019                   0042b458     clidemo.obj
 0003:00000538       $SG15020                   0042b538     clidemo.obj
 0003:00000584       $SG15047                   0042b584     clidemo.obj
 0003:00000590       $SG15048                   0042b590     clidemo.obj
 0003:000005a4       $SG15051                   0042b5a4     clidemo.obj
 0003:000005b0       $SG15067                   0042b5b0     clidemo.obj
 0003:000005bc       $SG15073                   0042b5bc     clidemo.obj
 0003:000005c8       $SG15074                   0042b5c8     clidemo.obj
 0003:000005d4       $SG6140                    0042b5d4     clidemo.obj
 0003:000005e8       $SG6141                    0042b5e8     clidemo.obj
 0003:000005fc       ?choice_str@?BA@??get_match_args@@9@9 0042b5fc     pjlib-util-i386-win32-vc14-release-static:cli.obj
 0003:0000061c       _thread_tls_id             0042b61c     pjlib-i386-win32-vc14-release-static:os_core_win32.obj
 0003:00000620       _thread_suspended_tls_id   0042b620     pjlib-i386-win32-vc14-release-static:log.obj
 0003:00000624       _thread_indent_tls_id      0042b624     pjlib-i386-win32-vc14-release-static:log.obj
 0003:00000628       _pj_log_max_level          0042b628     pjlib-i386-win32-vc14-release-static:log.obj
 0003:0000062c       _log_writer                0042b62c     pjlib-i386-win32-vc14-release-static:log.obj
 0003:00000630       _log_decor                 0042b630     pjlib-i386-win32-vc14-release-static:log.obj
 0003:00000634       _PJ_LOG_COLOR_0            0042b634     pjlib-i386-win32-vc14-release-static:log.obj
 0003:00000638       _PJ_LOG_COLOR_1            0042b638     pjlib-i386-win32-vc14-release-static:log.obj
 0003:0000063c       _PJ_LOG_COLOR_2            0042b63c     pjlib-i386-win32-vc14-release-static:log.obj
 0003:00000640       _PJ_LOG_COLOR_3            0042b640     pjlib-i386-win32-vc14-release-static:log.obj
 0003:00000644       _PJ_LOG_COLOR_4            0042b644     pjlib-i386-win32-vc14-release-static:log.obj
 0003:00000648       _PJ_LOG_COLOR_5            0042b648     pjlib-i386-win32-vc14-release-static:log.obj
 0003:0000064c       _PJ_LOG_COLOR_6            0042b64c     pjlib-i386-win32-vc14-release-static:log.obj
 0003:00000650       _PJ_LOG_COLOR_77           0042b650     pjlib-i386-win32-vc14-release-static:log.obj
 0003:00000654       ?ltexts@?2??pj_log@@9@9    0042b654     pjlib-i386-win32-vc14-release-static:log.obj
 0003:00000670       ?wdays@?3??pj_log@@9@9     0042b670     pjlib-i386-win32-vc14-release-static:log.obj
 0003:00000690       _pool_sizes                0042b690     pjlib-i386-win32-vc14-release-static:pool_caching.obj
 0003:000006d0       _thread_local_id           0042b6d0     pjlib-i386-win32-vc14-release-static:except.obj
 0003:000006d4       ?hex@?1??hex2digit@@9@9    0042b6d4     pjlib-i386-win32-vc14-release-static:guid_win32.obj
 0003:000006e8       _id                        0042b6e8     pjlib-i386-win32-vc14-release-static:config.obj
 0003:000006ec       _mutex_lock_template       0042b6ec     pjlib-i386-win32-vc14-release-static:lock.obj
 0003:00000700       _null_lock_template        0042b700     pjlib-i386-win32-vc14-release-static:lock.obj
 0003:00000714       _sem_lock_template         0042b714     pjlib-i386-win32-vc14-release-static:lock.obj
 0003:00000728       _tls                       0042b728     pjlib-i386-win32-vc14-release-static:pool_buf.obj
 0003:00000780       ?__vcrt_flsindex@@3KA      0042b780     libvcruntime:per_thread_data.obj
 0003:00000844       ?errno_no_memory@@3HA      0042b844     libucrt:errno.obj
 0003:00000848       ?doserrno_no_memory@@3KA   0042b848     libucrt:errno.obj
 0003:0000084c       ?__acrt_flsindex@@3KA      0042b84c     libucrt:per_thread_data.obj
 0003:00000950       __mbctypes                 0042b950     libucrt:mbctype.obj
 0003:00000a58       __mbcasemaps               0042ba58     libucrt:mbctype.obj
 0003:00000b58       ?__rgctypeflag@@3PADA      0042bb58     libucrt:mbctype.obj
 0003:00000b60       ?__rgcode_page_info@@3PAUcode_page_info@@A 0042bb60     libucrt:mbctype.obj
 0003:00000ecc       ?__DAZ_ENABLED@?1??__set_fpsr_sse2@@9@9 0042becc     libucrt:fpctrl.obj
 0003:00000fd0       ?__dcrt_lowio_console_output_handle@@3PAXA 0042bfd0     libucrt:initcon.obj
 0003:00000fe0       _cli                       0042bfe0     clidemo.obj
 0003:00000fe4       $SG14966                   0042bfe4     clidemo.obj
 0003:00000fe5       $SG14981                   0042bfe5     clidemo.obj
 0003:00000fe6       $SG14997                   0042bfe6     clidemo.obj
 0003:00000fe8       _initialized               0042bfe8     pjlib-i386-win32-vc14-release-static:os_core_win32.obj
 0003:00000fec       _atexit_count              0042bfec     pjlib-i386-win32-vc14-release-static:os_core_win32.obj
 0003:00000ff0       _main_thread               0042bff0     pjlib-i386-win32-vc14-release-static:os_core_win32.obj
 0003:000010f0       _critical_section_mutex    0042c0f0     pjlib-i386-win32-vc14-release-static:os_core_win32.obj
 0003:00001128       _atexit_func               0042c128     pjlib-i386-win32-vc14-release-static:os_core_win32.obj
 0003:000011a8       _err_msg_hnd_cnt           0042c1a8     pjlib-i386-win32-vc14-release-static:errno.obj
 0003:000011b0       _err_msg_hnd               0042c1b0     pjlib-i386-win32-vc14-release-static:errno.obj
 0003:00001228       _g_last_thread             0042c228     pjlib-i386-win32-vc14-release-static:log.obj
 0003:00001230       _exception_id_names        0042c230     pjlib-i386-win32-vc14-release-static:except.obj
 0003:00001270       ?unknown_name@?1??pj_exception_id_name@@9@9 0042c270     pjlib-i386-win32-vc14-release-static:except.obj
 0003:00001290       ?buf@?1??pj_gethostname@@9@9 0042c290     pjlib-i386-win32-vc14-release-static:sock_bsd.obj
 0003:00001310       ?hostname@?1??pj_gethostname@@9@9 0042c310     pjlib-i386-win32-vc14-release-static:sock_bsd.obj
 0003:00001318       _base_time                 0042c318     pjlib-i386-win32-vc14-release-static:os_time_win32.obj
 0003:00001320       _stack_based_factory       0042c320     pjlib-i386-win32-vc14-release-static:pool_buf.obj
 0003:00001344       _is_initialized            0042c344     pjlib-i386-win32-vc14-release-static:pool_buf.obj
 0003:00001348       _s_hDLL                    0042c348     pjlib-i386-win32-vc14-release-static:ip_helper_win32.obj
 0003:0000134c       _s_pfnGetIpAddrTable       0042c34c     pjlib-i386-win32-vc14-release-static:ip_helper_win32.obj
 0003:00001350       _s_pfnGetAdapterAddresses  0042c350     pjlib-i386-win32-vc14-release-static:ip_helper_win32.obj
 0003:00001354       _s_pfnGetIpForwardTable    0042c354     pjlib-i386-win32-vc14-release-static:ip_helper_win32.obj
 0003:00001358       _s_pfnGetIfEntry           0042c358     pjlib-i386-win32-vc14-release-static:ip_helper_win32.obj
 0003:00001360       _GS_ExceptionRecord        0042c360     LIBCMT:gs_report.obj
 0003:000013b0       _GS_ContextRecord          0042c3b0     LIBCMT:gs_report.obj
 0003:00001684       ?module_local_atexit_table@@3U_onexit_table_t@@A 0042c684     LIBCMT:utility.obj
 0003:00001690       ?module_local_at_quick_exit_table@@3U_onexit_table_t@@A 0042c690     LIBCMT:utility.obj
 0003:0000169c       ?module_local_atexit_table_initialized@@3_NA 0042c69c     LIBCMT:utility.obj
 0003:0000169d       ?is_initialized_as_dll@@3_NA 0042c69d     LIBCMT:utility.obj
 0003:000016bc       ?__vcrt_startup_thread_ptd@@3U__vcrt_ptd@@A 0042c6bc     libvcruntime:per_thread_data.obj
 0003:000016e4       ___vcrt_lock_table         0042c6e4     libvcruntime:locks.obj
 0003:000016fc       ___vcrt_locks_initialized  0042c6fc     libvcruntime:locks.obj
 0003:00001700       ?module_handles@@3PAPAUHINSTANCE__@@A 0042c700     libvcruntime:winapi_downlevel.obj
 0003:0000170c       ?encoded_function_pointers@@3PAPAXA 0042c70c     libvcruntime:winapi_downlevel.obj
 0003:0000174c       ?heap@@3V_HeapManager@@A   0042c74c     libvcruntime:undname.obj
 0003:00001770       ?__acrt_app_type@@3W4_crt_app_type@@A 0042c770     libucrt:report_runtime_error.obj
 0003:00001774       ?user_matherr@@3V?$dual_state_global@P6AHPAU_exception@@@Z@__crt_state_management@@A 0042c774     libucrt:matherr.obj
 0003:00001778       ?program_name@?1???$common_configure_argv@D@@YAHW4_crt_argv_mode@@@Z@4PADA 0042c778     libucrt:argv_parsing.obj
 0003:00001890       ?c_termination_complete@@3JA 0042c890     libucrt:exit.obj
 0003:00001894       ?thread_local_exit_callback_func@@3P6GXPAXK0@ZA 0042c894     libucrt:exit.obj
 0003:000018b8       ?__acrt_global_new_mode@@3V?$dual_state_global@J@__crt_state_management@@A 0042c8b8     libucrt:new_mode.obj
 0003:000018d8       ?__acrt_invalid_parameter_handler@@3V?$dual_state_global@P6AXPB_W00II@Z@__crt_state_management@@A 0042c8d8     libucrt:invalid_parameter.obj
 0003:000018dc       ?enable_percent_n@@3IA     0042c8dc     libucrt:printf_count_output.obj
 0003:00001af8       ?module_handles@@3PAPAUHINSTANCE__@@A 0042caf8     libucrt:winapi_thunks.obj
 0003:00001b48       ?encoded_function_pointers@@3PAPAXA 0042cb48     libucrt:winapi_thunks.obj
 0003:00001bdc       ?fSystemSet@@3HA           0042cbdc     libucrt:mbctype.obj
 0003:00001be0       ?initialized@?1??__acrt_initialize_multibyte@@9@4_NA 0042cbe0     libucrt:mbctype.obj
 0003:00001be8       ?__acrt_lock_table@@3PAU_RTL_CRITICAL_SECTION@@A 0042cbe8     libucrt:locks.obj
 0003:00001d38       ?__acrt_locks_initialized@@3IA 0042cd38     libucrt:locks.obj
 0003:00001d4c       ?__acrt_new_handler@@3V?$dual_state_global@P6AHI@Z@__crt_state_management@@A 0042cd4c     libucrt:new_handler.obj
 0003:00001d50       ?ctrlc_action@@3V?$dual_state_global@P6AXH@Z@__crt_state_management@@A 0042cd50     libucrt:signal.obj
 0003:00001d54       ?ctrlbreak_action@@3V?$dual_state_global@P6AXH@Z@__crt_state_management@@A 0042cd54     libucrt:signal.obj
 0003:00001d58       ?abort_action@@3V?$dual_state_global@P6AXH@Z@__crt_state_management@@A 0042cd58     libucrt:signal.obj
 0003:00001d5c       ?term_action@@3V?$dual_state_global@P6AXH@Z@__crt_state_management@@A 0042cd5c     libucrt:signal.obj
 0003:00001d68       __pmatherr_set             0042cd68     libucrt:libm_error.obj
