 confsample

 Timestamp is 5abccb04 (Thu Mar 29 19:16:20 2018)

 Preferred load address is 00400000

 Start         Length     Name                   Class
 0001:00000000 0003a397H .text$mn                CODE
 0001:0003a397 00000000H .text$x                 CODE
 0002:00000000 00000210H .idata$5                DATA
 0002:00000210 00000004H .00cfg                  DATA
 0002:00000214 00000004H .CRT$XCA                DATA
 0002:00000218 00000004H .CRT$XCAA               DATA
 0002:0000021c 00000004H .CRT$XCZ                DATA
 0002:00000220 00000004H .CRT$XIA                DATA
 0002:00000224 00000004H .CRT$XIAA               DATA
 0002:00000228 00000004H .CRT$XIAC               DATA
 0002:0000022c 00000010H .CRT$XIC                DATA
 0002:0000023c 00000004H .CRT$XIZ                DATA
 0002:00000240 00000004H .CRT$XPA                DATA
 0002:00000244 00000008H .CRT$XPX                DATA
 0002:0000024c 00000004H .CRT$XPXA               DATA
 0002:00000250 00000004H .CRT$XPZ                DATA
 0002:00000254 00000004H .CRT$XTA                DATA
 0002:00000258 00000008H .CRT$XTZ                DATA
 0002:0000025c 00000000H .gfids$y                DATA
 0002:00000260 00026620H .rdata                  DATA
 0002:00026880 00000000H .rdata$r                DATA
 0002:00026880 0000000cH .rdata$sxdata           DATA
 0002:0002688c 00000278H .rdata$zzzdbg           DATA
 0002:00026b04 00000004H .rtc$IAA                DATA
 0002:00026b08 00000004H .rtc$IZZ                DATA
 0002:00026b0c 00000004H .rtc$TAA                DATA
 0002:00026b10 00000008H .rtc$TZZ                DATA
 0002:00026b18 0000049cH .xdata$x                DATA
 0002:00026fb4 00000000H .edata                  DATA
 0002:00026fb4 00000050H .idata$2                DATA
 0002:00027004 00000014H .idata$3                DATA
 0002:00027018 00000210H .idata$4                DATA
 0002:00027228 0000085aH .idata$6                DATA
 0003:00000000 00001f60H .data                   DATA
 0003:00001f60 00000000H .data$r                 DATA
 0003:00001f60 00001b3cH .bss                    DATA
 0004:00000000 000005e0H _RDATA                  DATA

  Address         Publics by Value              Rva+Base       Lib:Object

 0000:00000000       __except_list              00000000     <absolute>
 0000:00000000       ___enclave_config          00000000     <absolute>
 0000:00000000       ___guard_longjmp_count     00000000     <absolute>
 0000:00000000       ___guard_fids_count        00000000     <absolute>
 0000:00000000       ___guard_longjmp_table     00000000     <absolute>
 0000:00000000       ___guard_iat_table         00000000     <absolute>
 0000:00000000       ___guard_iat_count         00000000     <absolute>
 0000:00000000       ___hybrid_auxiliary_iat    00000000     <absolute>
 0000:00000000       ___hybrid_code_map         00000000     <absolute>
 0000:00000000       ___guard_fids_table        00000000     <absolute>
 0000:00000000       ___hybrid_code_map_count   00000000     <absolute>
 0000:00000000       ___dynamic_value_reloc_table 00000000     <absolute>
 0000:00000003       ___safe_se_handler_count   00000003     <absolute>
 0000:00000100       ___guard_flags             00000100     <absolute>
 0000:00000000       ___ImageBase               00400000     <linker-defined>
 0001:000000d0       _get_snd_options           004010d0 f   confsample.obj
 0001:000004c0       _dump_pool_usage           004014c0 f   confsample.obj
 0001:000008f0       _main                      004018f0 f   confsample.obj
 0001:00001560       ___local_stdio_printf_options 00402560 f i confsample.obj
 0001:00001570       _printf                    00402570 f i confsample.obj
 0001:000015a0       _sprintf                   004025a0 f i confsample.obj
 0001:000015d0       _pjmedia_aud_subsys_init   004025d0 f   pjmedia-audiodev-i386-win32-vc14-release-static:audiodev.obj
 0001:00001670       _pjmedia_aud_subsys_shutdown 00402670 f   pjmedia-audiodev-i386-win32-vc14-release-static:audiodev.obj
 0001:000016b0       __snprintf                 004026b0 f i pjmedia-audiodev-i386-win32-vc14-release-static:errno.obj
 0001:000016f0       _pjmedia_audiodev_strerror 004026f0 f   pjmedia-audiodev-i386-win32-vc14-release-static:errno.obj
 0001:00002aa0       _pjmedia_wmme_factory      00403aa0 f   pjmedia-audiodev-i386-win32-vc14-release-static:wmme_dev.obj
 0001:00002ff0       _pjmedia_port_destroy      00403ff0 f   pjmedia-i386-win32-vc14-release-static:port.obj
 0001:00003020       _pjmedia_port_get_frame    00404020 f   pjmedia-i386-win32-vc14-release-static:port.obj
 0001:00003060       _pjmedia_port_info_init    00404060 f   pjmedia-i386-win32-vc14-release-static:port.obj
 0001:000030f0       _pjmedia_port_put_frame    004040f0 f   pjmedia-i386-win32-vc14-release-static:port.obj
 0001:00003700       _pjmedia_conf_add_port     00404700 f   pjmedia-i386-win32-vc14-release-static:conference.obj
 0001:00003800       _pjmedia_conf_adjust_rx_level 00404800 f   pjmedia-i386-win32-vc14-release-static:conference.obj
 0001:00003870       _pjmedia_conf_adjust_tx_level 00404870 f   pjmedia-i386-win32-vc14-release-static:conference.obj
 0001:000038e0       _pjmedia_conf_connect_port 004048e0 f   pjmedia-i386-win32-vc14-release-static:conference.obj
 0001:000039c0       _pjmedia_conf_create       004049c0 f   pjmedia-i386-win32-vc14-release-static:conference.obj
 0001:00003c70       _pjmedia_conf_destroy      00404c70 f   pjmedia-i386-win32-vc14-release-static:conference.obj
 0001:00003cf0       _pjmedia_conf_disconnect_port 00404cf0 f   pjmedia-i386-win32-vc14-release-static:conference.obj
 0001:00003df0       _pjmedia_conf_get_ports_info 00404df0 f   pjmedia-i386-win32-vc14-release-static:conference.obj
 0001:00003f20       _pjmedia_conf_get_signal_level 00404f20 f   pjmedia-i386-win32-vc14-release-static:conference.obj
 0001:00004950       _pjmedia_endpt_create2     00405950 f   pjmedia-i386-win32-vc14-release-static:endpoint.obj
 0001:00004b20       _pjmedia_endpt_destroy2    00405b20 f   pjmedia-i386-win32-vc14-release-static:endpoint.obj
 0001:00004fd0       _pjmedia_wav_player_port_create 00405fd0 f   pjmedia-i386-win32-vc14-release-static:wav_player.obj
 0001:000057a0       _pjmedia_wav_writer_port_create 004067a0 f   pjmedia-i386-win32-vc14-release-static:wav_writer.obj
 0001:00005bd0       _pjmedia_aud_dev_default_param 00406bd0 f   pjmedia-i386-win32-vc14-release-static:audiodev.obj
 0001:00005c50       _pjmedia_aud_dev_get_info  00406c50 f   pjmedia-i386-win32-vc14-release-static:audiodev.obj
 0001:00005cb0       _pjmedia_aud_driver_deinit 00406cb0 f   pjmedia-i386-win32-vc14-release-static:audiodev.obj
 0001:00005d10       _pjmedia_aud_driver_init   00406d10 f   pjmedia-i386-win32-vc14-release-static:audiodev.obj
 0001:00005f90       _pjmedia_aud_stream_create 00406f90 f   pjmedia-i386-win32-vc14-release-static:audiodev.obj
 0001:00006140       _pjmedia_aud_stream_destroy 00407140 f   pjmedia-i386-win32-vc14-release-static:audiodev.obj
 0001:00006160       _pjmedia_aud_stream_get_cap 00407160 f   pjmedia-i386-win32-vc14-release-static:audiodev.obj
 0001:00006180       _pjmedia_aud_stream_get_param 00407180 f   pjmedia-i386-win32-vc14-release-static:audiodev.obj
 0001:000061e0       _pjmedia_aud_stream_set_cap 004071e0 f   pjmedia-i386-win32-vc14-release-static:audiodev.obj
 0001:00006200       _pjmedia_aud_stream_start  00407200 f   pjmedia-i386-win32-vc14-release-static:audiodev.obj
 0001:00006220       _pjmedia_aud_stream_stop   00407220 f   pjmedia-i386-win32-vc14-release-static:audiodev.obj
 0001:00006240       _pjmedia_get_aud_subsys    00407240 f   pjmedia-i386-win32-vc14-release-static:audiodev.obj
 0001:00006250       _pjmedia_format_get_audio_format_detail 00407250 f   pjmedia-i386-win32-vc14-release-static:format.obj
 0001:00006460       _pjmedia_delay_buf_create  00407460 f   pjmedia-i386-win32-vc14-release-static:delaybuf.obj
 0001:000065c0       _pjmedia_delay_buf_destroy 004075c0 f   pjmedia-i386-win32-vc14-release-static:delaybuf.obj
 0001:00006620       _pjmedia_delay_buf_get     00407620 f   pjmedia-i386-win32-vc14-release-static:delaybuf.obj
 0001:00006760       _pjmedia_delay_buf_put     00407760 f   pjmedia-i386-win32-vc14-release-static:delaybuf.obj
 0001:00006880       _pjmedia_delay_buf_reset   00407880 f   pjmedia-i386-win32-vc14-release-static:delaybuf.obj
 0001:00006a60       _pjmedia_resample_create   00407a60 f   pjmedia-i386-win32-vc14-release-static:resample_resample.obj
 0001:00006c90       _pjmedia_resample_run      00407c90 f   pjmedia-i386-win32-vc14-release-static:resample_resample.obj
 0001:00006e80       _pjmedia_snd_port_connect  00407e80 f   pjmedia-i386-win32-vc14-release-static:sound_port.obj
 0001:00006f40       _pjmedia_snd_port_create   00407f40 f   pjmedia-i386-win32-vc14-release-static:sound_port.obj
 0001:00007000       _pjmedia_snd_port_create2  00408000 f   pjmedia-i386-win32-vc14-release-static:sound_port.obj
 0001:00007170       _pjmedia_snd_port_create_player 00408170 f   pjmedia-i386-win32-vc14-release-static:sound_port.obj
 0001:00007220       _pjmedia_snd_port_destroy  00408220 f   pjmedia-i386-win32-vc14-release-static:sound_port.obj
 0001:00007280       _pjmedia_snd_port_get_snd_stream 00408280 f   pjmedia-i386-win32-vc14-release-static:sound_port.obj
 0001:000072a0       _pjmedia_snd_port_set_ec   004082a0 f   pjmedia-i386-win32-vc14-release-static:sound_port.obj
 0001:00007920       _pjmedia_codec_mgr_destroy 00408920 f   pjmedia-i386-win32-vc14-release-static:codec.obj
 0001:000079b0       _pjmedia_codec_mgr_init    004089b0 f   pjmedia-i386-win32-vc14-release-static:codec.obj
 0001:00007a20       _pjmedia_sdp_attr_create   00408a20 f   pjmedia-i386-win32-vc14-release-static:sdp.obj
 0001:00007a80       _pjmedia_sdp_attr_find     00408a80 f   pjmedia-i386-win32-vc14-release-static:sdp.obj
 0001:00007b10       _pjmedia_sdp_media_deactivate 00408b10 f   pjmedia-i386-win32-vc14-release-static:sdp.obj
 0001:00007b40       _pjmedia_sdp_media_find_attr 00408b40 f   pjmedia-i386-win32-vc14-release-static:sdp.obj
 0001:00007b70       _pjmedia_strerror          00408b70 f   pjmedia-i386-win32-vc14-release-static:errno.obj
 0001:00007c90       _pjmedia_wave_hdr_host_to_file 00408c90 f   pjmedia-i386-win32-vc14-release-static:wave.obj
 0001:00007c90       _pjmedia_wave_hdr_file_to_host 00408c90 f   pjmedia-i386-win32-vc14-release-static:wave.obj
 0001:00007c90       __initialize_invalid_parameter_handler 00408c90 f   LIBCMT:invalid_parameter_handler.obj
 0001:00007c90       __initialize_denormal_control 00408c90 f   LIBCMT:denormal_control.obj
 0001:00007c90       @_guard_check_icall_nop@4  00408c90 f   LIBCMT:guard_support.obj
 0001:000086b0       _pjmedia_wsola_create      004096b0 f   pjmedia-i386-win32-vc14-release-static:wsola.obj
 0001:00008890       _echo_supp_destroy         00409890 f   pjmedia-i386-win32-vc14-release-static:echo_suppress.obj
 0001:00008890       __get_startup_commit_mode  00409890 f   LIBCMT:commit_mode.obj
 0001:00008890       __get_startup_thread_locale_mode 00409890 f   LIBCMT:thread_locale.obj
 0001:00008890       _pjmedia_wsola_destroy     00409890 f   pjmedia-i386-win32-vc14-release-static:wsola.obj
 0001:00008890       __matherr                  00409890 f   LIBCMT:matherr.obj
 0001:00008890       _srtp_ekt_stream_init_from_policy 00409890 f   libsrtp-i386-win32-vc14-release-static:ekt.obj
 0001:00008890       ___scrt_initialize_winrt   00409890 f   LIBCMT:utility_desktop.obj
 0001:00008890       __get_startup_new_mode     00409890 f   LIBCMT:new_mode.obj
 0001:000088a0       _pjmedia_wsola_discard     004098a0 f   pjmedia-i386-win32-vc14-release-static:wsola.obj
 0001:00008ae0       _pjmedia_wsola_generate    00409ae0 f   pjmedia-i386-win32-vc14-release-static:wsola.obj
 0001:00008bb0       _pjmedia_wsola_reset       00409bb0 f   pjmedia-i386-win32-vc14-release-static:wsola.obj
 0001:00008c10       _pjmedia_wsola_save        00409c10 f   pjmedia-i386-win32-vc14-release-static:wsola.obj
 0001:000090a0       _pjmedia_clock_src_init    0040a0a0 f   pjmedia-i386-win32-vc14-release-static:clock_thread.obj
 0001:000090e0       _pjmedia_clock_src_update  0040a0e0 f   pjmedia-i386-win32-vc14-release-static:clock_thread.obj
 0001:00009120       _pjmedia_echo_capture      0040a120 f   pjmedia-i386-win32-vc14-release-static:echo_common.obj
 0001:000091e0       _pjmedia_echo_create2      0040a1e0 f   pjmedia-i386-win32-vc14-release-static:echo_common.obj
 0001:000093a0       _pjmedia_echo_destroy      0040a3a0 f   pjmedia-i386-win32-vc14-release-static:echo_common.obj
 0001:000093e0       _pjmedia_echo_playback     0040a3e0 f   pjmedia-i386-win32-vc14-release-static:echo_common.obj
 0001:0000b200       _get_libsrtp_errstr        0040c200 f   pjmedia-i386-win32-vc14-release-static:transport_srtp.obj
 0001:0000b4b0       _pjmedia_transport_srtp_start 0040c4b0 f   pjmedia-i386-win32-vc14-release-static:transport_srtp.obj
 0001:0000bb50       _pjmedia_transport_srtp_stop 0040cb50 f   pjmedia-i386-win32-vc14-release-static:transport_srtp.obj
 0001:0000bfe0       _echo_supp_cancel_echo     0040cfe0 f   pjmedia-i386-win32-vc14-release-static:echo_suppress.obj
 0001:0000c360       _echo_supp_create          0040d360 f   pjmedia-i386-win32-vc14-release-static:echo_suppress.obj
 0001:0000c530       _echo_supp_reset           0040d530 f   pjmedia-i386-win32-vc14-release-static:echo_suppress.obj
 0001:0000cc70       _speex_aec_cancel_echo     0040dc70 f   pjmedia-i386-win32-vc14-release-static:echo_speex.obj
 0001:0000ccd0       _speex_aec_capture         0040dcd0 f   pjmedia-i386-win32-vc14-release-static:echo_speex.obj
 0001:0000cd20       _speex_aec_create          0040dd20 f   pjmedia-i386-win32-vc14-release-static:echo_speex.obj
 0001:0000ce40       _speex_aec_destroy         0040de40 f   pjmedia-i386-win32-vc14-release-static:echo_speex.obj
 0001:0000ce90       _speex_aec_playback        0040de90 f   pjmedia-i386-win32-vc14-release-static:echo_speex.obj
 0001:0000cec0       _speex_aec_reset           0040dec0 f   pjmedia-i386-win32-vc14-release-static:echo_speex.obj
 0001:0000cee0       _pjmedia_calc_avg_signal   0040dee0 f   pjmedia-i386-win32-vc14-release-static:silencedet.obj
 0001:0000d790       _pj_getopt_long            0040e790 f   pjlib-util-i386-win32-vc14-release-static:getopt.obj
 0001:0000d7b0       _pj_base64_decode          0040e7b0 f   pjlib-util-i386-win32-vc14-release-static:base64.obj
 0001:0000d9a0       _pj_base64_encode          0040e9a0 f   pjlib-util-i386-win32-vc14-release-static:base64.obj
 0001:0000dbb0       _pj_atexit                 0040ebb0 f   pjlib-i386-win32-vc14-release-static:os_core_win32.obj
 0001:0000dbe0       _pj_atomic_dec_and_get     0040ebe0 f   pjlib-i386-win32-vc14-release-static:os_core_win32.obj
 0001:0000dc30       _pj_atomic_destroy         0040ec30 f   pjlib-i386-win32-vc14-release-static:os_core_win32.obj
 0001:0000dc50       _pj_atomic_inc             0040ec50 f   pjlib-i386-win32-vc14-release-static:os_core_win32.obj
 0001:0000dca0       _pj_enter_critical_section 0040eca0 f   pjlib-i386-win32-vc14-release-static:os_core_win32.obj
 0001:0000dd00       _pj_init                   0040ed00 f   pjlib-i386-win32-vc14-release-static:os_core_win32.obj
 0001:0000df20       _pj_leave_critical_section 0040ef20 f   pjlib-i386-win32-vc14-release-static:os_core_win32.obj
 0001:0000df80       _pj_mutex_create           0040ef80 f   pjlib-i386-win32-vc14-release-static:os_core_win32.obj
 0001:0000dfd0       _pj_mutex_create_recursive 0040efd0 f   pjlib-i386-win32-vc14-release-static:os_core_win32.obj
 0001:0000dfd0       _pj_mutex_create_simple    0040efd0 f   pjlib-i386-win32-vc14-release-static:os_core_win32.obj
 0001:0000e020       _pj_mutex_destroy          0040f020 f   pjlib-i386-win32-vc14-release-static:os_core_win32.obj
 0001:0000e090       _pj_mutex_lock             0040f090 f   pjlib-i386-win32-vc14-release-static:os_core_win32.obj
 0001:0000e100       _pj_mutex_trylock          0040f100 f   pjlib-i386-win32-vc14-release-static:os_core_win32.obj
 0001:0000e180       _pj_mutex_unlock           0040f180 f   pjlib-i386-win32-vc14-release-static:os_core_win32.obj
 0001:0000e1f0       _pj_sem_destroy            0040f1f0 f   pjlib-i386-win32-vc14-release-static:os_core_win32.obj
 0001:0000e280       _pj_sem_post               0040f280 f   pjlib-i386-win32-vc14-release-static:os_core_win32.obj
 0001:0000e320       _pj_sem_trywait            0040f320 f   pjlib-i386-win32-vc14-release-static:os_core_win32.obj
 0001:0000e380       _pj_sem_wait               0040f380 f   pjlib-i386-win32-vc14-release-static:os_core_win32.obj
 0001:0000e490       _pj_shutdown               0040f490 f   pjlib-i386-win32-vc14-release-static:os_core_win32.obj
 0001:0000e5d0       _pj_term_set_color         0040f5d0 f   pjlib-i386-win32-vc14-release-static:os_core_win32.obj
 0001:0000e6a0       _pj_thread_check_stack     0040f6a0 f   pjlib-i386-win32-vc14-release-static:os_core_win32.obj
 0001:0000e6f0       _pj_thread_create          0040f6f0 f   pjlib-i386-win32-vc14-release-static:os_core_win32.obj
 0001:0000e840       _pj_thread_destroy         0040f840 f   pjlib-i386-win32-vc14-release-static:os_core_win32.obj
 0001:0000e8d0       _pj_thread_get_name        0040f8d0 f   pjlib-i386-win32-vc14-release-static:os_core_win32.obj
 0001:0000e920       _pj_thread_join            0040f920 f   pjlib-i386-win32-vc14-release-static:os_core_win32.obj
 0001:0000e9e0       _pj_thread_local_alloc     0040f9e0 f   pjlib-i386-win32-vc14-release-static:os_core_win32.obj
 0001:0000ea30       _pj_thread_local_free      0040fa30 f   pjlib-i386-win32-vc14-release-static:os_core_win32.obj
 0001:0000ea80       _pj_thread_local_get       0040fa80 f   pjlib-i386-win32-vc14-release-static:os_core_win32.obj
 0001:0000ea90       _pj_thread_local_set       0040fa90 f   pjlib-i386-win32-vc14-release-static:os_core_win32.obj
 0001:0000ead0       _pj_thread_sleep           0040fad0 f   pjlib-i386-win32-vc14-release-static:os_core_win32.obj
 0001:0000eb20       _pj_thread_this            0040fb20 f   pjlib-i386-win32-vc14-release-static:os_core_win32.obj
 0001:0000ebb0       _pj_errno_clear_handlers   0040fbb0 f   pjlib-i386-win32-vc14-release-static:errno.obj
 0001:0000ebd0       _pj_register_strerror      0040fbd0 f   pjlib-i386-win32-vc14-release-static:errno.obj
 0001:0000ecb0       _pj_strerror               0040fcb0 f   pjlib-i386-win32-vc14-release-static:errno.obj
 0001:0000edf0       _pj_pool_alloc             0040fdf0 f   pjlib-i386-win32-vc14-release-static:pool.obj
 0001:0000ef60       _pj_pool_calloc            0040ff60 f   pjlib-i386-win32-vc14-release-static:pool.obj
 0001:0000ef90       _pj_pool_create            0040ff90 f   pjlib-i386-win32-vc14-release-static:pool.obj
 0001:0000efa0       _pj_pool_create_int        0040ffa0 f   pjlib-i386-win32-vc14-release-static:pool.obj
 0001:0000f0b0       _pj_pool_destroy_int       004100b0 f   pjlib-i386-win32-vc14-release-static:pool.obj
 0001:0000f0f0       _pj_pool_get_capacity      004100f0 f   pjlib-i386-win32-vc14-release-static:pool.obj
 0001:0000f100       _pj_pool_get_used_size     00410100 f   pjlib-i386-win32-vc14-release-static:pool.obj
 0001:0000f130       _pj_pool_getobjname        00410130 f   pjlib-i386-win32-vc14-release-static:pool.obj
 0001:0000f140       _pj_pool_init_int          00410140 f   pjlib-i386-win32-vc14-release-static:pool.obj
 0001:0000f1b0       _pj_pool_release           004101b0 f   pjlib-i386-win32-vc14-release-static:pool.obj
 0001:0000f1d0       _pj_pool_reset             004101d0 f   pjlib-i386-win32-vc14-release-static:pool.obj
 0001:0000f5e0       _pj_caching_pool_destroy   004105e0 f   pjlib-i386-win32-vc14-release-static:pool_caching.obj
 0001:0000f6c0       _pj_caching_pool_init      004106c0 f   pjlib-i386-win32-vc14-release-static:pool_caching.obj
 0001:0000f7c0       _pj_log                    004107c0 f   pjlib-i386-win32-vc14-release-static:log.obj
 0001:0000fcc0       _pj_log_1                  00410cc0 f   pjlib-i386-win32-vc14-release-static:log.obj
 0001:0000fce0       _pj_log_2                  00410ce0 f   pjlib-i386-win32-vc14-release-static:log.obj
 0001:0000fd00       _pj_log_3                  00410d00 f   pjlib-i386-win32-vc14-release-static:log.obj
 0001:0000fd20       _pj_log_4                  00410d20 f   pjlib-i386-win32-vc14-release-static:log.obj
 0001:0000fd40       _pj_log_5                  00410d40 f   pjlib-i386-win32-vc14-release-static:log.obj
 0001:0000fd60       _pj_log_get_color          00410d60 f   pjlib-i386-win32-vc14-release-static:log.obj
 0001:0000fdd0       _pj_log_get_decor          00410dd0 f   pjlib-i386-win32-vc14-release-static:log.obj
 0001:0000fde0       _pj_log_get_level          00410de0 f   pjlib-i386-win32-vc14-release-static:log.obj
 0001:0000fdf0       _pj_log_init               00410df0 f   pjlib-i386-win32-vc14-release-static:log.obj
 0001:0000ff20       _pj_str                    00410f20 f   pjlib-i386-win32-vc14-release-static:string.obj
 0001:0000ff40       _pj_strcmp                 00410f40 f   pjlib-i386-win32-vc14-release-static:string.obj
 0001:0000fff0       _pj_strdup                 00410ff0 f   pjlib-i386-win32-vc14-release-static:string.obj
 0001:00010030       _pj_strdup2                00411030 f   pjlib-i386-win32-vc14-release-static:string.obj
 0001:00010090       _pj_strdup2_with_null      00411090 f   pjlib-i386-win32-vc14-release-static:string.obj
 0001:000100f0       _pj_strdup_with_null       004110f0 f   pjlib-i386-win32-vc14-release-static:string.obj
 0001:00010140       _pj_stricmp                00411140 f   pjlib-i386-win32-vc14-release-static:string.obj
 0001:000101a0       _pj_stricmp2               004111a0 f   pjlib-i386-win32-vc14-release-static:string.obj
 0001:00010210       _pj_strncpy_with_null      00411210 f   pjlib-i386-win32-vc14-release-static:string.obj
 0001:00010250       _pj_strtok                 00411250 f   pjlib-i386-win32-vc14-release-static:string.obj
 0001:00010340       _pj_strtoul                00411340 f   pjlib-i386-win32-vc14-release-static:string.obj
 0001:000103a0       _pj_strtoul2               004113a0 f   pjlib-i386-win32-vc14-release-static:string.obj
 0001:00010450       _pj_utoa                   00411450 f   pjlib-i386-win32-vc14-release-static:string.obj
 0001:000104d0       _pj_utoa_pad               004114d0 f   pjlib-i386-win32-vc14-release-static:string.obj
 0001:00010570       _pj_get_netos_error        00411570 f   pjlib-i386-win32-vc14-release-static:os_error_win32.obj
 0001:00010590       _pj_get_os_error           00411590 f   pjlib-i386-win32-vc14-release-static:os_error_win32.obj
 0001:000105b0       _platform_strerror         004115b0 f   pjlib-i386-win32-vc14-release-static:os_error_win32.obj
 0001:00010690       _pj_array_erase            00411690 f   pjlib-i386-win32-vc14-release-static:array.obj
 0001:000106d0       _pj_gettimeofday           004116d0 f   pjlib-i386-win32-vc14-release-static:os_time_win32.obj
 0001:00010780       _pj_time_decode            00411780 f   pjlib-i386-win32-vc14-release-static:os_time_win32.obj
 0001:00010830       _pj_list_erase             00411830 f   pjlib-i386-win32-vc14-release-static:list.obj
 0001:00010850       _pj_list_insert_after      00411850 f   pjlib-i386-win32-vc14-release-static:list.obj
 0001:00010870       _pj_list_insert_before     00411870 f   pjlib-i386-win32-vc14-release-static:list.obj
 0001:00010950       _ioqueue_dispatch_exception_event 00411950 f   pjlib-i386-win32-vc14-release-static:ioqueue_select.obj
 0001:00010aa0       _ioqueue_dispatch_read_event 00411aa0 f   pjlib-i386-win32-vc14-release-static:ioqueue_select.obj
 0001:00010d40       _ioqueue_dispatch_write_event 00411d40 f   pjlib-i386-win32-vc14-release-static:ioqueue_select.obj
 0001:00011050       _pj_ioqueue_create         00412050 f   pjlib-i386-win32-vc14-release-static:ioqueue_select.obj
 0001:00011220       _pj_ioqueue_destroy        00412220 f   pjlib-i386-win32-vc14-release-static:ioqueue_select.obj
 0001:000112e0       _pj_ioqueue_poll           004122e0 f   pjlib-i386-win32-vc14-release-static:ioqueue_select.obj
 0001:000116a0       _pj_ntohl                  004126a0 f   pjlib-i386-win32-vc14-release-static:sock_bsd.obj
 0001:000116b0       _pj_ntohs                  004126b0 f   pjlib-i386-win32-vc14-release-static:sock_bsd.obj
 0001:000116c0       _pj_sock_accept            004126c0 f   pjlib-i386-win32-vc14-release-static:sock_bsd.obj
 0001:00011730       _pj_sock_getsockname       00412730 f   pjlib-i386-win32-vc14-release-static:sock_bsd.obj
 0001:00011790       _pj_sock_getsockopt        00412790 f   pjlib-i386-win32-vc14-release-static:sock_bsd.obj
 0001:00011800       _pj_sock_recv              00412800 f   pjlib-i386-win32-vc14-release-static:sock_bsd.obj
 0001:00011870       _pj_sock_recvfrom          00412870 f   pjlib-i386-win32-vc14-release-static:sock_bsd.obj
 0001:000118e0       _pj_sock_send              004128e0 f   pjlib-i386-win32-vc14-release-static:sock_bsd.obj
 0001:00011950       _pj_sock_sendto            00412950 f   pjlib-i386-win32-vc14-release-static:sock_bsd.obj
 0001:00011a10       _pj_file_exists            00412a10 f   pjlib-i386-win32-vc14-release-static:file_access_win32.obj
 0001:00011a50       _pj_file_size              00412a50 f   pjlib-i386-win32-vc14-release-static:file_access_win32.obj
 0001:00011ab0       _pj_file_close             00412ab0 f   pjlib-i386-win32-vc14-release-static:file_io_win32.obj
 0001:00011af0       _pj_file_getpos            00412af0 f   pjlib-i386-win32-vc14-release-static:file_io_win32.obj
 0001:00011b70       _pj_file_open              00412b70 f   pjlib-i386-win32-vc14-release-static:file_io_win32.obj
 0001:00011cb0       _pj_file_read              00412cb0 f   pjlib-i386-win32-vc14-release-static:file_io_win32.obj
 0001:00011d10       _pj_file_setpos            00412d10 f   pjlib-i386-win32-vc14-release-static:file_io_win32.obj
 0001:00011da0       _pj_file_write             00412da0 f   pjlib-i386-win32-vc14-release-static:file_io_win32.obj
 0001:00012040       _pj_grp_lock_add_ref       00413040 f   pjlib-i386-win32-vc14-release-static:lock.obj
 0001:00012060       _pj_grp_lock_dec_ref       00413060 f   pjlib-i386-win32-vc14-release-static:lock.obj
 0001:00012090       _pj_grp_lock_release       00413090 f   pjlib-i386-win32-vc14-release-static:lock.obj
 0001:000120a0       _pj_grp_lock_tryacquire    004130a0 f   pjlib-i386-win32-vc14-release-static:lock.obj
 0001:000120b0       _pj_lock_acquire           004130b0 f   pjlib-i386-win32-vc14-release-static:lock.obj
 0001:000120d0       _pj_lock_create_null_mutex 004130d0 f   pjlib-i386-win32-vc14-release-static:lock.obj
 0001:000120f0       _pj_lock_create_recursive_mutex 004130f0 f   pjlib-i386-win32-vc14-release-static:lock.obj
 0001:00012110       _pj_lock_create_simple_mutex 00413110 f   pjlib-i386-win32-vc14-release-static:lock.obj
 0001:00012130       _pj_lock_destroy           00413130 f   pjlib-i386-win32-vc14-release-static:lock.obj
 0001:00012150       _pj_lock_release           00413150 f   pjlib-i386-win32-vc14-release-static:lock.obj
 0001:00012170       _pj_lock_tryacquire        00413170 f   pjlib-i386-win32-vc14-release-static:lock.obj
 0001:00012190       _pj_exception_id_alloc     00413190 f   pjlib-i386-win32-vc14-release-static:except.obj
 0001:000121e0       _pj_exception_id_free      004131e0 f   pjlib-i386-win32-vc14-release-static:except.obj
 0001:00012220       _pj_pop_exception_handler_ 00413220 f   pjlib-i386-win32-vc14-release-static:except.obj
 0001:00012250       _pj_throw_exception_       00413250 f   pjlib-i386-win32-vc14-release-static:except.obj
 0001:000122d0       _pj_get_timestamp          004132d0 f   pjlib-i386-win32-vc14-release-static:os_timestamp_win32.obj
 0001:00012330       _pj_get_timestamp_freq     00413330 f   pjlib-i386-win32-vc14-release-static:os_timestamp_win32.obj
 0001:00012390       _pj_gettickcount           00413390 f   pjlib-i386-win32-vc14-release-static:os_timestamp_common.obj
 0001:00012460       _pj_rand                   00413460 f   pjlib-i386-win32-vc14-release-static:rand.obj
 0001:00012490       _pj_generate_unique_string 00413490 f   pjlib-i386-win32-vc14-release-static:guid_win32.obj
 0001:00012540       _pj_pool_create_on_buf     00413540 f   pjlib-i386-win32-vc14-release-static:pool_buf.obj
 0001:00012650       _pj_log_write              00413650 f   pjlib-i386-win32-vc14-release-static:log_writer_stdout.obj
 0001:000126b0       _pj_time_val_normalize     004136b0 f   pjlib-i386-win32-vc14-release-static:types.obj
 0001:00012740       _PJ_FD_CLR                 00413740 f   pjlib-i386-win32-vc14-release-static:sock_select.obj
 0001:000127c0       _PJ_FD_COUNT               004137c0 f   pjlib-i386-win32-vc14-release-static:sock_select.obj
 0001:000127c0       _srtp_rdb_get_value        004137c0 f   libsrtp-i386-win32-vc14-release-static:rdb.obj
 0001:000127d0       _PJ_FD_ISSET               004137d0 f   pjlib-i386-win32-vc14-release-static:sock_select.obj
 0001:00012800       _PJ_FD_ZERO                00413800 f   pjlib-i386-win32-vc14-release-static:sock_select.obj
 0001:00012830       _pj_sock_select            00413830 f   pjlib-i386-win32-vc14-release-static:sock_select.obj
 0001:00012d70       _res_GetXOFF               00413d70 f   libresample-i386-win32-vc14-release-static:resamplesubs.obj
 0001:00012db0       _res_Resample              00413db0 f   libresample-i386-win32-vc14-release-static:resamplesubs.obj
 0001:00012e90       _res_SrcLinear             00413e90 f   libresample-i386-win32-vc14-release-static:resamplesubs.obj
 0001:00013350       _speex_echo_cancellation   00414350 f   libspeex-i386-win32-vc14-release-static:mdf.obj
 0001:000147e0       _speex_echo_capture        004157e0 f   libspeex-i386-win32-vc14-release-static:mdf.obj
 0001:000148d0       _speex_echo_ctl            004158d0 f   libspeex-i386-win32-vc14-release-static:mdf.obj
 0001:000149b0       _speex_echo_get_residual   004159b0 f   libspeex-i386-win32-vc14-release-static:mdf.obj
 0001:00014c40       _speex_echo_playback       00415c40 f   libspeex-i386-win32-vc14-release-static:mdf.obj
 0001:00014d40       _speex_echo_state_destroy  00415d40 f   libspeex-i386-win32-vc14-release-static:mdf.obj
 0001:00014e30       _speex_echo_state_init     00415e30 f   libspeex-i386-win32-vc14-release-static:mdf.obj
 0001:00015360       _speex_echo_state_reset    00416360 f   libspeex-i386-win32-vc14-release-static:mdf.obj
 0001:00016280       _speex_preprocess_ctl      00417280 f   libspeex-i386-win32-vc14-release-static:preprocess.obj
 0001:00016910       _speex_preprocess_run      00417910 f   libspeex-i386-win32-vc14-release-static:preprocess.obj
 0001:00018220       _speex_preprocess_state_destroy 00419220 f   libspeex-i386-win32-vc14-release-static:preprocess.obj
 0001:00018310       _speex_preprocess_state_init 00419310 f   libspeex-i386-win32-vc14-release-static:preprocess.obj
 0001:000190d0       _spx_fft                   0041a0d0 f   libspeex-i386-win32-vc14-release-static:fftwrap.obj
 0001:000191a0       _spx_fft_destroy           0041a1a0 f   libspeex-i386-win32-vc14-release-static:fftwrap.obj
 0001:000191c0       _spx_fft_init              0041a1c0 f   libspeex-i386-win32-vc14-release-static:fftwrap.obj
 0001:000191e0       _spx_ifft                  0041a1e0 f   libspeex-i386-win32-vc14-release-static:fftwrap.obj
 0001:00019250       _filterbank_compute_bank32 0041a250 f   libspeex-i386-win32-vc14-release-static:filterbank.obj
 0001:000192d0       _filterbank_compute_psd16  0041a2d0 f   libspeex-i386-win32-vc14-release-static:filterbank.obj
 0001:00019320       _filterbank_destroy        0041a320 f   libspeex-i386-win32-vc14-release-static:filterbank.obj
 0001:00019360       _filterbank_new            0041a360 f   libspeex-i386-win32-vc14-release-static:filterbank.obj
 0001:0001c900       _spx_drft_backward         0041d900 f   libspeex-i386-win32-vc14-release-static:smallft.obj
 0001:0001c930       _spx_drft_clear            0041d930 f   libspeex-i386-win32-vc14-release-static:smallft.obj
 0001:0001c960       _spx_drft_forward          0041d960 f   libspeex-i386-win32-vc14-release-static:smallft.obj
 0001:0001c990       _spx_drft_init             0041d990 f   libspeex-i386-win32-vc14-release-static:smallft.obj
 0001:0001c9e0       ___local_stdio_scanf_options 0041d9e0 f i libsrtp-i386-win32-vc14-release-static:srtp.obj
 0001:0001ca20       _srtp_add_stream           0041da20 f   libsrtp-i386-win32-vc14-release-static:srtp.obj
 0001:0001cce0       _srtp_create               0041dce0 f   libsrtp-i386-win32-vc14-release-static:srtp.obj
 0001:0001cd60       _srtp_crypto_policy_set_aes_cm_256_hmac_sha1_32 0041dd60 f   libsrtp-i386-win32-vc14-release-static:srtp.obj
 0001:0001cda0       _srtp_crypto_policy_set_aes_cm_256_hmac_sha1_80 0041dda0 f   libsrtp-i386-win32-vc14-release-static:srtp.obj
 0001:0001cde0       _srtp_dealloc              0041dde0 f   libsrtp-i386-win32-vc14-release-static:srtp.obj
 0001:0001cfc0       _srtp_event_reporter       0041dfc0 f   libsrtp-i386-win32-vc14-release-static:srtp.obj
 0001:0001d160       _srtp_get_session_keys     0041e160 f   libsrtp-i386-win32-vc14-release-static:srtp.obj
 0001:0001d270       _srtp_inject_mki           0041e270 f   libsrtp-i386-win32-vc14-release-static:srtp.obj
 0001:0001d5d0       _srtp_protect              0041e5d0 f   libsrtp-i386-win32-vc14-release-static:srtp.obj
 0001:0001d900       _srtp_protect_mki          0041e900 f   libsrtp-i386-win32-vc14-release-static:srtp.obj
 0001:0001deb0       _srtp_protect_rtcp         0041eeb0 f   libsrtp-i386-win32-vc14-release-static:srtp.obj
 0001:0001e100       _srtp_protect_rtcp_mki     0041f100 f   libsrtp-i386-win32-vc14-release-static:srtp.obj
 0001:0001e4a0       _srtp_stream_alloc         0041f4a0 f   libsrtp-i386-win32-vc14-release-static:srtp.obj
 0001:0001e740       _srtp_stream_clone         0041f740 f   libsrtp-i386-win32-vc14-release-static:srtp.obj
 0001:0001e960       _srtp_stream_dealloc       0041f960 f   libsrtp-i386-win32-vc14-release-static:srtp.obj
 0001:0001ebe0       _srtp_stream_init          0041fbe0 f   libsrtp-i386-win32-vc14-release-static:srtp.obj
 0001:0001ed60       _srtp_stream_init_keys     0041fd60 f   libsrtp-i386-win32-vc14-release-static:srtp.obj
 0001:0001f600       _srtp_unprotect            00420600 f   libsrtp-i386-win32-vc14-release-static:srtp.obj
 0001:0001f920       _srtp_unprotect_mki        00420920 f   libsrtp-i386-win32-vc14-release-static:srtp.obj
 0001:0001ff70       _srtp_unprotect_rtcp       00420f70 f   libsrtp-i386-win32-vc14-release-static:srtp.obj
 0001:000201f0       _srtp_unprotect_rtcp_mki   004211f0 f   libsrtp-i386-win32-vc14-release-static:srtp.obj
 0001:000206d0       _srtp_validate_policy_master_keys 004216d0 f   libsrtp-i386-win32-vc14-release-static:srtp.obj
 0001:00020780       _srtp_crypto_alloc         00421780 f   libsrtp-i386-win32-vc14-release-static:alloc.obj
 0001:000207e0       _srtp_crypto_free          004217e0 f   libsrtp-i386-win32-vc14-release-static:alloc.obj
 0001:00020810       _bitvector_alloc           00421810 f   libsrtp-i386-win32-vc14-release-static:datatypes.obj
 0001:00020870       _bitvector_dealloc         00421870 f   libsrtp-i386-win32-vc14-release-static:datatypes.obj
 0001:000208a0       _bitvector_left_shift      004218a0 f   libsrtp-i386-win32-vc14-release-static:datatypes.obj
 0001:00020a00       _bitvector_set_to_zero     00421a00 f   libsrtp-i386-win32-vc14-release-static:datatypes.obj
 0001:00020a20       _octet_string_is_eq        00421a20 f   libsrtp-i386-win32-vc14-release-static:datatypes.obj
 0001:00020af0       _octet_string_set_to_zero  00421af0 f   libsrtp-i386-win32-vc14-release-static:datatypes.obj
 0001:00020b10       _srtp_octet_string_hex_string 00421b10 f   libsrtp-i386-win32-vc14-release-static:datatypes.obj
 0001:00020bb0       _v128_copy_octet_string    00421bb0 f   libsrtp-i386-win32-vc14-release-static:datatypes.obj
 0001:00020c30       _v128_hex_string           00421c30 f   libsrtp-i386-win32-vc14-release-static:datatypes.obj
 0001:00020cc0       _v128_left_shift           00421cc0 f   libsrtp-i386-win32-vc14-release-static:datatypes.obj
 0001:00020da0       _srtp_err_report           00421da0 f   libsrtp-i386-win32-vc14-release-static:srtp_err.obj
 0001:00020dd0       _srtp_rdbx_add_index       00421dd0 f   libsrtp-i386-win32-vc14-release-static:rdbx.obj
 0001:00020e20       _srtp_rdbx_check           00421e20 f   libsrtp-i386-win32-vc14-release-static:rdbx.obj
 0001:00020e70       _srtp_rdbx_dealloc         00421e70 f   libsrtp-i386-win32-vc14-release-static:rdbx.obj
 0001:00020e90       _srtp_rdbx_estimate_index  00421e90 f   libsrtp-i386-win32-vc14-release-static:rdbx.obj
 0001:00020f40       _srtp_rdbx_get_packet_index 00421f40 f   libsrtp-i386-win32-vc14-release-static:rdbx.obj
 0001:00020f50       _srtp_auth_get_tag_length  00421f50 f   libsrtp-i386-win32-vc14-release-static:auth.obj
 0001:00020f50       _srtp_rdbx_get_window_size 00421f50 f   libsrtp-i386-win32-vc14-release-static:rdbx.obj
 0001:00020f50       _srtp_cipher_get_key_length 00421f50 f   libsrtp-i386-win32-vc14-release-static:cipher.obj
 0001:00020f60       _srtp_rdbx_init            00421f60 f   libsrtp-i386-win32-vc14-release-static:rdbx.obj
 0001:00020fa0       _srtp_rdbx_set_roc         00421fa0 f   libsrtp-i386-win32-vc14-release-static:rdbx.obj
 0001:00021000       _srtp_rdbx_set_roc_seq     00422000 f   libsrtp-i386-win32-vc14-release-static:rdbx.obj
 0001:00021060       _srtp_rdb_add_index        00422060 f   libsrtp-i386-win32-vc14-release-static:rdb.obj
 0001:000210b0       _srtp_rdb_check            004220b0 f   libsrtp-i386-win32-vc14-release-static:rdb.obj
 0001:00021100       _srtp_rdb_increment        00422100 f   libsrtp-i386-win32-vc14-release-static:rdb.obj
 0001:00021120       _srtp_rdb_init             00422120 f   libsrtp-i386-win32-vc14-release-static:rdb.obj
 0001:00021150       _srtp_cipher_dealloc       00422150 f   libsrtp-i386-win32-vc14-release-static:cipher.obj
 0001:00021170       _srtp_cipher_decrypt       00422170 f   libsrtp-i386-win32-vc14-release-static:cipher.obj
 0001:000211a0       _srtp_cipher_encrypt       004221a0 f   libsrtp-i386-win32-vc14-release-static:cipher.obj
 0001:000211d0       _srtp_cipher_get_tag       004221d0 f   libsrtp-i386-win32-vc14-release-static:cipher.obj
 0001:00021210       _srtp_cipher_init          00422210 f   libsrtp-i386-win32-vc14-release-static:cipher.obj
 0001:00021240       _srtp_cipher_output        00422240 f   libsrtp-i386-win32-vc14-release-static:cipher.obj
 0001:00021270       _srtp_cipher_set_aad       00422270 f   libsrtp-i386-win32-vc14-release-static:cipher.obj
 0001:000212b0       _srtp_cipher_set_iv        004222b0 f   libsrtp-i386-win32-vc14-release-static:cipher.obj
 0001:000212e0       _srtp_auth_get_key_length  004222e0 f   libsrtp-i386-win32-vc14-release-static:auth.obj
 0001:000212f0       _srtp_auth_get_prefix_length 004222f0 f   libsrtp-i386-win32-vc14-release-static:auth.obj
 0001:00021300       _srtp_key_limit_clone      00422300 f   libsrtp-i386-win32-vc14-release-static:key.obj
 0001:00021320       _srtp_key_limit_set        00422320 f   libsrtp-i386-win32-vc14-release-static:key.obj
 0001:00021360       _srtp_key_limit_update     00422360 f   libsrtp-i386-win32-vc14-release-static:key.obj
 0001:000213c0       _srtp_crypto_kernel_alloc_auth 004223c0 f   libsrtp-i386-win32-vc14-release-static:crypto_kernel.obj
 0001:00021410       _srtp_crypto_kernel_alloc_cipher 00422410 f   libsrtp-i386-win32-vc14-release-static:crypto_kernel.obj
 0001:00021460       _srtp_ekt_alloc            00422460 f   libsrtp-i386-win32-vc14-release-static:ekt.obj
 0001:00021470       _srtp_ekt_octets_after_base_tag 00422470 f   libsrtp-i386-win32-vc14-release-static:ekt.obj
 0001:00021490       _srtp_ekt_write_data       00422490 f   libsrtp-i386-win32-vc14-release-static:ekt.obj
 0001:000215e0       _srtp_stream_init_from_ekt 004225e0 f   libsrtp-i386-win32-vc14-release-static:ekt.obj
 0001:00022aa0       _srtp_aes_decrypt          00423aa0 f   libsrtp-i386-win32-vc14-release-static:aes.obj
 0001:00022bd0       _srtp_aes_encrypt          00423bd0 f   libsrtp-i386-win32-vc14-release-static:aes.obj
 0001:00022d00       _srtp_aes_expand_decryption_key 00423d00 f   libsrtp-i386-win32-vc14-release-static:aes.obj
 0001:00023000       _srtp_aes_expand_encryption_key 00424000 f   libsrtp-i386-win32-vc14-release-static:aes.obj
 0001:00023140       _srtp_sha1_core            00424140 f   libsrtp-i386-win32-vc14-release-static:sha1.obj
 0001:00023690       _srtp_sha1_final           00424690 f   libsrtp-i386-win32-vc14-release-static:sha1.obj
 0001:00023cd0       _srtp_sha1_init            00424cd0 f   libsrtp-i386-win32-vc14-release-static:sha1.obj
 0001:00023d10       _srtp_sha1_update          00424d10 f   libsrtp-i386-win32-vc14-release-static:sha1.obj
 0001:00023de5       ___WSAFDIsSet@8            00424de5 f   ws2_32:WS2_32.dll
 0001:00023deb       @__security_check_cookie@4 00424deb f   LIBCMT:_secchk_.obj
 0001:00024031       _mainCRTStartup            00425031 f   LIBCMT:exe_main.obj
 0001:00024040       __aulldiv                  00425040 f   LIBCMT:ulldiv.obj
 0001:000240b0       __allmul                   004250b0 f   LIBCMT:llmul.obj
 0001:000240f0       __ftoui3                   004250f0 f   LIBCMT:_ftol3_.obj
 0001:000240ff       __ftoul3                   004250ff f   LIBCMT:_ftol3_.obj
 0001:0002410e       __ftol3                    0042510e f   LIBCMT:_ftol3_.obj
 0001:0002411b       __ftol3_NaN                0042511b f   LIBCMT:_ftol3_.obj
 0001:00024133       __ftol3_work               00425133 f   LIBCMT:_ftol3_.obj
 0001:000241b9       __ftol3_common             004251b9 f   LIBCMT:_ftol3_.obj
 0001:0002427b       __ftol3_arg_error          0042527b f   LIBCMT:_ftol3_.obj
 0001:0002428d       __ftol3_except             0042528d f   LIBCMT:_ftol3_.obj
 0001:000242d1       __dtoui3                   004252d1 f   LIBCMT:_ftol3_.obj
 0001:000242e0       __dtoul3                   004252e0 f   LIBCMT:_ftol3_.obj
 0001:000242ef       __dtol3                    004252ef f   LIBCMT:_ftol3_.obj
 0001:000242fc       __dtol3_NaN                004252fc f   LIBCMT:_ftol3_.obj
 0001:00024319       __dtol3_work               00425319 f   LIBCMT:_ftol3_.obj
 0001:00024400       __ultod3                   00425400 f   LIBCMT:_ftol3_.obj
 0001:00024440       __ltod3                    00425440 f   LIBCMT:_ftol3_.obj
 0001:00024470       __alldiv                   00425470 f   LIBCMT:lldiv.obj
 0001:00024520       ___vdecl_cos2              00425520 f   LIBCMT:_svml_dcos2_dispatch_.obj
 0001:00024525       ___raise_securityfailure   00425525 f   LIBCMT:gs_report.obj
 0001:0002454d       ___report_gsfailure        0042554d f   LIBCMT:gs_report.obj
 0001:00024648       ___report_rangecheckfailure 00425648 f   LIBCMT:gs_report.obj
 0001:00024654       ___report_securityfailure  00425654 f   LIBCMT:gs_report.obj
 0001:00024730       __ftol2_sse                00425730 f   LIBCMT:_ftol2_.obj
 0001:00024739       __ftol2_pentium4           00425739 f   LIBCMT:_ftol2_.obj
 0001:0002474c       __ftol2_sse_excpt          0042574c f   LIBCMT:_ftol2_.obj
 0001:00024770       __ftol2                    00425770 f   LIBCMT:_ftol2_.obj
 0001:000247e5       ??$__crt_fast_encode_pointer@PAX@@YAPAXQAX@Z 004257e5 f i libvcruntime:winapi_downlevel.obj
 0001:000247e5       ??$__crt_fast_encode_pointer@PAP6AXXZ@@YAPAP6AXXZQAP6AXXZ@Z 004257e5 f i LIBCMT:utility.obj
 0001:00024846       ___scrt_acquire_startup_lock 00425846 f   LIBCMT:utility.obj
 0001:0002487b       ___scrt_initialize_crt     0042587b f   LIBCMT:utility.obj
 0001:000248b4       ___scrt_initialize_onexit_tables 004258b4 f   LIBCMT:utility.obj
 0001:0002495e       ___scrt_is_nonwritable_in_current_image 0042595e f   LIBCMT:utility.obj
 0001:000249e8       ___scrt_release_startup_lock 004259e8 f   LIBCMT:utility.obj
 0001:00024a05       ___scrt_uninitialize_crt   00425a05 f   LIBCMT:utility.obj
 0001:00024a2d       __onexit                   00425a2d f   LIBCMT:utility.obj
 0001:00024a68       _atexit                    00425a68 f   LIBCMT:utility.obj
 0001:00024acc       ___security_init_cookie    00425acc f   LIBCMT:gs_support.obj
 0001:00024b17       __get_startup_argv_mode    00425b17 f   LIBCMT:argv_mode.obj
 0001:00024b1b       __get_startup_file_mode    00425b1b f   LIBCMT:file_mode.obj
 0001:00024b21       ?__scrt_initialize_type_info@@YAXXZ 00425b21 f   LIBCMT:tncleanup.obj
 0001:00024b2d       __should_initialize_environment 00425b2d f   LIBCMT:env_mode.obj
 0001:00024b2d       ___acrt_uninitialize_command_line 00425b2d f   libucrt:argv_data.obj
 0001:00024b30       __initialize_default_precision 00425b30 f   LIBCMT:default_precision.obj
 0001:00024b51       ___scrt_initialize_default_local_stdio_options 00425b51 f   LIBCMT:default_local_stdio_options.obj
 0001:00024b6e       ___scrt_is_user_matherr_present 00425b6e f   LIBCMT:matherr_detection.obj
 0001:00024b7a       ___scrt_get_dyn_tls_init_callback 00425b7a f   LIBCMT:dyn_tls_init.obj
 0001:00024b80       ___scrt_get_dyn_tls_dtor_callback 00425b80 f   LIBCMT:dyn_tls_dtor.obj
 0001:00024b86       ___scrt_fastfail           00425b86 f   LIBCMT:utility_desktop.obj
 0001:00024ca2       ___scrt_is_managed_app     00425ca2 f   LIBCMT:utility_desktop.obj
 0001:00024ce6       ___scrt_set_unhandled_exception_filter 00425ce6 f   LIBCMT:utility_desktop.obj
 0001:00024cf2       ___scrt_unhandled_exception_filter@4 00425cf2 f   LIBCMT:utility_desktop.obj
 0001:00024d33       __crt_debugger_hook        00425d33 f   LIBCMT:utility_desktop.obj
 0001:00024d3b       __RTC_Initialize           00425d3b f   LIBCMT:_initsect_.obj
 0001:00024d66       __RTC_Terminate            00425d66 f   LIBCMT:_initsect_.obj
 0001:00024d91       @_guard_check_icall@4      00425d91 f i LIBCMT:checkcfg.obj
 0001:00024da0       __SEH_prolog4              00425da0 f   LIBCMT:_sehprolg4_.obj
 0001:00024de6       __SEH_epilog4              00425de6 f   LIBCMT:_sehprolg4_.obj
 0001:00024e00       ___sse2_cos2               00425e00 f   LIBCMT:_svml_dcos2_sse2_.obj
 0001:00024fa0       ___isa_available_init      00425fa0 f   LIBCMT:_cpu_disp_.obj
 0001:00025139       ___scrt_is_ucrt_dll_in_use 00426139 f   LIBCMT:ucrt_detection.obj
 0001:00025150       ___common_sin_reduction_LA 00426150 f   LIBCMT:_svml_dtrig_.obj
 0001:000254a0       ___common_cos_reduction_LA 004264a0 f   LIBCMT:_svml_dtrig_.obj
 0001:00025790       ___common_pi04_reduction_LA 00426790 f   LIBCMT:_svml_dtrig_.obj
 0001:00025aa0       _IsProcessorFeaturePresent@4 00426aa0 f   kernel32:KERNEL32.dll
 0001:00025ab0       _memcpy                    00426ab0 f   libvcruntime:memcpy.obj
 0001:00026030       _memset                    00427030 f   libvcruntime:memset.obj
 0001:00026190       _memmove                   00427190 f   libvcruntime:memmove.obj
 0001:00026710       __setjmp3                  00427710 f   libvcruntime:_setjmp3_.obj
 0001:00026790       _memchr                    00427790 f   libvcruntime:memchr.obj
 0001:00026840       _strchr                    00427840 f   libvcruntime:strchr.obj
 0001:000268ae       ___from_strstr_to_strchr   004278ae     libvcruntime:strchr.obj
 0001:0002696b       _longjmp                   0042796b f   libvcruntime:longjmpc.obj
 0001:000269c0       __except_handler4          004279c0 f   libvcruntime:_chandler4_.obj
 0001:00026b1d       ___vcrt_initialize         00427b1d f   libvcruntime:initialization.obj
 0001:00026b46       ___vcrt_uninitialize       00427b46 f   libvcruntime:initialization.obj
 0001:00026b70       __global_unwind2           00427b70 f   libvcruntime:_exsup_.obj
 0001:00026bd6       __local_unwind2            00427bd6 f   libvcruntime:_exsup_.obj
 0001:00026c5a       __abnormal_termination     00427c5a f   libvcruntime:_exsup_.obj
 0001:00026c80       __NLG_Notify1              00427c80 f   libvcruntime:_exsup_.obj
 0001:00026c8c       __NLG_Notify               00427c8c f   libvcruntime:_exsup_.obj
 0001:00026ca3       __NLG_Dispatch             00427ca3     libvcruntime:_exsup_.obj
 0001:00026ca3       __NLG_Dispatch2            00427ca3     libvcruntime:_exsup_.obj
 0001:00026cab       __NLG_Call                 00427cab f   libvcruntime:_exsup_.obj
 0001:00026cad       __NLG_Return2              00427cad     libvcruntime:_exsup_.obj
 0001:00026cb0       ___longjmp_internal        00427cb0 f   libvcruntime:_longjmp_.obj
 0001:00026d61       ___except_validate_context_record 00427d61 f   libvcruntime:jbcxrval.obj
 0001:00026d91       ___except_validate_jump_buffer 00427d91 f   libvcruntime:jbcxrval.obj
 0001:00026dc0       __local_unwind4            00427dc0 f   libvcruntime:_exsup4_.obj
 0001:00026e98       __seh_longjmp_unwind4@4    00427e98 f   libvcruntime:_exsup4_.obj
 0001:00026ec0       @_EH4_CallFilterFunc@8     00427ec0 f   libvcruntime:_exsup4_.obj
 0001:00026ed8       @_EH4_TransferToHandler@8  00427ed8 f   libvcruntime:_exsup4_.obj
 0001:00026ef4       @_EH4_GlobalUnwind2@8      00427ef4 f   libvcruntime:_exsup4_.obj
 0001:00026f10       @_EH4_LocalUnwind@16       00427f10 f   libvcruntime:_exsup4_.obj
 0001:00026f27       ___vcrt_freefls@4          00427f27 f   libvcruntime:per_thread_data.obj
 0001:00026f43       ___vcrt_initialize_ptd     00427f43 f   libvcruntime:per_thread_data.obj
 0001:00026f89       ___vcrt_uninitialize_ptd   00427f89 f   libvcruntime:per_thread_data.obj
 0001:00026fa4       ___vcrt_initialize_locks   00427fa4 f   libvcruntime:locks.obj
 0001:00026fe2       ___vcrt_uninitialize_locks 00427fe2 f   libvcruntime:locks.obj
 0001:0002715e       ___vcrt_FlsAlloc           0042815e f   libvcruntime:winapi_downlevel.obj
 0001:00027198       ___vcrt_FlsFree            00428198 f   libvcruntime:winapi_downlevel.obj
 0001:000271d2       ___vcrt_FlsSetValue        004281d2 f   libvcruntime:winapi_downlevel.obj
 0001:0002720f       ___vcrt_InitializeCriticalSectionEx 0042820f f   libvcruntime:winapi_downlevel.obj
 0001:00027255       ___vcrt_initialize_winapi_thunks 00428255 f   libvcruntime:winapi_downlevel.obj
 0001:0002728f       ___vcrt_uninitialize_winapi_thunks 0042828f f   libvcruntime:winapi_downlevel.obj
 0001:000272c1       ___vcrt_initialize_pure_virtual_call_handler 004282c1 f   libvcruntime:purevirt_data.obj
 0001:000272de       __rt_probe_read4@4         004282de f   libvcruntime:_sehsupp_.obj
 0001:00027330       __CallSettingFrame@12      00428330 f   libvcruntime:lowhelpr.obj
 0001:00027357       __NLG_Return               00428357     libvcruntime:lowhelpr.obj
 0001:0002737c       ___DestructExceptionObject 0042837c f   libvcruntime:ehhelpers.obj
 0001:00027411       ?_CallMemberFunction0@@YGXQAX0@Z 00428411 f i libvcruntime:ehhelpers.obj
 0001:0002741e       ___acrt_initialize_stdio   0042841e f   libucrt:_file.obj
 0001:000274e6       ___acrt_iob_func           004284e6 f   libucrt:_file.obj
 0001:000274f6       ___acrt_uninitialize_stdio 004284f6 f   libucrt:_file.obj
 0001:00027542       __lock_file                00428542 f   libucrt:_file.obj
 0001:00027556       __unlock_file              00428556 f   libucrt:_file.obj
 0001:00027787       ___acrt_stdio_flush_nolock 00428787 f   libucrt:fflush.obj
 0001:000277ea       __fflush_nolock            004287ea f   libucrt:fflush.obj
 0001:00027831       __flushall                 00428831 f   libucrt:fflush.obj
 0001:0002783a       _fflush                    0042883a f   libucrt:fflush.obj
 0001:0002794d       ?validate_stream_is_ansi_if_required@?$__acrt_stdio_char_traits@D@@SA_NQAU_iobuf@@@Z 0042894d f i libucrt:fgets.obj
 0001:000279cf       _fgets                     004289cf f   libucrt:fgets.obj
 0001:00027a8c       _puts                      00428a8c f   libucrt:puts.obj
 0001:00027d4b       ??$count@D@formatting_buffer@__crt_stdio_output@@QBEIXZ 00428d4b f i libucrt:output.obj
 0001:00027d63       ??$ensure_buffer_is_big_enough@D@formatting_buffer@__crt_stdio_output@@QAE_NI@Z 00428d63 f i libucrt:output.obj
 0001:00027de2       ??$is_wide_character_specifier@D@__crt_stdio_output@@YA_N_KDW4length_modifier@0@@Z 00428de2 f i libucrt:output.obj
 0001:00027e13       ??$scratch_data@D@formatting_buffer@__crt_stdio_output@@QAEPADXZ 00428e13 f i libucrt:output.obj
 0001:00027e31       ??$type_case_integer_parse_into_buffer@I@?$output_processor@DV?$stream_output_adapter@D@__crt_stdio_output@@V?$standard_base@DV?$stream_output_adapter@D@__crt_stdio_output@@@2@@__crt_stdio_output@@AAEXII_N@Z 00428e31 f i libucrt:output.obj
 0001:00027e31       ??$type_case_integer_parse_into_buffer@I@?$output_processor@DV?$string_output_adapter@D@__crt_stdio_output@@V?$standard_base@DV?$string_output_adapter@D@__crt_stdio_output@@@2@@__crt_stdio_output@@AAEXII_N@Z 00428e31 f i libucrt:output.obj
 0001:00027e9e       ??$type_case_integer_parse_into_buffer@_K@?$output_processor@DV?$string_output_adapter@D@__crt_stdio_output@@V?$standard_base@DV?$string_output_adapter@D@__crt_stdio_output@@@2@@__crt_stdio_output@@AAEX_KI_N@Z 00428e9e f i libucrt:output.obj
 0001:00027e9e       ??$type_case_integer_parse_into_buffer@_K@?$output_processor@DV?$stream_output_adapter@D@__crt_stdio_output@@V?$standard_base@DV?$stream_output_adapter@D@__crt_stdio_output@@@2@@__crt_stdio_output@@AAEX_KI_N@Z 00428e9e f i libucrt:output.obj
 0001:00027f20       ??$write_multiple_characters@V?$stream_output_adapter@D@__crt_stdio_output@@D@__crt_stdio_output@@YAXABV?$stream_output_adapter@D@0@DHQAH@Z 00428f20 f i libucrt:output.obj
 0001:00027f56       ??$write_multiple_characters@V?$string_output_adapter@D@__crt_stdio_output@@D@__crt_stdio_output@@YAXABV?$string_output_adapter@D@0@DHQAH@Z 00428f56 f i libucrt:output.obj
 0001:00027f82       ??0?$common_data@D@__crt_stdio_output@@IAE@XZ 00428f82 f i libucrt:output.obj
 0001:00027fc9       ??0?$output_adapter_data@DV?$string_output_adapter@D@__crt_stdio_output@@@__crt_stdio_output@@IAE@ABV?$string_output_adapter@D@1@_KQBDQAU__crt_locale_pointers@@QAD@Z 00428fc9 f i libucrt:output.obj
 0001:00027fc9       ??0?$output_adapter_data@DV?$stream_output_adapter@D@__crt_stdio_output@@@__crt_stdio_output@@IAE@ABV?$stream_output_adapter@D@1@_KQBDQAU__crt_locale_pointers@@QAD@Z 00428fc9 f i libucrt:output.obj
 0001:00028005       ??0_LocaleUpdate@@QAE@QAU__crt_locale_pointers@@@Z 00429005 f i libucrt:output.obj
 0001:00028088       ??1formatting_buffer@__crt_stdio_output@@QAE@XZ 00429088 f i libucrt:output.obj
 0001:000280a2       ??4?$__crt_unique_heap_ptr@DU__crt_internal_free_policy@@@@QAEAAV0@$$QAV0@@Z 004290a2 f i libucrt:output.obj
 0001:00028187       ?crop_zeroes@__crt_stdio_output@@YAXPADQAU__crt_locale_pointers@@@Z 00429187 f i libucrt:output.obj
 0001:000281de       ?find_next_state@?$output_processor@DV?$stream_output_adapter@D@__crt_stdio_output@@V?$standard_base@DV?$stream_output_adapter@D@__crt_stdio_output@@@2@@__crt_stdio_output@@ABE?AW4state@2@DW432@@Z 004291de f i libucrt:output.obj
 0001:000281de       ?find_next_state@?$output_processor@DV?$string_output_adapter@D@__crt_stdio_output@@V?$standard_base@DV?$string_output_adapter@D@__crt_stdio_output@@@2@@__crt_stdio_output@@ABE?AW4state@2@DW432@@Z 004291de f i libucrt:output.obj
 0001:00028210       ?force_decimal_point@__crt_stdio_output@@YAXPADQAU__crt_locale_pointers@@@Z 00429210 f i libucrt:output.obj
 0001:0002826c       ?parse_int_from_format_string@?$output_processor@DV?$stream_output_adapter@D@__crt_stdio_output@@V?$standard_base@DV?$stream_output_adapter@D@__crt_stdio_output@@@2@@__crt_stdio_output@@AAE_NQAH@Z 0042926c f i libucrt:output.obj
 0001:0002826c       ?parse_int_from_format_string@?$output_processor@DV?$string_output_adapter@D@__crt_stdio_output@@V?$standard_base@DV?$string_output_adapter@D@__crt_stdio_output@@@2@@__crt_stdio_output@@AAE_NQAH@Z 0042926c f i libucrt:output.obj
 0001:000282e4       ?process@?$output_processor@DV?$stream_output_adapter@D@__crt_stdio_output@@V?$standard_base@DV?$stream_output_adapter@D@__crt_stdio_output@@@2@@__crt_stdio_output@@QAEHXZ 004292e4 f i libucrt:output.obj
 0001:00028400       ?process@?$output_processor@DV?$string_output_adapter@D@__crt_stdio_output@@V?$standard_base@DV?$string_output_adapter@D@__crt_stdio_output@@@2@@__crt_stdio_output@@QAEHXZ 00429400 f i libucrt:output.obj
 0001:0002851c       ?state_case_flag@?$output_processor@DV?$string_output_adapter@D@__crt_stdio_output@@V?$standard_base@DV?$string_output_adapter@D@__crt_stdio_output@@@2@@__crt_stdio_output@@AAE_NXZ 0042951c f i libucrt:output.obj
 0001:0002851c       ?state_case_flag@?$output_processor@DV?$stream_output_adapter@D@__crt_stdio_output@@V?$standard_base@DV?$stream_output_adapter@D@__crt_stdio_output@@@2@@__crt_stdio_output@@AAE_NXZ 0042951c f i libucrt:output.obj
 0001:00028559       ?state_case_normal@?$output_processor@DV?$stream_output_adapter@D@__crt_stdio_output@@V?$standard_base@DV?$stream_output_adapter@D@__crt_stdio_output@@@2@@__crt_stdio_output@@AAE_NXZ 00429559 f i libucrt:output.obj
 0001:00028578       ?state_case_normal@?$output_processor@DV?$string_output_adapter@D@__crt_stdio_output@@V?$standard_base@DV?$string_output_adapter@D@__crt_stdio_output@@@2@@__crt_stdio_output@@AAE_NXZ 00429578 f i libucrt:output.obj
 0001:00028597       ?state_case_normal_common@?$output_processor@DV?$stream_output_adapter@D@__crt_stdio_output@@V?$standard_base@DV?$stream_output_adapter@D@__crt_stdio_output@@@2@@__crt_stdio_output@@AAE_NXZ 00429597 f i libucrt:output.obj
 0001:000285d3       ?state_case_normal_common@?$output_processor@DV?$string_output_adapter@D@__crt_stdio_output@@V?$standard_base@DV?$string_output_adapter@D@__crt_stdio_output@@@2@@__crt_stdio_output@@AAE_NXZ 004295d3 f i libucrt:output.obj
 0001:000285fd       ?state_case_normal_tchar@?$output_processor@DV?$stream_output_adapter@D@__crt_stdio_output@@V?$standard_base@DV?$stream_output_adapter@D@__crt_stdio_output@@@2@@__crt_stdio_output@@AAE_ND@Z 004295fd f i libucrt:output.obj
 0001:0002866e       ?state_case_normal_tchar@?$output_processor@DV?$string_output_adapter@D@__crt_stdio_output@@V?$standard_base@DV?$string_output_adapter@D@__crt_stdio_output@@@2@@__crt_stdio_output@@AAE_ND@Z 0042966e f i libucrt:output.obj
 0001:000286ca       ?state_case_precision@?$output_processor@DV?$stream_output_adapter@D@__crt_stdio_output@@V?$standard_base@DV?$stream_output_adapter@D@__crt_stdio_output@@@2@@__crt_stdio_output@@AAE_NXZ 004296ca f i libucrt:output.obj
 0001:000286ca       ?state_case_precision@?$output_processor@DV?$string_output_adapter@D@__crt_stdio_output@@V?$standard_base@DV?$string_output_adapter@D@__crt_stdio_output@@@2@@__crt_stdio_output@@AAE_NXZ 004296ca f i libucrt:output.obj
 0001:000286f2       ?state_case_size@?$output_processor@DV?$stream_output_adapter@D@__crt_stdio_output@@V?$standard_base@DV?$stream_output_adapter@D@__crt_stdio_output@@@2@@__crt_stdio_output@@AAE_NXZ 004296f2 f i libucrt:output.obj
 0001:00028863       ?state_case_size@?$output_processor@DV?$string_output_adapter@D@__crt_stdio_output@@V?$standard_base@DV?$string_output_adapter@D@__crt_stdio_output@@@2@@__crt_stdio_output@@AAE_NXZ 00429863 f i libucrt:output.obj
 0001:000289d4       ?state_case_type@?$output_processor@DV?$stream_output_adapter@D@__crt_stdio_output@@V?$standard_base@DV?$stream_output_adapter@D@__crt_stdio_output@@@2@@__crt_stdio_output@@AAE_NXZ 004299d4 f i libucrt:output.obj
 0001:00028bfc       ?state_case_type@?$output_processor@DV?$string_output_adapter@D@__crt_stdio_output@@V?$standard_base@DV?$string_output_adapter@D@__crt_stdio_output@@@2@@__crt_stdio_output@@AAE_NXZ 00429bfc f i libucrt:output.obj
 0001:00028e24       ?state_case_width@?$output_processor@DV?$string_output_adapter@D@__crt_stdio_output@@V?$standard_base@DV?$string_output_adapter@D@__crt_stdio_output@@@2@@__crt_stdio_output@@AAE_NXZ 00429e24 f i libucrt:output.obj
 0001:00028e24       ?state_case_width@?$output_processor@DV?$stream_output_adapter@D@__crt_stdio_output@@V?$standard_base@DV?$stream_output_adapter@D@__crt_stdio_output@@@2@@__crt_stdio_output@@AAE_NXZ 00429e24 f i libucrt:output.obj
 0001:00028e51       ?to_integer_size@__crt_stdio_output@@YAIW4length_modifier@1@@Z 00429e51 f i libucrt:output.obj
 0001:00028ead       ?type_case_Z@?$output_processor@DV?$string_output_adapter@D@__crt_stdio_output@@V?$standard_base@DV?$string_output_adapter@D@__crt_stdio_output@@@2@@__crt_stdio_output@@AAE_NXZ 00429ead f i libucrt:output.obj
 0001:00028ead       ?type_case_Z@?$output_processor@DV?$stream_output_adapter@D@__crt_stdio_output@@V?$standard_base@DV?$stream_output_adapter@D@__crt_stdio_output@@@2@@__crt_stdio_output@@AAE_NXZ 00429ead f i libucrt:output.obj
 0001:00028f10       ?type_case_a@?$output_processor@DV?$stream_output_adapter@D@__crt_stdio_output@@V?$standard_base@DV?$stream_output_adapter@D@__crt_stdio_output@@@2@@__crt_stdio_output@@AAE_NXZ 00429f10 f i libucrt:output.obj
 0001:00028f10       ?type_case_a@?$output_processor@DV?$string_output_adapter@D@__crt_stdio_output@@V?$standard_base@DV?$string_output_adapter@D@__crt_stdio_output@@@2@@__crt_stdio_output@@AAE_NXZ 00429f10 f i libucrt:output.obj
 0001:0002906e       ?type_case_c_tchar@?$output_processor@DV?$string_output_adapter@D@__crt_stdio_output@@V?$standard_base@DV?$string_output_adapter@D@__crt_stdio_output@@@2@@__crt_stdio_output@@AAE_ND@Z 0042a06e f i libucrt:output.obj
 0001:0002906e       ?type_case_c_tchar@?$output_processor@DV?$stream_output_adapter@D@__crt_stdio_output@@V?$standard_base@DV?$stream_output_adapter@D@__crt_stdio_output@@@2@@__crt_stdio_output@@AAE_ND@Z 0042a06e f i libucrt:output.obj
 0001:000290fe       ?type_case_integer@?$output_processor@DV?$string_output_adapter@D@__crt_stdio_output@@V?$standard_base@DV?$string_output_adapter@D@__crt_stdio_output@@@2@@__crt_stdio_output@@AAE_NI_N@Z 0042a0fe f i libucrt:output.obj
 0001:000290fe       ?type_case_integer@?$output_processor@DV?$stream_output_adapter@D@__crt_stdio_output@@V?$standard_base@DV?$stream_output_adapter@D@__crt_stdio_output@@@2@@__crt_stdio_output@@AAE_NI_N@Z 0042a0fe f i libucrt:output.obj
 0001:0002924f       ?type_case_n@?$output_processor@DV?$string_output_adapter@D@__crt_stdio_output@@V?$standard_base@DV?$string_output_adapter@D@__crt_stdio_output@@@2@@__crt_stdio_output@@AAE_NXZ 0042a24f f i libucrt:output.obj
 0001:0002924f       ?type_case_n@?$output_processor@DV?$stream_output_adapter@D@__crt_stdio_output@@V?$standard_base@DV?$stream_output_adapter@D@__crt_stdio_output@@@2@@__crt_stdio_output@@AAE_NXZ 0042a24f f i libucrt:output.obj
 0001:000292c3       ?type_case_o@?$output_processor@DV?$stream_output_adapter@D@__crt_stdio_output@@V?$standard_base@DV?$stream_output_adapter@D@__crt_stdio_output@@@2@@__crt_stdio_output@@AAE_NXZ 0042a2c3 f i libucrt:output.obj
 0001:000292c3       ?type_case_o@?$output_processor@DV?$string_output_adapter@D@__crt_stdio_output@@V?$standard_base@DV?$string_output_adapter@D@__crt_stdio_output@@@2@@__crt_stdio_output@@AAE_NXZ 0042a2c3 f i libucrt:output.obj
 0001:000292e2       ?type_case_p@?$output_processor@DV?$string_output_adapter@D@__crt_stdio_output@@V?$standard_base@DV?$string_output_adapter@D@__crt_stdio_output@@@2@@__crt_stdio_output@@AAE_NXZ 0042a2e2 f i libucrt:output.obj
 0001:000292e2       ?type_case_p@?$output_processor@DV?$stream_output_adapter@D@__crt_stdio_output@@V?$standard_base@DV?$stream_output_adapter@D@__crt_stdio_output@@@2@@__crt_stdio_output@@AAE_NXZ 0042a2e2 f i libucrt:output.obj
 0001:000292fa       ?type_case_s@?$output_processor@DV?$string_output_adapter@D@__crt_stdio_output@@V?$standard_base@DV?$string_output_adapter@D@__crt_stdio_output@@@2@@__crt_stdio_output@@AAE_NXZ 0042a2fa f i libucrt:output.obj
 0001:000292fa       ?type_case_s@?$output_processor@DV?$stream_output_adapter@D@__crt_stdio_output@@V?$standard_base@DV?$stream_output_adapter@D@__crt_stdio_output@@@2@@__crt_stdio_output@@AAE_NXZ 0042a2fa f i libucrt:output.obj
 0001:0002936d       ?validate@?$stream_output_adapter@D@__crt_stdio_output@@QBE_NXZ 0042a36d f i libucrt:output.obj
 0001:0002938e       ?validate@?$string_output_adapter@D@__crt_stdio_output@@QBE_NXZ 0042a38e f i libucrt:output.obj
 0001:0002938e       ?validate@?$c_string_character_source@D@__crt_strtox@@QBE_NXZ 0042a38e f i libucrt:strtox.obj
 0001:000293a9       ?write_character@?$string_output_adapter@D@__crt_stdio_output@@QBE_NDQAH@Z 0042a3a9 f i libucrt:output.obj
 0001:000293eb       ?write_character_without_count_update@?$stream_output_adapter@D@__crt_stdio_output@@QBE_ND@Z 0042a3eb f i libucrt:output.obj
 0001:00029420       ?write_stored_string_tchar@?$output_processor@DV?$stream_output_adapter@D@__crt_stdio_output@@V?$standard_base@DV?$stream_output_adapter@D@__crt_stdio_output@@@2@@__crt_stdio_output@@AAE_ND@Z 0042a420 f i libucrt:output.obj
 0001:000294c9       ?write_stored_string_tchar@?$output_processor@DV?$string_output_adapter@D@__crt_stdio_output@@V?$standard_base@DV?$string_output_adapter@D@__crt_stdio_output@@@2@@__crt_stdio_output@@AAE_ND@Z 0042a4c9 f i libucrt:output.obj
 0001:00029572       ?write_string@?$stream_output_adapter@D@__crt_stdio_output@@QBEXQBDHQAHAAV__crt_deferred_errno_cache@@@Z 0042a572 f i libucrt:output.obj
 0001:0002959d       ?write_string@?$string_output_adapter@D@__crt_stdio_output@@QBEXQBDHQAHAAV__crt_deferred_errno_cache@@@Z 0042a59d f i libucrt:output.obj
 0001:00029604       ?write_string_impl@?$output_adapter_common@DV?$stream_output_adapter@D@__crt_stdio_output@@@__crt_stdio_output@@IBEXQBDHQAHAAV__crt_deferred_errno_cache@@@Z 0042a604 f i libucrt:output.obj
 0001:000296a4       ___stdio_common_vfprintf   0042a6a4 f   libucrt:output.obj
 0001:00029729       ___stdio_common_vsprintf   0042a729 f   libucrt:output.obj
 0001:0002974d       ??$is_overflow_condition@K@__crt_strtox@@YA_NIK@Z 0042a74d f i libucrt:strtox.obj
 0001:0002977e       ??$make_c_string_character_source@DPAPAD@__crt_strtox@@YA?AV?$c_string_character_source@D@0@QBDQAPAD@Z 0042a77e f i libucrt:strtox.obj
 0001:00029799       ??$parse_integer@KV?$c_string_character_source@D@__crt_strtox@@@__crt_strtox@@YAKQAU__crt_locale_pointers@@V?$c_string_character_source@D@0@H_N@Z 0042a799 f i libucrt:strtox.obj
 0001:000299c2       ?unget@?$c_string_character_source@D@__crt_strtox@@QAEXD@Z 0042a9c2 f i libucrt:strtox.obj
 0001:000299ea       __chvalidchk_l             0042a9ea f i libucrt:strtox.obj
 0001:00029a14       __ischartype_l             0042aa14 f i libucrt:strtox.obj
 0001:00029a47       _strtol                    0042aa47 f   libucrt:strtox.obj
 0001:00029a80       _strncpy                   0042aa80 f   libucrt:strncpy.obj
 0001:00029ba4       __isdigit_l                0042aba4 f i libucrt:_ctype.obj
 0001:00029bdc       __isxdigit_l               0042abdc f i libucrt:_ctype.obj
 0001:00029c17       _isdigit                   0042ac17 f i libucrt:_ctype.obj
 0001:00029c44       _isxdigit                  0042ac44 f i libucrt:_ctype.obj
 0001:00029c80       __libm_sse2_cos_precise    0042ac80 f   libucrt:cos_sse2_precise.obj
 0001:00029e40       _strncmp                   0042ae40 f   libucrt:strncmp.obj
 0001:00029eb8       __strnicmp                 0042aeb8 f   libucrt:strnicmp.obj
 0001:00029f25       __strnicmp_l               0042af25 f   libucrt:strnicmp.obj
 0001:00029fdc       _free                      0042afdc f   libucrt:free.obj
 0001:00029ff9       _malloc                    0042aff9 f   libucrt:malloc.obj
 0001:0002a010       __CIfmod                   0042b010 f   libucrt:87fmod_impl.obj
 0001:0002a028       _rand                      0042b028 f   libucrt:rand.obj
 0001:0002a049       _calloc                    0042b049 f   libucrt:calloc.obj
 0001:0002a060       __libm_sse2_exp_precise    0042b060 f   libucrt:exp_sse2_precise.obj
 0001:0002a340       __libm_sse2_sqrt_precise   0042b340 f   libucrt:sqrt_sse2_precise.obj
 0001:0002a440       __libm_sse2_log_precise    0042b440 f   libucrt:log_sse2_precise.obj
 0001:0002a6d0       __libm_sse2_pow_precise    0042b6d0 f   libucrt:pow_sse2_precise.obj
 0001:0002b220       _floor                     0042c220 f   libucrt:floor_pentium4.obj
 0001:0002b260       __floor_pentium4           0042c260 f   libucrt:floor_pentium4.obj
 0001:0002b320       __libm_sse2_atan_precise   0042c320 f   libucrt:atan_sse2_precise.obj
 0001:0002b610       __libm_sse2_sin_precise    0042c610 f   libucrt:sin_sse2_precise.obj
 0001:0002b7e0       ?divide@__crt_strtox@@YA_KAAUbig_integer@1@ABU21@@Z 0042c7e0 f i libucrt:input.obj
 0001:0002bd03       ___acrt_initialize_clock   0042cd03 f   libucrt:clock.obj
 0001:0002bdac       ??$__crt_fast_encode_pointer@P6GXPAXK0@Z@@YAP6GXPAXK0@ZQ6GX0K0@Z@Z 0042cdac f i libucrt:exit.obj
 0001:0002bdac       ??$__crt_fast_encode_pointer@P6AHXZ@@YAP6AHXZQ6AHXZ@Z 0042cdac f i libucrt:onexit.obj
 0001:0002bdac       ??$__crt_fast_encode_pointer@P6AHPAU_exception@@@Z@@YAP6AHPAU_exception@@@ZQ6AH0@Z@Z 0042cdac f i libucrt:matherr.obj
 0001:0002bfcc       ___acrt_initialize_thread_local_exit_callback 0042cfcc f   libucrt:exit.obj
 0001:0002bfdb       __c_exit                   0042cfdb f   libucrt:exit.obj
 0001:0002bfea       __cexit                    0042cfea f   libucrt:exit.obj
 0001:0002bff9       __exit                     0042cff9 f   libucrt:exit.obj
 0001:0002c00f       __register_thread_local_exe_atexit_callback 0042d00f f   libucrt:exit.obj
 0001:0002c047       _exit                      0042d047 f   libucrt:exit.obj
 0001:0002c05d       __seh_filter_exe           0042d05d f   libucrt:exception_filter.obj
 0001:0002c1d0       __query_app_type           0042d1d0 f   libucrt:report_runtime_error.obj
 0001:0002c1d6       __set_app_type             0042d1d6 f   libucrt:report_runtime_error.obj
 0001:0002c1e5       ___acrt_has_user_matherr   0042d1e5 f   libucrt:matherr.obj
 0001:0002c1fd       ___acrt_initialize_user_matherr 0042d1fd f   libucrt:matherr.obj
 0001:0002c20c       ___acrt_invoke_user_matherr 0042d20c f   libucrt:matherr.obj
 0001:0002c255       ___setusermatherr          0042d255 f   libucrt:matherr.obj
 0001:0002c514       ___acrt_allocate_buffer_for_argv 0042d514 f   libucrt:argv_parsing.obj
 0001:0002c563       __configure_narrow_argv    0042d563 f   libucrt:argv_parsing.obj
 0001:0002c76c       ??$uninitialize@A6AXAAPAPAD@Z@?$dual_state_global@PAPAD@__crt_state_management@@QAEXA6AXAAPAPAD@Z@Z 0042d76c f i libucrt:environment_initialization.obj
 0001:0002c76c       ??$uninitialize@A6AXAAPAPA_W@Z@?$dual_state_global@PAPA_W@__crt_state_management@@QAEXA6AXAAPAPA_W@Z@Z 0042d76c f i libucrt:environment_initialization.obj
 0001:0002c7e2       ___dcrt_get_or_create_narrow_environment_nolock 0042d7e2 f   libucrt:environment_initialization.obj
 0001:0002c7e7       ___dcrt_uninitialize_environments_nolock 0042d7e7 f   libucrt:environment_initialization.obj
 0001:0002c81e       __get_initial_narrow_environment 0042d81e f   libucrt:environment_initialization.obj
 0001:0002c832       __initialize_narrow_environment 0042d832 f   libucrt:environment_initialization.obj
 0001:0002c837       __initterm                 0042d837 f   libucrt:initterm.obj
 0001:0002c893       __initterm_e               0042d893 f   libucrt:initterm.obj
 0001:0002c8d8       __set_fmode                0042d8d8 f   libucrt:setmode.obj
 0001:0002c915       ___acrt_initialize_command_line 0042d915 f   libucrt:argv_data.obj
 0001:0002c92e       ___p___argc                0042d92e f   libucrt:argv_data.obj
 0001:0002c934       ___p___argv                0042d934 f   libucrt:argv_data.obj
 0001:0002c99e       ___acrt_set_locale_changed 0042d99e f   libucrt:wsetlocale.obj
 0001:0002c9a9       ___acrt_uninitialize_locale 0042d9a9 f   libucrt:wsetlocale.obj
 0001:0002c9d2       __configthreadlocale       0042d9d2 f   libucrt:wsetlocale.obj
 0001:0002ca34       __query_new_mode           0042da34 f   libucrt:new_mode.obj
 0001:0002ca3a       __set_new_mode             0042da3a f   libucrt:new_mode.obj
 0001:0002ca69       ___p__commode              0042da69 f   libucrt:ncommode.obj
 0001:0002ca6f       __errcode                  0042da6f f   libucrt:fpexcept.obj
 0001:0002caa3       __except1                  0042daa3 f   libucrt:fpexcept.obj
 0001:0002cb71       __handle_exc               0042db71 f   libucrt:fpexcept.obj
 0001:0002cd5e       __raise_exc                0042dd5e f   libucrt:fpexcept.obj
 0001:0002cd81       __raise_exc_ex             0042dd81 f   libucrt:fpexcept.obj
 0001:0002d072       __set_errno_from_matherr   0042e072 f   libucrt:fpexcept.obj
 0001:0002d0a1       __umatherr                 0042e0a1 f   libucrt:fpexcept.obj
 0001:0002d44a       __crt_atexit               0042e44a f   libucrt:onexit.obj
 0001:0002d460       __execute_onexit_table     0042e460 f   libucrt:onexit.obj
 0001:0002d48f       __initialize_onexit_table  0042e48f f   libucrt:onexit.obj
 0001:0002d4cc       __register_onexit_function 0042e4cc f   libucrt:onexit.obj
 0001:0002d60d       ___acrt_initialize         0042e60d f   libucrt:initialization.obj
 0001:0002d61f       ___acrt_uninitialize       0042e61f f   libucrt:initialization.obj
 0001:0002d64f       __controlfp_s              0042e64f f   libucrt:contrlfp.obj
 0001:0002d6ae       _terminate                 0042e6ae f   libucrt:terminate.obj
 0001:0002d6ea       __free_base                0042e6ea f   libucrt:free_base.obj
 0001:0002d724       __malloc_base              0042e724 f   libucrt:malloc_base.obj
 0001:0002d772       _strcpy_s                  0042e772 f   libucrt:strcpy_s.obj
 0001:0002d7cc       _abort                     0042e7cc f   libucrt:abort.obj
 0001:0002d810       __calloc_base              0042e810 f   libucrt:calloc_base.obj
 0001:0002d86d       _wcsncmp                   0042e86d f   libucrt:wcsncmp.obj
 0001:0002d8a7       ___acrt_call_reportfault   0042e8a7 f   libucrt:invalid_parameter.obj
 0001:0002d9e2       ___acrt_initialize_invalid_parameter_handler 0042e9e2 f   libucrt:invalid_parameter.obj
 0001:0002d9f1       __invalid_parameter        0042e9f1 f   libucrt:invalid_parameter.obj
 0001:0002da6c       __invalid_parameter_noinfo 0042ea6c f   libucrt:invalid_parameter.obj
 0001:0002da7c       __invoke_watson            0042ea7c f   libucrt:invalid_parameter.obj
 0001:0002dab0       ___acrt_errno_from_os_error 0042eab0 f   libucrt:errno.obj
 0001:0002daf3       ___acrt_errno_map_os_error 0042eaf3 f   libucrt:errno.obj
 0001:0002db16       ___doserrno                0042eb16 f   libucrt:errno.obj
 0001:0002db29       __errno                    0042eb29 f   libucrt:errno.obj
 0001:0002dcd4       ___acrt_AppPolicyGetProcessTerminationMethodInternal@4 0042ecd4 f   libucrt:winapi_thunks.obj
 0001:0002dd2b       ___acrt_CompareStringEx@36 0042ed2b f   libucrt:winapi_thunks.obj
 0001:0002dd9f       ___acrt_FlsAlloc@4         0042ed9f f   libucrt:winapi_thunks.obj
 0001:0002ddf5       ___acrt_FlsFree@4          0042edf5 f   libucrt:winapi_thunks.obj
 0001:0002de4b       ___acrt_FlsGetValue@4      0042ee4b f   libucrt:winapi_thunks.obj
 0001:0002dea1       ___acrt_FlsSetValue@8      0042eea1 f   libucrt:winapi_thunks.obj
 0001:0002defa       ___acrt_InitializeCriticalSectionEx@12 0042eefa f   libucrt:winapi_thunks.obj
 0001:0002df5c       ___acrt_LCMapStringEx@36   0042ef5c f   libucrt:winapi_thunks.obj
 0001:0002dfd0       ___acrt_LocaleNameToLCID@8 0042efd0 f   libucrt:winapi_thunks.obj
 0001:0002e018       ___acrt_initialize_winapi_thunks 0042f018 f   libucrt:winapi_thunks.obj
 0001:0002e054       ___acrt_uninitialize_winapi_thunks 0042f054 f   libucrt:winapi_thunks.obj
 0001:0002e08a       __fcloseall                0042f08a f   libucrt:closeall.obj
 0001:0002e12a       ___acrt_stdio_free_buffer_nolock 0042f12a f   libucrt:_freebuf.obj
 0001:0002e2d4       ___acrt_initialize_lowio   0042f2d4 f   libucrt:ioinit.obj
 0001:0002e32a       ___acrt_uninitialize_lowio 0042f32a f   libucrt:ioinit.obj
 0001:0002e356       ___acrt_initialize_locks   0042f356 f   libucrt:locks.obj
 0001:0002e397       ___acrt_lock               0042f397 f   libucrt:locks.obj
 0001:0002e3ae       ___acrt_uninitialize_locks 0042f3ae f   libucrt:locks.obj
 0001:0002e3df       ___acrt_unlock             0042f3df f   libucrt:locks.obj
 0001:0002e48e       __commit                   0042f48e f   libucrt:commit.obj
 0001:0002eaae       __write                    0042faae f   libucrt:write.obj
 0001:0002eb96       __write_nolock             0042fb96 f   libucrt:write.obj
 0001:0002eda8       __fileno                   0042fda8 f   libucrt:fileno.obj
 0001:0002edce       __fgetc_nolock             0042fdce f   libucrt:fgetc.obj
 0001:0002ee0a       __getc_nolock              0042fe0a f   libucrt:fgetc.obj
 0001:0002ee15       __fputc_nolock             0042fe15 f   libucrt:fputc.obj
 0001:0002ee3e       __fwrite_nolock            0042fe3e f   libucrt:fwrite.obj
 0001:0002efba       ___acrt_stdio_begin_temporary_buffering_nolock 0042ffba f   libucrt:_sftbuf.obj
 0001:0002f06f       ___acrt_stdio_end_temporary_buffering_nolock 0043006f f   libucrt:_sftbuf.obj
 0001:0002f20e       __tolower_l                0043020e f   libucrt:tolower_toupper.obj
 0001:0002f228       _tolower                   00430228 f   libucrt:tolower_toupper.obj
 0001:0002f258       __mbtowc_l                 00430258 f   libucrt:mbtowc.obj
 0001:0002f356       _mbtowc                    00430356 f   libucrt:mbtowc.obj
 0001:0002f370       __wctomb_s_l               00430370 f   libucrt:wctomb.obj
 0001:0002f493       _wctomb_s                  00430493 f   libucrt:wctomb.obj
 0001:0002f4b0       _strnlen                   004304b0 f   libucrt:strnlen.obj
 0001:0002f5d2       _wcsnlen                   004305d2 f   libucrt:strnlen.obj
 0001:0002fa97       ___acrt_getptd             00430a97 f   libucrt:per_thread_data.obj
 0001:0002fb4b       ___acrt_getptd_head        00430b4b f   libucrt:per_thread_data.obj
 0001:0002fbe5       ___acrt_getptd_noexit      00430be5 f   libucrt:per_thread_data.obj
 0001:0002fc98       ___acrt_initialize_ptd     00430c98 f   libucrt:per_thread_data.obj
 0001:0002fcc4       ___acrt_uninitialize_ptd   00430cc4 f   libucrt:per_thread_data.obj
 0001:0002fcde       ___acrt_update_locale_info 00430cde f   libucrt:locale_update.obj
 0001:0002fd0b       ___acrt_update_multibyte_info 00430d0b f   libucrt:locale_update.obj
 0001:0002fd38       ?__acrt_fp_classify@@YA?AW4__acrt_fp_class@@ABN@Z 00430d38 f i libucrt:cvt.obj
 0001:000305fe       ___acrt_fp_format          004315fe f   libucrt:cvt.obj
 0001:00030737       __get_printf_count_output  00431737 f   libucrt:printf_count_output.obj
 0001:0003074c       ___pctype_func             0043174c f   libucrt:ctype.obj
 0001:00030772       __isctype_l                00431772 f   libucrt:isctype.obj
 0001:00030850       __CIcos                    00431850 f   libucrt:cos_impl.obj
 0001:0003088b       __CIcos_default            0043188b f   libucrt:cos_impl.obj
 0001:0003089f       __cos_default              0043189f     libucrt:cos_impl.obj
 0001:00030940       ___ascii_strnicmp          00431940 f   libucrt:_strnicm.obj
 0001:000309b0       __cintrindisp2             004319b0 f   libucrt:87cdisp.obj
 0001:00030a00       __cintrindisp1             00431a00 f   libucrt:87cdisp.obj
 0001:00030a49       __ctrandisp2               00431a49 f   libucrt:87cdisp.obj
 0001:00030bd8       __ctrandisp1               00431bd8 f   libucrt:87cdisp.obj
 0001:00030c0b       __fload                    00431c0b f   libucrt:87cdisp.obj
 0001:00030c50       __trandisp1                00431c50 f   libucrt:87disp.obj
 0001:00030cb7       __trandisp2                00431cb7 f   libucrt:87disp.obj
 0001:00030d43       __rttospopde               00431d43     libucrt:87disp.obj
[...]
 0003:000007b0       $SG24348                   004647b0     confsample.obj
 0003:000007d0       $SG24349                   004647d0     confsample.obj
 0003:000007e0       $SG24350                   004647e0     confsample.obj
 0003:000007f0       $SG24353                   004647f0     confsample.obj
 0003:000007f8       $SG24354                   004647f8     confsample.obj
 0003:00000814       $SG24355                   00464814     confsample.obj
 0003:00000838       $SG24356                   00464838     confsample.obj
 0003:0000085c       $SG24357                   0046485c     confsample.obj
 0003:00000894       $SG24358                   00464894     confsample.obj
 0003:000008cc       $SG24359                   004648cc     confsample.obj
 0003:000008fc       $SG24360                   004648fc     confsample.obj
 0003:00000908       $SG24362                   00464908     confsample.obj
 0003:0000091c       $SG24368                   0046491c     confsample.obj
 0003:00000944       $SG24370                   00464944     confsample.obj
 0003:00000960       $SG24373                   00464960     confsample.obj
 0003:00000974       $SG24375                   00464974     confsample.obj
 0003:00000994       $SG24378                   00464994     confsample.obj
 0003:000009a8       $SG24380                   004649a8     confsample.obj
 0003:000009c0       $SG24381                   004649c0     confsample.obj
 0003:000009d0       $SG24384                   004649d0     confsample.obj
 0003:000009ec       $SG24386                   004649ec     confsample.obj
 0003:00000a08       $SG24389                   00464a08     confsample.obj
 0003:00000a1c       $SG24391                   00464a1c     confsample.obj
 0003:00000a3c       $SG24394                   00464a3c     confsample.obj
 0003:00000a50       $SG24396                   00464a50     confsample.obj
 0003:00000a68       $SG24397                   00464a68     confsample.obj
 0003:00000a78       $SG24400                   00464a78     confsample.obj
 0003:00000a98       $SG24402                   00464a98     confsample.obj
 0003:00000aac       $SG24405                   00464aac     confsample.obj
 0003:00000ac0       $SG24407                   00464ac0     confsample.obj
 0003:00000aec       $SG24410                   00464aec     confsample.obj
 0003:00000afc       $SG24412                   00464afc     confsample.obj
 0003:00000b14       $SG24413                   00464b14     confsample.obj
 0003:00000b24       $SG24416                   00464b24     confsample.obj
 0003:00000b44       $SG24418                   00464b44     confsample.obj
 0003:00000b58       $SG24421                   00464b58     confsample.obj
 0003:00000b6c       $SG24423                   00464b6c     confsample.obj
 0003:00000b98       $SG24426                   00464b98     confsample.obj
 0003:00000ba8       $SG24428                   00464ba8     confsample.obj
 0003:00000bc0       $SG24429                   00464bc0     confsample.obj
 0003:00000bd0       $SG24432                   00464bd0     confsample.obj
 0003:00000be4       $SG24434                   00464be4     confsample.obj
 0003:00000c04       $SG24437                   00464c04     confsample.obj
 0003:00000c18       $SG24439                   00464c18     confsample.obj
 0003:00000c40       $SG24441                   00464c40     confsample.obj
 0003:00000c50       $SG24443                   00464c50     confsample.obj
 0003:00000c74       $SG24445                   00464c74     confsample.obj
 0003:00000c8c       $SG24448                   00464c8c     confsample.obj
 0003:00000cac       $SG24478                   00464cac     confsample.obj
 0003:00000cc0       $SG24479                   00464cc0     confsample.obj
 0003:00000cc8       $SG24483                   00464cc8     confsample.obj
 0003:00000cf4       $SG24519                   00464cf4     confsample.obj
 0003:00000d2c       $SG24524                   00464d2c     confsample.obj
 0003:00000d50       $SG24484                   00464d50     confsample.obj
 0003:00000e54       $SG24521                   00464e54     confsample.obj
 0003:00000e6c       $SG24522                   00464e6c     confsample.obj
 0003:00000e7c       _factory_op                00464e7c     pjmedia-audiodev-i386-win32-vc14-release-static:wmme_dev.obj
 0003:00000e98       _stream_op                 00464e98     pjmedia-audiodev-i386-win32-vc14-release-static:wmme_dev.obj
 0003:00000eb8       _cap_infos                 00464eb8     pjmedia-i386-win32-vc14-release-static:audiodev.obj
 0003:00000f28       _echo_supp_op              00464f28     pjmedia-i386-win32-vc14-release-static:echo_common.obj
 0003:00000f44       _speex_aec_op              00464f44     pjmedia-i386-win32-vc14-release-static:echo_common.obj
 0003:00000f60       _crypto_suites             00464f60     pjmedia-i386-win32-vc14-release-static:transport_srtp.obj
 0003:0000103c       _transport_srtp_op         0046503c     pjmedia-i386-win32-vc14-release-static:transport_srtp.obj
 0003:00001070       _sdes_op                   00465070     pjmedia-i386-win32-vc14-release-static:transport_srtp.obj
 0003:000010a8       ?liberr@?1??get_libsrtp_errstr@@9@9 004650a8     pjmedia-i386-win32-vc14-release-static:transport_srtp.obj
 0003:00001114       _thread_tls_id             00465114     pjlib-i386-win32-vc14-release-static:os_core_win32.obj
 0003:00001118       _pool_sizes                00465118     pjlib-i386-win32-vc14-release-static:pool_caching.obj
 0003:00001158       _thread_suspended_tls_id   00465158     pjlib-i386-win32-vc14-release-static:log.obj
 0003:0000115c       _thread_indent_tls_id      0046515c     pjlib-i386-win32-vc14-release-static:log.obj
 0003:00001160       _pj_log_max_level          00465160     pjlib-i386-win32-vc14-release-static:log.obj
 0003:00001164       _log_writer                00465164     pjlib-i386-win32-vc14-release-static:log.obj
 0003:00001168       _log_decor                 00465168     pjlib-i386-win32-vc14-release-static:log.obj
 0003:0000116c       _PJ_LOG_COLOR_0            0046516c     pjlib-i386-win32-vc14-release-static:log.obj
 0003:00001170       _PJ_LOG_COLOR_1            00465170     pjlib-i386-win32-vc14-release-static:log.obj
 0003:00001174       _PJ_LOG_COLOR_2            00465174     pjlib-i386-win32-vc14-release-static:log.obj
 0003:00001178       _PJ_LOG_COLOR_3            00465178     pjlib-i386-win32-vc14-release-static:log.obj
 0003:0000117c       _PJ_LOG_COLOR_4            0046517c     pjlib-i386-win32-vc14-release-static:log.obj
 0003:00001180       _PJ_LOG_COLOR_5            00465180     pjlib-i386-win32-vc14-release-static:log.obj
 0003:00001184       _PJ_LOG_COLOR_6            00465184     pjlib-i386-win32-vc14-release-static:log.obj
 0003:00001188       _PJ_LOG_COLOR_77           00465188     pjlib-i386-win32-vc14-release-static:log.obj
 0003:0000118c       ?ltexts@?2??pj_log@@9@9    0046518c     pjlib-i386-win32-vc14-release-static:log.obj
 0003:000011a8       ?wdays@?3??pj_log@@9@9     004651a8     pjlib-i386-win32-vc14-release-static:log.obj
 0003:000011d4       _mutex_lock_template       004651d4     pjlib-i386-win32-vc14-release-static:lock.obj
 0003:000011e8       _null_lock_template        004651e8     pjlib-i386-win32-vc14-release-static:lock.obj
 0003:000011fc       _sem_lock_template         004651fc     pjlib-i386-win32-vc14-release-static:lock.obj
 0003:00001210       _thread_local_id           00465210     pjlib-i386-win32-vc14-release-static:except.obj
 0003:00001214       ?hex@?1??hex2digit@@9@9    00465214     pjlib-i386-win32-vc14-release-static:guid_win32.obj
 0003:00001228       _id                        00465228     pjlib-i386-win32-vc14-release-static:config.obj
 0003:0000122c       _tls                       0046522c     pjlib-i386-win32-vc14-release-static:pool_buf.obj
 0003:00001230       ?ntryh@?1??drfti1@@9@9     00465230     libspeex-i386-win32-vc14-release-static:smallft.obj
 0003:00001240       ?tpi@?1??drfti1@@9@9       00465240     libspeex-i386-win32-vc14-release-static:smallft.obj
 0003:00001244       ?hsqt2@?1??dradf4@@9@9     00465244     libspeex-i386-win32-vc14-release-static:smallft.obj
 0003:00001248       ?tpi@?1??dradfg@@9@9       00465248     libspeex-i386-win32-vc14-release-static:smallft.obj
 0003:0000124c       ?taur@?1??dradb3@@9@9      0046524c     libspeex-i386-win32-vc14-release-static:smallft.obj
 0003:00001250       ?taui@?1??dradb3@@9@9      00465250     libspeex-i386-win32-vc14-release-static:smallft.obj
 0003:00001254       ?sqrt2@?1??dradb4@@9@9     00465254     libspeex-i386-win32-vc14-release-static:smallft.obj
 0003:00001258       ?tpi@?1??dradbg@@9@9       00465258     libspeex-i386-win32-vc14-release-static:smallft.obj
 0003:00001264       _srtp_event_handler        00465264     libsrtp-i386-win32-vc14-release-static:srtp.obj
 0003:00001700       ?__vcrt_flsindex@@3KA      00465700     libvcruntime:per_thread_data.obj
 0003:000017c4       ?errno_no_memory@@3HA      004657c4     libucrt:errno.obj
 0003:000017c8       ?doserrno_no_memory@@3KA   004657c8     libucrt:errno.obj
 0003:00001800       ?__acrt_flsindex@@3KA      00465800     libucrt:per_thread_data.obj
 0003:000018d0       __mbctypes                 004658d0     libucrt:mbctype.obj
 0003:000019d8       __mbcasemaps               004659d8     libucrt:mbctype.obj
 0003:00001ad8       ?__rgctypeflag@@3PADA      00465ad8     libucrt:mbctype.obj
 0003:00001ae0       ?__rgcode_page_info@@3PAUcode_page_info@@A 00465ae0     libucrt:mbctype.obj
 0003:00001e4c       ?__DAZ_ENABLED@?1??__set_fpsr_sse2@@9@9 00465e4c     libucrt:fpctrl.obj
 0003:00001e50       ?__dcrt_lowio_console_output_handle@@3PAXA 00465e50     libucrt:initcon.obj
 0003:00001f60       $SG24243                   00465f60     confsample.obj
 0003:00001f61       $SG24351                   00465f61     confsample.obj
 0003:00001f62       $SG24352                   00465f62     confsample.obj
 0003:00001f63       $SG24361                   00465f63     confsample.obj
 0003:00001f64       $SG24365                   00465f64     confsample.obj
 0003:00001f65       $SG24367                   00465f65     confsample.obj
 0003:00001f66       $SG24383                   00465f66     confsample.obj
 0003:00001f67       $SG24399                   00465f67     confsample.obj
 0003:00001f68       $SG24415                   00465f68     confsample.obj
 0003:00001f69       $SG24431                   00465f69     confsample.obj
 0003:00001f6a       $SG24485                   00465f6a     confsample.obj
 0003:00001f6b       $SG24518                   00465f6b     confsample.obj
 0003:00001f6c       $SG24525                   00465f6c     confsample.obj
 0003:00001f70       ?name@?1??get_fmt_name@@9@9 00465f70     pjmedia-audiodev-i386-win32-vc14-release-static:wmme_dev.obj
 0003:00001f78       ?rec_cnt@?1??wmme_dev_thread@@9@9 00465f78     pjmedia-audiodev-i386-win32-vc14-release-static:wmme_dev.obj
 0003:00001f7c       ?play_cnt@?1??wmme_dev_thread@@9@9 00465f7c     pjmedia-audiodev-i386-win32-vc14-release-static:wmme_dev.obj
 0003:00001f80       _aud_subsys                00465f80     pjmedia-i386-win32-vc14-release-static:audiodev.obj
 0003:00002450       _is_initialized            00466450     pjmedia-i386-win32-vc14-release-static:sdp.obj
 0003:00002458       _cis_buf                   00466458     pjmedia-i386-win32-vc14-release-static:sdp.obj
 0003:0000285c       _cs_digit                  0046685c     pjmedia-i386-win32-vc14-release-static:sdp.obj
 0003:00002864       _cs_token                  00466864     pjmedia-i386-win32-vc14-release-static:sdp.obj
 0003:0000286c       ?msg@?3??get_libsrtp_errstr@@9@9 0046686c     pjmedia-i386-win32-vc14-release-static:transport_srtp.obj
 0003:0000288c       _libsrtp_initialized       0046688c     pjmedia-i386-win32-vc14-release-static:transport_srtp.obj
 0003:00002894       ___getopt_initialized      00466894     pjlib-util-i386-win32-vc14-release-static:getopt.obj
 0003:00002898       _nextchar                  00466898     pjlib-util-i386-win32-vc14-release-static:getopt.obj
 0003:0000289c       _ordering                  0046689c     pjlib-util-i386-win32-vc14-release-static:getopt.obj
 0003:000028a0       _posixly_correct           004668a0     pjlib-util-i386-win32-vc14-release-static:getopt.obj
 0003:000028a4       _first_nonopt              004668a4     pjlib-util-i386-win32-vc14-release-static:getopt.obj
 0003:000028a8       _last_nonopt               004668a8     pjlib-util-i386-win32-vc14-release-static:getopt.obj
 0003:000028b0       _initialized               004668b0     pjlib-i386-win32-vc14-release-static:os_core_win32.obj
 0003:000028b4       _atexit_count              004668b4     pjlib-i386-win32-vc14-release-static:os_core_win32.obj
 0003:000028b8       _main_thread               004668b8     pjlib-i386-win32-vc14-release-static:os_core_win32.obj
 0003:000029b8       _critical_section_mutex    004669b8     pjlib-i386-win32-vc14-release-static:os_core_win32.obj
 0003:000029f0       _atexit_func               004669f0     pjlib-i386-win32-vc14-release-static:os_core_win32.obj
 0003:00002a70       _err_msg_hnd_cnt           00466a70     pjlib-i386-win32-vc14-release-static:errno.obj
 0003:00002a78       _err_msg_hnd               00466a78     pjlib-i386-win32-vc14-release-static:errno.obj
 0003:00002af0       _g_last_thread             00466af0     pjlib-i386-win32-vc14-release-static:log.obj
 0003:00002af8       _base_time                 00466af8     pjlib-i386-win32-vc14-release-static:os_time_win32.obj
 0003:00002b00       ?buf@?1??pj_gethostname@@9@9 00466b00     pjlib-i386-win32-vc14-release-static:sock_bsd.obj
 0003:00002b80       ?hostname@?1??pj_gethostname@@9@9 00466b80     pjlib-i386-win32-vc14-release-static:sock_bsd.obj
 0003:00002b88       _exception_id_names        00466b88     pjlib-i386-win32-vc14-release-static:except.obj
 0003:00002bc8       ?unknown_name@?1??pj_exception_id_name@@9@9 00466bc8     pjlib-i386-win32-vc14-release-static:except.obj
 0003:00002be8       _stack_based_factory       00466be8     pjlib-i386-win32-vc14-release-static:pool_buf.obj
 0003:00002c0c       _is_initialized            00466c0c     pjlib-i386-win32-vc14-release-static:pool_buf.obj
 0003:00002c10       _s_hDLL                    00466c10     pjlib-i386-win32-vc14-release-static:ip_helper_win32.obj
 0003:00002c14       _s_pfnGetIpAddrTable       00466c14     pjlib-i386-win32-vc14-release-static:ip_helper_win32.obj
 0003:00002c18       _s_pfnGetAdapterAddresses  00466c18     pjlib-i386-win32-vc14-release-static:ip_helper_win32.obj
 0003:00002c1c       _s_pfnGetIpForwardTable    00466c1c     pjlib-i386-win32-vc14-release-static:ip_helper_win32.obj
 0003:00002c20       _s_pfnGetIfEntry           00466c20     pjlib-i386-win32-vc14-release-static:ip_helper_win32.obj
 0003:00002c24       _srtp_log_handler          00466c24     libsrtp-i386-win32-vc14-release-static:srtp.obj
 0003:00002c28       _srtp_log_handler_data     00466c28     libsrtp-i386-win32-vc14-release-static:srtp.obj
 0003:00002c40       _srtp_aes_icm_128_test_case_0_nonce 00466c40     libsrtp-i386-win32-vc14-release-static:aes_icm.obj
 0003:00002c50       _srtp_aes_icm_256_test_case_0_nonce 00466c50     libsrtp-i386-win32-vc14-release-static:aes_icm.obj
 0003:00002c60       _GS_ExceptionRecord        00466c60     LIBCMT:gs_report.obj
 0003:00002cb0       _GS_ContextRecord          00466cb0     LIBCMT:gs_report.obj
 0003:00002f84       ?module_local_atexit_table@@3U_onexit_table_t@@A 00466f84     LIBCMT:utility.obj
 0003:00002f90       ?module_local_at_quick_exit_table@@3U_onexit_table_t@@A 00466f90     LIBCMT:utility.obj
 0003:00002f9c       ?module_local_atexit_table_initialized@@3_NA 00466f9c     LIBCMT:utility.obj
 0003:00002f9d       ?is_initialized_as_dll@@3_NA 00466f9d     LIBCMT:utility.obj
 0003:00002fb4       ?__vcrt_startup_thread_ptd@@3U__vcrt_ptd@@A 00466fb4     libvcruntime:per_thread_data.obj
 0003:00002fdc       ___vcrt_lock_table         00466fdc     libvcruntime:locks.obj
 0003:00002ff4       ___vcrt_locks_initialized  00466ff4     libvcruntime:locks.obj
 0003:00002ff8       ?module_handles@@3PAPAUHINSTANCE__@@A 00466ff8     libvcruntime:winapi_downlevel.obj
 0003:00003004       ?encoded_function_pointers@@3PAPAXA 00467004     libvcruntime:winapi_downlevel.obj
 0003:00003044       ?heap@@3V_HeapManager@@A   00467044     libvcruntime:undname.obj
 0003:00003068       ?source_frequency@@3_JA    00467068     libucrt:clock.obj
 0003:00003070       ?start_count@@3_JA         00467070     libucrt:clock.obj
 0003:00003078       ?c_termination_complete@@3JA 00467078     libucrt:exit.obj
 0003:0000307c       ?thread_local_exit_callback_func@@3P6GXPAXK0@ZA 0046707c     libucrt:exit.obj
 0003:00003084       ?__acrt_app_type@@3W4_crt_app_type@@A 00467084     libucrt:report_runtime_error.obj
 0003:00003088       ?user_matherr@@3V?$dual_state_global@P6AHPAU_exception@@@Z@__crt_state_management@@A 00467088     libucrt:matherr.obj
 0003:00003090       ?program_name@?1???$common_configure_argv@D@@YAHW4_crt_argv_mode@@@Z@4PADA 00467090     libucrt:argv_parsing.obj
 0003:000031c4       ?__acrt_global_new_mode@@3V?$dual_state_global@J@__crt_state_management@@A 004671c4     libucrt:new_mode.obj
 0003:000031e4       ?__acrt_invalid_parameter_handler@@3V?$dual_state_global@P6AXPB_W00II@Z@__crt_state_management@@A 004671e4     libucrt:invalid_parameter.obj
 0003:000031e8       ?module_handles@@3PAPAUHINSTANCE__@@A 004671e8     libucrt:winapi_thunks.obj
 0003:00003238       ?encoded_function_pointers@@3PAPAXA 00467238     libucrt:winapi_thunks.obj
 0003:000034c8       ?__acrt_lock_table@@3PAU_RTL_CRITICAL_SECTION@@A 004674c8     libucrt:locks.obj
 0003:00003618       ?__acrt_locks_initialized@@3IA 00467618     libucrt:locks.obj
 0003:00003624       ?enable_percent_n@@3IA     00467624     libucrt:printf_count_output.obj
 0003:0000362c       __pmatherr_set             0046762c     libucrt:libm_error.obj
 0003:0000363c       ?fSystemSet@@3HA           0046763c     libucrt:mbctype.obj
 0003:00003640       ?initialized@?1??__acrt_initialize_multibyte@@9@4_NA 00467640     libucrt:mbctype.obj
 0003:00003654       ?__acrt_new_handler@@3V?$dual_state_global@P6AHI@Z@__crt_state_management@@A 00467654     libucrt:new_handler.obj
 0003:00003658       ?ctrlc_action@@3V?$dual_state_global@P6AXH@Z@__crt_state_management@@A 00467658     libucrt:signal.obj
 0003:0000365c       ?ctrlbreak_action@@3V?$dual_state_global@P6AXH@Z@__crt_state_management@@A 0046765c     libucrt:signal.obj
 0003:00003660       ?abort_action@@3V?$dual_state_global@P6AXH@Z@__crt_state_management@@A 00467660     libucrt:signal.obj
 0003:00003664       ?term_action@@3V?$dual_state_global@P6AXH@Z@__crt_state_management@@A 00467664     libucrt:signal.obj
 0004:00000000       _static_const_table        00468000     LIBCMT:_svml_dcos2_sse2_.obj
 0004:00000200       __e02PI                    00468200     LIBCMT:_svml_dtrig_.obj
 0004:000003a0       __e04PI                    004683a0     LIBCMT:_svml_dtrig_.obj
 0004:00000530       _2il0floatpacket_2         00468530     LIBCMT:_svml_dtrig_.obj
 0004:00000540       _2il0floatpacket_9         00468540     LIBCMT:_svml_dtrig_.obj
 0004:00000550       _2il0floatpacket_12        00468550     LIBCMT:_svml_dtrig_.obj
 0004:00000560       __dPI02                    00468560     LIBCMT:_svml_dtrig_.obj
 0004:00000570       __d02PI                    00468570     LIBCMT:_svml_dtrig_.obj
 0004:00000580       __DP4                      00468580     LIBCMT:_svml_dtrig_.obj
 0004:000005a0       __dPI04                    004685a0     LIBCMT:_svml_dtrig_.obj
 0004:000005b0       __d04PI                    004685b0     LIBCMT:_svml_dtrig_.obj
 0004:000005c0       __QP4                      004685c0     LIBCMT:_svml_dtrig_.obj
